[2019-09-28 14:16:45 +0000] [26499] [INFO] Starting gunicorn 19.9.0
[2019-09-28 14:16:45 +0000] [26499] [INFO] Listening at: unix:pythonapp.sock (26499)
[2019-09-28 14:16:45 +0000] [26499] [INFO] Using worker: sync
[2019-09-28 14:16:45 +0000] [26508] [INFO] Booting worker with pid: 26508
[2019-09-28 14:16:45 +0000] [26509] [INFO] Booting worker with pid: 26509
[2019-09-28 14:16:45 +0000] [26508] [ERROR] Exception in worker process
Traceback (most recent call last):
  File "/usr/local/lib/python3.6/dist-packages/gunicorn/arbiter.py", line 583, in spawn_worker
    worker.init_process()
  File "/usr/local/lib/python3.6/dist-packages/gunicorn/workers/base.py", line 129, in init_process
    self.load_wsgi()
  File "/usr/local/lib/python3.6/dist-packages/gunicorn/workers/base.py", line 138, in load_wsg

    self.wsgi = self.app.wsgi()
  File "/usr/local/lib/python3.6/dist-packages/gunicorn/app/base.py", line 67, in wsgi
    self.callable = self.load()
  File "/usr/local/lib/python3.6/dist-packages/gunicorn/app/wsgiapp.py", line 52, in load
    return self.load_wsgiapp()
  File "/usr/local/lib/python3.6/dist-packages/gunicorn/app/wsgiapp.py", line 41, in load_wsgiapp
    return util.import_app(self.app_uri)
  File "/usr/local/lib/python3.6/dist-packages/gunicorn/util.py", line 350, in import_app
    __import__(module)
  File "/home/tom/pythonapp/wsgi.py", line 1, in <module>
    from app import app
  File "/home/tom/pythonapp/app.py", line 55
    continue
    ^
SyntaxError: 'continue' not properly in loop
[2019-09-28 14:16:45 +0000] [26508] [INFO] Worker exiting (pid: 26508)
[2019-09-28 14:16:45 +0000] [26509] [ERROR] Exception in worker process
Traceback (most recent call last):
  File "/usr/local/lib/python3.6/dist-packages/gunicorn/arbiter.py", line 583, in spawn_worker
    worker.init_process()
  File "/usr/local/lib/python3.6/dist-packages/gunicorn/workers/base.py", line 129, in init_process
    self.load_wsgi()
  File "/usr/local/lib/python3.6/dist-packages/gunicorn/workers/base.py", line 138, in load_wsgi
    self.wsgi = self.app.wsgi()
  File "/usr/local/lib/python3.6/dist-packages/gunicorn/app/base.py", line 67, in wsgi
    self.callable = self.load()
  File "/usr/local/lib/python3.6/dist-packages/gunicorn/app/wsgiapp.py", line 52, in load
    return self.load_wsgiapp()
  File "/usr/local/lib/python3.6/dist-packages/gunicorn/app/wsgiapp.py", line 41, in load_wsgiapp
    return util.import_app(self.app_uri)
  File "/usr/local/lib/python3.6/dist-packages/gunicorn/util.py", line 350, in import_app
    __import__(module)
  File "/home/tom/pythonapp/wsgi.py", line 1, in <module>
    from app import app
  File "/home/tom/pythonapp/app.py", line 55
    continue
    ^
SyntaxError: 'continue' not properly in loop
[2019-09-28 14:16:45 +0000] [26509] [INFO] Worker exiting (pid: 26509)
[2019-09-28 14:16:45 +0000] [26510] [INFO] Booting worker with pid: 26510
[2019-09-28 14:16:45 +0000] [26510] [ERROR] Exception in worker process
Traceback (most recent call last):
  File "/usr/local/lib/python3.6/dist-packages/gunicorn/arbiter.py", line 583, in spawn_worker
    worker.init_process()
  File "/usr/local/lib/python3.6/dist-packages/gunicorn/workers/base.py", line 129, in init_process
    self.load_wsgi()
  File "/usr/local/lib/python3.6/dist-packages/gunicorn/workers/base.py", line 138, in load_wsgi
    self.wsgi = self.app.wsgi()
  File "/usr/local/lib/python3.6/dist-packages/gunicorn/app/base.py", line 67, in wsgi
    self.callable = self.load()
  File "/usr/local/lib/python3.6/dist-packages/gunicorn/app/wsgiapp.py", line 52, in load
    return self.load_wsgiapp()
  File "/usr/local/lib/python3.6/dist-packages/gunicorn/app/wsgiapp.py", line 41, in load_wsgiapp
    return util.import_app(self.app_uri)
  File "/usr/local/lib/python3.6/dist-packages/gunicorn/util.py", line 350, in import_app
    __import__(module)
  File "/home/tom/pythonapp/wsgi.py", line 1, in <module>
    from app import app
  File "/home/tom/pythonapp/app.py", line 55
    continue
    ^
SyntaxError: 'continue' not properly in loop
[2019-09-28 14:16:45 +0000] [26510] [INFO] Worker exiting (pid: 26510)
[2019-09-28 14:16:45 +0000] [26511] [INFO] Booting worker with pid: 26511
[2019-09-28 14:16:45 +0000] [26511] [ERROR] Exception in worker process
Traceback (most recent call last):
  File "/usr/local/lib/python3.6/dist-packages/gunicorn/arbiter.py", line 583, in spawn_worker
    worker.init_process()
  File "/usr/local/lib/python3.6/dist-packages/gunicorn/workers/base.py", line 129, in init_process
    self.load_wsgi()
  File "/usr/local/lib/python3.6/dist-packages/gunicorn/workers/base.py", line 138, in load_wsgi
    self.wsgi = self.app.wsgi()
  File "/usr/local/lib/python3.6/dist-packages/gunicorn/app/base.py", line 67, in wsgi
    self.callable = self.load()
  File "/usr/local/lib/python3.6/dist-packages/gunicorn/app/wsgiapp.py", line 52, in load
    return self.load_wsgiapp()
  File "/usr/local/lib/python3.6/dist-packages/gunicorn/app/wsgiapp.py", line 41, in load_wsgiapp
    return util.import_app(self.app_uri)
  File "/usr/local/lib/python3.6/dist-packages/gunicorn/util.py", line 350, in import_app
    __import__(module)
  File "/home/tom/pythonapp/wsgi.py", line 1, in <module>
    from app import app
  File "/home/tom/pythonapp/app.py", line 55
    continue
    ^
SyntaxError: 'continue' not properly in loop
[2019-09-28 14:16:45 +0000] [26511] [INFO] Worker exiting (pid: 26511)
[2019-09-28 14:16:45 +0000] [26512] [INFO] Booting worker with pid: 26512
[2019-09-28 14:16:45 +0000] [26512] [ERROR] Exception in worker process
Traceback (most recent call last):
  File "/usr/local/lib/python3.6/dist-packages/gunicorn/arbiter.py", line 583, in spawn_worker
    worker.init_process()
  File "/usr/local/lib/python3.6/dist-packages/gunicorn/workers/base.py", line 129, in init_process
    self.load_wsgi()
  File "/usr/local/lib/python3.6/dist-packages/gunicorn/workers/base.py", line 138, in load_wsgi
    self.wsgi = self.app.wsgi()
  File "/usr/local/lib/python3.6/dist-packages/gunicorn/app/base.py", line 67, in wsgi
    self.callable = self.load()
  File "/usr/local/lib/python3.6/dist-packages/gunicorn/app/wsgiapp.py", line 52, in load
    return self.load_wsgiapp()
  File "/usr/local/lib/python3.6/dist-packages/gunicorn/app/wsgiapp.py", line 41, in load_wsgiapp
    return util.import_app(self.app_uri)
  File "/usr/local/lib/python3.6/dist-packages/gunicorn/util.py", line 350, in import_app
    __import__(module)
  File "/home/tom/pythonapp/wsgi.py", line 1, in <module>
    from app import app
  File "/home/tom/pythonapp/app.py", line 55
    continue
    ^
SyntaxError: 'continue' not properly in loop
[2019-09-28 14:16:45 +0000] [26512] [INFO] Worker exiting (pid: 26512)
[2019-09-28 14:16:45 +0000] [26499] [INFO] Shutting down: Master
[2019-09-28 14:16:45 +0000] [26499] [INFO] Reason: Worker failed to boot.
[2019-09-28 14:17:33 +0000] [26567] [INFO] Starting gunicorn 19.9.0
[2019-09-28 14:17:33 +0000] [26567] [INFO] Listening at: unix:pythonapp.sock (26567)
[2019-09-28 14:17:33 +0000] [26567] [INFO] Using worker: sync
[2019-09-28 14:17:33 +0000] [26575] [INFO] Booting worker with pid: 26575
[2019-09-28 14:17:33 +0000] [26576] [INFO] Booting worker with pid: 26576
[2019-09-28 14:17:34 +0000] [26577] [INFO] Booting worker with pid: 26577
[2019-09-28 14:17:34 +0000] [26578] [INFO] Booting worker with pid: 26578
[2019-09-28 14:17:34 +0000] [26579] [INFO] Booting worker with pid: 26579
[2019-09-28 14:18:02,941] ERROR in app: Exception on /games/leaderboard/ [POST]
Traceback (most recent call last):
  File "/home/tom/.local/lib/python3.6/site-packages/flask/app.py", line 2446, in wsgi_app
    response = self.full_dispatch_request()
  File "/home/tom/.local/lib/python3.6/site-packages/flask/app.py", line 1952, in full_dispatch_request
    return self.finalize_request(rv)
  File "/home/tom/.local/lib/python3.6/site-packages/flask/app.py", line 1967, in finalize_request
    response = self.make_response(rv)
  File "/home/tom/.local/lib/python3.6/site-packages/flask/app.py", line 2097, in make_response
    "The view function did not return a valid response. The"
TypeError: The view function did not return a valid response. The function either returned None or ended without a return statement.
[2019-09-28 14:18:54 +0000] [26567] [INFO] Handling signal: term
[2019-09-28 14:18:54 +0000] [26576] [INFO] Worker exiting (pid: 26576)
[2019-09-28 14:18:54 +0000] [26575] [INFO] Worker exiting (pid: 26575)
[2019-09-28 14:18:54 +0000] [26577] [INFO] Worker exiting (pid: 26577)
[2019-09-28 14:18:54 +0000] [26578] [INFO] Worker exiting (pid: 26578)
[2019-09-28 14:18:54 +0000] [26579] [INFO] Worker exiting (pid: 26579)
[2019-09-28 14:18:55 +0000] [26567] [INFO] Shutting down: Master
[2019-09-28 14:18:57 +0000] [26598] [INFO] Starting gunicorn 19.9.0
[2019-09-28 14:18:57 +0000] [26598] [INFO] Listening at: unix:pythonapp.sock (26598)
[2019-09-28 14:18:57 +0000] [26598] [INFO] Using worker: sync
[2019-09-28 14:18:57 +0000] [26602] [INFO] Booting worker with pid: 26602
[2019-09-28 14:18:57 +0000] [26603] [INFO] Booting worker with pid: 26603
[2019-09-28 14:18:57 +0000] [26604] [INFO] Booting worker with pid: 26604
[2019-09-28 14:18:57 +0000] [26605] [INFO] Booting worker with pid: 26605
[2019-09-28 14:18:58 +0000] [26606] [INFO] Booting worker with pid: 26606
[2019-09-28 14:18:59,479] ERROR in app: Exception on /favicon.ico [GET]
Traceback (most recent call last):
  File "/home/tom/.local/lib/python3.6/site-packages/flask/app.py", line 2446, in wsgi_app
    response = self.full_dispatch_request()
  File "/home/tom/.local/lib/python3.6/site-packages/flask/app.py", line 1952, in full_dispatch_request
    return self.finalize_request(rv)
  File "/home/tom/.local/lib/python3.6/site-packages/flask/app.py", line 1967, in finalize_request
    response = self.make_response(rv)
  File "/home/tom/.local/lib/python3.6/site-packages/flask/app.py", line 2097, in make_response
    "The view function did not return a valid response. The"
TypeError: The view function did not return a valid response. The function either returned None or ended without a return statement.
[2019-09-28 14:19:23,342] ERROR in app: Exception on /games/leaderboard/ [POST]
Traceback (most recent call last):
  File "/home/tom/.local/lib/python3.6/site-packages/flask/app.py", line 2446, in wsgi_app
    response = self.full_dispatch_request()
  File "/home/tom/.local/lib/python3.6/site-packages/flask/app.py", line 1952, in full_dispatch_request
    return self.finalize_request(rv)
  File "/home/tom/.local/lib/python3.6/site-packages/flask/app.py", line 1967, in finalize_request
    response = self.make_response(rv)
  File "/home/tom/.local/lib/python3.6/site-packages/flask/app.py", line 2097, in make_response
    "The view function did not return a valid response. The"
TypeError: The view function did not return a valid response. The function either returned None or ended without a return statement.
[2019-09-28 14:19:23,567] ERROR in app: Exception on /favicon.ico [GET]
Traceback (most recent call last):
  File "/home/tom/.local/lib/python3.6/site-packages/flask/app.py", line 2446, in wsgi_app
    response = self.full_dispatch_request()
  File "/home/tom/.local/lib/python3.6/site-packages/flask/app.py", line 1952, in full_dispatch_request
    return self.finalize_request(rv)
  File "/home/tom/.local/lib/python3.6/site-packages/flask/app.py", line 1967, in finalize_request
    response = self.make_response(rv)
  File "/home/tom/.local/lib/python3.6/site-packages/flask/app.py", line 2097, in make_response
    "The view function did not return a valid response. The"
TypeError: The view function did not return a valid response. The function either returned None or ended without a return statement.
[2019-09-28 14:19:49,193] ERROR in app: Exception on /robots.txt [GET]
Traceback (most recent call last):
  File "/home/tom/.local/lib/python3.6/site-packages/flask/app.py", line 2446, in wsgi_app
    response = self.full_dispatch_request()
  File "/home/tom/.local/lib/python3.6/site-packages/flask/app.py", line 1952, in full_dispatch_request
    return self.finalize_request(rv)
  File "/home/tom/.local/lib/python3.6/site-packages/flask/app.py", line 1967, in finalize_request
    response = self.make_response(rv)
  File "/home/tom/.local/lib/python3.6/site-packages/flask/app.py", line 2097, in make_response
    "The view function did not return a valid response. The"
TypeError: The view function did not return a valid response. The function either returned None or ended without a return statement.
[2019-09-28 14:20:44 +0000] [26598] [INFO] Handling signal: term
[2019-09-28 14:20:44 +0000] [26603] [INFO] Worker exiting (pid: 26603)
[2019-09-28 14:20:44 +0000] [26602] [INFO] Worker exiting (pid: 26602)
[2019-09-28 14:20:44 +0000] [26605] [INFO] Worker exiting (pid: 26605)
[2019-09-28 14:20:44 +0000] [26604] [INFO] Worker exiting (pid: 26604)
[2019-09-28 14:20:44 +0000] [26606] [INFO] Worker exiting (pid: 26606)
[2019-09-28 14:20:45 +0000] [26598] [INFO] Shutting down: Master
[2019-09-28 14:20:47 +0000] [26657] [INFO] Starting gunicorn 19.9.0
[2019-09-28 14:20:47 +0000] [26657] [INFO] Listening at: unix:pythonapp.sock (26657)
[2019-09-28 14:20:47 +0000] [26657] [INFO] Using worker: sync
[2019-09-28 14:20:47 +0000] [26660] [INFO] Booting worker with pid: 26660
[2019-09-28 14:20:47 +0000] [26661] [INFO] Booting worker with pid: 26661
[2019-09-28 14:20:47 +0000] [26662] [INFO] Booting worker with pid: 26662
[2019-09-28 14:20:48 +0000] [26663] [INFO] Booting worker with pid: 26663
[2019-09-28 14:20:48 +0000] [26664] [INFO] Booting worker with pid: 26664
[2019-09-28 14:21:15,807] ERROR in app: Exception on /games/leaderboard/ [POST]
Traceback (most recent call last):
  File "/home/tom/.local/lib/python3.6/site-packages/flask/app.py", line 2446, in wsgi_app
    response = self.full_dispatch_request()
  File "/home/tom/.local/lib/python3.6/site-packages/flask/app.py", line 1952, in full_dispatch_request
    return self.finalize_request(rv)
  File "/home/tom/.local/lib/python3.6/site-packages/flask/app.py", line 1967, in finalize_request
    response = self.make_response(rv)
  File "/home/tom/.local/lib/python3.6/site-packages/flask/app.py", line 2097, in make_response
    "The view function did not return a valid response. The"
TypeError: The view function did not return a valid response. The function either returned None or ended without a return statement.
[2019-09-28 14:21:16,082] ERROR in app: Exception on /favicon.ico [GET]
Traceback (most recent call last):
  File "/home/tom/.local/lib/python3.6/site-packages/flask/app.py", line 2446, in wsgi_app
    response = self.full_dispatch_request()
  File "/home/tom/.local/lib/python3.6/site-packages/flask/app.py", line 1952, in full_dispatch_request
    return self.finalize_request(rv)
  File "/home/tom/.local/lib/python3.6/site-packages/flask/app.py", line 1967, in finalize_request
    response = self.make_response(rv)
  File "/home/tom/.local/lib/python3.6/site-packages/flask/app.py", line 2097, in make_response
    "The view function did not return a valid response. The"
TypeError: The view function did not return a valid response. The function either returned None or ended without a return statement.
[2019-09-28 14:24:33 +0000] [26663] [INFO] Worker exiting (pid: 26663)
[2019-09-28 14:24:33 +0000] [26661] [INFO] Worker exiting (pid: 26661)
[2019-09-28 14:24:33 +0000] [26662] [INFO] Worker exiting (pid: 26662)
[2019-09-28 14:24:33 +0000] [26664] [INFO] Worker exiting (pid: 26664)
[2019-09-28 14:24:33 +0000] [26657] [INFO] Handling signal: term
[2019-09-28 14:24:33 +0000] [26660] [INFO] Worker exiting (pid: 26660)
[2019-09-28 14:24:34 +0000] [26657] [INFO] Shutting down: Master
[2019-09-28 14:24:36 +0000] [26763] [INFO] Starting gunicorn 19.9.0
[2019-09-28 14:24:36 +0000] [26763] [INFO] Listening at: unix:pythonapp.sock (26763)
[2019-09-28 14:24:36 +0000] [26763] [INFO] Using worker: sync
[2019-09-28 14:24:36 +0000] [26767] [INFO] Booting worker with pid: 26767
[2019-09-28 14:24:36 +0000] [26768] [INFO] Booting worker with pid: 26768
[2019-09-28 14:24:36 +0000] [26769] [INFO] Booting worker with pid: 26769
[2019-09-28 14:24:36 +0000] [26770] [INFO] Booting worker with pid: 26770
[2019-09-28 14:24:36 +0000] [26771] [INFO] Booting worker with pid: 26771
[2019-09-28 14:25:00,651] ERROR in app: Exception on /games/leaderboard/ [POST]
Traceback (most recent call last):
  File "/home/tom/.local/lib/python3.6/site-packages/flask/app.py", line 2446, in wsgi_app
    response = self.full_dispatch_request()
  File "/home/tom/.local/lib/python3.6/site-packages/flask/app.py", line 1952, in full_dispatch_request
    return self.finalize_request(rv)
  File "/home/tom/.local/lib/python3.6/site-packages/flask/app.py", line 1967, in finalize_request
    response = self.make_response(rv)
  File "/home/tom/.local/lib/python3.6/site-packages/flask/app.py", line 2097, in make_response
    "The view function did not return a valid response. The"
TypeError: The view function did not return a valid response. The function either returned None or ended without a return statement.
[2019-09-28 14:28:58 +0000] [26763] [INFO] Handling signal: term
[2019-09-28 14:28:58 +0000] [26768] [INFO] Worker exiting (pid: 26768)
[2019-09-28 14:28:58 +0000] [26770] [INFO] Worker exiting (pid: 26770)
[2019-09-28 14:28:58 +0000] [26767] [INFO] Worker exiting (pid: 26767)
[2019-09-28 14:28:58 +0000] [26769] [INFO] Worker exiting (pid: 26769)
[2019-09-28 14:28:58 +0000] [26771] [INFO] Worker exiting (pid: 26771)
[2019-09-28 14:28:59 +0000] [26763] [INFO] Shutting down: Master
[2019-09-28 14:29:01 +0000] [26850] [INFO] Starting gunicorn 19.9.0
[2019-09-28 14:29:01 +0000] [26850] [INFO] Listening at: unix:pythonapp.sock (26850)
[2019-09-28 14:29:01 +0000] [26850] [INFO] Using worker: sync
[2019-09-28 14:29:01 +0000] [26853] [INFO] Booting worker with pid: 26853
[2019-09-28 14:29:01 +0000] [26854] [INFO] Booting worker with pid: 26854
[2019-09-28 14:29:01 +0000] [26855] [INFO] Booting worker with pid: 26855
[2019-09-28 14:29:01 +0000] [26856] [INFO] Booting worker with pid: 26856
[2019-09-28 14:29:02 +0000] [26857] [INFO] Booting worker with pid: 26857
[2019-09-28 14:31:44 +0000] [26850] [INFO] Handling signal: term
[2019-09-28 14:31:44 +0000] [26853] [INFO] Worker exiting (pid: 26853)
[2019-09-28 14:31:44 +0000] [26854] [INFO] Worker exiting (pid: 26854)
[2019-09-28 14:31:44 +0000] [26857] [INFO] Worker exiting (pid: 26857)
[2019-09-28 14:31:44 +0000] [26855] [INFO] Worker exiting (pid: 26855)
[2019-09-28 14:31:44 +0000] [26856] [INFO] Worker exiting (pid: 26856)
[2019-09-28 14:31:45 +0000] [26850] [INFO] Shutting down: Master
[2019-09-28 14:31:48 +0000] [26907] [INFO] Starting gunicorn 19.9.0
[2019-09-28 14:31:48 +0000] [26907] [INFO] Listening at: unix:pythonapp.sock (26907)
[2019-09-28 14:31:48 +0000] [26907] [INFO] Using worker: sync
[2019-09-28 14:31:48 +0000] [26913] [INFO] Booting worker with pid: 26913
[2019-09-28 14:31:48 +0000] [26914] [INFO] Booting worker with pid: 26914
[2019-09-28 14:31:48 +0000] [26915] [INFO] Booting worker with pid: 26915
[2019-09-28 14:31:48 +0000] [26916] [INFO] Booting worker with pid: 26916
[2019-09-28 14:31:48 +0000] [26917] [INFO] Booting worker with pid: 26917
[2019-09-28 14:34:08 +0000] [26907] [INFO] Handling signal: term
[2019-09-28 14:34:08 +0000] [26913] [INFO] Worker exiting (pid: 26913)
[2019-09-28 14:34:08 +0000] [26915] [INFO] Worker exiting (pid: 26915)
[2019-09-28 14:34:08 +0000] [26914] [INFO] Worker exiting (pid: 26914)
[2019-09-28 14:34:08 +0000] [26917] [INFO] Worker exiting (pid: 26917)
[2019-09-28 14:34:08 +0000] [26916] [INFO] Worker exiting (pid: 26916)
[2019-09-28 14:34:09 +0000] [26907] [INFO] Shutting down: Master
[2019-09-28 14:34:11 +0000] [26984] [INFO] Starting gunicorn 19.9.0
[2019-09-28 14:34:11 +0000] [26984] [INFO] Listening at: unix:pythonapp.sock (26984)
[2019-09-28 14:34:11 +0000] [26984] [INFO] Using worker: sync
[2019-09-28 14:34:11 +0000] [26990] [INFO] Booting worker with pid: 26990
[2019-09-28 14:34:11 +0000] [26991] [INFO] Booting worker with pid: 26991
[2019-09-28 14:34:11 +0000] [26992] [INFO] Booting worker with pid: 26992
[2019-09-28 14:34:11 +0000] [26993] [INFO] Booting worker with pid: 26993
[2019-09-28 14:34:11 +0000] [26994] [INFO] Booting worker with pid: 26994
[2019-09-28 14:34:13,889] ERROR in app: Exception on /games/leaderboard/ [POST]
Traceback (most recent call last):
  File "/home/tom/.local/lib/python3.6/site-packages/flask/app.py", line 2446, in wsgi_app
    response = self.full_dispatch_request()
  File "/home/tom/.local/lib/python3.6/site-packages/flask/app.py", line 1951, in full_dispatch_request
    rv = self.handle_user_exception(e)
  File "/home/tom/.local/lib/python3.6/site-packages/flask/app.py", line 1820, in handle_user_exception
    reraise(exc_type, exc_value, tb)
  File "/home/tom/.local/lib/python3.6/site-packages/flask/_compat.py", line 39, in reraise
    raise value
  File "/home/tom/.local/lib/python3.6/site-packages/flask/app.py", line 1949, in full_dispatch_request
    rv = self.dispatch_request()
  File "/home/tom/.local/lib/python3.6/site-packages/flask/app.py", line 1935, in dispatch_request
    return self.view_functions[rule.endpoint](**req.view_args)
  File "/home/tom/pythonapp/app.py", line 53, in leaderboard
    newLeaderboard = str(leaderboard) - str(leaderboard[-1])
TypeError: '_io.TextIOWrapper' object is not subscriptable
[2019-09-28 14:35:30 +0000] [26984] [INFO] Handling signal: term
[2019-09-28 14:35:30 +0000] [26990] [INFO] Worker exiting (pid: 26990)
[2019-09-28 14:35:30 +0000] [26993] [INFO] Worker exiting (pid: 26993)
[2019-09-28 14:35:30 +0000] [26994] [INFO] Worker exiting (pid: 26994)
[2019-09-28 14:35:30 +0000] [26992] [INFO] Worker exiting (pid: 26992)
[2019-09-28 14:35:30 +0000] [26991] [INFO] Worker exiting (pid: 26991)
[2019-09-28 14:35:31 +0000] [26984] [INFO] Shutting down: Master
[2019-09-28 14:35:34 +0000] [27033] [INFO] Starting gunicorn 19.9.0
[2019-09-28 14:35:34 +0000] [27033] [INFO] Listening at: unix:pythonapp.sock (27033)
[2019-09-28 14:35:34 +0000] [27033] [INFO] Using worker: sync
[2019-09-28 14:35:34 +0000] [27037] [INFO] Booting worker with pid: 27037
[2019-09-28 14:35:34 +0000] [27037] [ERROR] Exception in worker process
Traceback (most recent call last):
  File "/usr/local/lib/python3.6/dist-packages/gunicorn/arbiter.py", line 583, in spawn_worker
    worker.init_process()
  File "/usr/local/lib/python3.6/dist-packages/gunicorn/workers/base.py", line 129, in init_process
    self.load_wsgi()
  File "/usr/local/lib/python3.6/dist-packages/gunicorn/workers/base.py", line 138, in load_wsgi
    self.wsgi = self.app.wsgi()
  File "/usr/local/lib/python3.6/dist-packages/gunicorn/app/base.py", line 67, in wsgi
    self.callable = self.load()
  File "/usr/local/lib/python3.6/dist-packages/gunicorn/app/wsgiapp.py", line 52, in load
    return self.load_wsgiapp()
  File "/usr/local/lib/python3.6/dist-packages/gunicorn/app/wsgiapp.py", line 41, in load_wsgiapp
    return util.import_app(self.app_uri)
  File "/usr/local/lib/python3.6/dist-packages/gunicorn/util.py", line 350, in import_app
    __import__(module)
  File "/home/tom/pythonapp/wsgi.py", line 1, in <module>
    from app import app
  File "/home/tom/pythonapp/app.py", line 53
    newLeaderboard = str(leaderboard) - str(leaderboard)[-1])
                                                            ^
SyntaxError: invalid syntax
[2019-09-28 14:35:34 +0000] [27037] [INFO] Worker exiting (pid: 27037)
[2019-09-28 14:35:34 +0000] [27038] [INFO] Booting worker with pid: 27038
[2019-09-28 14:35:34 +0000] [27038] [ERROR] Exception in worker process
Traceback (most recent call last):
  File "/usr/local/lib/python3.6/dist-packages/gunicorn/arbiter.py", line 583, in spawn_worker
    worker.init_process()
  File "/usr/local/lib/python3.6/dist-packages/gunicorn/workers/base.py", line 129, in init_process
    self.load_wsgi()
  File "/usr/local/lib/python3.6/dist-packages/gunicorn/workers/base.py", line 138, in load_wsgi
    self.wsgi = self.app.wsgi()
  File "/usr/local/lib/python3.6/dist-packages/gunicorn/app/base.py", line 67, in wsgi
    self.callable = self.load()
  File "/usr/local/lib/python3.6/dist-packages/gunicorn/app/wsgiapp.py", line 52, in load
    return self.load_wsgiapp()
  File "/usr/local/lib/python3.6/dist-packages/gunicorn/app/wsgiapp.py", line 41, in load_wsgiapp
    return util.import_app(self.app_uri)
  File "/usr/local/lib/python3.6/dist-packages/gunicorn/util.py", line 350, in import_app
    __import__(module)
  File "/home/tom/pythonapp/wsgi.py", line 1, in <module>
    from app import app
  File "/home/tom/pythonapp/app.py", line 53
    newLeaderboard = str(leaderboard) - str(leaderboard)[-1])
                                                            ^
SyntaxError: invalid syntax
[2019-09-28 14:35:34 +0000] [27038] [INFO] Worker exiting (pid: 27038)
[2019-09-28 14:35:34 +0000] [27039] [INFO] Booting worker with pid: 27039
[2019-09-28 14:35:34 +0000] [27039] [ERROR] Exception in worker process
Traceback (most recent call last):
  File "/usr/local/lib/python3.6/dist-packages/gunicorn/arbiter.py", line 583, in spawn_worker
    worker.init_process()
  File "/usr/local/lib/python3.6/dist-packages/gunicorn/workers/base.py", line 129, in init_process
    self.load_wsgi()
  File "/usr/local/lib/python3.6/dist-packages/gunicorn/workers/base.py", line 138, in load_wsgi
    self.wsgi = self.app.wsgi()
  File "/usr/local/lib/python3.6/dist-packages/gunicorn/app/base.py", line 67, in wsgi
    self.callable = self.load()
  File "/usr/local/lib/python3.6/dist-packages/gunicorn/app/wsgiapp.py", line 52, in load
    return self.load_wsgiapp()
  File "/usr/local/lib/python3.6/dist-packages/gunicorn/app/wsgiapp.py", line 41, in load_wsgiapp
    return util.import_app(self.app_uri)
  File "/usr/local/lib/python3.6/dist-packages/gunicorn/util.py", line 350, in import_app
    __import__(module)
  File "/home/tom/pythonapp/wsgi.py", line 1, in <module>
    from app import app
  File "/home/tom/pythonapp/app.py", line 53
    newLeaderboard = str(leaderboard) - str(leaderboard)[-1])
                                                            ^
SyntaxError: invalid syntax
[2019-09-28 14:35:34 +0000] [27039] [INFO] Worker exiting (pid: 27039)
[2019-09-28 14:35:34 +0000] [27040] [INFO] Booting worker with pid: 27040
[2019-09-28 14:35:34 +0000] [27040] [ERROR] Exception in worker process
Traceback (most recent call last):
  File "/usr/local/lib/python3.6/dist-packages/gunicorn/arbiter.py", line 583, in spawn_worker
    worker.init_process()
  File "/usr/local/lib/python3.6/dist-packages/gunicorn/workers/base.py", line 129, in init_process
    self.load_wsgi()
  File "/usr/local/lib/python3.6/dist-packages/gunicorn/workers/base.py", line 138, in load_wsgi
    self.wsgi = self.app.wsgi()
  File "/usr/local/lib/python3.6/dist-packages/gunicorn/app/base.py", line 67, in wsgi
    self.callable = self.load()
  File "/usr/local/lib/python3.6/dist-packages/gunicorn/app/wsgiapp.py", line 52, in load
    return self.load_wsgiapp()
  File "/usr/local/lib/python3.6/dist-packages/gunicorn/app/wsgiapp.py", line 41, in load_wsgiapp
    return util.import_app(self.app_uri)
  File "/usr/local/lib/python3.6/dist-packages/gunicorn/util.py", line 350, in import_app
    __import__(module)
  File "/home/tom/pythonapp/wsgi.py", line 1, in <module>
    from app import app
  File "/home/tom/pythonapp/app.py", line 53
    newLeaderboard = str(leaderboard) - str(leaderboard)[-1])
                                                            ^
SyntaxError: invalid syntax
[2019-09-28 14:35:34 +0000] [27040] [INFO] Worker exiting (pid: 27040)
[2019-09-28 14:35:34 +0000] [27041] [INFO] Booting worker with pid: 27041
[2019-09-28 14:35:34 +0000] [27041] [ERROR] Exception in worker process
Traceback (most recent call last):
  File "/usr/local/lib/python3.6/dist-packages/gunicorn/arbiter.py", line 583, in spawn_worker
    worker.init_process()
  File "/usr/local/lib/python3.6/dist-packages/gunicorn/workers/base.py", line 129, in init_process
    self.load_wsgi()
  File "/usr/local/lib/python3.6/dist-packages/gunicorn/workers/base.py", line 138, in load_wsgi
    self.wsgi = self.app.wsgi()
  File "/usr/local/lib/python3.6/dist-packages/gunicorn/app/base.py", line 67, in wsgi
    self.callable = self.load()
  File "/usr/local/lib/python3.6/dist-packages/gunicorn/app/wsgiapp.py", line 52, in load
    return self.load_wsgiapp()
  File "/usr/local/lib/python3.6/dist-packages/gunicorn/app/wsgiapp.py", line 41, in load_wsgiapp
    return util.import_app(self.app_uri)
  File "/usr/local/lib/python3.6/dist-packages/gunicorn/util.py", line 350, in import_app
    __import__(module)
  File "/home/tom/pythonapp/wsgi.py", line 1, in <module>
    from app import app
  File "/home/tom/pythonapp/app.py", line 53
    newLeaderboard = str(leaderboard) - str(leaderboard)[-1])
                                                            ^
SyntaxError: invalid syntax
[2019-09-28 14:35:34 +0000] [27041] [INFO] Worker exiting (pid: 27041)
[2019-09-28 14:36:05 +0000] [27060] [INFO] Starting gunicorn 19.9.0
[2019-09-28 14:36:05 +0000] [27060] [INFO] Listening at: unix:pythonapp.sock (27060)
[2019-09-28 14:36:05 +0000] [27060] [INFO] Using worker: sync
[2019-09-28 14:36:05 +0000] [27065] [INFO] Booting worker with pid: 27065
[2019-09-28 14:36:05 +0000] [27066] [INFO] Booting worker with pid: 27066
[2019-09-28 14:36:05 +0000] [27067] [INFO] Booting worker with pid: 27067
[2019-09-28 14:36:05 +0000] [27068] [INFO] Booting worker with pid: 27068
[2019-09-28 14:36:05 +0000] [27069] [INFO] Booting worker with pid: 27069
[2019-09-28 14:36:28,692] ERROR in app: Exception on /games/leaderboard/ [POST]
Traceback (most recent call last):
  File "/home/tom/.local/lib/python3.6/site-packages/flask/app.py", line 2446, in wsgi_app
    response = self.full_dispatch_request()
  File "/home/tom/.local/lib/python3.6/site-packages/flask/app.py", line 1951, in full_dispatch_request
    rv = self.handle_user_exception(e)
  File "/home/tom/.local/lib/python3.6/site-packages/flask/app.py", line 1820, in handle_user_exception
    reraise(exc_type, exc_value, tb)
  File "/home/tom/.local/lib/python3.6/site-packages/flask/_compat.py", line 39, in reraise
    raise value
  File "/home/tom/.local/lib/python3.6/site-packages/flask/app.py", line 1949, in full_dispatch_request
    rv = self.dispatch_request()
  File "/home/tom/.local/lib/python3.6/site-packages/flask/app.py", line 1935, in dispatch_request
    return self.view_functions[rule.endpoint](**req.view_args)
  File "/home/tom/pythonapp/app.py", line 53, in leaderboard
    newLeaderboard = str(leaderboard) - str(leaderboard)[-1]
TypeError: unsupported operand type(s) for -: 'str' and 'str'
[2019-09-28 14:37:04 +0000] [27060] [INFO] Handling signal: term
[2019-09-28 14:37:04 +0000] [27067] [INFO] Worker exiting (pid: 27067)
[2019-09-28 14:37:04 +0000] [27066] [INFO] Worker exiting (pid: 27066)
[2019-09-28 14:37:04 +0000] [27068] [INFO] Worker exiting (pid: 27068)
[2019-09-28 14:37:04 +0000] [27069] [INFO] Worker exiting (pid: 27069)
[2019-09-28 14:37:04 +0000] [27065] [INFO] Worker exiting (pid: 27065)
[2019-09-28 14:37:05 +0000] [27060] [INFO] Shutting down: Master
[2019-09-28 14:37:08 +0000] [27102] [INFO] Starting gunicorn 19.9.0
[2019-09-28 14:37:08 +0000] [27102] [INFO] Listening at: unix:pythonapp.sock (27102)
[2019-09-28 14:37:08 +0000] [27102] [INFO] Using worker: sync
[2019-09-28 14:37:08 +0000] [27107] [INFO] Booting worker with pid: 27107
[2019-09-28 14:37:08 +0000] [27108] [INFO] Booting worker with pid: 27108
[2019-09-28 14:37:08 +0000] [27109] [INFO] Booting worker with pid: 27109
[2019-09-28 14:37:08 +0000] [27110] [INFO] Booting worker with pid: 27110
[2019-09-28 14:37:08 +0000] [27111] [INFO] Booting worker with pid: 27111
[2019-09-28 14:37:10,575] ERROR in app: Exception on /games/leaderboard/ [POST]
Traceback (most recent call last):
  File "/home/tom/.local/lib/python3.6/site-packages/flask/app.py", line 2446, in wsgi_app
    response = self.full_dispatch_request()
  File "/home/tom/.local/lib/python3.6/site-packages/flask/app.py", line 1951, in full_dispatch_request
    rv = self.handle_user_exception(e)
  File "/home/tom/.local/lib/python3.6/site-packages/flask/app.py", line 1820, in handle_user_exception
    reraise(exc_type, exc_value, tb)
  File "/home/tom/.local/lib/python3.6/site-packages/flask/_compat.py", line 39, in reraise
    raise value
  File "/home/tom/.local/lib/python3.6/site-packages/flask/app.py", line 1949, in full_dispatch_request
    rv = self.dispatch_request()
  File "/home/tom/.local/lib/python3.6/site-packages/flask/app.py", line 1935, in dispatch_request
    return self.view_functions[rule.endpoint](**req.view_args)
  File "/home/tom/pythonapp/app.py", line 53, in leaderboard
    newLeaderboard = leaderboard[:-1]
TypeError: '_io.TextIOWrapper' object is not subscriptable
[2019-09-28 14:38:46,055] ERROR in app: Exception on /games/leaderboard/ [POST]
Traceback (most recent call last):
  File "/home/tom/.local/lib/python3.6/site-packages/flask/app.py", line 2446, in wsgi_app
    response = self.full_dispatch_request()
  File "/home/tom/.local/lib/python3.6/site-packages/flask/app.py", line 1951, in full_dispatch_request
    rv = self.handle_user_exception(e)
  File "/home/tom/.local/lib/python3.6/site-packages/flask/app.py", line 1820, in handle_user_exception
    reraise(exc_type, exc_value, tb)
  File "/home/tom/.local/lib/python3.6/site-packages/flask/_compat.py", line 39, in reraise
    raise value
  File "/home/tom/.local/lib/python3.6/site-packages/flask/app.py", line 1949, in full_dispatch_request
    rv = self.dispatch_request()
  File "/home/tom/.local/lib/python3.6/site-packages/flask/app.py", line 1935, in dispatch_request
    return self.view_functions[rule.endpoint](**req.view_args)
  File "/home/tom/pythonapp/app.py", line 53, in leaderboard
    newLeaderboard = leaderboard[:-1]
TypeError: '_io.TextIOWrapper' object is not subscriptable
[2019-09-28 14:39:53 +0000] [27102] [INFO] Handling signal: term
[2019-09-28 14:39:53 +0000] [27108] [INFO] Worker exiting (pid: 27108)
[2019-09-28 14:39:53 +0000] [27107] [INFO] Worker exiting (pid: 27107)
[2019-09-28 14:39:53 +0000] [27109] [INFO] Worker exiting (pid: 27109)
[2019-09-28 14:39:53 +0000] [27110] [INFO] Worker exiting (pid: 27110)
[2019-09-28 14:39:53 +0000] [27111] [INFO] Worker exiting (pid: 27111)
[2019-09-28 14:39:54 +0000] [27102] [INFO] Shutting down: Master
[2019-09-28 14:39:56 +0000] [27164] [INFO] Starting gunicorn 19.9.0
[2019-09-28 14:39:56 +0000] [27164] [INFO] Listening at: unix:pythonapp.sock (27164)
[2019-09-28 14:39:56 +0000] [27164] [INFO] Using worker: sync
[2019-09-28 14:39:56 +0000] [27167] [INFO] Booting worker with pid: 27167
[2019-09-28 14:39:56 +0000] [27168] [INFO] Booting worker with pid: 27168
[2019-09-28 14:39:56 +0000] [27169] [INFO] Booting worker with pid: 27169
[2019-09-28 14:39:56 +0000] [27170] [INFO] Booting worker with pid: 27170
[2019-09-28 14:39:56 +0000] [27171] [INFO] Booting worker with pid: 27171
[2019-09-28 14:45:38 +0000] [27164] [INFO] Handling signal: term
[2019-09-28 14:45:38 +0000] [27168] [INFO] Worker exiting (pid: 27168)
[2019-09-28 14:45:38 +0000] [27167] [INFO] Worker exiting (pid: 27167)
[2019-09-28 14:45:38 +0000] [27169] [INFO] Worker exiting (pid: 27169)
[2019-09-28 14:45:38 +0000] [27170] [INFO] Worker exiting (pid: 27170)
[2019-09-28 14:45:38 +0000] [27171] [INFO] Worker exiting (pid: 27171)
[2019-09-28 14:45:39 +0000] [27164] [INFO] Shutting down: Master
[2019-09-28 14:45:42 +0000] [27325] [INFO] Starting gunicorn 19.9.0
[2019-09-28 14:45:42 +0000] [27325] [INFO] Listening at: unix:pythonapp.sock (27325)
[2019-09-28 14:45:42 +0000] [27325] [INFO] Using worker: sync
[2019-09-28 14:45:42 +0000] [27328] [INFO] Booting worker with pid: 27328
[2019-09-28 14:45:42 +0000] [27329] [INFO] Booting worker with pid: 27329
[2019-09-28 14:45:42 +0000] [27331] [INFO] Booting worker with pid: 27331
[2019-09-28 14:45:42 +0000] [27336] [INFO] Booting worker with pid: 27336
[2019-09-28 14:45:42 +0000] [27338] [INFO] Booting worker with pid: 27338
[2019-09-28 14:49:56,283] ERROR in app: Exception on /robots.txt [GET]
Traceback (most recent call last):
  File "/home/tom/.local/lib/python3.6/site-packages/flask/app.py", line 2446, in wsgi_app
    response = self.full_dispatch_request()
  File "/home/tom/.local/lib/python3.6/site-packages/flask/app.py", line 1952, in full_dispatch_request
    return self.finalize_request(rv)
  File "/home/tom/.local/lib/python3.6/site-packages/flask/app.py", line 1967, in finalize_request
    response = self.make_response(rv)
  File "/home/tom/.local/lib/python3.6/site-packages/flask/app.py", line 2097, in make_response
    "The view function did not return a valid response. The"
TypeError: The view function did not return a valid response. The function either returned None or ended without a return statement.
[2019-09-28 14:54:29 +0000] [27338] [INFO] Worker exiting (pid: 27338)
[2019-09-28 14:54:29 +0000] [27336] [INFO] Worker exiting (pid: 27336)
[2019-09-28 14:54:29 +0000] [27329] [INFO] Worker exiting (pid: 27329)
[2019-09-28 14:54:29 +0000] [27328] [INFO] Worker exiting (pid: 27328)
[2019-09-28 14:54:29 +0000] [27325] [INFO] Handling signal: term
[2019-09-28 14:54:29 +0000] [27331] [INFO] Worker exiting (pid: 27331)
[2019-09-28 14:54:30 +0000] [27325] [INFO] Shutting down: Master
[2019-09-28 14:54:33 +0000] [27767] [INFO] Starting gunicorn 19.9.0
[2019-09-28 14:54:33 +0000] [27767] [INFO] Listening at: unix:pythonapp.sock (27767)
[2019-09-28 14:54:33 +0000] [27767] [INFO] Using worker: sync
[2019-09-28 14:54:33 +0000] [27779] [INFO] Booting worker with pid: 27779
[2019-09-28 14:54:33 +0000] [27780] [INFO] Booting worker with pid: 27780
[2019-09-28 14:54:33 +0000] [27781] [INFO] Booting worker with pid: 27781
[2019-09-28 14:54:33 +0000] [27782] [INFO] Booting worker with pid: 27782
[2019-09-28 14:54:33 +0000] [27783] [INFO] Booting worker with pid: 27783
[2019-09-28 14:55:12,245] ERROR in app: Exception on /games/leaderboard/ [POST]
Traceback (most recent call last):
  File "/home/tom/.local/lib/python3.6/site-packages/flask/app.py", line 2446, in wsgi_app
    response = self.full_dispatch_request()
  File "/home/tom/.local/lib/python3.6/site-packages/flask/app.py", line 1951, in full_dispatch_request
    rv = self.handle_user_exception(e)
  File "/home/tom/.local/lib/python3.6/site-packages/flask/app.py", line 1820, in handle_user_exception
    reraise(exc_type, exc_value, tb)
  File "/home/tom/.local/lib/python3.6/site-packages/flask/_compat.py", line 39, in reraise
    raise value
  File "/home/tom/.local/lib/python3.6/site-packages/flask/app.py", line 1949, in full_dispatch_request
    rv = self.dispatch_request()
  File "/home/tom/.local/lib/python3.6/site-packages/flask/app.py", line 1935, in dispatch_request
    return self.view_functions[rule.endpoint](**req.view_args)
  File "/home/tom/pythonapp/app.py", line 53, in leaderboard
    leaderboardData = leaderboard.read()
io.UnsupportedOperation: not readable
[2019-09-28 14:55:12,505] ERROR in app: Exception on /favicon.ico [GET]
Traceback (most recent call last):
  File "/home/tom/.local/lib/python3.6/site-packages/flask/app.py", line 2446, in wsgi_app
    response = self.full_dispatch_request()
  File "/home/tom/.local/lib/python3.6/site-packages/flask/app.py", line 1952, in full_dispatch_request
    return self.finalize_request(rv)
  File "/home/tom/.local/lib/python3.6/site-packages/flask/app.py", line 1967, in finalize_request
    response = self.make_response(rv)
  File "/home/tom/.local/lib/python3.6/site-packages/flask/app.py", line 2097, in make_response
    "The view function did not return a valid response. The"
TypeError: The view function did not return a valid response. The function either returned None or ended without a return statement.
[2019-09-28 15:02:43 +0000] [27783] [INFO] Worker exiting (pid: 27783)
[2019-09-28 15:02:43 +0000] [27767] [INFO] Handling signal: term
[2019-09-28 15:02:43 +0000] [27782] [INFO] Worker exiting (pid: 27782)
[2019-09-28 15:02:43 +0000] [27781] [INFO] Worker exiting (pid: 27781)
[2019-09-28 15:02:43 +0000] [27780] [INFO] Worker exiting (pid: 27780)
[2019-09-28 15:02:43 +0000] [27779] [INFO] Worker exiting (pid: 27779)
[2019-09-28 15:02:44 +0000] [27767] [INFO] Shutting down: Master
[2019-09-28 15:02:46 +0000] [27957] [INFO] Starting gunicorn 19.9.0
[2019-09-28 15:02:46 +0000] [27957] [INFO] Listening at: unix:pythonapp.sock (27957)
[2019-09-28 15:02:46 +0000] [27957] [INFO] Using worker: sync
[2019-09-28 15:02:46 +0000] [27961] [INFO] Booting worker with pid: 27961
[2019-09-28 15:02:46 +0000] [27962] [INFO] Booting worker with pid: 27962
[2019-09-28 15:02:46 +0000] [27963] [INFO] Booting worker with pid: 27963
[2019-09-28 15:02:46 +0000] [27964] [INFO] Booting worker with pid: 27964
[2019-09-28 15:02:46 +0000] [27965] [INFO] Booting worker with pid: 27965
[2019-09-28 15:03:33,656] ERROR in app: Exception on /games/leaderboard/ [POST]
Traceback (most recent call last):
  File "/home/tom/.local/lib/python3.6/site-packages/flask/app.py", line 2446, in wsgi_app
    response = self.full_dispatch_request()
  File "/home/tom/.local/lib/python3.6/site-packages/flask/app.py", line 1951, in full_dispatch_request
    rv = self.handle_user_exception(e)
  File "/home/tom/.local/lib/python3.6/site-packages/flask/app.py", line 1820, in handle_user_exception
    reraise(exc_type, exc_value, tb)
  File "/home/tom/.local/lib/python3.6/site-packages/flask/_compat.py", line 39, in reraise
    raise value
  File "/home/tom/.local/lib/python3.6/site-packages/flask/app.py", line 1949, in full_dispatch_request
    rv = self.dispatch_request()
  File "/home/tom/.local/lib/python3.6/site-packages/flask/app.py", line 1935, in dispatch_request
    return self.view_functions[rule.endpoint](**req.view_args)
  File "/home/tom/pythonapp/app.py", line 53, in leaderboard
    leaderboardData = leaderboard.read()
io.UnsupportedOperation: not readable
[2019-09-28 15:05:57 +0000] [27957] [INFO] Handling signal: term
[2019-09-28 15:05:57 +0000] [27962] [INFO] Worker exiting (pid: 27962)
[2019-09-28 15:05:57 +0000] [27961] [INFO] Worker exiting (pid: 27961)
[2019-09-28 15:05:57 +0000] [27965] [INFO] Worker exiting (pid: 27965)
[2019-09-28 15:05:57 +0000] [27964] [INFO] Worker exiting (pid: 27964)
[2019-09-28 15:05:57 +0000] [27963] [INFO] Worker exiting (pid: 27963)
[2019-09-28 15:05:58 +0000] [27957] [INFO] Shutting down: Master
[2019-09-28 15:06:01 +0000] [28047] [INFO] Starting gunicorn 19.9.0
[2019-09-28 15:06:01 +0000] [28047] [INFO] Listening at: unix:pythonapp.sock (28047)
[2019-09-28 15:06:01 +0000] [28047] [INFO] Using worker: sync
[2019-09-28 15:06:01 +0000] [28062] [INFO] Booting worker with pid: 28062
[2019-09-28 15:06:01 +0000] [28062] [ERROR] Exception in worker process
Traceback (most recent call last):
  File "/usr/local/lib/python3.6/dist-packages/gunicorn/arbiter.py", line 583, in spawn_worker
    worker.init_process()
  File "/usr/local/lib/python3.6/dist-packages/gunicorn/workers/base.py", line 129, in init_process
    self.load_wsgi()
  File "/usr/local/lib/python3.6/dist-packages/gunicorn/workers/base.py", line 138, in load_wsgi
    self.wsgi = self.app.wsgi()
  File "/usr/local/lib/python3.6/dist-packages/gunicorn/app/base.py", line 67, in wsgi
    self.callable = self.load()
  File "/usr/local/lib/python3.6/dist-packages/gunicorn/app/wsgiapp.py", line 52, in load
    return self.load_wsgiapp()
  File "/usr/local/lib/python3.6/dist-packages/gunicorn/app/wsgiapp.py", line 41, in load_wsgiapp
    return util.import_app(self.app_uri)
  File "/usr/local/lib/python3.6/dist-packages/gunicorn/util.py", line 350, in import_app
    __import__(module)
  File "/home/tom/pythonapp/wsgi.py", line 1, in <module>
    from app import app
  File "/home/tom/pythonapp/app.py", line 51
    with open("static/leaderboard.json", "r") as rleaderboard: #opens file for reading
                                                                                     ^
TabError: inconsistent use of tabs and spaces in indentation
[2019-09-28 15:06:01 +0000] [28062] [INFO] Worker exiting (pid: 28062)
[2019-09-28 15:06:01 +0000] [28063] [INFO] Booting worker with pid: 28063
[2019-09-28 15:06:01 +0000] [28063] [ERROR] Exception in worker process
Traceback (most recent call last):
  File "/usr/local/lib/python3.6/dist-packages/gunicorn/arbiter.py", line 583, in spawn_worker
    worker.init_process()
  File "/usr/local/lib/python3.6/dist-packages/gunicorn/workers/base.py", line 129, in init_process
    self.load_wsgi()
  File "/usr/local/lib/python3.6/dist-packages/gunicorn/workers/base.py", line 138, in load_wsgi
    self.wsgi = self.app.wsgi()
  File "/usr/local/lib/python3.6/dist-packages/gunicorn/app/base.py", line 67, in wsgi
    self.callable = self.load()
  File "/usr/local/lib/python3.6/dist-packages/gunicorn/app/wsgiapp.py", line 52, in load
    return self.load_wsgiapp()
  File "/usr/local/lib/python3.6/dist-packages/gunicorn/app/wsgiapp.py", line 41, in load_wsgiapp
    return util.import_app(self.app_uri)
  File "/usr/local/lib/python3.6/dist-packages/gunicorn/util.py", line 350, in import_app
    __import__(module)
  File "/home/tom/pythonapp/wsgi.py", line 1, in <module>
    from app import app
  File "/home/tom/pythonapp/app.py", line 51
    with open("static/leaderboard.json", "r") as rleaderboard: #opens file for reading
                                                                                     ^
TabError: inconsistent use of tabs and spaces in indentation
[2019-09-28 15:06:01 +0000] [28063] [INFO] Worker exiting (pid: 28063)
[2019-09-28 15:06:01 +0000] [28064] [INFO] Booting worker with pid: 28064
[2019-09-28 15:06:01 +0000] [28064] [ERROR] Exception in worker process
Traceback (most recent call last):
  File "/usr/local/lib/python3.6/dist-packages/gunicorn/arbiter.py", line 583, in spawn_worker
    worker.init_process()
  File "/usr/local/lib/python3.6/dist-packages/gunicorn/workers/base.py", line 129, in init_process
    self.load_wsgi()
  File "/usr/local/lib/python3.6/dist-packages/gunicorn/workers/base.py", line 138, in load_wsgi
    self.wsgi = self.app.wsgi()
  File "/usr/local/lib/python3.6/dist-packages/gunicorn/app/base.py", line 67, in wsgi
    self.callable = self.load()
  File "/usr/local/lib/python3.6/dist-packages/gunicorn/app/wsgiapp.py", line 52, in load
    return self.load_wsgiapp()
  File "/usr/local/lib/python3.6/dist-packages/gunicorn/app/wsgiapp.py", line 41, in load_wsgiapp
    return util.import_app(self.app_uri)
  File "/usr/local/lib/python3.6/dist-packages/gunicorn/util.py", line 350, in import_app
    __import__(module)
  File "/home/tom/pythonapp/wsgi.py", line 1, in <module>
    from app import app
  File "/home/tom/pythonapp/app.py", line 51
    with open("static/leaderboard.json", "r") as rleaderboard: #opens file for reading
                                                                                     ^
TabError: inconsistent use of tabs and spaces in indentation
[2019-09-28 15:06:01 +0000] [28064] [INFO] Worker exiting (pid: 28064)
[2019-09-28 15:06:01 +0000] [28065] [INFO] Booting worker with pid: 28065
[2019-09-28 15:06:01 +0000] [28065] [ERROR] Exception in worker process
Traceback (most recent call last):
  File "/usr/local/lib/python3.6/dist-packages/gunicorn/arbiter.py", line 583, in spawn_worker
    worker.init_process()
  File "/usr/local/lib/python3.6/dist-packages/gunicorn/workers/base.py", line 129, in init_process
    self.load_wsgi()
  File "/usr/local/lib/python3.6/dist-packages/gunicorn/workers/base.py", line 138, in load_wsgi
    self.wsgi = self.app.wsgi()
  File "/usr/local/lib/python3.6/dist-packages/gunicorn/app/base.py", line 67, in wsgi
    self.callable = self.load()
  File "/usr/local/lib/python3.6/dist-packages/gunicorn/app/wsgiapp.py", line 52, in load
    return self.load_wsgiapp()
  File "/usr/local/lib/python3.6/dist-packages/gunicorn/app/wsgiapp.py", line 41, in load_wsgiapp
    return util.import_app(self.app_uri)
  File "/usr/local/lib/python3.6/dist-packages/gunicorn/util.py", line 350, in import_app
    __import__(module)
  File "/home/tom/pythonapp/wsgi.py", line 1, in <module>
    from app import app
  File "/home/tom/pythonapp/app.py", line 51
    with open("static/leaderboard.json", "r") as rleaderboard: #opens file for reading
                                                                                     ^
TabError: inconsistent use of tabs and spaces in indentation
[2019-09-28 15:06:01 +0000] [28065] [INFO] Worker exiting (pid: 28065)
[2019-09-28 15:06:01 +0000] [28066] [INFO] Booting worker with pid: 28066
[2019-09-28 15:06:01 +0000] [28066] [ERROR] Exception in worker process
Traceback (most recent call last):
  File "/usr/local/lib/python3.6/dist-packages/gunicorn/arbiter.py", line 583, in spawn_worker
    worker.init_process()
  File "/usr/local/lib/python3.6/dist-packages/gunicorn/workers/base.py", line 129, in init_process
    self.load_wsgi()
  File "/usr/local/lib/python3.6/dist-packages/gunicorn/workers/base.py", line 138, in load_wsgi
    self.wsgi = self.app.wsgi()
  File "/usr/local/lib/python3.6/dist-packages/gunicorn/app/base.py", line 67, in wsgi
    self.callable = self.load()
  File "/usr/local/lib/python3.6/dist-packages/gunicorn/app/wsgiapp.py", line 52, in load
    return self.load_wsgiapp()
  File "/usr/local/lib/python3.6/dist-packages/gunicorn/app/wsgiapp.py", line 41, in load_wsgiapp
    return util.import_app(self.app_uri)
  File "/usr/local/lib/python3.6/dist-packages/gunicorn/util.py", line 350, in import_app
    __import__(module)
  File "/home/tom/pythonapp/wsgi.py", line 1, in <module>
    from app import app
  File "/home/tom/pythonapp/app.py", line 51
    with open("static/leaderboard.json", "r") as rleaderboard: #opens file for reading
                                                                                     ^
TabError: inconsistent use of tabs and spaces in indentation
[2019-09-28 15:06:01 +0000] [28066] [INFO] Worker exiting (pid: 28066)
[2019-09-28 15:06:29 +0000] [28094] [INFO] Starting gunicorn 19.9.0
[2019-09-28 15:06:29 +0000] [28094] [INFO] Listening at: unix:pythonapp.sock (28094)
[2019-09-28 15:06:29 +0000] [28094] [INFO] Using worker: sync
[2019-09-28 15:06:29 +0000] [28111] [INFO] Booting worker with pid: 28111
[2019-09-28 15:06:30 +0000] [28112] [INFO] Booting worker with pid: 28112
[2019-09-28 15:06:30 +0000] [28113] [INFO] Booting worker with pid: 28113
[2019-09-28 15:06:30 +0000] [28114] [INFO] Booting worker with pid: 28114
[2019-09-28 15:06:30 +0000] [28115] [INFO] Booting worker with pid: 28115
[2019-09-28 15:08:55 +0000] [28094] [INFO] Handling signal: term
[2019-09-28 15:08:55 +0000] [28113] [INFO] Worker exiting (pid: 28113)
[2019-09-28 15:08:55 +0000] [28112] [INFO] Worker exiting (pid: 28112)
[2019-09-28 15:08:55 +0000] [28111] [INFO] Worker exiting (pid: 28111)
[2019-09-28 15:08:55 +0000] [28115] [INFO] Worker exiting (pid: 28115)
[2019-09-28 15:08:55 +0000] [28114] [INFO] Worker exiting (pid: 28114)
[2019-09-28 15:08:56 +0000] [28094] [INFO] Shutting down: Master
[2019-09-28 15:08:59 +0000] [28208] [INFO] Starting gunicorn 19.9.0
[2019-09-28 15:08:59 +0000] [28208] [INFO] Listening at: unix:pythonapp.sock (28208)
[2019-09-28 15:08:59 +0000] [28208] [INFO] Using worker: sync
[2019-09-28 15:08:59 +0000] [28211] [INFO] Booting worker with pid: 28211
[2019-09-28 15:08:59 +0000] [28212] [INFO] Booting worker with pid: 28212
[2019-09-28 15:08:59 +0000] [28213] [INFO] Booting worker with pid: 28213
[2019-09-28 15:08:59 +0000] [28214] [INFO] Booting worker with pid: 28214
[2019-09-28 15:08:59 +0000] [28215] [INFO] Booting worker with pid: 28215
[2019-09-28 15:10:52 +0000] [28208] [INFO] Handling signal: term
[2019-09-28 15:10:52 +0000] [28211] [INFO] Worker exiting (pid: 28211)
[2019-09-28 15:10:52 +0000] [28213] [INFO] Worker exiting (pid: 28213)
[2019-09-28 15:10:52 +0000] [28212] [INFO] Worker exiting (pid: 28212)
[2019-09-28 15:10:52 +0000] [28214] [INFO] Worker exiting (pid: 28214)
[2019-09-28 15:10:52 +0000] [28215] [INFO] Worker exiting (pid: 28215)
[2019-09-28 15:10:52 +0000] [28208] [INFO] Shutting down: Master
[2019-09-28 15:10:55 +0000] [28303] [INFO] Starting gunicorn 19.9.0
[2019-09-28 15:10:55 +0000] [28303] [INFO] Listening at: unix:pythonapp.sock (28303)
[2019-09-28 15:10:55 +0000] [28303] [INFO] Using worker: sync
[2019-09-28 15:10:55 +0000] [28307] [INFO] Booting worker with pid: 28307
[2019-09-28 15:10:55 +0000] [28308] [INFO] Booting worker with pid: 28308
[2019-09-28 15:10:55 +0000] [28309] [INFO] Booting worker with pid: 28309
[2019-09-28 15:10:55 +0000] [28310] [INFO] Booting worker with pid: 28310
[2019-09-28 15:10:55 +0000] [28311] [INFO] Booting worker with pid: 28311
[2019-09-28 15:15:11 +0000] [28303] [INFO] Handling signal: term
[2019-09-28 15:15:11 +0000] [28308] [INFO] Worker exiting (pid: 28308)
[2019-09-28 15:15:11 +0000] [28307] [INFO] Worker exiting (pid: 28307)
[2019-09-28 15:15:11 +0000] [28309] [INFO] Worker exiting (pid: 28309)
[2019-09-28 15:15:11 +0000] [28310] [INFO] Worker exiting (pid: 28310)
[2019-09-28 15:15:11 +0000] [28311] [INFO] Worker exiting (pid: 28311)
[2019-09-28 15:15:11 +0000] [28303] [INFO] Shutting down: Master
[2019-09-28 15:15:14 +0000] [28466] [INFO] Starting gunicorn 19.9.0
[2019-09-28 15:15:14 +0000] [28466] [INFO] Listening at: unix:pythonapp.sock (28466)
[2019-09-28 15:15:14 +0000] [28466] [INFO] Using worker: sync
[2019-09-28 15:15:14 +0000] [28470] [INFO] Booting worker with pid: 28470
[2019-09-28 15:15:14 +0000] [28471] [INFO] Booting worker with pid: 28471
[2019-09-28 15:15:14 +0000] [28470] [ERROR] Exception in worker process
Traceback (most recent call last):
  File "/usr/local/lib/python3.6/dist-packages/gunicorn/arbiter.py", line 583, in spawn_worker
    worker.init_process()
  File "/usr/local/lib/python3.6/dist-packages/gunicorn/workers/base.py", line 129, in init_process
    self.load_wsgi()
  File "/usr/local/lib/python3.6/dist-packages/gunicorn/workers/base.py", line 138, in load_wsgi
    self.wsgi = self.app.wsgi()
  File "/usr/local/lib/python3.6/dist-packages/gunicorn/app/base.py", line 67, in wsgi
    self.callable = self.load()
  File "/usr/local/lib/python3.6/dist-packages/gunicorn/app/wsgiapp.py", line 52, in load
    return self.load_wsgiapp()
  File "/usr/local/lib/python3.6/dist-packages/gunicorn/app/wsgiapp.py", line 41, in load_wsgiapp
    return util.import_app(self.app_uri)
  File "/usr/local/lib/python3.6/dist-packages/gunicorn/util.py", line 350, in import_app
    __import__(module)
  File "/home/tom/pythonapp/wsgi.py", line 1, in <module>
    from app import app
  File "/home/tom/pythonapp/app.py", line 57
    leaderboard.write(newLeaderboard + "," + str(dictToJson) + "]") # appends to leaderboard.json
              ^
IndentationError: expected an indented block
[2019-09-28 15:15:14 +0000] [28470] [INFO] Worker exiting (pid: 28470)
[2019-09-28 15:15:14 +0000] [28471] [ERROR] Exception in worker process
Traceback (most recent call last):
  File "/usr/local/lib/python3.6/dist-packages/gunicorn/arbiter.py", line 583, in spawn_worker
    worker.init_process()
  File "/usr/local/lib/python3.6/dist-packages/gunicorn/workers/base.py", line 129, in init_process
    self.load_wsgi()
  File "/usr/local/lib/python3.6/dist-packages/gunicorn/workers/base.py", line 138, in load_wsgi
    self.wsgi = self.app.wsgi()
  File "/usr/local/lib/python3.6/dist-packages/gunicorn/app/base.py", line 67, in wsgi
    self.callable = self.load()
  File "/usr/local/lib/python3.6/dist-packages/gunicorn/app/wsgiapp.py", line 52, in load
    return self.load_wsgiapp()
  File "/usr/local/lib/python3.6/dist-packages/gunicorn/app/wsgiapp.py", line 41, in load_wsgiapp
    return util.import_app(self.app_uri)
  File "/usr/local/lib/python3.6/dist-packages/gunicorn/util.py", line 350, in import_app
    __import__(module)
  File "/home/tom/pythonapp/wsgi.py", line 1, in <module>
    from app import app
  File "/home/tom/pythonapp/app.py", line 57
    leaderboard.write(newLeaderboard + "," + str(dictToJson) + "]") # appends to leaderboard.json
              ^
IndentationError: expected an indented block
[2019-09-28 15:15:14 +0000] [28471] [INFO] Worker exiting (pid: 28471)
[2019-09-28 15:15:14 +0000] [28472] [INFO] Booting worker with pid: 28472
[2019-09-28 15:15:14 +0000] [28473] [INFO] Booting worker with pid: 28473
[2019-09-28 15:15:14 +0000] [28472] [ERROR] Exception in worker process
Traceback (most recent call last):
  File "/usr/local/lib/python3.6/dist-packages/gunicorn/arbiter.py", line 583, in spawn_worker
    worker.init_process()
  File "/usr/local/lib/python3.6/dist-packages/gunicorn/workers/base.py", line 129, in init_process
    self.load_wsgi()
  File "/usr/local/lib/python3.6/dist-packages/gunicorn/workers/base.py", line 138, in load_wsgi
    self.wsgi = self.app.wsgi()
  File "/usr/local/lib/python3.6/dist-packages/gunicorn/app/base.py", line 67, in wsgi
    self.callable = self.load()
  File "/usr/local/lib/python3.6/dist-packages/gunicorn/app/wsgiapp.py", line 52, in load
    return self.load_wsgiapp()
  File "/usr/local/lib/python3.6/dist-packages/gunicorn/app/wsgiapp.py", line 41, in load_wsgiapp
    return util.import_app(self.app_uri)
  File "/usr/local/lib/python3.6/dist-packages/gunicorn/util.py", line 350, in import_app
    __import__(module)
  File "/home/tom/pythonapp/wsgi.py", line 1, in <module>
    from app import app
  File "/home/tom/pythonapp/app.py", line 57
    leaderboard.write(newLeaderboard + "," + str(dictToJson) + "]") # appends to leaderboard.json
              ^
IndentationError: expected an indented block
[2019-09-28 15:15:14 +0000] [28472] [INFO] Worker exiting (pid: 28472)
[2019-09-28 15:15:14 +0000] [28473] [ERROR] Exception in worker process
Traceback (most recent call last):
  File "/usr/local/lib/python3.6/dist-packages/gunicorn/arbiter.py", line 583, in spawn_worker
    worker.init_process()
  File "/usr/local/lib/python3.6/dist-packages/gunicorn/workers/base.py", line 129, in init_process
    self.load_wsgi()
  File "/usr/local/lib/python3.6/dist-packages/gunicorn/workers/base.py", line 138, in load_wsgi
    self.wsgi = self.app.wsgi()
  File "/usr/local/lib/python3.6/dist-packages/gunicorn/app/base.py", line 67, in wsgi
    self.callable = self.load()
  File "/usr/local/lib/python3.6/dist-packages/gunicorn/app/wsgiapp.py", line 52, in load
    return self.load_wsgiapp()
  File "/usr/local/lib/python3.6/dist-packages/gunicorn/app/wsgiapp.py", line 41, in load_wsgiapp
    return util.import_app(self.app_uri)
  File "/usr/local/lib/python3.6/dist-packages/gunicorn/util.py", line 350, in import_app
    __import__(module)
  File "/home/tom/pythonapp/wsgi.py", line 1, in <module>
    from app import app
  File "/home/tom/pythonapp/app.py", line 57
    leaderboard.write(newLeaderboard + "," + str(dictToJson) + "]") # appends to leaderboard.json
              ^
IndentationError: expected an indented block
[2019-09-28 15:15:14 +0000] [28473] [INFO] Worker exiting (pid: 28473)
[2019-09-28 15:15:14 +0000] [28474] [INFO] Booting worker with pid: 28474
[2019-09-28 15:15:14 +0000] [28474] [ERROR] Exception in worker process
Traceback (most recent call last):
  File "/usr/local/lib/python3.6/dist-packages/gunicorn/arbiter.py", line 583, in spawn_worker
    worker.init_process()
  File "/usr/local/lib/python3.6/dist-packages/gunicorn/workers/base.py", line 129, in init_process
    self.load_wsgi()
  File "/usr/local/lib/python3.6/dist-packages/gunicorn/workers/base.py", line 138, in load_wsgi
    self.wsgi = self.app.wsgi()
  File "/usr/local/lib/python3.6/dist-packages/gunicorn/app/base.py", line 67, in wsgi
    self.callable = self.load()
  File "/usr/local/lib/python3.6/dist-packages/gunicorn/app/wsgiapp.py", line 52, in load
    return self.load_wsgiapp()
  File "/usr/local/lib/python3.6/dist-packages/gunicorn/app/wsgiapp.py", line 41, in load_wsgiapp
    return util.import_app(self.app_uri)
  File "/usr/local/lib/python3.6/dist-packages/gunicorn/util.py", line 350, in import_app
    __import__(module)
  File "/home/tom/pythonapp/wsgi.py", line 1, in <module>
    from app import app
  File "/home/tom/pythonapp/app.py", line 57
    leaderboard.write(newLeaderboard + "," + str(dictToJson) + "]") # appends to leaderboard.json
              ^
IndentationError: expected an indented block
[2019-09-28 15:15:15 +0000] [28474] [INFO] Worker exiting (pid: 28474)
[2019-09-28 15:15:15 +0000] [28466] [INFO] Shutting down: Master
[2019-09-28 15:15:15 +0000] [28466] [INFO] Reason: Worker failed to boot.
[2019-09-28 15:15:58 +0000] [28514] [INFO] Starting gunicorn 19.9.0
[2019-09-28 15:15:58 +0000] [28514] [INFO] Listening at: unix:pythonapp.sock (28514)
[2019-09-28 15:15:58 +0000] [28514] [INFO] Using worker: sync
[2019-09-28 15:15:58 +0000] [28520] [INFO] Booting worker with pid: 28520
[2019-09-28 15:15:58 +0000] [28521] [INFO] Booting worker with pid: 28521
[2019-09-28 15:15:58 +0000] [28522] [INFO] Booting worker with pid: 28522
[2019-09-28 15:15:58 +0000] [28523] [INFO] Booting worker with pid: 28523
[2019-09-28 15:15:58 +0000] [28524] [INFO] Booting worker with pid: 28524
[2019-09-28 15:16:55 +0000] [28514] [INFO] Handling signal: term
[2019-09-28 15:16:55 +0000] [28520] [INFO] Worker exiting (pid: 28520)
[2019-09-28 15:16:55 +0000] [28521] [INFO] Worker exiting (pid: 28521)
[2019-09-28 15:16:55 +0000] [28524] [INFO] Worker exiting (pid: 28524)
[2019-09-28 15:16:55 +0000] [28523] [INFO] Worker exiting (pid: 28523)
[2019-09-28 15:16:55 +0000] [28522] [INFO] Worker exiting (pid: 28522)
[2019-09-28 15:16:55 +0000] [28514] [INFO] Shutting down: Master
[2019-09-28 15:16:58 +0000] [28595] [INFO] Starting gunicorn 19.9.0
[2019-09-28 15:16:58 +0000] [28595] [INFO] Listening at: unix:pythonapp.sock (28595)
[2019-09-28 15:16:58 +0000] [28595] [INFO] Using worker: sync
[2019-09-28 15:16:58 +0000] [28607] [INFO] Booting worker with pid: 28607
[2019-09-28 15:16:58 +0000] [28608] [INFO] Booting worker with pid: 28608
[2019-09-28 15:16:58 +0000] [28609] [INFO] Booting worker with pid: 28609
[2019-09-28 15:16:59 +0000] [28610] [INFO] Booting worker with pid: 28610
[2019-09-28 15:16:59 +0000] [28611] [INFO] Booting worker with pid: 28611
[2019-09-28 15:18:35 +0000] [28595] [INFO] Handling signal: term
[2019-09-28 15:18:35 +0000] [28608] [INFO] Worker exiting (pid: 28608)
[2019-09-28 15:18:35 +0000] [28607] [INFO] Worker exiting (pid: 28607)
[2019-09-28 15:18:35 +0000] [28611] [INFO] Worker exiting (pid: 28611)
[2019-09-28 15:18:35 +0000] [28609] [INFO] Worker exiting (pid: 28609)
[2019-09-28 15:18:35 +0000] [28610] [INFO] Worker exiting (pid: 28610)
[2019-09-28 15:18:36 +0000] [28595] [INFO] Shutting down: Master
[2019-09-28 15:18:38 +0000] [28678] [INFO] Starting gunicorn 19.9.0
[2019-09-28 15:18:38 +0000] [28678] [INFO] Listening at: unix:pythonapp.sock (28678)
[2019-09-28 15:18:38 +0000] [28678] [INFO] Using worker: sync
[2019-09-28 15:18:38 +0000] [28683] [INFO] Booting worker with pid: 28683
[2019-09-28 15:18:38 +0000] [28684] [INFO] Booting worker with pid: 28684
[2019-09-28 15:18:39 +0000] [28685] [INFO] Booting worker with pid: 28685
[2019-09-28 15:18:39 +0000] [28686] [INFO] Booting worker with pid: 28686
[2019-09-28 15:18:39 +0000] [28687] [INFO] Booting worker with pid: 28687
[2019-09-28 15:19:30,369] ERROR in app: Exception on /robots.txt [GET]
Traceback (most recent call last):
  File "/home/tom/.local/lib/python3.6/site-packages/flask/app.py", line 2446, in wsgi_app
    response = self.full_dispatch_request()
  File "/home/tom/.local/lib/python3.6/site-packages/flask/app.py", line 1952, in full_dispatch_request
    return self.finalize_request(rv)
  File "/home/tom/.local/lib/python3.6/site-packages/flask/app.py", line 1967, in finalize_request
    response = self.make_response(rv)
  File "/home/tom/.local/lib/python3.6/site-packages/flask/app.py", line 2097, in make_response
    "The view function did not return a valid response. The"
TypeError: The view function did not return a valid response. The function either returned None or ended without a return statement.
[2019-09-28 15:19:31,991] ERROR in app: Exception on /admin/Token81b1073a.asp [POST]
Traceback (most recent call last):
  File "/home/tom/.local/lib/python3.6/site-packages/flask/app.py", line 2446, in wsgi_app
    response = self.full_dispatch_request()
  File "/home/tom/.local/lib/python3.6/site-packages/flask/app.py", line 1952, in full_dispatch_request
    return self.finalize_request(rv)
  File "/home/tom/.local/lib/python3.6/site-packages/flask/app.py", line 1967, in finalize_request
    response = self.make_response(rv)
  File "/home/tom/.local/lib/python3.6/site-packages/flask/app.py", line 2097, in make_response
    "The view function did not return a valid response. The"
TypeError: The view function did not return a valid response. The function either returned None or ended without a return statement.
[2019-09-28 15:19:34,439] ERROR in app: Exception on /l.php [GET]
Traceback (most recent call last):
  File "/home/tom/.local/lib/python3.6/site-packages/flask/app.py", line 2446, in wsgi_app
    response = self.full_dispatch_request()
  File "/home/tom/.local/lib/python3.6/site-packages/flask/app.py", line 1952, in full_dispatch_request
    return self.finalize_request(rv)
  File "/home/tom/.local/lib/python3.6/site-packages/flask/app.py", line 1967, in finalize_request
    response = self.make_response(rv)
  File "/home/tom/.local/lib/python3.6/site-packages/flask/app.py", line 2097, in make_response
    "The view function did not return a valid response. The"
TypeError: The view function did not return a valid response. The function either returned None or ended without a return statement.
[2019-09-28 15:19:34,988] ERROR in app: Exception on /phpinfo.php [GET]
Traceback (most recent call last):
  File "/home/tom/.local/lib/python3.6/site-packages/flask/app.py", line 2446, in wsgi_app
    response = self.full_dispatch_request()
  File "/home/tom/.local/lib/python3.6/site-packages/flask/app.py", line 1952, in full_dispatch_request
    return self.finalize_request(rv)
  File "/home/tom/.local/lib/python3.6/site-packages/flask/app.py", line 1967, in finalize_request
    response = self.make_response(rv)
  File "/home/tom/.local/lib/python3.6/site-packages/flask/app.py", line 2097, in make_response
    "The view function did not return a valid response. The"
TypeError: The view function did not return a valid response. The function either returned None or ended without a return statement.
[2019-09-28 15:19:35,442] ERROR in app: Exception on /test.php [GET]
Traceback (most recent call last):
  File "/home/tom/.local/lib/python3.6/site-packages/flask/app.py", line 2446, in wsgi_app
    response = self.full_dispatch_request()
  File "/home/tom/.local/lib/python3.6/site-packages/flask/app.py", line 1952, in full_dispatch_request
    return self.finalize_request(rv)
  File "/home/tom/.local/lib/python3.6/site-packages/flask/app.py", line 1967, in finalize_request
    response = self.make_response(rv)
  File "/home/tom/.local/lib/python3.6/site-packages/flask/app.py", line 2097, in make_response
    "The view function did not return a valid response. The"
TypeError: The view function did not return a valid response. The function either returned None or ended without a return statement.
[2019-09-28 15:19:36,006] ERROR in app: Exception on /index.php [POST]
Traceback (most recent call last):
  File "/home/tom/.local/lib/python3.6/site-packages/flask/app.py", line 2446, in wsgi_app
    response = self.full_dispatch_request()
  File "/home/tom/.local/lib/python3.6/site-packages/flask/app.py", line 1952, in full_dispatch_request
    return self.finalize_request(rv)
  File "/home/tom/.local/lib/python3.6/site-packages/flask/app.py", line 1967, in finalize_request
    response = self.make_response(rv)
  File "/home/tom/.local/lib/python3.6/site-packages/flask/app.py", line 2097, in make_response
    "The view function did not return a valid response. The"
TypeError: The view function did not return a valid response. The function either returned None or ended without a return statement.
[2019-09-28 15:19:37,406] ERROR in app: Exception on /bbs.php [POST]
Traceback (most recent call last):
  File "/home/tom/.local/lib/python3.6/site-packages/flask/app.py", line 2446, in wsgi_app
    response = self.full_dispatch_request()
  File "/home/tom/.local/lib/python3.6/site-packages/flask/app.py", line 1952, in full_dispatch_request
    return self.finalize_request(rv)
  File "/home/tom/.local/lib/python3.6/site-packages/flask/app.py", line 1967, in finalize_request
    response = self.make_response(rv)
  File "/home/tom/.local/lib/python3.6/site-packages/flask/app.py", line 2097, in make_response
    "The view function did not return a valid response. The"
TypeError: The view function did not return a valid response. The function either returned None or ended without a return statement.
[2019-09-28 15:19:37,858] ERROR in app: Exception on /forum.php [POST]
Traceback (most recent call last):
  File "/home/tom/.local/lib/python3.6/site-packages/flask/app.py", line 2446, in wsgi_app
    response = self.full_dispatch_request()
  File "/home/tom/.local/lib/python3.6/site-packages/flask/app.py", line 1952, in full_dispatch_request
    return self.finalize_request(rv)
  File "/home/tom/.local/lib/python3.6/site-packages/flask/app.py", line 1967, in finalize_request
    response = self.make_response(rv)
  File "/home/tom/.local/lib/python3.6/site-packages/flask/app.py", line 2097, in make_response
    "The view function did not return a valid response. The"
TypeError: The view function did not return a valid response. The function either returned None or ended without a return statement.
[2019-09-28 15:19:38,333] ERROR in app: Exception on /forums.php [POST]
Traceback (most recent call last):
  File "/home/tom/.local/lib/python3.6/site-packages/flask/app.py", line 2446, in wsgi_app
    response = self.full_dispatch_request()
  File "/home/tom/.local/lib/python3.6/site-packages/flask/app.py", line 1952, in full_dispatch_request
    return self.finalize_request(rv)
  File "/home/tom/.local/lib/python3.6/site-packages/flask/app.py", line 1967, in finalize_request
    response = self.make_response(rv)
  File "/home/tom/.local/lib/python3.6/site-packages/flask/app.py", line 2097, in make_response
    "The view function did not return a valid response. The"
TypeError: The view function did not return a valid response. The function either returned None or ended without a return statement.
[2019-09-28 15:19:38,994] ERROR in app: Exception on /bbs/index.php [POST]
Traceback (most recent call last):
  File "/home/tom/.local/lib/python3.6/site-packages/flask/app.py", line 2446, in wsgi_app
    response = self.full_dispatch_request()
  File "/home/tom/.local/lib/python3.6/site-packages/flask/app.py", line 1952, in full_dispatch_request
    return self.finalize_request(rv)
  File "/home/tom/.local/lib/python3.6/site-packages/flask/app.py", line 1967, in finalize_request
    response = self.make_response(rv)
  File "/home/tom/.local/lib/python3.6/site-packages/flask/app.py", line 2097, in make_response
    "The view function did not return a valid response. The"
TypeError: The view function did not return a valid response. The function either returned None or ended without a return statement.
[2019-09-28 15:19:39,451] ERROR in app: Exception on /forum/index.php [POST]
Traceback (most recent call last):
  File "/home/tom/.local/lib/python3.6/site-packages/flask/app.py", line 2446, in wsgi_app
    response = self.full_dispatch_request()
  File "/home/tom/.local/lib/python3.6/site-packages/flask/app.py", line 1952, in full_dispatch_request
    return self.finalize_request(rv)
  File "/home/tom/.local/lib/python3.6/site-packages/flask/app.py", line 1967, in finalize_request
    response = self.make_response(rv)
  File "/home/tom/.local/lib/python3.6/site-packages/flask/app.py", line 2097, in make_response
    "The view function did not return a valid response. The"
TypeError: The view function did not return a valid response. The function either returned None or ended without a return statement.
[2019-09-28 15:19:39,911] ERROR in app: Exception on /forums/index.php [POST]
Traceback (most recent call last):
  File "/home/tom/.local/lib/python3.6/site-packages/flask/app.py", line 2446, in wsgi_app
    response = self.full_dispatch_request()
  File "/home/tom/.local/lib/python3.6/site-packages/flask/app.py", line 1952, in full_dispatch_request
    return self.finalize_request(rv)
  File "/home/tom/.local/lib/python3.6/site-packages/flask/app.py", line 1967, in finalize_request
    response = self.make_response(rv)
  File "/home/tom/.local/lib/python3.6/site-packages/flask/app.py", line 2097, in make_response
    "The view function did not return a valid response. The"
TypeError: The view function did not return a valid response. The function either returned None or ended without a return statement.
[2019-09-28 15:19:41,806] ERROR in app: Exception on /webdav/ [GET]
Traceback (most recent call last):
  File "/home/tom/.local/lib/python3.6/site-packages/flask/app.py", line 2446, in wsgi_app
    response = self.full_dispatch_request()
  File "/home/tom/.local/lib/python3.6/site-packages/flask/app.py", line 1952, in full_dispatch_request
    return self.finalize_request(rv)
  File "/home/tom/.local/lib/python3.6/site-packages/flask/app.py", line 1967, in finalize_request
    response = self.make_response(rv)
  File "/home/tom/.local/lib/python3.6/site-packages/flask/app.py", line 2097, in make_response
    "The view function did not return a valid response. The"
TypeError: The view function did not return a valid response. The function either returned None or ended without a return statement.
[2019-09-28 15:19:42,256] ERROR in app: Exception on /help.php [GET]
Traceback (most recent call last):
  File "/home/tom/.local/lib/python3.6/site-packages/flask/app.py", line 2446, in wsgi_app
    response = self.full_dispatch_request()
  File "/home/tom/.local/lib/python3.6/site-packages/flask/app.py", line 1952, in full_dispatch_request
    return self.finalize_request(rv)
  File "/home/tom/.local/lib/python3.6/site-packages/flask/app.py", line 1967, in finalize_request
    response = self.make_response(rv)
  File "/home/tom/.local/lib/python3.6/site-packages/flask/app.py", line 2097, in make_response
    "The view function did not return a valid response. The"
TypeError: The view function did not return a valid response. The function either returned None or ended without a return statement.
[2019-09-28 15:19:42,701] ERROR in app: Exception on /java.php [GET]
Traceback (most recent call last):
  File "/home/tom/.local/lib/python3.6/site-packages/flask/app.py", line 2446, in wsgi_app
    response = self.full_dispatch_request()
  File "/home/tom/.local/lib/python3.6/site-packages/flask/app.py", line 1952, in full_dispatch_request
    return self.finalize_request(rv)
  File "/home/tom/.local/lib/python3.6/site-packages/flask/app.py", line 1967, in finalize_request
    response = self.make_response(rv)
  File "/home/tom/.local/lib/python3.6/site-packages/flask/app.py", line 2097, in make_response
    "The view function did not return a valid response. The"
TypeError: The view function did not return a valid response. The function either returned None or ended without a return statement.
[2019-09-28 15:19:43,149] ERROR in app: Exception on /_query.php [GET]
Traceback (most recent call last):
  File "/home/tom/.local/lib/python3.6/site-packages/flask/app.py", line 2446, in wsgi_app
    response = self.full_dispatch_request()
  File "/home/tom/.local/lib/python3.6/site-packages/flask/app.py", line 1952, in full_dispatch_request
    return self.finalize_request(rv)
  File "/home/tom/.local/lib/python3.6/site-packages/flask/app.py", line 1967, in finalize_request
    response = self.make_response(rv)
  File "/home/tom/.local/lib/python3.6/site-packages/flask/app.py", line 2097, in make_response
    "The view function did not return a valid response. The"
TypeError: The view function did not return a valid response. The function either returned None or ended without a return statement.
[2019-09-28 15:19:43,594] ERROR in app: Exception on /test.php [GET]
Traceback (most recent call last):
  File "/home/tom/.local/lib/python3.6/site-packages/flask/app.py", line 2446, in wsgi_app
    response = self.full_dispatch_request()
  File "/home/tom/.local/lib/python3.6/site-packages/flask/app.py", line 1952, in full_dispatch_request
    return self.finalize_request(rv)
  File "/home/tom/.local/lib/python3.6/site-packages/flask/app.py", line 1967, in finalize_request
    response = self.make_response(rv)
  File "/home/tom/.local/lib/python3.6/site-packages/flask/app.py", line 2097, in make_response
    "The view function did not return a valid response. The"
TypeError: The view function did not return a valid response. The function either returned None or ended without a return statement.
[2019-09-28 15:19:44,047] ERROR in app: Exception on /db_cts.php [GET]
Traceback (most recent call last):
  File "/home/tom/.local/lib/python3.6/site-packages/flask/app.py", line 2446, in wsgi_app
    response = self.full_dispatch_request()
  File "/home/tom/.local/lib/python3.6/site-packages/flask/app.py", line 1952, in full_dispatch_request
    return self.finalize_request(rv)
  File "/home/tom/.local/lib/python3.6/site-packages/flask/app.py", line 1967, in finalize_request
    response = self.make_response(rv)
  File "/home/tom/.local/lib/python3.6/site-packages/flask/app.py", line 2097, in make_response
    "The view function did not return a valid response. The"
TypeError: The view function did not return a valid response. The function either returned None or ended without a return statement.
[2019-09-28 15:19:44,542] ERROR in app: Exception on /db_pma.php [GET]
Traceback (most recent call last):
  File "/home/tom/.local/lib/python3.6/site-packages/flask/app.py", line 2446, in wsgi_app
    response = self.full_dispatch_request()
  File "/home/tom/.local/lib/python3.6/site-packages/flask/app.py", line 1952, in full_dispatch_request
    return self.finalize_request(rv)
  File "/home/tom/.local/lib/python3.6/site-packages/flask/app.py", line 1967, in finalize_request
    response = self.make_response(rv)
  File "/home/tom/.local/lib/python3.6/site-packages/flask/app.py", line 2097, in make_response
    "The view function did not return a valid response. The"
TypeError: The view function did not return a valid response. The function either returned None or ended without a return statement.
[2019-09-28 15:19:44,988] ERROR in app: Exception on /logon.php [GET]
Traceback (most recent call last):
  File "/home/tom/.local/lib/python3.6/site-packages/flask/app.py", line 2446, in wsgi_app
    response = self.full_dispatch_request()
  File "/home/tom/.local/lib/python3.6/site-packages/flask/app.py", line 1952, in full_dispatch_request
    return self.finalize_request(rv)
  File "/home/tom/.local/lib/python3.6/site-packages/flask/app.py", line 1967, in finalize_request
    response = self.make_response(rv)
  File "/home/tom/.local/lib/python3.6/site-packages/flask/app.py", line 2097, in make_response
    "The view function did not return a valid response. The"
TypeError: The view function did not return a valid response. The function either returned None or ended without a return statement.
[2019-09-28 15:19:46,170] ERROR in app: Exception on /help-e.php [GET]
Traceback (most recent call last):
  File "/home/tom/.local/lib/python3.6/site-packages/flask/app.py", line 2446, in wsgi_app
    response = self.full_dispatch_request()
  File "/home/tom/.local/lib/python3.6/site-packages/flask/app.py", line 1952, in full_dispatch_request
    return self.finalize_request(rv)
  File "/home/tom/.local/lib/python3.6/site-packages/flask/app.py", line 1967, in finalize_request
    response = self.make_response(rv)
  File "/home/tom/.local/lib/python3.6/site-packages/flask/app.py", line 2097, in make_response
    "The view function did not return a valid response. The"
TypeError: The view function did not return a valid response. The function either returned None or ended without a return statement.
[2019-09-28 15:19:46,728] ERROR in app: Exception on /license.php [GET]
Traceback (most recent call last):
  File "/home/tom/.local/lib/python3.6/site-packages/flask/app.py", line 2446, in wsgi_app
    response = self.full_dispatch_request()
  File "/home/tom/.local/lib/python3.6/site-packages/flask/app.py", line 1952, in full_dispatch_request
    return self.finalize_request(rv)
  File "/home/tom/.local/lib/python3.6/site-packages/flask/app.py", line 1967, in finalize_request
    response = self.make_response(rv)
  File "/home/tom/.local/lib/python3.6/site-packages/flask/app.py", line 2097, in make_response
    "The view function did not return a valid response. The"
TypeError: The view function did not return a valid response. The function either returned None or ended without a return statement.
[2019-09-28 15:19:47,181] ERROR in app: Exception on /log.php [GET]
Traceback (most recent call last):
  File "/home/tom/.local/lib/python3.6/site-packages/flask/app.py", line 2446, in wsgi_app
    response = self.full_dispatch_request()
  File "/home/tom/.local/lib/python3.6/site-packages/flask/app.py", line 1952, in full_dispatch_request
    return self.finalize_request(rv)
  File "/home/tom/.local/lib/python3.6/site-packages/flask/app.py", line 1967, in finalize_request
    response = self.make_response(rv)
  File "/home/tom/.local/lib/python3.6/site-packages/flask/app.py", line 2097, in make_response
    "The view function did not return a valid response. The"
TypeError: The view function did not return a valid response. The function either returned None or ended without a return statement.
[2019-09-28 15:19:47,707] ERROR in app: Exception on /hell.php [GET]
Traceback (most recent call last):
  File "/home/tom/.local/lib/python3.6/site-packages/flask/app.py", line 2446, in wsgi_app
    response = self.full_dispatch_request()
  File "/home/tom/.local/lib/python3.6/site-packages/flask/app.py", line 1952, in full_dispatch_request
    return self.finalize_request(rv)
  File "/home/tom/.local/lib/python3.6/site-packages/flask/app.py", line 1967, in finalize_request
    response = self.make_response(rv)
  File "/home/tom/.local/lib/python3.6/site-packages/flask/app.py", line 2097, in make_response
    "The view function did not return a valid response. The"
TypeError: The view function did not return a valid response. The function either returned None or ended without a return statement.
[2019-09-28 15:19:48,415] ERROR in app: Exception on /pmd_online.php [GET]
Traceback (most recent call last):
  File "/home/tom/.local/lib/python3.6/site-packages/flask/app.py", line 2446, in wsgi_app
    response = self.full_dispatch_request()
  File "/home/tom/.local/lib/python3.6/site-packages/flask/app.py", line 1952, in full_dispatch_request
    return self.finalize_request(rv)
  File "/home/tom/.local/lib/python3.6/site-packages/flask/app.py", line 1967, in finalize_request
    response = self.make_response(rv)
  File "/home/tom/.local/lib/python3.6/site-packages/flask/app.py", line 2097, in make_response
    "The view function did not return a valid response. The"
TypeError: The view function did not return a valid response. The function either returned None or ended without a return statement.
[2019-09-28 15:19:48,865] ERROR in app: Exception on /x.php [GET]
Traceback (most recent call last):
  File "/home/tom/.local/lib/python3.6/site-packages/flask/app.py", line 2446, in wsgi_app
    response = self.full_dispatch_request()
  File "/home/tom/.local/lib/python3.6/site-packages/flask/app.py", line 1952, in full_dispatch_request
    return self.finalize_request(rv)
  File "/home/tom/.local/lib/python3.6/site-packages/flask/app.py", line 1967, in finalize_request
    response = self.make_response(rv)
  File "/home/tom/.local/lib/python3.6/site-packages/flask/app.py", line 2097, in make_response
    "The view function did not return a valid response. The"
TypeError: The view function did not return a valid response. The function either returned None or ended without a return statement.
[2019-09-28 15:19:49,312] ERROR in app: Exception on /shell.php [GET]
Traceback (most recent call last):
  File "/home/tom/.local/lib/python3.6/site-packages/flask/app.py", line 2446, in wsgi_app
    response = self.full_dispatch_request()
  File "/home/tom/.local/lib/python3.6/site-packages/flask/app.py", line 1952, in full_dispatch_request
    return self.finalize_request(rv)
  File "/home/tom/.local/lib/python3.6/site-packages/flask/app.py", line 1967, in finalize_request
    response = self.make_response(rv)
  File "/home/tom/.local/lib/python3.6/site-packages/flask/app.py", line 2097, in make_response
    "The view function did not return a valid response. The"
TypeError: The view function did not return a valid response. The function either returned None or ended without a return statement.
[2019-09-28 15:19:49,915] ERROR in app: Exception on /htdocs.php [GET]
Traceback (most recent call last):
  File "/home/tom/.local/lib/python3.6/site-packages/flask/app.py", line 2446, in wsgi_app
    response = self.full_dispatch_request()
  File "/home/tom/.local/lib/python3.6/site-packages/flask/app.py", line 1952, in full_dispatch_request
    return self.finalize_request(rv)
  File "/home/tom/.local/lib/python3.6/site-packages/flask/app.py", line 1967, in finalize_request
    response = self.make_response(rv)
  File "/home/tom/.local/lib/python3.6/site-packages/flask/app.py", line 2097, in make_response
    "The view function did not return a valid response. The"
TypeError: The view function did not return a valid response. The function either returned None or ended without a return statement.
[2019-09-28 15:19:51,291] ERROR in app: Exception on /b.php [GET]
Traceback (most recent call last):
  File "/home/tom/.local/lib/python3.6/site-packages/flask/app.py", line 2446, in wsgi_app
    response = self.full_dispatch_request()
  File "/home/tom/.local/lib/python3.6/site-packages/flask/app.py", line 1952, in full_dispatch_request
    return self.finalize_request(rv)
  File "/home/tom/.local/lib/python3.6/site-packages/flask/app.py", line 1967, in finalize_request
    response = self.make_response(rv)
  File "/home/tom/.local/lib/python3.6/site-packages/flask/app.py", line 2097, in make_response
    "The view function did not return a valid response. The"
TypeError: The view function did not return a valid response. The function either returned None or ended without a return statement.
[2019-09-28 15:19:51,882] ERROR in app: Exception on /sane.php [GET]
Traceback (most recent call last):
  File "/home/tom/.local/lib/python3.6/site-packages/flask/app.py", line 2446, in wsgi_app
    response = self.full_dispatch_request()
  File "/home/tom/.local/lib/python3.6/site-packages/flask/app.py", line 1952, in full_dispatch_request
    return self.finalize_request(rv)
  File "/home/tom/.local/lib/python3.6/site-packages/flask/app.py", line 1967, in finalize_request
    response = self.make_response(rv)
  File "/home/tom/.local/lib/python3.6/site-packages/flask/app.py", line 2097, in make_response
    "The view function did not return a valid response. The"
TypeError: The view function did not return a valid response. The function either returned None or ended without a return statement.
[2019-09-28 15:19:52,447] ERROR in app: Exception on /desktop.ini.php [GET]
Traceback (most recent call last):
  File "/home/tom/.local/lib/python3.6/site-packages/flask/app.py", line 2446, in wsgi_app
    response = self.full_dispatch_request()
  File "/home/tom/.local/lib/python3.6/site-packages/flask/app.py", line 1952, in full_dispatch_request
    return self.finalize_request(rv)
  File "/home/tom/.local/lib/python3.6/site-packages/flask/app.py", line 1967, in finalize_request
    response = self.make_response(rv)
  File "/home/tom/.local/lib/python3.6/site-packages/flask/app.py", line 2097, in make_response
    "The view function did not return a valid response. The"
TypeError: The view function did not return a valid response. The function either returned None or ended without a return statement.
[2019-09-28 15:19:52,895] ERROR in app: Exception on /z.php [GET]
Traceback (most recent call last):
  File "/home/tom/.local/lib/python3.6/site-packages/flask/app.py", line 2446, in wsgi_app
    response = self.full_dispatch_request()
  File "/home/tom/.local/lib/python3.6/site-packages/flask/app.py", line 1952, in full_dispatch_request
    return self.finalize_request(rv)
  File "/home/tom/.local/lib/python3.6/site-packages/flask/app.py", line 1967, in finalize_request
    response = self.make_response(rv)
  File "/home/tom/.local/lib/python3.6/site-packages/flask/app.py", line 2097, in make_response
    "The view function did not return a valid response. The"
TypeError: The view function did not return a valid response. The function either returned None or ended without a return statement.
[2019-09-28 15:19:53,342] ERROR in app: Exception on /lala.php [GET]
Traceback (most recent call last):
  File "/home/tom/.local/lib/python3.6/site-packages/flask/app.py", line 2446, in wsgi_app
    response = self.full_dispatch_request()
  File "/home/tom/.local/lib/python3.6/site-packages/flask/app.py", line 1952, in full_dispatch_request
    return self.finalize_request(rv)
  File "/home/tom/.local/lib/python3.6/site-packages/flask/app.py", line 1967, in finalize_request
    response = self.make_response(rv)
  File "/home/tom/.local/lib/python3.6/site-packages/flask/app.py", line 2097, in make_response
    "The view function did not return a valid response. The"
TypeError: The view function did not return a valid response. The function either returned None or ended without a return statement.
[2019-09-28 15:19:56,836] ERROR in app: Exception on /lala-dpr.php [GET]
Traceback (most recent call last):
  File "/home/tom/.local/lib/python3.6/site-packages/flask/app.py", line 2446, in wsgi_app
    response = self.full_dispatch_request()
  File "/home/tom/.local/lib/python3.6/site-packages/flask/app.py", line 1952, in full_dispatch_request
    return self.finalize_request(rv)
  File "/home/tom/.local/lib/python3.6/site-packages/flask/app.py", line 1967, in finalize_request
    response = self.make_response(rv)
  File "/home/tom/.local/lib/python3.6/site-packages/flask/app.py", line 2097, in make_response
    "The view function did not return a valid response. The"
TypeError: The view function did not return a valid response. The function either returned None or ended without a return statement.
[2019-09-28 15:19:57,284] ERROR in app: Exception on /wpc.php [GET]
Traceback (most recent call last):
  File "/home/tom/.local/lib/python3.6/site-packages/flask/app.py", line 2446, in wsgi_app
    response = self.full_dispatch_request()
  File "/home/tom/.local/lib/python3.6/site-packages/flask/app.py", line 1952, in full_dispatch_request
    return self.finalize_request(rv)
  File "/home/tom/.local/lib/python3.6/site-packages/flask/app.py", line 1967, in finalize_request
    response = self.make_response(rv)
  File "/home/tom/.local/lib/python3.6/site-packages/flask/app.py", line 2097, in make_response
    "The view function did not return a valid response. The"
TypeError: The view function did not return a valid response. The function either returned None or ended without a return statement.
[2019-09-28 15:19:57,755] ERROR in app: Exception on /wpo.php [GET]
Traceback (most recent call last):
  File "/home/tom/.local/lib/python3.6/site-packages/flask/app.py", line 2446, in wsgi_app
    response = self.full_dispatch_request()
  File "/home/tom/.local/lib/python3.6/site-packages/flask/app.py", line 1952, in full_dispatch_request
    return self.finalize_request(rv)
  File "/home/tom/.local/lib/python3.6/site-packages/flask/app.py", line 1967, in finalize_request
    response = self.make_response(rv)
  File "/home/tom/.local/lib/python3.6/site-packages/flask/app.py", line 2097, in make_response
    "The view function did not return a valid response. The"
TypeError: The view function did not return a valid response. The function either returned None or ended without a return statement.
[2019-09-28 15:19:58,930] ERROR in app: Exception on /t6nv.php [GET]
Traceback (most recent call last):
  File "/home/tom/.local/lib/python3.6/site-packages/flask/app.py", line 2446, in wsgi_app
    response = self.full_dispatch_request()
  File "/home/tom/.local/lib/python3.6/site-packages/flask/app.py", line 1952, in full_dispatch_request
    return self.finalize_request(rv)
  File "/home/tom/.local/lib/python3.6/site-packages/flask/app.py", line 1967, in finalize_request
    response = self.make_response(rv)
  File "/home/tom/.local/lib/python3.6/site-packages/flask/app.py", line 2097, in make_response
    "The view function did not return a valid response. The"
TypeError: The view function did not return a valid response. The function either returned None or ended without a return statement.
[2019-09-28 15:20:01,356] ERROR in app: Exception on /muhstik.php [GET]
Traceback (most recent call last):
  File "/home/tom/.local/lib/python3.6/site-packages/flask/app.py", line 2446, in wsgi_app
    response = self.full_dispatch_request()
  File "/home/tom/.local/lib/python3.6/site-packages/flask/app.py", line 1952, in full_dispatch_request
    return self.finalize_request(rv)
  File "/home/tom/.local/lib/python3.6/site-packages/flask/app.py", line 1967, in finalize_request
    response = self.make_response(rv)
  File "/home/tom/.local/lib/python3.6/site-packages/flask/app.py", line 2097, in make_response
    "The view function did not return a valid response. The"
TypeError: The view function did not return a valid response. The function either returned None or ended without a return statement.
[2019-09-28 15:20:04,863] ERROR in app: Exception on /text.php [GET]
Traceback (most recent call last):
  File "/home/tom/.local/lib/python3.6/site-packages/flask/app.py", line 2446, in wsgi_app
    response = self.full_dispatch_request()
  File "/home/tom/.local/lib/python3.6/site-packages/flask/app.py", line 1952, in full_dispatch_request
    return self.finalize_request(rv)
  File "/home/tom/.local/lib/python3.6/site-packages/flask/app.py", line 1967, in finalize_request
    response = self.make_response(rv)
  File "/home/tom/.local/lib/python3.6/site-packages/flask/app.py", line 2097, in make_response
    "The view function did not return a valid response. The"
TypeError: The view function did not return a valid response. The function either returned None or ended without a return statement.
[2019-09-28 15:20:05,310] ERROR in app: Exception on /wp-config.php [GET]
Traceback (most recent call last):
  File "/home/tom/.local/lib/python3.6/site-packages/flask/app.py", line 2446, in wsgi_app
    response = self.full_dispatch_request()
  File "/home/tom/.local/lib/python3.6/site-packages/flask/app.py", line 1952, in full_dispatch_request
    return self.finalize_request(rv)
  File "/home/tom/.local/lib/python3.6/site-packages/flask/app.py", line 1967, in finalize_request
    response = self.make_response(rv)
  File "/home/tom/.local/lib/python3.6/site-packages/flask/app.py", line 2097, in make_response
    "The view function did not return a valid response. The"
TypeError: The view function did not return a valid response. The function either returned None or ended without a return statement.
[2019-09-28 15:20:05,778] ERROR in app: Exception on /muhstik.php [GET]
Traceback (most recent call last):
  File "/home/tom/.local/lib/python3.6/site-packages/flask/app.py", line 2446, in wsgi_app
    response = self.full_dispatch_request()
  File "/home/tom/.local/lib/python3.6/site-packages/flask/app.py", line 1952, in full_dispatch_request
    return self.finalize_request(rv)
  File "/home/tom/.local/lib/python3.6/site-packages/flask/app.py", line 1967, in finalize_request
    response = self.make_response(rv)
  File "/home/tom/.local/lib/python3.6/site-packages/flask/app.py", line 2097, in make_response
    "The view function did not return a valid response. The"
TypeError: The view function did not return a valid response. The function either returned None or ended without a return statement.
[2019-09-28 15:20:06,275] ERROR in app: Exception on /muhstik2.php [GET]
Traceback (most recent call last):
  File "/home/tom/.local/lib/python3.6/site-packages/flask/app.py", line 2446, in wsgi_app
    response = self.full_dispatch_request()
  File "/home/tom/.local/lib/python3.6/site-packages/flask/app.py", line 1952, in full_dispatch_request
    return self.finalize_request(rv)
  File "/home/tom/.local/lib/python3.6/site-packages/flask/app.py", line 1967, in finalize_request
    response = self.make_response(rv)
  File "/home/tom/.local/lib/python3.6/site-packages/flask/app.py", line 2097, in make_response
    "The view function did not return a valid response. The"
TypeError: The view function did not return a valid response. The function either returned None or ended without a return statement.
[2019-09-28 15:20:06,770] ERROR in app: Exception on /muhstiks.php [GET]
Traceback (most recent call last):
  File "/home/tom/.local/lib/python3.6/site-packages/flask/app.py", line 2446, in wsgi_app
    response = self.full_dispatch_request()
  File "/home/tom/.local/lib/python3.6/site-packages/flask/app.py", line 1952, in full_dispatch_request
    return self.finalize_request(rv)
  File "/home/tom/.local/lib/python3.6/site-packages/flask/app.py", line 1967, in finalize_request
    response = self.make_response(rv)
  File "/home/tom/.local/lib/python3.6/site-packages/flask/app.py", line 2097, in make_response
    "The view function did not return a valid response. The"
TypeError: The view function did not return a valid response. The function either returned None or ended without a return statement.
[2019-09-28 15:20:07,276] ERROR in app: Exception on /muhstik-dpr.php [GET]
Traceback (most recent call last):
  File "/home/tom/.local/lib/python3.6/site-packages/flask/app.py", line 2446, in wsgi_app
    response = self.full_dispatch_request()
  File "/home/tom/.local/lib/python3.6/site-packages/flask/app.py", line 1952, in full_dispatch_request
    return self.finalize_request(rv)
  File "/home/tom/.local/lib/python3.6/site-packages/flask/app.py", line 1967, in finalize_request
    response = self.make_response(rv)
  File "/home/tom/.local/lib/python3.6/site-packages/flask/app.py", line 2097, in make_response
    "The view function did not return a valid response. The"
TypeError: The view function did not return a valid response. The function either returned None or ended without a return statement.
[2019-09-28 15:20:07,765] ERROR in app: Exception on /lol.php [GET]
Traceback (most recent call last):
  File "/home/tom/.local/lib/python3.6/site-packages/flask/app.py", line 2446, in wsgi_app
    response = self.full_dispatch_request()
  File "/home/tom/.local/lib/python3.6/site-packages/flask/app.py", line 1952, in full_dispatch_request
    return self.finalize_request(rv)
  File "/home/tom/.local/lib/python3.6/site-packages/flask/app.py", line 1967, in finalize_request
    response = self.make_response(rv)
  File "/home/tom/.local/lib/python3.6/site-packages/flask/app.py", line 2097, in make_response
    "The view function did not return a valid response. The"
TypeError: The view function did not return a valid response. The function either returned None or ended without a return statement.
[2019-09-28 15:20:08,463] ERROR in app: Exception on /uploader.php [GET]
Traceback (most recent call last):
  File "/home/tom/.local/lib/python3.6/site-packages/flask/app.py", line 2446, in wsgi_app
    response = self.full_dispatch_request()
  File "/home/tom/.local/lib/python3.6/site-packages/flask/app.py", line 1952, in full_dispatch_request
    return self.finalize_request(rv)
  File "/home/tom/.local/lib/python3.6/site-packages/flask/app.py", line 1967, in finalize_request
    response = self.make_response(rv)
  File "/home/tom/.local/lib/python3.6/site-packages/flask/app.py", line 2097, in make_response
    "The view function did not return a valid response. The"
TypeError: The view function did not return a valid response. The function either returned None or ended without a return statement.
[2019-09-28 15:20:08,909] ERROR in app: Exception on /cmd.php [GET]
Traceback (most recent call last):
  File "/home/tom/.local/lib/python3.6/site-packages/flask/app.py", line 2446, in wsgi_app
    response = self.full_dispatch_request()
  File "/home/tom/.local/lib/python3.6/site-packages/flask/app.py", line 1952, in full_dispatch_request
    return self.finalize_request(rv)
  File "/home/tom/.local/lib/python3.6/site-packages/flask/app.py", line 1967, in finalize_request
    response = self.make_response(rv)
  File "/home/tom/.local/lib/python3.6/site-packages/flask/app.py", line 2097, in make_response
    "The view function did not return a valid response. The"
TypeError: The view function did not return a valid response. The function either returned None or ended without a return statement.
[2019-09-28 15:20:12,810] ERROR in app: Exception on /cmv.php [GET]
Traceback (most recent call last):
  File "/home/tom/.local/lib/python3.6/site-packages/flask/app.py", line 2446, in wsgi_app
    response = self.full_dispatch_request()
  File "/home/tom/.local/lib/python3.6/site-packages/flask/app.py", line 1952, in full_dispatch_request
    return self.finalize_request(rv)
  File "/home/tom/.local/lib/python3.6/site-packages/flask/app.py", line 1967, in finalize_request
    response = self.make_response(rv)
  File "/home/tom/.local/lib/python3.6/site-packages/flask/app.py", line 2097, in make_response
    "The view function did not return a valid response. The"
TypeError: The view function did not return a valid response. The function either returned None or ended without a return statement.
[2019-09-28 15:20:13,255] ERROR in app: Exception on /cmdd.php [GET]
Traceback (most recent call last):
  File "/home/tom/.local/lib/python3.6/site-packages/flask/app.py", line 2446, in wsgi_app
    response = self.full_dispatch_request()
  File "/home/tom/.local/lib/python3.6/site-packages/flask/app.py", line 1952, in full_dispatch_request
    return self.finalize_request(rv)
  File "/home/tom/.local/lib/python3.6/site-packages/flask/app.py", line 1967, in finalize_request
    response = self.make_response(rv)
  File "/home/tom/.local/lib/python3.6/site-packages/flask/app.py", line 2097, in make_response
    "The view function did not return a valid response. The"
TypeError: The view function did not return a valid response. The function either returned None or ended without a return statement.
[2019-09-28 15:20:13,724] ERROR in app: Exception on /knal.php [GET]
Traceback (most recent call last):
  File "/home/tom/.local/lib/python3.6/site-packages/flask/app.py", line 2446, in wsgi_app
    response = self.full_dispatch_request()
  File "/home/tom/.local/lib/python3.6/site-packages/flask/app.py", line 1952, in full_dispatch_request
    return self.finalize_request(rv)
  File "/home/tom/.local/lib/python3.6/site-packages/flask/app.py", line 1967, in finalize_request
    response = self.make_response(rv)
  File "/home/tom/.local/lib/python3.6/site-packages/flask/app.py", line 2097, in make_response
    "The view function did not return a valid response. The"
TypeError: The view function did not return a valid response. The function either returned None or ended without a return statement.
[2019-09-28 15:20:14,878] ERROR in app: Exception on /cmd.php [GET]
Traceback (most recent call last):
  File "/home/tom/.local/lib/python3.6/site-packages/flask/app.py", line 2446, in wsgi_app
    response = self.full_dispatch_request()
  File "/home/tom/.local/lib/python3.6/site-packages/flask/app.py", line 1952, in full_dispatch_request
    return self.finalize_request(rv)
  File "/home/tom/.local/lib/python3.6/site-packages/flask/app.py", line 1967, in finalize_request
    response = self.make_response(rv)
  File "/home/tom/.local/lib/python3.6/site-packages/flask/app.py", line 2097, in make_response
    "The view function did not return a valid response. The"
TypeError: The view function did not return a valid response. The function either returned None or ended without a return statement.
[2019-09-28 15:20:15,356] ERROR in app: Exception on /shell.php [GET]
Traceback (most recent call last):
  File "/home/tom/.local/lib/python3.6/site-packages/flask/app.py", line 2446, in wsgi_app
    response = self.full_dispatch_request()
  File "/home/tom/.local/lib/python3.6/site-packages/flask/app.py", line 1952, in full_dispatch_request
    return self.finalize_request(rv)
  File "/home/tom/.local/lib/python3.6/site-packages/flask/app.py", line 1967, in finalize_request
    response = self.make_response(rv)
  File "/home/tom/.local/lib/python3.6/site-packages/flask/app.py", line 2097, in make_response
    "The view function did not return a valid response. The"
TypeError: The view function did not return a valid response. The function either returned None or ended without a return statement.
[2019-09-28 15:20:15,855] ERROR in app: Exception on /appserv.php [GET]
Traceback (most recent call last):
  File "/home/tom/.local/lib/python3.6/site-packages/flask/app.py", line 2446, in wsgi_app
    response = self.full_dispatch_request()
  File "/home/tom/.local/lib/python3.6/site-packages/flask/app.py", line 1952, in full_dispatch_request
    return self.finalize_request(rv)
  File "/home/tom/.local/lib/python3.6/site-packages/flask/app.py", line 1967, in finalize_request
    response = self.make_response(rv)
  File "/home/tom/.local/lib/python3.6/site-packages/flask/app.py", line 2097, in make_response
    "The view function did not return a valid response. The"
TypeError: The view function did not return a valid response. The function either returned None or ended without a return statement.
[2019-09-28 15:20:16,487] ERROR in app: Exception on /scripts/setup.php [GET]
Traceback (most recent call last):
  File "/home/tom/.local/lib/python3.6/site-packages/flask/app.py", line 2446, in wsgi_app
    response = self.full_dispatch_request()
  File "/home/tom/.local/lib/python3.6/site-packages/flask/app.py", line 1952, in full_dispatch_request
    return self.finalize_request(rv)
  File "/home/tom/.local/lib/python3.6/site-packages/flask/app.py", line 1967, in finalize_request
    response = self.make_response(rv)
  File "/home/tom/.local/lib/python3.6/site-packages/flask/app.py", line 2097, in make_response
    "The view function did not return a valid response. The"
TypeError: The view function did not return a valid response. The function either returned None or ended without a return statement.
[2019-09-28 15:20:16,937] ERROR in app: Exception on /phpmyadmin/scripts/setup.php [GET]
Traceback (most recent call last):
  File "/home/tom/.local/lib/python3.6/site-packages/flask/app.py", line 2446, in wsgi_app
    response = self.full_dispatch_request()
  File "/home/tom/.local/lib/python3.6/site-packages/flask/app.py", line 1952, in full_dispatch_request
    return self.finalize_request(rv)
  File "/home/tom/.local/lib/python3.6/site-packages/flask/app.py", line 1967, in finalize_request
    response = self.make_response(rv)
  File "/home/tom/.local/lib/python3.6/site-packages/flask/app.py", line 2097, in make_response
    "The view function did not return a valid response. The"
TypeError: The view function did not return a valid response. The function either returned None or ended without a return statement.
[2019-09-28 15:20:17,384] ERROR in app: Exception on /phpMyAdmin/scripts/setup.php [GET]
Traceback (most recent call last):
  File "/home/tom/.local/lib/python3.6/site-packages/flask/app.py", line 2446, in wsgi_app
    response = self.full_dispatch_request()
  File "/home/tom/.local/lib/python3.6/site-packages/flask/app.py", line 1952, in full_dispatch_request
    return self.finalize_request(rv)
  File "/home/tom/.local/lib/python3.6/site-packages/flask/app.py", line 1967, in finalize_request
    response = self.make_response(rv)
  File "/home/tom/.local/lib/python3.6/site-packages/flask/app.py", line 2097, in make_response
    "The view function did not return a valid response. The"
TypeError: The view function did not return a valid response. The function either returned None or ended without a return statement.
[2019-09-28 15:20:18,039] ERROR in app: Exception on /scripts/db___.init.php [GET]
Traceback (most recent call last):
  File "/home/tom/.local/lib/python3.6/site-packages/flask/app.py", line 2446, in wsgi_app
    response = self.full_dispatch_request()
  File "/home/tom/.local/lib/python3.6/site-packages/flask/app.py", line 1952, in full_dispatch_request
    return self.finalize_request(rv)
  File "/home/tom/.local/lib/python3.6/site-packages/flask/app.py", line 1967, in finalize_request
    response = self.make_response(rv)
  File "/home/tom/.local/lib/python3.6/site-packages/flask/app.py", line 2097, in make_response
    "The view function did not return a valid response. The"
TypeError: The view function did not return a valid response. The function either returned None or ended without a return statement.
[2019-09-28 15:20:19,326] ERROR in app: Exception on /phpmyadmin/scripts/db___.init.php [GET]
Traceback (most recent call last):
  File "/home/tom/.local/lib/python3.6/site-packages/flask/app.py", line 2446, in wsgi_app
    response = self.full_dispatch_request()
  File "/home/tom/.local/lib/python3.6/site-packages/flask/app.py", line 1952, in full_dispatch_request
    return self.finalize_request(rv)
  File "/home/tom/.local/lib/python3.6/site-packages/flask/app.py", line 1967, in finalize_request
    response = self.make_response(rv)
  File "/home/tom/.local/lib/python3.6/site-packages/flask/app.py", line 2097, in make_response
    "The view function did not return a valid response. The"
TypeError: The view function did not return a valid response. The function either returned None or ended without a return statement.
[2019-09-28 15:20:20,003] ERROR in app: Exception on /phpMyAdmin/scripts/db___.init.php [GET]
Traceback (most recent call last):
  File "/home/tom/.local/lib/python3.6/site-packages/flask/app.py", line 2446, in wsgi_app
    response = self.full_dispatch_request()
  File "/home/tom/.local/lib/python3.6/site-packages/flask/app.py", line 1952, in full_dispatch_request
    return self.finalize_request(rv)
  File "/home/tom/.local/lib/python3.6/site-packages/flask/app.py", line 1967, in finalize_request
    response = self.make_response(rv)
  File "/home/tom/.local/lib/python3.6/site-packages/flask/app.py", line 2097, in make_response
    "The view function did not return a valid response. The"
TypeError: The view function did not return a valid response. The function either returned None or ended without a return statement.
[2019-09-28 15:20:20,807] ERROR in app: Exception on /pma/scripts/setup.php [GET]
Traceback (most recent call last):
  File "/home/tom/.local/lib/python3.6/site-packages/flask/app.py", line 2446, in wsgi_app
    response = self.full_dispatch_request()
  File "/home/tom/.local/lib/python3.6/site-packages/flask/app.py", line 1952, in full_dispatch_request
    return self.finalize_request(rv)
  File "/home/tom/.local/lib/python3.6/site-packages/flask/app.py", line 1967, in finalize_request
    response = self.make_response(rv)
  File "/home/tom/.local/lib/python3.6/site-packages/flask/app.py", line 2097, in make_response
    "The view function did not return a valid response. The"
TypeError: The view function did not return a valid response. The function either returned None or ended without a return statement.
[2019-09-28 15:20:21,257] ERROR in app: Exception on /PMA/scripts/setup.php [GET]
Traceback (most recent call last):
  File "/home/tom/.local/lib/python3.6/site-packages/flask/app.py", line 2446, in wsgi_app
    response = self.full_dispatch_request()
  File "/home/tom/.local/lib/python3.6/site-packages/flask/app.py", line 1952, in full_dispatch_request
    return self.finalize_request(rv)
  File "/home/tom/.local/lib/python3.6/site-packages/flask/app.py", line 1967, in finalize_request
    response = self.make_response(rv)
  File "/home/tom/.local/lib/python3.6/site-packages/flask/app.py", line 2097, in make_response
    "The view function did not return a valid response. The"
TypeError: The view function did not return a valid response. The function either returned None or ended without a return statement.
[2019-09-28 15:20:21,707] ERROR in app: Exception on /myadmin/scripts/setup.php [GET]
Traceback (most recent call last):
  File "/home/tom/.local/lib/python3.6/site-packages/flask/app.py", line 2446, in wsgi_app
    response = self.full_dispatch_request()
  File "/home/tom/.local/lib/python3.6/site-packages/flask/app.py", line 1952, in full_dispatch_request
    return self.finalize_request(rv)
  File "/home/tom/.local/lib/python3.6/site-packages/flask/app.py", line 1967, in finalize_request
    response = self.make_response(rv)
  File "/home/tom/.local/lib/python3.6/site-packages/flask/app.py", line 2097, in make_response
    "The view function did not return a valid response. The"
TypeError: The view function did not return a valid response. The function either returned None or ended without a return statement.
[2019-09-28 15:20:22,796] ERROR in app: Exception on /MyAdmin/scripts/setup.php [GET]
Traceback (most recent call last):
  File "/home/tom/.local/lib/python3.6/site-packages/flask/app.py", line 2446, in wsgi_app
    response = self.full_dispatch_request()
  File "/home/tom/.local/lib/python3.6/site-packages/flask/app.py", line 1952, in full_dispatch_request
    return self.finalize_request(rv)
  File "/home/tom/.local/lib/python3.6/site-packages/flask/app.py", line 1967, in finalize_request
    response = self.make_response(rv)
  File "/home/tom/.local/lib/python3.6/site-packages/flask/app.py", line 2097, in make_response
    "The view function did not return a valid response. The"
TypeError: The view function did not return a valid response. The function either returned None or ended without a return statement.
[2019-09-28 15:20:23,241] ERROR in app: Exception on /pma/scripts/db___.init.php [GET]
Traceback (most recent call last):
  File "/home/tom/.local/lib/python3.6/site-packages/flask/app.py", line 2446, in wsgi_app
    response = self.full_dispatch_request()
  File "/home/tom/.local/lib/python3.6/site-packages/flask/app.py", line 1952, in full_dispatch_request
    return self.finalize_request(rv)
  File "/home/tom/.local/lib/python3.6/site-packages/flask/app.py", line 1967, in finalize_request
    response = self.make_response(rv)
  File "/home/tom/.local/lib/python3.6/site-packages/flask/app.py", line 2097, in make_response
    "The view function did not return a valid response. The"
TypeError: The view function did not return a valid response. The function either returned None or ended without a return statement.
[2019-09-28 15:20:23,812] ERROR in app: Exception on /PMA/scripts/db___.init.php [GET]
Traceback (most recent call last):
  File "/home/tom/.local/lib/python3.6/site-packages/flask/app.py", line 2446, in wsgi_app
    response = self.full_dispatch_request()
  File "/home/tom/.local/lib/python3.6/site-packages/flask/app.py", line 1952, in full_dispatch_request
    return self.finalize_request(rv)
  File "/home/tom/.local/lib/python3.6/site-packages/flask/app.py", line 1967, in finalize_request
    response = self.make_response(rv)
  File "/home/tom/.local/lib/python3.6/site-packages/flask/app.py", line 2097, in make_response
    "The view function did not return a valid response. The"
TypeError: The view function did not return a valid response. The function either returned None or ended without a return statement.
[2019-09-28 15:20:24,355] ERROR in app: Exception on /myadmin/scripts/db___.init.php [GET]
Traceback (most recent call last):
  File "/home/tom/.local/lib/python3.6/site-packages/flask/app.py", line 2446, in wsgi_app
    response = self.full_dispatch_request()
  File "/home/tom/.local/lib/python3.6/site-packages/flask/app.py", line 1952, in full_dispatch_request
    return self.finalize_request(rv)
  File "/home/tom/.local/lib/python3.6/site-packages/flask/app.py", line 1967, in finalize_request
    response = self.make_response(rv)
  File "/home/tom/.local/lib/python3.6/site-packages/flask/app.py", line 2097, in make_response
    "The view function did not return a valid response. The"
TypeError: The view function did not return a valid response. The function either returned None or ended without a return statement.
[2019-09-28 15:20:24,808] ERROR in app: Exception on /MyAdmin/scripts/db___.init.php [GET]
Traceback (most recent call last):
  File "/home/tom/.local/lib/python3.6/site-packages/flask/app.py", line 2446, in wsgi_app
    response = self.full_dispatch_request()
  File "/home/tom/.local/lib/python3.6/site-packages/flask/app.py", line 1952, in full_dispatch_request
    return self.finalize_request(rv)
  File "/home/tom/.local/lib/python3.6/site-packages/flask/app.py", line 1967, in finalize_request
    response = self.make_response(rv)
  File "/home/tom/.local/lib/python3.6/site-packages/flask/app.py", line 2097, in make_response
    "The view function did not return a valid response. The"
TypeError: The view function did not return a valid response. The function either returned None or ended without a return statement.
[2019-09-28 15:20:25,257] ERROR in app: Exception on /plugins/weathermap/editor.php [GET]
Traceback (most recent call last):
  File "/home/tom/.local/lib/python3.6/site-packages/flask/app.py", line 2446, in wsgi_app
    response = self.full_dispatch_request()
  File "/home/tom/.local/lib/python3.6/site-packages/flask/app.py", line 1952, in full_dispatch_request
    return self.finalize_request(rv)
  File "/home/tom/.local/lib/python3.6/site-packages/flask/app.py", line 1967, in finalize_request
    response = self.make_response(rv)
  File "/home/tom/.local/lib/python3.6/site-packages/flask/app.py", line 2097, in make_response
    "The view function did not return a valid response. The"
TypeError: The view function did not return a valid response. The function either returned None or ended without a return statement.
[2019-09-28 15:20:25,717] ERROR in app: Exception on /cacti/plugins/weathermap/editor.php [GET]
Traceback (most recent call last):
  File "/home/tom/.local/lib/python3.6/site-packages/flask/app.py", line 2446, in wsgi_app
    response = self.full_dispatch_request()
  File "/home/tom/.local/lib/python3.6/site-packages/flask/app.py", line 1952, in full_dispatch_request
    return self.finalize_request(rv)
  File "/home/tom/.local/lib/python3.6/site-packages/flask/app.py", line 1967, in finalize_request
    response = self.make_response(rv)
  File "/home/tom/.local/lib/python3.6/site-packages/flask/app.py", line 2097, in make_response
    "The view function did not return a valid response. The"
TypeError: The view function did not return a valid response. The function either returned None or ended without a return statement.
[2019-09-28 15:20:26,163] ERROR in app: Exception on /weathermap/editor.php [GET]
Traceback (most recent call last):
  File "/home/tom/.local/lib/python3.6/site-packages/flask/app.py", line 2446, in wsgi_app
    response = self.full_dispatch_request()
  File "/home/tom/.local/lib/python3.6/site-packages/flask/app.py", line 1952, in full_dispatch_request
    return self.finalize_request(rv)
  File "/home/tom/.local/lib/python3.6/site-packages/flask/app.py", line 1967, in finalize_request
    response = self.make_response(rv)
  File "/home/tom/.local/lib/python3.6/site-packages/flask/app.py", line 2097, in make_response
    "The view function did not return a valid response. The"
TypeError: The view function did not return a valid response. The function either returned None or ended without a return statement.
[2019-09-28 15:20:29,196] ERROR in app: Exception on /index.php [GET]
Traceback (most recent call last):
  File "/home/tom/.local/lib/python3.6/site-packages/flask/app.py", line 2446, in wsgi_app
    response = self.full_dispatch_request()
  File "/home/tom/.local/lib/python3.6/site-packages/flask/app.py", line 1952, in full_dispatch_request
    return self.finalize_request(rv)
  File "/home/tom/.local/lib/python3.6/site-packages/flask/app.py", line 1967, in finalize_request
    response = self.make_response(rv)
  File "/home/tom/.local/lib/python3.6/site-packages/flask/app.py", line 2097, in make_response
    "The view function did not return a valid response. The"
TypeError: The view function did not return a valid response. The function either returned None or ended without a return statement.
[2019-09-28 15:20:29,646] ERROR in app: Exception on /elrekt.php [GET]
Traceback (most recent call last):
  File "/home/tom/.local/lib/python3.6/site-packages/flask/app.py", line 2446, in wsgi_app
    response = self.full_dispatch_request()
  File "/home/tom/.local/lib/python3.6/site-packages/flask/app.py", line 1952, in full_dispatch_request
    return self.finalize_request(rv)
  File "/home/tom/.local/lib/python3.6/site-packages/flask/app.py", line 1967, in finalize_request
    response = self.make_response(rv)
  File "/home/tom/.local/lib/python3.6/site-packages/flask/app.py", line 2097, in make_response
    "The view function did not return a valid response. The"
TypeError: The view function did not return a valid response. The function either returned None or ended without a return statement.
[2019-09-28 15:20:30,095] ERROR in app: Exception on /App/ [GET]
Traceback (most recent call last):
  File "/home/tom/.local/lib/python3.6/site-packages/flask/app.py", line 2446, in wsgi_app
    response = self.full_dispatch_request()
  File "/home/tom/.local/lib/python3.6/site-packages/flask/app.py", line 1952, in full_dispatch_request
    return self.finalize_request(rv)
  File "/home/tom/.local/lib/python3.6/site-packages/flask/app.py", line 1967, in finalize_request
    response = self.make_response(rv)
  File "/home/tom/.local/lib/python3.6/site-packages/flask/app.py", line 2097, in make_response
    "The view function did not return a valid response. The"
TypeError: The view function did not return a valid response. The function either returned None or ended without a return statement.
[2019-09-28 15:20:30,542] ERROR in app: Exception on /index.php/module/action/param1/${@die(md5(HelloThinkPHP))} [GET]
Traceback (most recent call last):
  File "/home/tom/.local/lib/python3.6/site-packages/flask/app.py", line 2446, in wsgi_app
    response = self.full_dispatch_request()
  File "/home/tom/.local/lib/python3.6/site-packages/flask/app.py", line 1952, in full_dispatch_request
    return self.finalize_request(rv)
  File "/home/tom/.local/lib/python3.6/site-packages/flask/app.py", line 1967, in finalize_request
    response = self.make_response(rv)
  File "/home/tom/.local/lib/python3.6/site-packages/flask/app.py", line 2097, in make_response
    "The view function did not return a valid response. The"
TypeError: The view function did not return a valid response. The function either returned None or ended without a return statement.
[2019-09-28 15:20:30,989] ERROR in app: Exception on /index.php [GET]
Traceback (most recent call last):
  File "/home/tom/.local/lib/python3.6/site-packages/flask/app.py", line 2446, in wsgi_app
    response = self.full_dispatch_request()
  File "/home/tom/.local/lib/python3.6/site-packages/flask/app.py", line 1952, in full_dispatch_request
    return self.finalize_request(rv)
  File "/home/tom/.local/lib/python3.6/site-packages/flask/app.py", line 1967, in finalize_request
    response = self.make_response(rv)
  File "/home/tom/.local/lib/python3.6/site-packages/flask/app.py", line 2097, in make_response
    "The view function did not return a valid response. The"
TypeError: The view function did not return a valid response. The function either returned None or ended without a return statement.
[2019-09-28 15:20:31,434] ERROR in app: Exception on /d7.php [GET]
Traceback (most recent call last):
  File "/home/tom/.local/lib/python3.6/site-packages/flask/app.py", line 2446, in wsgi_app
    response = self.full_dispatch_request()
  File "/home/tom/.local/lib/python3.6/site-packages/flask/app.py", line 1952, in full_dispatch_request
    return self.finalize_request(rv)
  File "/home/tom/.local/lib/python3.6/site-packages/flask/app.py", line 1967, in finalize_request
    response = self.make_response(rv)
  File "/home/tom/.local/lib/python3.6/site-packages/flask/app.py", line 2097, in make_response
    "The view function did not return a valid response. The"
TypeError: The view function did not return a valid response. The function either returned None or ended without a return statement.
[2019-09-28 15:20:31,880] ERROR in app: Exception on /rxr.php [GET]
Traceback (most recent call last):
  File "/home/tom/.local/lib/python3.6/site-packages/flask/app.py", line 2446, in wsgi_app
    response = self.full_dispatch_request()
  File "/home/tom/.local/lib/python3.6/site-packages/flask/app.py", line 1952, in full_dispatch_request
    return self.finalize_request(rv)
  File "/home/tom/.local/lib/python3.6/site-packages/flask/app.py", line 1967, in finalize_request
    response = self.make_response(rv)
  File "/home/tom/.local/lib/python3.6/site-packages/flask/app.py", line 2097, in make_response
    "The view function did not return a valid response. The"
TypeError: The view function did not return a valid response. The function either returned None or ended without a return statement.
[2019-09-28 15:20:32,328] ERROR in app: Exception on /1x.php [GET]
Traceback (most recent call last):
  File "/home/tom/.local/lib/python3.6/site-packages/flask/app.py", line 2446, in wsgi_app
    response = self.full_dispatch_request()
  File "/home/tom/.local/lib/python3.6/site-packages/flask/app.py", line 1952, in full_dispatch_request
    return self.finalize_request(rv)
  File "/home/tom/.local/lib/python3.6/site-packages/flask/app.py", line 1967, in finalize_request
    response = self.make_response(rv)
  File "/home/tom/.local/lib/python3.6/site-packages/flask/app.py", line 2097, in make_response
    "The view function did not return a valid response. The"
TypeError: The view function did not return a valid response. The function either returned None or ended without a return statement.
[2019-09-28 15:20:32,809] ERROR in app: Exception on /home.php [GET]
Traceback (most recent call last):
  File "/home/tom/.local/lib/python3.6/site-packages/flask/app.py", line 2446, in wsgi_app
    response = self.full_dispatch_request()
  File "/home/tom/.local/lib/python3.6/site-packages/flask/app.py", line 1952, in full_dispatch_request
    return self.finalize_request(rv)
  File "/home/tom/.local/lib/python3.6/site-packages/flask/app.py", line 1967, in finalize_request
    response = self.make_response(rv)
  File "/home/tom/.local/lib/python3.6/site-packages/flask/app.py", line 2097, in make_response
    "The view function did not return a valid response. The"
TypeError: The view function did not return a valid response. The function either returned None or ended without a return statement.
[2019-09-28 15:20:33,255] ERROR in app: Exception on /undx.php [GET]
Traceback (most recent call last):
  File "/home/tom/.local/lib/python3.6/site-packages/flask/app.py", line 2446, in wsgi_app
    response = self.full_dispatch_request()
  File "/home/tom/.local/lib/python3.6/site-packages/flask/app.py", line 1952, in full_dispatch_request
    return self.finalize_request(rv)
  File "/home/tom/.local/lib/python3.6/site-packages/flask/app.py", line 1967, in finalize_request
    response = self.make_response(rv)
  File "/home/tom/.local/lib/python3.6/site-packages/flask/app.py", line 2097, in make_response
    "The view function did not return a valid response. The"
TypeError: The view function did not return a valid response. The function either returned None or ended without a return statement.
[2019-09-28 15:20:33,701] ERROR in app: Exception on /spider.php [GET]
Traceback (most recent call last):
  File "/home/tom/.local/lib/python3.6/site-packages/flask/app.py", line 2446, in wsgi_app
    response = self.full_dispatch_request()
  File "/home/tom/.local/lib/python3.6/site-packages/flask/app.py", line 1952, in full_dispatch_request
    return self.finalize_request(rv)
  File "/home/tom/.local/lib/python3.6/site-packages/flask/app.py", line 1967, in finalize_request
    response = self.make_response(rv)
  File "/home/tom/.local/lib/python3.6/site-packages/flask/app.py", line 2097, in make_response
    "The view function did not return a valid response. The"
TypeError: The view function did not return a valid response. The function either returned None or ended without a return statement.
[2019-09-28 15:20:34,147] ERROR in app: Exception on /payload.php [GET]
Traceback (most recent call last):
  File "/home/tom/.local/lib/python3.6/site-packages/flask/app.py", line 2446, in wsgi_app
    response = self.full_dispatch_request()
  File "/home/tom/.local/lib/python3.6/site-packages/flask/app.py", line 1952, in full_dispatch_request
    return self.finalize_request(rv)
  File "/home/tom/.local/lib/python3.6/site-packages/flask/app.py", line 1967, in finalize_request
    response = self.make_response(rv)
  File "/home/tom/.local/lib/python3.6/site-packages/flask/app.py", line 2097, in make_response
    "The view function did not return a valid response. The"
TypeError: The view function did not return a valid response. The function either returned None or ended without a return statement.
[2019-09-28 15:20:34,590] ERROR in app: Exception on /composers.php [GET]
Traceback (most recent call last):
  File "/home/tom/.local/lib/python3.6/site-packages/flask/app.py", line 2446, in wsgi_app
    response = self.full_dispatch_request()
  File "/home/tom/.local/lib/python3.6/site-packages/flask/app.py", line 1952, in full_dispatch_request
    return self.finalize_request(rv)
  File "/home/tom/.local/lib/python3.6/site-packages/flask/app.py", line 1967, in finalize_request
    response = self.make_response(rv)
  File "/home/tom/.local/lib/python3.6/site-packages/flask/app.py", line 2097, in make_response
    "The view function did not return a valid response. The"
TypeError: The view function did not return a valid response. The function either returned None or ended without a return statement.
[2019-09-28 15:20:35,034] ERROR in app: Exception on /izom.php [GET]
Traceback (most recent call last):
  File "/home/tom/.local/lib/python3.6/site-packages/flask/app.py", line 2446, in wsgi_app
    response = self.full_dispatch_request()
  File "/home/tom/.local/lib/python3.6/site-packages/flask/app.py", line 1952, in full_dispatch_request
    return self.finalize_request(rv)
  File "/home/tom/.local/lib/python3.6/site-packages/flask/app.py", line 1967, in finalize_request
    response = self.make_response(rv)
  File "/home/tom/.local/lib/python3.6/site-packages/flask/app.py", line 2097, in make_response
    "The view function did not return a valid response. The"
TypeError: The view function did not return a valid response. The function either returned None or ended without a return statement.
[2019-09-28 15:20:35,481] ERROR in app: Exception on /composer.php [GET]
Traceback (most recent call last):
  File "/home/tom/.local/lib/python3.6/site-packages/flask/app.py", line 2446, in wsgi_app
    response = self.full_dispatch_request()
  File "/home/tom/.local/lib/python3.6/site-packages/flask/app.py", line 1952, in full_dispatch_request
    return self.finalize_request(rv)
  File "/home/tom/.local/lib/python3.6/site-packages/flask/app.py", line 1967, in finalize_request
    response = self.make_response(rv)
  File "/home/tom/.local/lib/python3.6/site-packages/flask/app.py", line 2097, in make_response
    "The view function did not return a valid response. The"
TypeError: The view function did not return a valid response. The function either returned None or ended without a return statement.
[2019-09-28 15:20:35,925] ERROR in app: Exception on /hue2.php [GET]
Traceback (most recent call last):
  File "/home/tom/.local/lib/python3.6/site-packages/flask/app.py", line 2446, in wsgi_app
    response = self.full_dispatch_request()
  File "/home/tom/.local/lib/python3.6/site-packages/flask/app.py", line 1952, in full_dispatch_request
    return self.finalize_request(rv)
  File "/home/tom/.local/lib/python3.6/site-packages/flask/app.py", line 1967, in finalize_request
    response = self.make_response(rv)
  File "/home/tom/.local/lib/python3.6/site-packages/flask/app.py", line 2097, in make_response
    "The view function did not return a valid response. The"
TypeError: The view function did not return a valid response. The function either returned None or ended without a return statement.
[2019-09-28 15:20:36,378] ERROR in app: Exception on /Drupal.php [GET]
Traceback (most recent call last):
  File "/home/tom/.local/lib/python3.6/site-packages/flask/app.py", line 2446, in wsgi_app
    response = self.full_dispatch_request()
  File "/home/tom/.local/lib/python3.6/site-packages/flask/app.py", line 1952, in full_dispatch_request
    return self.finalize_request(rv)
  File "/home/tom/.local/lib/python3.6/site-packages/flask/app.py", line 1967, in finalize_request
    response = self.make_response(rv)
  File "/home/tom/.local/lib/python3.6/site-packages/flask/app.py", line 2097, in make_response
    "The view function did not return a valid response. The"
TypeError: The view function did not return a valid response. The function either returned None or ended without a return statement.
[2019-09-28 15:20:36,825] ERROR in app: Exception on /lang.php [GET]
Traceback (most recent call last):
  File "/home/tom/.local/lib/python3.6/site-packages/flask/app.py", line 2446, in wsgi_app
    response = self.full_dispatch_request()
  File "/home/tom/.local/lib/python3.6/site-packages/flask/app.py", line 1952, in full_dispatch_request
    return self.finalize_request(rv)
  File "/home/tom/.local/lib/python3.6/site-packages/flask/app.py", line 1967, in finalize_request
    response = self.make_response(rv)
  File "/home/tom/.local/lib/python3.6/site-packages/flask/app.py", line 2097, in make_response
    "The view function did not return a valid response. The"
TypeError: The view function did not return a valid response. The function either returned None or ended without a return statement.
[2019-09-28 15:20:37,269] ERROR in app: Exception on /izom.php [GET]
Traceback (most recent call last):
  File "/home/tom/.local/lib/python3.6/site-packages/flask/app.py", line 2446, in wsgi_app
    response = self.full_dispatch_request()
  File "/home/tom/.local/lib/python3.6/site-packages/flask/app.py", line 1952, in full_dispatch_request
    return self.finalize_request(rv)
  File "/home/tom/.local/lib/python3.6/site-packages/flask/app.py", line 1967, in finalize_request
    response = self.make_response(rv)
  File "/home/tom/.local/lib/python3.6/site-packages/flask/app.py", line 2097, in make_response
    "The view function did not return a valid response. The"
TypeError: The view function did not return a valid response. The function either returned None or ended without a return statement.
[2019-09-28 15:20:37,713] ERROR in app: Exception on /payload.php [GET]
Traceback (most recent call last):
  File "/home/tom/.local/lib/python3.6/site-packages/flask/app.py", line 2446, in wsgi_app
    response = self.full_dispatch_request()
  File "/home/tom/.local/lib/python3.6/site-packages/flask/app.py", line 1952, in full_dispatch_request
    return self.finalize_request(rv)
  File "/home/tom/.local/lib/python3.6/site-packages/flask/app.py", line 1967, in finalize_request
    response = self.make_response(rv)
  File "/home/tom/.local/lib/python3.6/site-packages/flask/app.py", line 2097, in make_response
    "The view function did not return a valid response. The"
TypeError: The view function did not return a valid response. The function either returned None or ended without a return statement.
[2019-09-28 15:20:38,157] ERROR in app: Exception on /new_license.php [GET]
Traceback (most recent call last):
  File "/home/tom/.local/lib/python3.6/site-packages/flask/app.py", line 2446, in wsgi_app
    response = self.full_dispatch_request()
  File "/home/tom/.local/lib/python3.6/site-packages/flask/app.py", line 1952, in full_dispatch_request
    return self.finalize_request(rv)
  File "/home/tom/.local/lib/python3.6/site-packages/flask/app.py", line 1967, in finalize_request
    response = self.make_response(rv)
  File "/home/tom/.local/lib/python3.6/site-packages/flask/app.py", line 2097, in make_response
    "The view function did not return a valid response. The"
TypeError: The view function did not return a valid response. The function either returned None or ended without a return statement.
[2019-09-28 15:20:38,603] ERROR in app: Exception on /images/!.php [GET]
Traceback (most recent call last):
  File "/home/tom/.local/lib/python3.6/site-packages/flask/app.py", line 2446, in wsgi_app
    response = self.full_dispatch_request()
  File "/home/tom/.local/lib/python3.6/site-packages/flask/app.py", line 1952, in full_dispatch_request
    return self.finalize_request(rv)
  File "/home/tom/.local/lib/python3.6/site-packages/flask/app.py", line 1967, in finalize_request
    response = self.make_response(rv)
  File "/home/tom/.local/lib/python3.6/site-packages/flask/app.py", line 2097, in make_response
    "The view function did not return a valid response. The"
TypeError: The view function did not return a valid response. The function either returned None or ended without a return statement.
[2019-09-28 15:20:39,049] ERROR in app: Exception on /images/vuln.php [GET]
Traceback (most recent call last):
  File "/home/tom/.local/lib/python3.6/site-packages/flask/app.py", line 2446, in wsgi_app
    response = self.full_dispatch_request()
  File "/home/tom/.local/lib/python3.6/site-packages/flask/app.py", line 1952, in full_dispatch_request
    return self.finalize_request(rv)
  File "/home/tom/.local/lib/python3.6/site-packages/flask/app.py", line 1967, in finalize_request
    response = self.make_response(rv)
  File "/home/tom/.local/lib/python3.6/site-packages/flask/app.py", line 2097, in make_response
    "The view function did not return a valid response. The"
TypeError: The view function did not return a valid response. The function either returned None or ended without a return statement.
[2019-09-28 15:20:39,494] ERROR in app: Exception on /hd.php [GET]
Traceback (most recent call last):
  File "/home/tom/.local/lib/python3.6/site-packages/flask/app.py", line 2446, in wsgi_app
    response = self.full_dispatch_request()
  File "/home/tom/.local/lib/python3.6/site-packages/flask/app.py", line 1952, in full_dispatch_request
    return self.finalize_request(rv)
  File "/home/tom/.local/lib/python3.6/site-packages/flask/app.py", line 1967, in finalize_request
    response = self.make_response(rv)
  File "/home/tom/.local/lib/python3.6/site-packages/flask/app.py", line 2097, in make_response
    "The view function did not return a valid response. The"
TypeError: The view function did not return a valid response. The function either returned None or ended without a return statement.
[2019-09-28 15:20:40,589] ERROR in app: Exception on /images/up.php [GET]
Traceback (most recent call last):
  File "/home/tom/.local/lib/python3.6/site-packages/flask/app.py", line 2446, in wsgi_app
    response = self.full_dispatch_request()
  File "/home/tom/.local/lib/python3.6/site-packages/flask/app.py", line 1952, in full_dispatch_request
    return self.finalize_request(rv)
  File "/home/tom/.local/lib/python3.6/site-packages/flask/app.py", line 1967, in finalize_request
    response = self.make_response(rv)
  File "/home/tom/.local/lib/python3.6/site-packages/flask/app.py", line 2097, in make_response
    "The view function did not return a valid response. The"
TypeError: The view function did not return a valid response. The function either returned None or ended without a return statement.
[2019-09-28 15:20:41,034] ERROR in app: Exception on /images/attari.php [GET]
Traceback (most recent call last):
  File "/home/tom/.local/lib/python3.6/site-packages/flask/app.py", line 2446, in wsgi_app
    response = self.full_dispatch_request()
  File "/home/tom/.local/lib/python3.6/site-packages/flask/app.py", line 1952, in full_dispatch_request
    return self.finalize_request(rv)
  File "/home/tom/.local/lib/python3.6/site-packages/flask/app.py", line 1967, in finalize_request
    response = self.make_response(rv)
  File "/home/tom/.local/lib/python3.6/site-packages/flask/app.py", line 2097, in make_response
    "The view function did not return a valid response. The"
TypeError: The view function did not return a valid response. The function either returned None or ended without a return statement.
[2019-09-28 15:20:42,847] ERROR in app: Exception on /images/jsspwneed.php [GET]
Traceback (most recent call last):
  File "/home/tom/.local/lib/python3.6/site-packages/flask/app.py", line 2446, in wsgi_app
    response = self.full_dispatch_request()
  File "/home/tom/.local/lib/python3.6/site-packages/flask/app.py", line 1952, in full_dispatch_request
    return self.finalize_request(rv)
  File "/home/tom/.local/lib/python3.6/site-packages/flask/app.py", line 1967, in finalize_request
    response = self.make_response(rv)
  File "/home/tom/.local/lib/python3.6/site-packages/flask/app.py", line 2097, in make_response
    "The view function did not return a valid response. The"
TypeError: The view function did not return a valid response. The function either returned None or ended without a return statement.
[2019-09-28 15:20:43,431] ERROR in app: Exception on /images/stories/cmd.php [GET]
Traceback (most recent call last):
  File "/home/tom/.local/lib/python3.6/site-packages/flask/app.py", line 2446, in wsgi_app
    response = self.full_dispatch_request()
  File "/home/tom/.local/lib/python3.6/site-packages/flask/app.py", line 1952, in full_dispatch_request
    return self.finalize_request(rv)
  File "/home/tom/.local/lib/python3.6/site-packages/flask/app.py", line 1967, in finalize_request
    response = self.make_response(rv)
  File "/home/tom/.local/lib/python3.6/site-packages/flask/app.py", line 2097, in make_response
    "The view function did not return a valid response. The"
TypeError: The view function did not return a valid response. The function either returned None or ended without a return statement.
[2019-09-28 15:20:44,885] ERROR in app: Exception on /images/stories/filemga.php [GET]
Traceback (most recent call last):
  File "/home/tom/.local/lib/python3.6/site-packages/flask/app.py", line 2446, in wsgi_app
    response = self.full_dispatch_request()
  File "/home/tom/.local/lib/python3.6/site-packages/flask/app.py", line 1952, in full_dispatch_request
    return self.finalize_request(rv)
  File "/home/tom/.local/lib/python3.6/site-packages/flask/app.py", line 1967, in finalize_request
    response = self.make_response(rv)
  File "/home/tom/.local/lib/python3.6/site-packages/flask/app.py", line 2097, in make_response
    "The view function did not return a valid response. The"
TypeError: The view function did not return a valid response. The function either returned None or ended without a return statement.
[2019-09-28 15:20:54,588] ERROR in app: Exception on /huoshan.php [GET]
Traceback (most recent call last):
  File "/home/tom/.local/lib/python3.6/site-packages/flask/app.py", line 2446, in wsgi_app
    response = self.full_dispatch_request()
  File "/home/tom/.local/lib/python3.6/site-packages/flask/app.py", line 1952, in full_dispatch_request
    return self.finalize_request(rv)
  File "/home/tom/.local/lib/python3.6/site-packages/flask/app.py", line 1967, in finalize_request
    response = self.make_response(rv)
  File "/home/tom/.local/lib/python3.6/site-packages/flask/app.py", line 2097, in make_response
    "The view function did not return a valid response. The"
TypeError: The view function did not return a valid response. The function either returned None or ended without a return statement.
[2019-09-28 15:20:55,088] ERROR in app: Exception on /yu.php [GET]
Traceback (most recent call last):
  File "/home/tom/.local/lib/python3.6/site-packages/flask/app.py", line 2446, in wsgi_app
    response = self.full_dispatch_request()
  File "/home/tom/.local/lib/python3.6/site-packages/flask/app.py", line 1952, in full_dispatch_request
    return self.finalize_request(rv)
  File "/home/tom/.local/lib/python3.6/site-packages/flask/app.py", line 1967, in finalize_request
    response = self.make_response(rv)
  File "/home/tom/.local/lib/python3.6/site-packages/flask/app.py", line 2097, in make_response
    "The view function did not return a valid response. The"
TypeError: The view function did not return a valid response. The function either returned None or ended without a return statement.
[2019-09-28 15:20:55,580] ERROR in app: Exception on /floaw.php [GET]
Traceback (most recent call last):
  File "/home/tom/.local/lib/python3.6/site-packages/flask/app.py", line 2446, in wsgi_app
    response = self.full_dispatch_request()
  File "/home/tom/.local/lib/python3.6/site-packages/flask/app.py", line 1952, in full_dispatch_request
    return self.finalize_request(rv)
  File "/home/tom/.local/lib/python3.6/site-packages/flask/app.py", line 1967, in finalize_request
    response = self.make_response(rv)
  File "/home/tom/.local/lib/python3.6/site-packages/flask/app.py", line 2097, in make_response
    "The view function did not return a valid response. The"
TypeError: The view function did not return a valid response. The function either returned None or ended without a return statement.
[2019-09-28 15:20:56,089] ERROR in app: Exception on /ftmabc.php [GET]
Traceback (most recent call last):
  File "/home/tom/.local/lib/python3.6/site-packages/flask/app.py", line 2446, in wsgi_app
    response = self.full_dispatch_request()
  File "/home/tom/.local/lib/python3.6/site-packages/flask/app.py", line 1952, in full_dispatch_request
    return self.finalize_request(rv)
  File "/home/tom/.local/lib/python3.6/site-packages/flask/app.py", line 1967, in finalize_request
    response = self.make_response(rv)
  File "/home/tom/.local/lib/python3.6/site-packages/flask/app.py", line 2097, in make_response
    "The view function did not return a valid response. The"
TypeError: The view function did not return a valid response. The function either returned None or ended without a return statement.
[2019-09-28 15:20:56,673] ERROR in app: Exception on /doudou.php [GET]
Traceback (most recent call last):
  File "/home/tom/.local/lib/python3.6/site-packages/flask/app.py", line 2446, in wsgi_app
    response = self.full_dispatch_request()
  File "/home/tom/.local/lib/python3.6/site-packages/flask/app.py", line 1952, in full_dispatch_request
    return self.finalize_request(rv)
  File "/home/tom/.local/lib/python3.6/site-packages/flask/app.py", line 1967, in finalize_request
    response = self.make_response(rv)
  File "/home/tom/.local/lib/python3.6/site-packages/flask/app.py", line 2097, in make_response
    "The view function did not return a valid response. The"
TypeError: The view function did not return a valid response. The function either returned None or ended without a return statement.
[2019-09-28 15:20:57,114] ERROR in app: Exception on /mjx.php [GET]
Traceback (most recent call last):
  File "/home/tom/.local/lib/python3.6/site-packages/flask/app.py", line 2446, in wsgi_app
    response = self.full_dispatch_request()
  File "/home/tom/.local/lib/python3.6/site-packages/flask/app.py", line 1952, in full_dispatch_request
    return self.finalize_request(rv)
  File "/home/tom/.local/lib/python3.6/site-packages/flask/app.py", line 1967, in finalize_request
    response = self.make_response(rv)
  File "/home/tom/.local/lib/python3.6/site-packages/flask/app.py", line 2097, in make_response
    "The view function did not return a valid response. The"
TypeError: The view function did not return a valid response. The function either returned None or ended without a return statement.
[2019-09-28 15:20:57,543] ERROR in app: Exception on /xiaoxia.php [GET]
Traceback (most recent call last):
  File "/home/tom/.local/lib/python3.6/site-packages/flask/app.py", line 2446, in wsgi_app
    response = self.full_dispatch_request()
  File "/home/tom/.local/lib/python3.6/site-packages/flask/app.py", line 1952, in full_dispatch_request
    return self.finalize_request(rv)
  File "/home/tom/.local/lib/python3.6/site-packages/flask/app.py", line 1967, in finalize_request
    response = self.make_response(rv)
  File "/home/tom/.local/lib/python3.6/site-packages/flask/app.py", line 2097, in make_response
    "The view function did not return a valid response. The"
TypeError: The view function did not return a valid response. The function either returned None or ended without a return statement.
[2019-09-28 15:20:57,971] ERROR in app: Exception on /yuyang.php [GET]
Traceback (most recent call last):
  File "/home/tom/.local/lib/python3.6/site-packages/flask/app.py", line 2446, in wsgi_app
    response = self.full_dispatch_request()
  File "/home/tom/.local/lib/python3.6/site-packages/flask/app.py", line 1952, in full_dispatch_request
    return self.finalize_request(rv)
  File "/home/tom/.local/lib/python3.6/site-packages/flask/app.py", line 1967, in finalize_request
    response = self.make_response(rv)
  File "/home/tom/.local/lib/python3.6/site-packages/flask/app.py", line 2097, in make_response
    "The view function did not return a valid response. The"
TypeError: The view function did not return a valid response. The function either returned None or ended without a return statement.
[2019-09-28 15:20:58,421] ERROR in app: Exception on /zz.php [GET]
Traceback (most recent call last):
  File "/home/tom/.local/lib/python3.6/site-packages/flask/app.py", line 2446, in wsgi_app
    response = self.full_dispatch_request()
  File "/home/tom/.local/lib/python3.6/site-packages/flask/app.py", line 1952, in full_dispatch_request
    return self.finalize_request(rv)
  File "/home/tom/.local/lib/python3.6/site-packages/flask/app.py", line 1967, in finalize_request
    response = self.make_response(rv)
  File "/home/tom/.local/lib/python3.6/site-packages/flask/app.py", line 2097, in make_response
    "The view function did not return a valid response. The"
TypeError: The view function did not return a valid response. The function either returned None or ended without a return statement.
[2019-09-28 15:20:59,100] ERROR in app: Exception on /coonig.php [GET]
Traceback (most recent call last):
  File "/home/tom/.local/lib/python3.6/site-packages/flask/app.py", line 2446, in wsgi_app
    response = self.full_dispatch_request()
  File "/home/tom/.local/lib/python3.6/site-packages/flask/app.py", line 1952, in full_dispatch_request
    return self.finalize_request(rv)
  File "/home/tom/.local/lib/python3.6/site-packages/flask/app.py", line 1967, in finalize_request
    response = self.make_response(rv)
  File "/home/tom/.local/lib/python3.6/site-packages/flask/app.py", line 2097, in make_response
    "The view function did not return a valid response. The"
TypeError: The view function did not return a valid response. The function either returned None or ended without a return statement.
[2019-09-28 15:20:59,616] ERROR in app: Exception on /ak.php [GET]
Traceback (most recent call last):
  File "/home/tom/.local/lib/python3.6/site-packages/flask/app.py", line 2446, in wsgi_app
    response = self.full_dispatch_request()
  File "/home/tom/.local/lib/python3.6/site-packages/flask/app.py", line 1952, in full_dispatch_request
    return self.finalize_request(rv)
  File "/home/tom/.local/lib/python3.6/site-packages/flask/app.py", line 1967, in finalize_request
    response = self.make_response(rv)
  File "/home/tom/.local/lib/python3.6/site-packages/flask/app.py", line 2097, in make_response
    "The view function did not return a valid response. The"
TypeError: The view function did not return a valid response. The function either returned None or ended without a return statement.
[2019-09-28 15:21:00,306] ERROR in app: Exception on /baidoubi.php [GET]
Traceback (most recent call last):
  File "/home/tom/.local/lib/python3.6/site-packages/flask/app.py", line 2446, in wsgi_app
    response = self.full_dispatch_request()
  File "/home/tom/.local/lib/python3.6/site-packages/flask/app.py", line 1952, in full_dispatch_request
    return self.finalize_request(rv)
  File "/home/tom/.local/lib/python3.6/site-packages/flask/app.py", line 1967, in finalize_request
    response = self.make_response(rv)
  File "/home/tom/.local/lib/python3.6/site-packages/flask/app.py", line 2097, in make_response
    "The view function did not return a valid response. The"
TypeError: The view function did not return a valid response. The function either returned None or ended without a return statement.
[2019-09-28 15:21:00,809] ERROR in app: Exception on /hhhhhh.php [GET]
Traceback (most recent call last):
  File "/home/tom/.local/lib/python3.6/site-packages/flask/app.py", line 2446, in wsgi_app
    response = self.full_dispatch_request()
  File "/home/tom/.local/lib/python3.6/site-packages/flask/app.py", line 1952, in full_dispatch_request
    return self.finalize_request(rv)
  File "/home/tom/.local/lib/python3.6/site-packages/flask/app.py", line 1967, in finalize_request
    response = self.make_response(rv)
  File "/home/tom/.local/lib/python3.6/site-packages/flask/app.py", line 2097, in make_response
    "The view function did not return a valid response. The"
TypeError: The view function did not return a valid response. The function either returned None or ended without a return statement.
[2019-09-28 15:21:01,261] ERROR in app: Exception on /meijianxue.php [GET]
Traceback (most recent call last):
  File "/home/tom/.local/lib/python3.6/site-packages/flask/app.py", line 2446, in wsgi_app
    response = self.full_dispatch_request()
  File "/home/tom/.local/lib/python3.6/site-packages/flask/app.py", line 1952, in full_dispatch_request
    return self.finalize_request(rv)
  File "/home/tom/.local/lib/python3.6/site-packages/flask/app.py", line 1967, in finalize_request
    response = self.make_response(rv)
  File "/home/tom/.local/lib/python3.6/site-packages/flask/app.py", line 2097, in make_response
    "The view function did not return a valid response. The"
TypeError: The view function did not return a valid response. The function either returned None or ended without a return statement.
[2019-09-28 15:21:01,696] ERROR in app: Exception on /no1.php [GET]
Traceback (most recent call last):
  File "/home/tom/.local/lib/python3.6/site-packages/flask/app.py", line 2446, in wsgi_app
    response = self.full_dispatch_request()
  File "/home/tom/.local/lib/python3.6/site-packages/flask/app.py", line 1952, in full_dispatch_request
    return self.finalize_request(rv)
  File "/home/tom/.local/lib/python3.6/site-packages/flask/app.py", line 1967, in finalize_request
    response = self.make_response(rv)
  File "/home/tom/.local/lib/python3.6/site-packages/flask/app.py", line 2097, in make_response
    "The view function did not return a valid response. The"
TypeError: The view function did not return a valid response. The function either returned None or ended without a return statement.
[2019-09-28 15:21:02,149] ERROR in app: Exception on /python.php [GET]
Traceback (most recent call last):
  File "/home/tom/.local/lib/python3.6/site-packages/flask/app.py", line 2446, in wsgi_app
    response = self.full_dispatch_request()
  File "/home/tom/.local/lib/python3.6/site-packages/flask/app.py", line 1952, in full_dispatch_request
    return self.finalize_request(rv)
  File "/home/tom/.local/lib/python3.6/site-packages/flask/app.py", line 1967, in finalize_request
    response = self.make_response(rv)
  File "/home/tom/.local/lib/python3.6/site-packages/flask/app.py", line 2097, in make_response
    "The view function did not return a valid response. The"
TypeError: The view function did not return a valid response. The function either returned None or ended without a return statement.
[2019-09-28 15:21:02,709] ERROR in app: Exception on /woshimengmei.php [GET]
Traceback (most recent call last):
  File "/home/tom/.local/lib/python3.6/site-packages/flask/app.py", line 2446, in wsgi_app
    response = self.full_dispatch_request()
  File "/home/tom/.local/lib/python3.6/site-packages/flask/app.py", line 1952, in full_dispatch_request
    return self.finalize_request(rv)
  File "/home/tom/.local/lib/python3.6/site-packages/flask/app.py", line 1967, in finalize_request
    response = self.make_response(rv)
  File "/home/tom/.local/lib/python3.6/site-packages/flask/app.py", line 2097, in make_response
    "The view function did not return a valid response. The"
TypeError: The view function did not return a valid response. The function either returned None or ended without a return statement.
[2019-09-28 15:21:03,450] ERROR in app: Exception on /indea.php [GET]
Traceback (most recent call last):
  File "/home/tom/.local/lib/python3.6/site-packages/flask/app.py", line 2446, in wsgi_app
    response = self.full_dispatch_request()
  File "/home/tom/.local/lib/python3.6/site-packages/flask/app.py", line 1952, in full_dispatch_request
    return self.finalize_request(rv)
  File "/home/tom/.local/lib/python3.6/site-packages/flask/app.py", line 1967, in finalize_request
    response = self.make_response(rv)
  File "/home/tom/.local/lib/python3.6/site-packages/flask/app.py", line 2097, in make_response
    "The view function did not return a valid response. The"
TypeError: The view function did not return a valid response. The function either returned None or ended without a return statement.
[2019-09-28 15:21:04,536] ERROR in app: Exception on /taisui.php [GET]
Traceback (most recent call last):
  File "/home/tom/.local/lib/python3.6/site-packages/flask/app.py", line 2446, in wsgi_app
    response = self.full_dispatch_request()
  File "/home/tom/.local/lib/python3.6/site-packages/flask/app.py", line 1952, in full_dispatch_request
    return self.finalize_request(rv)
  File "/home/tom/.local/lib/python3.6/site-packages/flask/app.py", line 1967, in finalize_request
    response = self.make_response(rv)
  File "/home/tom/.local/lib/python3.6/site-packages/flask/app.py", line 2097, in make_response
    "The view function did not return a valid response. The"
TypeError: The view function did not return a valid response. The function either returned None or ended without a return statement.
[2019-09-28 15:21:05,634] ERROR in app: Exception on /xiaxia.php [GET]
Traceback (most recent call last):
  File "/home/tom/.local/lib/python3.6/site-packages/flask/app.py", line 2446, in wsgi_app
    response = self.full_dispatch_request()
  File "/home/tom/.local/lib/python3.6/site-packages/flask/app.py", line 1952, in full_dispatch_request
    return self.finalize_request(rv)
  File "/home/tom/.local/lib/python3.6/site-packages/flask/app.py", line 1967, in finalize_request
    response = self.make_response(rv)
  File "/home/tom/.local/lib/python3.6/site-packages/flask/app.py", line 2097, in make_response
    "The view function did not return a valid response. The"
TypeError: The view function did not return a valid response. The function either returned None or ended without a return statement.
[2019-09-28 15:21:06,083] ERROR in app: Exception on /kk.php [GET]
Traceback (most recent call last):
  File "/home/tom/.local/lib/python3.6/site-packages/flask/app.py", line 2446, in wsgi_app
    response = self.full_dispatch_request()
  File "/home/tom/.local/lib/python3.6/site-packages/flask/app.py", line 1952, in full_dispatch_request
    return self.finalize_request(rv)
  File "/home/tom/.local/lib/python3.6/site-packages/flask/app.py", line 1967, in finalize_request
    response = self.make_response(rv)
  File "/home/tom/.local/lib/python3.6/site-packages/flask/app.py", line 2097, in make_response
    "The view function did not return a valid response. The"
TypeError: The view function did not return a valid response. The function either returned None or ended without a return statement.
[2019-09-28 15:21:06,521] ERROR in app: Exception on /xsser.php [GET]
Traceback (most recent call last):
  File "/home/tom/.local/lib/python3.6/site-packages/flask/app.py", line 2446, in wsgi_app
    response = self.full_dispatch_request()
  File "/home/tom/.local/lib/python3.6/site-packages/flask/app.py", line 1952, in full_dispatch_request
    return self.finalize_request(rv)
  File "/home/tom/.local/lib/python3.6/site-packages/flask/app.py", line 1967, in finalize_request
    response = self.make_response(rv)
  File "/home/tom/.local/lib/python3.6/site-packages/flask/app.py", line 2097, in make_response
    "The view function did not return a valid response. The"
TypeError: The view function did not return a valid response. The function either returned None or ended without a return statement.
[2019-09-28 15:21:06,957] ERROR in app: Exception on /zzz.php [GET]
Traceback (most recent call last):
  File "/home/tom/.local/lib/python3.6/site-packages/flask/app.py", line 2446, in wsgi_app
    response = self.full_dispatch_request()
  File "/home/tom/.local/lib/python3.6/site-packages/flask/app.py", line 1952, in full_dispatch_request
    return self.finalize_request(rv)
  File "/home/tom/.local/lib/python3.6/site-packages/flask/app.py", line 1967, in finalize_request
    response = self.make_response(rv)
  File "/home/tom/.local/lib/python3.6/site-packages/flask/app.py", line 2097, in make_response
    "The view function did not return a valid response. The"
TypeError: The view function did not return a valid response. The function either returned None or ended without a return statement.
[2019-09-28 15:21:07,391] ERROR in app: Exception on /99.php [GET]
Traceback (most recent call last):
  File "/home/tom/.local/lib/python3.6/site-packages/flask/app.py", line 2446, in wsgi_app
    response = self.full_dispatch_request()
  File "/home/tom/.local/lib/python3.6/site-packages/flask/app.py", line 1952, in full_dispatch_request
    return self.finalize_request(rv)
  File "/home/tom/.local/lib/python3.6/site-packages/flask/app.py", line 1967, in finalize_request
    response = self.make_response(rv)
  File "/home/tom/.local/lib/python3.6/site-packages/flask/app.py", line 2097, in make_response
    "The view function did not return a valid response. The"
TypeError: The view function did not return a valid response. The function either returned None or ended without a return statement.
[2019-09-28 15:21:07,916] ERROR in app: Exception on /dp.php [GET]
Traceback (most recent call last):
  File "/home/tom/.local/lib/python3.6/site-packages/flask/app.py", line 2446, in wsgi_app
    response = self.full_dispatch_request()
  File "/home/tom/.local/lib/python3.6/site-packages/flask/app.py", line 1952, in full_dispatch_request
    return self.finalize_request(rv)
  File "/home/tom/.local/lib/python3.6/site-packages/flask/app.py", line 1967, in finalize_request
    response = self.make_response(rv)
  File "/home/tom/.local/lib/python3.6/site-packages/flask/app.py", line 2097, in make_response
    "The view function did not return a valid response. The"
TypeError: The view function did not return a valid response. The function either returned None or ended without a return statement.
[2019-09-28 15:21:08,520] ERROR in app: Exception on /phpdm.php [GET]
Traceback (most recent call last):
  File "/home/tom/.local/lib/python3.6/site-packages/flask/app.py", line 2446, in wsgi_app
    response = self.full_dispatch_request()
  File "/home/tom/.local/lib/python3.6/site-packages/flask/app.py", line 1952, in full_dispatch_request
    return self.finalize_request(rv)
  File "/home/tom/.local/lib/python3.6/site-packages/flask/app.py", line 1967, in finalize_request
    response = self.make_response(rv)
  File "/home/tom/.local/lib/python3.6/site-packages/flask/app.py", line 2097, in make_response
    "The view function did not return a valid response. The"
TypeError: The view function did not return a valid response. The function either returned None or ended without a return statement.
[2019-09-28 15:21:08,959] ERROR in app: Exception on /root.php [GET]
Traceback (most recent call last):
  File "/home/tom/.local/lib/python3.6/site-packages/flask/app.py", line 2446, in wsgi_app
    response = self.full_dispatch_request()
  File "/home/tom/.local/lib/python3.6/site-packages/flask/app.py", line 1952, in full_dispatch_request
    return self.finalize_request(rv)
  File "/home/tom/.local/lib/python3.6/site-packages/flask/app.py", line 1967, in finalize_request
    response = self.make_response(rv)
  File "/home/tom/.local/lib/python3.6/site-packages/flask/app.py", line 2097, in make_response
    "The view function did not return a valid response. The"
TypeError: The view function did not return a valid response. The function either returned None or ended without a return statement.
[2019-09-28 15:21:09,408] ERROR in app: Exception on /5678.php [GET]
Traceback (most recent call last):
  File "/home/tom/.local/lib/python3.6/site-packages/flask/app.py", line 2446, in wsgi_app
    response = self.full_dispatch_request()
  File "/home/tom/.local/lib/python3.6/site-packages/flask/app.py", line 1952, in full_dispatch_request
    return self.finalize_request(rv)
  File "/home/tom/.local/lib/python3.6/site-packages/flask/app.py", line 1967, in finalize_request
    response = self.make_response(rv)
  File "/home/tom/.local/lib/python3.6/site-packages/flask/app.py", line 2097, in make_response
    "The view function did not return a valid response. The"
TypeError: The view function did not return a valid response. The function either returned None or ended without a return statement.
[2019-09-28 15:21:09,835] ERROR in app: Exception on /root11.php [GET]
Traceback (most recent call last):
  File "/home/tom/.local/lib/python3.6/site-packages/flask/app.py", line 2446, in wsgi_app
    response = self.full_dispatch_request()
  File "/home/tom/.local/lib/python3.6/site-packages/flask/app.py", line 1952, in full_dispatch_request
    return self.finalize_request(rv)
  File "/home/tom/.local/lib/python3.6/site-packages/flask/app.py", line 1967, in finalize_request
    response = self.make_response(rv)
  File "/home/tom/.local/lib/python3.6/site-packages/flask/app.py", line 2097, in make_response
    "The view function did not return a valid response. The"
TypeError: The view function did not return a valid response. The function either returned None or ended without a return statement.
[2019-09-28 15:21:10,268] ERROR in app: Exception on /xiu.php [GET]
Traceback (most recent call last):
  File "/home/tom/.local/lib/python3.6/site-packages/flask/app.py", line 2446, in wsgi_app
    response = self.full_dispatch_request()
  File "/home/tom/.local/lib/python3.6/site-packages/flask/app.py", line 1952, in full_dispatch_request
    return self.finalize_request(rv)
  File "/home/tom/.local/lib/python3.6/site-packages/flask/app.py", line 1967, in finalize_request
    response = self.make_response(rv)
  File "/home/tom/.local/lib/python3.6/site-packages/flask/app.py", line 2097, in make_response
    "The view function did not return a valid response. The"
TypeError: The view function did not return a valid response. The function either returned None or ended without a return statement.
[2019-09-28 15:21:10,722] ERROR in app: Exception on /wuwu11.php [POST]
Traceback (most recent call last):
  File "/home/tom/.local/lib/python3.6/site-packages/flask/app.py", line 2446, in wsgi_app
    response = self.full_dispatch_request()
  File "/home/tom/.local/lib/python3.6/site-packages/flask/app.py", line 1952, in full_dispatch_request
    return self.finalize_request(rv)
  File "/home/tom/.local/lib/python3.6/site-packages/flask/app.py", line 1967, in finalize_request
    response = self.make_response(rv)
  File "/home/tom/.local/lib/python3.6/site-packages/flask/app.py", line 2097, in make_response
    "The view function did not return a valid response. The"
TypeError: The view function did not return a valid response. The function either returned None or ended without a return statement.
[2019-09-28 15:21:11,189] ERROR in app: Exception on /xw.php [POST]
Traceback (most recent call last):
  File "/home/tom/.local/lib/python3.6/site-packages/flask/app.py", line 2446, in wsgi_app
    response = self.full_dispatch_request()
  File "/home/tom/.local/lib/python3.6/site-packages/flask/app.py", line 1952, in full_dispatch_request
    return self.finalize_request(rv)
  File "/home/tom/.local/lib/python3.6/site-packages/flask/app.py", line 1967, in finalize_request
    response = self.make_response(rv)
  File "/home/tom/.local/lib/python3.6/site-packages/flask/app.py", line 2097, in make_response
    "The view function did not return a valid response. The"
TypeError: The view function did not return a valid response. The function either returned None or ended without a return statement.
[2019-09-28 15:21:12,878] ERROR in app: Exception on /xw1.php [POST]
Traceback (most recent call last):
  File "/home/tom/.local/lib/python3.6/site-packages/flask/app.py", line 2446, in wsgi_app
    response = self.full_dispatch_request()
  File "/home/tom/.local/lib/python3.6/site-packages/flask/app.py", line 1952, in full_dispatch_request
    return self.finalize_request(rv)
  File "/home/tom/.local/lib/python3.6/site-packages/flask/app.py", line 1967, in finalize_request
    response = self.make_response(rv)
  File "/home/tom/.local/lib/python3.6/site-packages/flask/app.py", line 2097, in make_response
    "The view function did not return a valid response. The"
TypeError: The view function did not return a valid response. The function either returned None or ended without a return statement.
[2019-09-28 15:21:13,330] ERROR in app: Exception on /9678.php [POST]
Traceback (most recent call last):
  File "/home/tom/.local/lib/python3.6/site-packages/flask/app.py", line 2446, in wsgi_app
    response = self.full_dispatch_request()
  File "/home/tom/.local/lib/python3.6/site-packages/flask/app.py", line 1952, in full_dispatch_request
    return self.finalize_request(rv)
  File "/home/tom/.local/lib/python3.6/site-packages/flask/app.py", line 1967, in finalize_request
    response = self.make_response(rv)
  File "/home/tom/.local/lib/python3.6/site-packages/flask/app.py", line 2097, in make_response
    "The view function did not return a valid response. The"
TypeError: The view function did not return a valid response. The function either returned None or ended without a return statement.
[2019-09-28 15:21:15,066] ERROR in app: Exception on /wc.php [POST]
Traceback (most recent call last):
  File "/home/tom/.local/lib/python3.6/site-packages/flask/app.py", line 2446, in wsgi_app
    response = self.full_dispatch_request()
  File "/home/tom/.local/lib/python3.6/site-packages/flask/app.py", line 1952, in full_dispatch_request
    return self.finalize_request(rv)
  File "/home/tom/.local/lib/python3.6/site-packages/flask/app.py", line 1967, in finalize_request
    response = self.make_response(rv)
  File "/home/tom/.local/lib/python3.6/site-packages/flask/app.py", line 2097, in make_response
    "The view function did not return a valid response. The"
TypeError: The view function did not return a valid response. The function either returned None or ended without a return statement.
[2019-09-28 15:21:15,523] ERROR in app: Exception on /xx.php [POST]
Traceback (most recent call last):
  File "/home/tom/.local/lib/python3.6/site-packages/flask/app.py", line 2446, in wsgi_app
    response = self.full_dispatch_request()
  File "/home/tom/.local/lib/python3.6/site-packages/flask/app.py", line 1952, in full_dispatch_request
    return self.finalize_request(rv)
  File "/home/tom/.local/lib/python3.6/site-packages/flask/app.py", line 1967, in finalize_request
    response = self.make_response(rv)
  File "/home/tom/.local/lib/python3.6/site-packages/flask/app.py", line 2097, in make_response
    "The view function did not return a valid response. The"
TypeError: The view function did not return a valid response. The function either returned None or ended without a return statement.
[2019-09-28 15:21:16,657] ERROR in app: Exception on /lol.php [GET]
Traceback (most recent call last):
  File "/home/tom/.local/lib/python3.6/site-packages/flask/app.py", line 2446, in wsgi_app
    response = self.full_dispatch_request()
  File "/home/tom/.local/lib/python3.6/site-packages/flask/app.py", line 1952, in full_dispatch_request
    return self.finalize_request(rv)
  File "/home/tom/.local/lib/python3.6/site-packages/flask/app.py", line 1967, in finalize_request
    response = self.make_response(rv)
  File "/home/tom/.local/lib/python3.6/site-packages/flask/app.py", line 2097, in make_response
    "The view function did not return a valid response. The"
TypeError: The view function did not return a valid response. The function either returned None or ended without a return statement.
[2019-09-28 15:21:16,836] ERROR in app: Exception on /xx.php [POST]
Traceback (most recent call last):
  File "/home/tom/.local/lib/python3.6/site-packages/flask/app.py", line 2446, in wsgi_app
    response = self.full_dispatch_request()
  File "/home/tom/.local/lib/python3.6/site-packages/flask/app.py", line 1952, in full_dispatch_request
    return self.finalize_request(rv)
  File "/home/tom/.local/lib/python3.6/site-packages/flask/app.py", line 1967, in finalize_request
    response = self.make_response(rv)
  File "/home/tom/.local/lib/python3.6/site-packages/flask/app.py", line 2097, in make_response
    "The view function did not return a valid response. The"
TypeError: The view function did not return a valid response. The function either returned None or ended without a return statement.
[2019-09-28 15:21:17,292] ERROR in app: Exception on /s.php [POST]
Traceback (most recent call last):
  File "/home/tom/.local/lib/python3.6/site-packages/flask/app.py", line 2446, in wsgi_app
    response = self.full_dispatch_request()
  File "/home/tom/.local/lib/python3.6/site-packages/flask/app.py", line 1952, in full_dispatch_request
    return self.finalize_request(rv)
  File "/home/tom/.local/lib/python3.6/site-packages/flask/app.py", line 1967, in finalize_request
    response = self.make_response(rv)
  File "/home/tom/.local/lib/python3.6/site-packages/flask/app.py", line 2097, in make_response
    "The view function did not return a valid response. The"
TypeError: The view function did not return a valid response. The function either returned None or ended without a return statement.
[2019-09-28 15:21:17,759] ERROR in app: Exception on /w.php [POST]
Traceback (most recent call last):
  File "/home/tom/.local/lib/python3.6/site-packages/flask/app.py", line 2446, in wsgi_app
    response = self.full_dispatch_request()
  File "/home/tom/.local/lib/python3.6/site-packages/flask/app.py", line 1952, in full_dispatch_request
    return self.finalize_request(rv)
  File "/home/tom/.local/lib/python3.6/site-packages/flask/app.py", line 1967, in finalize_request
    response = self.make_response(rv)
  File "/home/tom/.local/lib/python3.6/site-packages/flask/app.py", line 2097, in make_response
    "The view function did not return a valid response. The"
TypeError: The view function did not return a valid response. The function either returned None or ended without a return statement.
[2019-09-28 15:21:18,211] ERROR in app: Exception on /sheep.php [POST]
Traceback (most recent call last):
  File "/home/tom/.local/lib/python3.6/site-packages/flask/app.py", line 2446, in wsgi_app
    response = self.full_dispatch_request()
  File "/home/tom/.local/lib/python3.6/site-packages/flask/app.py", line 1952, in full_dispatch_request
    return self.finalize_request(rv)
  File "/home/tom/.local/lib/python3.6/site-packages/flask/app.py", line 1967, in finalize_request
    response = self.make_response(rv)
  File "/home/tom/.local/lib/python3.6/site-packages/flask/app.py", line 2097, in make_response
    "The view function did not return a valid response. The"
TypeError: The view function did not return a valid response. The function either returned None or ended without a return statement.
[2019-09-28 15:21:18,669] ERROR in app: Exception on /qaq.php [POST]
Traceback (most recent call last):
  File "/home/tom/.local/lib/python3.6/site-packages/flask/app.py", line 2446, in wsgi_app
    response = self.full_dispatch_request()
  File "/home/tom/.local/lib/python3.6/site-packages/flask/app.py", line 1952, in full_dispatch_request
    return self.finalize_request(rv)
  File "/home/tom/.local/lib/python3.6/site-packages/flask/app.py", line 1967, in finalize_request
    response = self.make_response(rv)
  File "/home/tom/.local/lib/python3.6/site-packages/flask/app.py", line 2097, in make_response
    "The view function did not return a valid response. The"
TypeError: The view function did not return a valid response. The function either returned None or ended without a return statement.
[2019-09-28 15:21:19,779] ERROR in app: Exception on /my.php [POST]
Traceback (most recent call last):
  File "/home/tom/.local/lib/python3.6/site-packages/flask/app.py", line 2446, in wsgi_app
    response = self.full_dispatch_request()
  File "/home/tom/.local/lib/python3.6/site-packages/flask/app.py", line 1952, in full_dispatch_request
    return self.finalize_request(rv)
  File "/home/tom/.local/lib/python3.6/site-packages/flask/app.py", line 1967, in finalize_request
    response = self.make_response(rv)
  File "/home/tom/.local/lib/python3.6/site-packages/flask/app.py", line 2097, in make_response
    "The view function did not return a valid response. The"
TypeError: The view function did not return a valid response. The function either returned None or ended without a return statement.
[2019-09-28 15:21:20,914] ERROR in app: Exception on /qq.php [POST]
Traceback (most recent call last):
  File "/home/tom/.local/lib/python3.6/site-packages/flask/app.py", line 2446, in wsgi_app
    response = self.full_dispatch_request()
  File "/home/tom/.local/lib/python3.6/site-packages/flask/app.py", line 1952, in full_dispatch_request
    return self.finalize_request(rv)
  File "/home/tom/.local/lib/python3.6/site-packages/flask/app.py", line 1967, in finalize_request
    response = self.make_response(rv)
  File "/home/tom/.local/lib/python3.6/site-packages/flask/app.py", line 2097, in make_response
    "The view function did not return a valid response. The"
TypeError: The view function did not return a valid response. The function either returned None or ended without a return statement.
[2019-09-28 15:21:21,375] ERROR in app: Exception on /aaa.php [POST]
Traceback (most recent call last):
  File "/home/tom/.local/lib/python3.6/site-packages/flask/app.py", line 2446, in wsgi_app
    response = self.full_dispatch_request()
  File "/home/tom/.local/lib/python3.6/site-packages/flask/app.py", line 1952, in full_dispatch_request
    return self.finalize_request(rv)
  File "/home/tom/.local/lib/python3.6/site-packages/flask/app.py", line 1967, in finalize_request
    response = self.make_response(rv)
  File "/home/tom/.local/lib/python3.6/site-packages/flask/app.py", line 2097, in make_response
    "The view function did not return a valid response. The"
TypeError: The view function did not return a valid response. The function either returned None or ended without a return statement.
[2019-09-28 15:21:21,816] ERROR in app: Exception on /hhh.php [POST]
Traceback (most recent call last):
  File "/home/tom/.local/lib/python3.6/site-packages/flask/app.py", line 2446, in wsgi_app
    response = self.full_dispatch_request()
  File "/home/tom/.local/lib/python3.6/site-packages/flask/app.py", line 1952, in full_dispatch_request
    return self.finalize_request(rv)
  File "/home/tom/.local/lib/python3.6/site-packages/flask/app.py", line 1967, in finalize_request
    response = self.make_response(rv)
  File "/home/tom/.local/lib/python3.6/site-packages/flask/app.py", line 2097, in make_response
    "The view function did not return a valid response. The"
TypeError: The view function did not return a valid response. The function either returned None or ended without a return statement.
[2019-09-28 15:21:22,275] ERROR in app: Exception on /jjj.php [POST]
Traceback (most recent call last):
  File "/home/tom/.local/lib/python3.6/site-packages/flask/app.py", line 2446, in wsgi_app
    response = self.full_dispatch_request()
  File "/home/tom/.local/lib/python3.6/site-packages/flask/app.py", line 1952, in full_dispatch_request
    return self.finalize_request(rv)
  File "/home/tom/.local/lib/python3.6/site-packages/flask/app.py", line 1967, in finalize_request
    response = self.make_response(rv)
  File "/home/tom/.local/lib/python3.6/site-packages/flask/app.py", line 2097, in make_response
    "The view function did not return a valid response. The"
TypeError: The view function did not return a valid response. The function either returned None or ended without a return statement.
[2019-09-28 15:21:22,737] ERROR in app: Exception on /vvv.php [POST]
Traceback (most recent call last):
  File "/home/tom/.local/lib/python3.6/site-packages/flask/app.py", line 2446, in wsgi_app
    response = self.full_dispatch_request()
  File "/home/tom/.local/lib/python3.6/site-packages/flask/app.py", line 1952, in full_dispatch_request
    return self.finalize_request(rv)
  File "/home/tom/.local/lib/python3.6/site-packages/flask/app.py", line 1967, in finalize_request
    response = self.make_response(rv)
  File "/home/tom/.local/lib/python3.6/site-packages/flask/app.py", line 2097, in make_response
    "The view function did not return a valid response. The"
TypeError: The view function did not return a valid response. The function either returned None or ended without a return statement.
[2019-09-28 15:21:23,197] ERROR in app: Exception on /www.php [POST]
Traceback (most recent call last):
  File "/home/tom/.local/lib/python3.6/site-packages/flask/app.py", line 2446, in wsgi_app
    response = self.full_dispatch_request()
  File "/home/tom/.local/lib/python3.6/site-packages/flask/app.py", line 1952, in full_dispatch_request
    return self.finalize_request(rv)
  File "/home/tom/.local/lib/python3.6/site-packages/flask/app.py", line 1967, in finalize_request
    response = self.make_response(rv)
  File "/home/tom/.local/lib/python3.6/site-packages/flask/app.py", line 2097, in make_response
    "The view function did not return a valid response. The"
TypeError: The view function did not return a valid response. The function either returned None or ended without a return statement.
[2019-09-28 15:21:23,665] ERROR in app: Exception on /ffr.php [POST]
Traceback (most recent call last):
  File "/home/tom/.local/lib/python3.6/site-packages/flask/app.py", line 2446, in wsgi_app
    response = self.full_dispatch_request()
  File "/home/tom/.local/lib/python3.6/site-packages/flask/app.py", line 1952, in full_dispatch_request
    return self.finalize_request(rv)
  File "/home/tom/.local/lib/python3.6/site-packages/flask/app.py", line 1967, in finalize_request
    response = self.make_response(rv)
  File "/home/tom/.local/lib/python3.6/site-packages/flask/app.py", line 2097, in make_response
    "The view function did not return a valid response. The"
TypeError: The view function did not return a valid response. The function either returned None or ended without a return statement.
[2019-09-28 15:21:24,139] ERROR in app: Exception on /411.php [POST]
Traceback (most recent call last):
  File "/home/tom/.local/lib/python3.6/site-packages/flask/app.py", line 2446, in wsgi_app
    response = self.full_dispatch_request()
  File "/home/tom/.local/lib/python3.6/site-packages/flask/app.py", line 1952, in full_dispatch_request
    return self.finalize_request(rv)
  File "/home/tom/.local/lib/python3.6/site-packages/flask/app.py", line 1967, in finalize_request
    response = self.make_response(rv)
  File "/home/tom/.local/lib/python3.6/site-packages/flask/app.py", line 2097, in make_response
    "The view function did not return a valid response. The"
TypeError: The view function did not return a valid response. The function either returned None or ended without a return statement.
[2019-09-28 15:21:24,839] ERROR in app: Exception on /415.php [POST]
Traceback (most recent call last):
  File "/home/tom/.local/lib/python3.6/site-packages/flask/app.py", line 2446, in wsgi_app
    response = self.full_dispatch_request()
  File "/home/tom/.local/lib/python3.6/site-packages/flask/app.py", line 1952, in full_dispatch_request
    return self.finalize_request(rv)
  File "/home/tom/.local/lib/python3.6/site-packages/flask/app.py", line 1967, in finalize_request
    response = self.make_response(rv)
  File "/home/tom/.local/lib/python3.6/site-packages/flask/app.py", line 2097, in make_response
    "The view function did not return a valid response. The"
TypeError: The view function did not return a valid response. The function either returned None or ended without a return statement.
[2019-09-28 15:21:25,313] ERROR in app: Exception on /421.php [POST]
Traceback (most recent call last):
  File "/home/tom/.local/lib/python3.6/site-packages/flask/app.py", line 2446, in wsgi_app
    response = self.full_dispatch_request()
  File "/home/tom/.local/lib/python3.6/site-packages/flask/app.py", line 1952, in full_dispatch_request
    return self.finalize_request(rv)
  File "/home/tom/.local/lib/python3.6/site-packages/flask/app.py", line 1967, in finalize_request
    response = self.make_response(rv)
  File "/home/tom/.local/lib/python3.6/site-packages/flask/app.py", line 2097, in make_response
    "The view function did not return a valid response. The"
TypeError: The view function did not return a valid response. The function either returned None or ended without a return statement.
[2019-09-28 15:21:25,761] ERROR in app: Exception on /444.php [POST]
Traceback (most recent call last):
  File "/home/tom/.local/lib/python3.6/site-packages/flask/app.py", line 2446, in wsgi_app
    response = self.full_dispatch_request()
  File "/home/tom/.local/lib/python3.6/site-packages/flask/app.py", line 1952, in full_dispatch_request
    return self.finalize_request(rv)
  File "/home/tom/.local/lib/python3.6/site-packages/flask/app.py", line 1967, in finalize_request
    response = self.make_response(rv)
  File "/home/tom/.local/lib/python3.6/site-packages/flask/app.py", line 2097, in make_response
    "The view function did not return a valid response. The"
TypeError: The view function did not return a valid response. The function either returned None or ended without a return statement.
[2019-09-28 15:21:26,201] ERROR in app: Exception on /a411.php [POST]
Traceback (most recent call last):
  File "/home/tom/.local/lib/python3.6/site-packages/flask/app.py", line 2446, in wsgi_app
    response = self.full_dispatch_request()
  File "/home/tom/.local/lib/python3.6/site-packages/flask/app.py", line 1952, in full_dispatch_request
    return self.finalize_request(rv)
  File "/home/tom/.local/lib/python3.6/site-packages/flask/app.py", line 1967, in finalize_request
    response = self.make_response(rv)
  File "/home/tom/.local/lib/python3.6/site-packages/flask/app.py", line 2097, in make_response
    "The view function did not return a valid response. The"
TypeError: The view function did not return a valid response. The function either returned None or ended without a return statement.
[2019-09-28 15:21:26,637] ERROR in app: Exception on /whoami.php [POST]
Traceback (most recent call last):
  File "/home/tom/.local/lib/python3.6/site-packages/flask/app.py", line 2446, in wsgi_app
    response = self.full_dispatch_request()
  File "/home/tom/.local/lib/python3.6/site-packages/flask/app.py", line 1952, in full_dispatch_request
    return self.finalize_request(rv)
  File "/home/tom/.local/lib/python3.6/site-packages/flask/app.py", line 1967, in finalize_request
    response = self.make_response(rv)
  File "/home/tom/.local/lib/python3.6/site-packages/flask/app.py", line 2097, in make_response
    "The view function did not return a valid response. The"
TypeError: The view function did not return a valid response. The function either returned None or ended without a return statement.
[2019-09-28 15:21:27,090] ERROR in app: Exception on /whoami.php.php [POST]
Traceback (most recent call last):
  File "/home/tom/.local/lib/python3.6/site-packages/flask/app.py", line 2446, in wsgi_app
    response = self.full_dispatch_request()
  File "/home/tom/.local/lib/python3.6/site-packages/flask/app.py", line 1952, in full_dispatch_request
    return self.finalize_request(rv)
  File "/home/tom/.local/lib/python3.6/site-packages/flask/app.py", line 1967, in finalize_request
    response = self.make_response(rv)
  File "/home/tom/.local/lib/python3.6/site-packages/flask/app.py", line 2097, in make_response
    "The view function did not return a valid response. The"
TypeError: The view function did not return a valid response. The function either returned None or ended without a return statement.
[2019-09-28 15:21:27,544] ERROR in app: Exception on /9.php [POST]
Traceback (most recent call last):
  File "/home/tom/.local/lib/python3.6/site-packages/flask/app.py", line 2446, in wsgi_app
    response = self.full_dispatch_request()
  File "/home/tom/.local/lib/python3.6/site-packages/flask/app.py", line 1952, in full_dispatch_request
    return self.finalize_request(rv)
  File "/home/tom/.local/lib/python3.6/site-packages/flask/app.py", line 1967, in finalize_request
    response = self.make_response(rv)
  File "/home/tom/.local/lib/python3.6/site-packages/flask/app.py", line 2097, in make_response
    "The view function did not return a valid response. The"
TypeError: The view function did not return a valid response. The function either returned None or ended without a return statement.
[2019-09-28 15:21:27,999] ERROR in app: Exception on /98k.php [POST]
Traceback (most recent call last):
  File "/home/tom/.local/lib/python3.6/site-packages/flask/app.py", line 2446, in wsgi_app
    response = self.full_dispatch_request()
  File "/home/tom/.local/lib/python3.6/site-packages/flask/app.py", line 1952, in full_dispatch_request
    return self.finalize_request(rv)
  File "/home/tom/.local/lib/python3.6/site-packages/flask/app.py", line 1967, in finalize_request
    response = self.make_response(rv)
  File "/home/tom/.local/lib/python3.6/site-packages/flask/app.py", line 2097, in make_response
    "The view function did not return a valid response. The"
TypeError: The view function did not return a valid response. The function either returned None or ended without a return statement.
[2019-09-28 15:21:28,430] ERROR in app: Exception on /981.php [POST]
Traceback (most recent call last):
  File "/home/tom/.local/lib/python3.6/site-packages/flask/app.py", line 2446, in wsgi_app
    response = self.full_dispatch_request()
  File "/home/tom/.local/lib/python3.6/site-packages/flask/app.py", line 1952, in full_dispatch_request
    return self.finalize_request(rv)
  File "/home/tom/.local/lib/python3.6/site-packages/flask/app.py", line 1967, in finalize_request
    response = self.make_response(rv)
  File "/home/tom/.local/lib/python3.6/site-packages/flask/app.py", line 2097, in make_response
    "The view function did not return a valid response. The"
TypeError: The view function did not return a valid response. The function either returned None or ended without a return statement.
[2019-09-28 15:21:28,879] ERROR in app: Exception on /887.php [POST]
Traceback (most recent call last):
  File "/home/tom/.local/lib/python3.6/site-packages/flask/app.py", line 2446, in wsgi_app
    response = self.full_dispatch_request()
  File "/home/tom/.local/lib/python3.6/site-packages/flask/app.py", line 1952, in full_dispatch_request
    return self.finalize_request(rv)
  File "/home/tom/.local/lib/python3.6/site-packages/flask/app.py", line 1967, in finalize_request
    response = self.make_response(rv)
  File "/home/tom/.local/lib/python3.6/site-packages/flask/app.py", line 2097, in make_response
    "The view function did not return a valid response. The"
TypeError: The view function did not return a valid response. The function either returned None or ended without a return statement.
[2019-09-28 15:21:29,325] ERROR in app: Exception on /888.php [POST]
Traceback (most recent call last):
  File "/home/tom/.local/lib/python3.6/site-packages/flask/app.py", line 2446, in wsgi_app
    response = self.full_dispatch_request()
  File "/home/tom/.local/lib/python3.6/site-packages/flask/app.py", line 1952, in full_dispatch_request
    return self.finalize_request(rv)
  File "/home/tom/.local/lib/python3.6/site-packages/flask/app.py", line 1967, in finalize_request
    response = self.make_response(rv)
  File "/home/tom/.local/lib/python3.6/site-packages/flask/app.py", line 2097, in make_response
    "The view function did not return a valid response. The"
TypeError: The view function did not return a valid response. The function either returned None or ended without a return statement.
[2019-09-28 15:21:32,876] ERROR in app: Exception on /aa.php [POST]
Traceback (most recent call last):
  File "/home/tom/.local/lib/python3.6/site-packages/flask/app.py", line 2446, in wsgi_app
    response = self.full_dispatch_request()
  File "/home/tom/.local/lib/python3.6/site-packages/flask/app.py", line 1952, in full_dispatch_request
    return self.finalize_request(rv)
  File "/home/tom/.local/lib/python3.6/site-packages/flask/app.py", line 1967, in finalize_request
    response = self.make_response(rv)
  File "/home/tom/.local/lib/python3.6/site-packages/flask/app.py", line 2097, in make_response
    "The view function did not return a valid response. The"
TypeError: The view function did not return a valid response. The function either returned None or ended without a return statement.
[2019-09-28 15:21:33,318] ERROR in app: Exception on /bb.php [POST]
Traceback (most recent call last):
  File "/home/tom/.local/lib/python3.6/site-packages/flask/app.py", line 2446, in wsgi_app
    response = self.full_dispatch_request()
  File "/home/tom/.local/lib/python3.6/site-packages/flask/app.py", line 1952, in full_dispatch_request
    return self.finalize_request(rv)
  File "/home/tom/.local/lib/python3.6/site-packages/flask/app.py", line 1967, in finalize_request
    response = self.make_response(rv)
  File "/home/tom/.local/lib/python3.6/site-packages/flask/app.py", line 2097, in make_response
    "The view function did not return a valid response. The"
TypeError: The view function did not return a valid response. The function either returned None or ended without a return statement.
[2019-09-28 15:21:36,840] ERROR in app: Exception on /pp.php [POST]
Traceback (most recent call last):
  File "/home/tom/.local/lib/python3.6/site-packages/flask/app.py", line 2446, in wsgi_app
    response = self.full_dispatch_request()
  File "/home/tom/.local/lib/python3.6/site-packages/flask/app.py", line 1952, in full_dispatch_request
    return self.finalize_request(rv)
  File "/home/tom/.local/lib/python3.6/site-packages/flask/app.py", line 1967, in finalize_request
    response = self.make_response(rv)
  File "/home/tom/.local/lib/python3.6/site-packages/flask/app.py", line 2097, in make_response
    "The view function did not return a valid response. The"
TypeError: The view function did not return a valid response. The function either returned None or ended without a return statement.
[2019-09-28 15:21:39 +0000] [28678] [INFO] Handling signal: term
[2019-09-28 15:21:39 +0000] [28683] [INFO] Worker exiting (pid: 28683)
[2019-09-28 15:21:39 +0000] [28684] [INFO] Worker exiting (pid: 28684)
[2019-09-28 15:21:39 +0000] [28685] [INFO] Worker exiting (pid: 28685)
[2019-09-28 15:21:39 +0000] [28686] [INFO] Worker exiting (pid: 28686)
[2019-09-28 15:21:39 +0000] [28687] [INFO] Worker exiting (pid: 28687)
[2019-09-28 15:21:40 +0000] [28678] [INFO] Shutting down: Master
[2019-09-28 15:21:42 +0000] [28771] [INFO] Starting gunicorn 19.9.0
[2019-09-28 15:21:42 +0000] [28771] [INFO] Listening at: unix:pythonapp.sock (28771)
[2019-09-28 15:21:42 +0000] [28771] [INFO] Using worker: sync
[2019-09-28 15:21:42 +0000] [28782] [INFO] Booting worker with pid: 28782
[2019-09-28 15:21:42 +0000] [28783] [INFO] Booting worker with pid: 28783
[2019-09-28 15:21:42 +0000] [28784] [INFO] Booting worker with pid: 28784
[2019-09-28 15:21:42 +0000] [28785] [INFO] Booting worker with pid: 28785
[2019-09-28 15:21:42 +0000] [28786] [INFO] Booting worker with pid: 28786
[2019-09-28 15:21:44,934] ERROR in app: Exception on /7o.php [POST]
Traceback (most recent call last):
  File "/home/tom/.local/lib/python3.6/site-packages/flask/app.py", line 2446, in wsgi_app
    response = self.full_dispatch_request()
  File "/home/tom/.local/lib/python3.6/site-packages/flask/app.py", line 1952, in full_dispatch_request
    return self.finalize_request(rv)
  File "/home/tom/.local/lib/python3.6/site-packages/flask/app.py", line 1967, in finalize_request
    response = self.make_response(rv)
  File "/home/tom/.local/lib/python3.6/site-packages/flask/app.py", line 2097, in make_response
    "The view function did not return a valid response. The"
TypeError: The view function did not return a valid response. The function either returned None or ended without a return statement.
[2019-09-28 15:21:46,117] ERROR in app: Exception on /qwq.php [POST]
Traceback (most recent call last):
  File "/home/tom/.local/lib/python3.6/site-packages/flask/app.py", line 2446, in wsgi_app
    response = self.full_dispatch_request()
  File "/home/tom/.local/lib/python3.6/site-packages/flask/app.py", line 1952, in full_dispatch_request
    return self.finalize_request(rv)
  File "/home/tom/.local/lib/python3.6/site-packages/flask/app.py", line 1967, in finalize_request
    response = self.make_response(rv)
  File "/home/tom/.local/lib/python3.6/site-packages/flask/app.py", line 2097, in make_response
    "The view function did not return a valid response. The"
TypeError: The view function did not return a valid response. The function either returned None or ended without a return statement.
[2019-09-28 15:21:46,686] ERROR in app: Exception on /nb.php [POST]
Traceback (most recent call last):
  File "/home/tom/.local/lib/python3.6/site-packages/flask/app.py", line 2446, in wsgi_app
    response = self.full_dispatch_request()
  File "/home/tom/.local/lib/python3.6/site-packages/flask/app.py", line 1952, in full_dispatch_request
    return self.finalize_request(rv)
  File "/home/tom/.local/lib/python3.6/site-packages/flask/app.py", line 1967, in finalize_request
    response = self.make_response(rv)
  File "/home/tom/.local/lib/python3.6/site-packages/flask/app.py", line 2097, in make_response
    "The view function did not return a valid response. The"
TypeError: The view function did not return a valid response. The function either returned None or ended without a return statement.
[2019-09-28 15:21:47,543] ERROR in app: Exception on /kpl.php [POST]
Traceback (most recent call last):
  File "/home/tom/.local/lib/python3.6/site-packages/flask/app.py", line 2446, in wsgi_app
    response = self.full_dispatch_request()
  File "/home/tom/.local/lib/python3.6/site-packages/flask/app.py", line 1952, in full_dispatch_request
    return self.finalize_request(rv)
  File "/home/tom/.local/lib/python3.6/site-packages/flask/app.py", line 1967, in finalize_request
    response = self.make_response(rv)
  File "/home/tom/.local/lib/python3.6/site-packages/flask/app.py", line 2097, in make_response
    "The view function did not return a valid response. The"
TypeError: The view function did not return a valid response. The function either returned None or ended without a return statement.
[2019-09-28 15:21:48,116] ERROR in app: Exception on /hgx.php [POST]
Traceback (most recent call last):
  File "/home/tom/.local/lib/python3.6/site-packages/flask/app.py", line 2446, in wsgi_app
    response = self.full_dispatch_request()
  File "/home/tom/.local/lib/python3.6/site-packages/flask/app.py", line 1952, in full_dispatch_request
    return self.finalize_request(rv)
  File "/home/tom/.local/lib/python3.6/site-packages/flask/app.py", line 1967, in finalize_request
    response = self.make_response(rv)
  File "/home/tom/.local/lib/python3.6/site-packages/flask/app.py", line 2097, in make_response
    "The view function did not return a valid response. The"
TypeError: The view function did not return a valid response. The function either returned None or ended without a return statement.
[2019-09-28 15:21:48,711] ERROR in app: Exception on /ppl.php [POST]
Traceback (most recent call last):
  File "/home/tom/.local/lib/python3.6/site-packages/flask/app.py", line 2446, in wsgi_app
    response = self.full_dispatch_request()
  File "/home/tom/.local/lib/python3.6/site-packages/flask/app.py", line 1952, in full_dispatch_request
    return self.finalize_request(rv)
  File "/home/tom/.local/lib/python3.6/site-packages/flask/app.py", line 1967, in finalize_request
    response = self.make_response(rv)
  File "/home/tom/.local/lib/python3.6/site-packages/flask/app.py", line 2097, in make_response
    "The view function did not return a valid response. The"
TypeError: The view function did not return a valid response. The function either returned None or ended without a return statement.
[2019-09-28 15:21:49,208] ERROR in app: Exception on /tty.php [POST]
Traceback (most recent call last):
  File "/home/tom/.local/lib/python3.6/site-packages/flask/app.py", line 2446, in wsgi_app
    response = self.full_dispatch_request()
  File "/home/tom/.local/lib/python3.6/site-packages/flask/app.py", line 1952, in full_dispatch_request
    return self.finalize_request(rv)
  File "/home/tom/.local/lib/python3.6/site-packages/flask/app.py", line 1967, in finalize_request
    response = self.make_response(rv)
  File "/home/tom/.local/lib/python3.6/site-packages/flask/app.py", line 2097, in make_response
    "The view function did not return a valid response. The"
TypeError: The view function did not return a valid response. The function either returned None or ended without a return statement.
[2019-09-28 15:21:49,743] ERROR in app: Exception on /ooi.php [POST]
Traceback (most recent call last):
  File "/home/tom/.local/lib/python3.6/site-packages/flask/app.py", line 2446, in wsgi_app
    response = self.full_dispatch_request()
  File "/home/tom/.local/lib/python3.6/site-packages/flask/app.py", line 1952, in full_dispatch_request
    return self.finalize_request(rv)
  File "/home/tom/.local/lib/python3.6/site-packages/flask/app.py", line 1967, in finalize_request
    response = self.make_response(rv)
  File "/home/tom/.local/lib/python3.6/site-packages/flask/app.py", line 2097, in make_response
    "The view function did not return a valid response. The"
TypeError: The view function did not return a valid response. The function either returned None or ended without a return statement.
[2019-09-28 15:21:50,173] ERROR in app: Exception on /aap.php [POST]
Traceback (most recent call last):
  File "/home/tom/.local/lib/python3.6/site-packages/flask/app.py", line 2446, in wsgi_app
    response = self.full_dispatch_request()
  File "/home/tom/.local/lib/python3.6/site-packages/flask/app.py", line 1952, in full_dispatch_request
    return self.finalize_request(rv)
  File "/home/tom/.local/lib/python3.6/site-packages/flask/app.py", line 1967, in finalize_request
    response = self.make_response(rv)
  File "/home/tom/.local/lib/python3.6/site-packages/flask/app.py", line 2097, in make_response
    "The view function did not return a valid response. The"
TypeError: The view function did not return a valid response. The function either returned None or ended without a return statement.
[2019-09-28 15:21:52,023] ERROR in app: Exception on /app.php [POST]
Traceback (most recent call last):
  File "/home/tom/.local/lib/python3.6/site-packages/flask/app.py", line 2446, in wsgi_app
    response = self.full_dispatch_request()
  File "/home/tom/.local/lib/python3.6/site-packages/flask/app.py", line 1952, in full_dispatch_request
    return self.finalize_request(rv)
  File "/home/tom/.local/lib/python3.6/site-packages/flask/app.py", line 1967, in finalize_request
    response = self.make_response(rv)
  File "/home/tom/.local/lib/python3.6/site-packages/flask/app.py", line 2097, in make_response
    "The view function did not return a valid response. The"
TypeError: The view function did not return a valid response. The function either returned None or ended without a return statement.
[2019-09-28 15:21:52,631] ERROR in app: Exception on /bbr.php [POST]
Traceback (most recent call last):
  File "/home/tom/.local/lib/python3.6/site-packages/flask/app.py", line 2446, in wsgi_app
    response = self.full_dispatch_request()
  File "/home/tom/.local/lib/python3.6/site-packages/flask/app.py", line 1952, in full_dispatch_request
    return self.finalize_request(rv)
  File "/home/tom/.local/lib/python3.6/site-packages/flask/app.py", line 1967, in finalize_request
    response = self.make_response(rv)
  File "/home/tom/.local/lib/python3.6/site-packages/flask/app.py", line 2097, in make_response
    "The view function did not return a valid response. The"
TypeError: The view function did not return a valid response. The function either returned None or ended without a return statement.
[2019-09-28 15:21:53,071] ERROR in app: Exception on /ioi.php [POST]
Traceback (most recent call last):
  File "/home/tom/.local/lib/python3.6/site-packages/flask/app.py", line 2446, in wsgi_app
    response = self.full_dispatch_request()
  File "/home/tom/.local/lib/python3.6/site-packages/flask/app.py", line 1952, in full_dispatch_request
    return self.finalize_request(rv)
  File "/home/tom/.local/lib/python3.6/site-packages/flask/app.py", line 1967, in finalize_request
    response = self.make_response(rv)
  File "/home/tom/.local/lib/python3.6/site-packages/flask/app.py", line 2097, in make_response
    "The view function did not return a valid response. The"
TypeError: The view function did not return a valid response. The function either returned None or ended without a return statement.
[2019-09-28 15:21:53,501] ERROR in app: Exception on /uuu.php [POST]
Traceback (most recent call last):
  File "/home/tom/.local/lib/python3.6/site-packages/flask/app.py", line 2446, in wsgi_app
    response = self.full_dispatch_request()
  File "/home/tom/.local/lib/python3.6/site-packages/flask/app.py", line 1952, in full_dispatch_request
    return self.finalize_request(rv)
  File "/home/tom/.local/lib/python3.6/site-packages/flask/app.py", line 1967, in finalize_request
    response = self.make_response(rv)
  File "/home/tom/.local/lib/python3.6/site-packages/flask/app.py", line 2097, in make_response
    "The view function did not return a valid response. The"
TypeError: The view function did not return a valid response. The function either returned None or ended without a return statement.
[2019-09-28 15:21:53,949] ERROR in app: Exception on /yyy.php [POST]
Traceback (most recent call last):
  File "/home/tom/.local/lib/python3.6/site-packages/flask/app.py", line 2446, in wsgi_app
    response = self.full_dispatch_request()
  File "/home/tom/.local/lib/python3.6/site-packages/flask/app.py", line 1952, in full_dispatch_request
    return self.finalize_request(rv)
  File "/home/tom/.local/lib/python3.6/site-packages/flask/app.py", line 1967, in finalize_request
    response = self.make_response(rv)
  File "/home/tom/.local/lib/python3.6/site-packages/flask/app.py", line 2097, in make_response
    "The view function did not return a valid response. The"
TypeError: The view function did not return a valid response. The function either returned None or ended without a return statement.
[2019-09-28 15:21:54,389] ERROR in app: Exception on /ack.php [POST]
Traceback (most recent call last):
  File "/home/tom/.local/lib/python3.6/site-packages/flask/app.py", line 2446, in wsgi_app
    response = self.full_dispatch_request()
  File "/home/tom/.local/lib/python3.6/site-packages/flask/app.py", line 1952, in full_dispatch_request
    return self.finalize_request(rv)
  File "/home/tom/.local/lib/python3.6/site-packages/flask/app.py", line 1967, in finalize_request
    response = self.make_response(rv)
  File "/home/tom/.local/lib/python3.6/site-packages/flask/app.py", line 2097, in make_response
    "The view function did not return a valid response. The"
TypeError: The view function did not return a valid response. The function either returned None or ended without a return statement.
[2019-09-28 15:21:56,927] ERROR in app: Exception on /shh.php [POST]
Traceback (most recent call last):
  File "/home/tom/.local/lib/python3.6/site-packages/flask/app.py", line 2446, in wsgi_app
    response = self.full_dispatch_request()
  File "/home/tom/.local/lib/python3.6/site-packages/flask/app.py", line 1952, in full_dispatch_request
    return self.finalize_request(rv)
  File "/home/tom/.local/lib/python3.6/site-packages/flask/app.py", line 1967, in finalize_request
    response = self.make_response(rv)
  File "/home/tom/.local/lib/python3.6/site-packages/flask/app.py", line 2097, in make_response
    "The view function did not return a valid response. The"
TypeError: The view function did not return a valid response. The function either returned None or ended without a return statement.
[2019-09-28 15:21:57,472] ERROR in app: Exception on /ddd.php [POST]
Traceback (most recent call last):
  File "/home/tom/.local/lib/python3.6/site-packages/flask/app.py", line 2446, in wsgi_app
    response = self.full_dispatch_request()
  File "/home/tom/.local/lib/python3.6/site-packages/flask/app.py", line 1952, in full_dispatch_request
    return self.finalize_request(rv)
  File "/home/tom/.local/lib/python3.6/site-packages/flask/app.py", line 1967, in finalize_request
    response = self.make_response(rv)
  File "/home/tom/.local/lib/python3.6/site-packages/flask/app.py", line 2097, in make_response
    "The view function did not return a valid response. The"
TypeError: The view function did not return a valid response. The function either returned None or ended without a return statement.
[2019-09-28 15:21:57,907] ERROR in app: Exception on /nnn.php [POST]
Traceback (most recent call last):
  File "/home/tom/.local/lib/python3.6/site-packages/flask/app.py", line 2446, in wsgi_app
    response = self.full_dispatch_request()
  File "/home/tom/.local/lib/python3.6/site-packages/flask/app.py", line 1952, in full_dispatch_request
    return self.finalize_request(rv)
  File "/home/tom/.local/lib/python3.6/site-packages/flask/app.py", line 1967, in finalize_request
    response = self.make_response(rv)
  File "/home/tom/.local/lib/python3.6/site-packages/flask/app.py", line 2097, in make_response
    "The view function did not return a valid response. The"
TypeError: The view function did not return a valid response. The function either returned None or ended without a return statement.
[2019-09-28 15:21:58,344] ERROR in app: Exception on /rrr.php [POST]
Traceback (most recent call last):
  File "/home/tom/.local/lib/python3.6/site-packages/flask/app.py", line 2446, in wsgi_app
    response = self.full_dispatch_request()
  File "/home/tom/.local/lib/python3.6/site-packages/flask/app.py", line 1952, in full_dispatch_request
    return self.finalize_request(rv)
  File "/home/tom/.local/lib/python3.6/site-packages/flask/app.py", line 1967, in finalize_request
    response = self.make_response(rv)
  File "/home/tom/.local/lib/python3.6/site-packages/flask/app.py", line 2097, in make_response
    "The view function did not return a valid response. The"
TypeError: The view function did not return a valid response. The function either returned None or ended without a return statement.
[2019-09-28 15:21:59,567] ERROR in app: Exception on /ttt.php [POST]
Traceback (most recent call last):
  File "/home/tom/.local/lib/python3.6/site-packages/flask/app.py", line 2446, in wsgi_app
    response = self.full_dispatch_request()
  File "/home/tom/.local/lib/python3.6/site-packages/flask/app.py", line 1952, in full_dispatch_request
    return self.finalize_request(rv)
  File "/home/tom/.local/lib/python3.6/site-packages/flask/app.py", line 1967, in finalize_request
    response = self.make_response(rv)
  File "/home/tom/.local/lib/python3.6/site-packages/flask/app.py", line 2097, in make_response
    "The view function did not return a valid response. The"
TypeError: The view function did not return a valid response. The function either returned None or ended without a return statement.
[2019-09-28 15:22:00,182] ERROR in app: Exception on /bbqq.php [POST]
Traceback (most recent call last):
  File "/home/tom/.local/lib/python3.6/site-packages/flask/app.py", line 2446, in wsgi_app
    response = self.full_dispatch_request()
  File "/home/tom/.local/lib/python3.6/site-packages/flask/app.py", line 1952, in full_dispatch_request
    return self.finalize_request(rv)
  File "/home/tom/.local/lib/python3.6/site-packages/flask/app.py", line 1967, in finalize_request
    response = self.make_response(rv)
  File "/home/tom/.local/lib/python3.6/site-packages/flask/app.py", line 2097, in make_response
    "The view function did not return a valid response. The"
TypeError: The view function did not return a valid response. The function either returned None or ended without a return statement.
[2019-09-28 15:22:00,810] ERROR in app: Exception on /tyrant.php [POST]
Traceback (most recent call last):
  File "/home/tom/.local/lib/python3.6/site-packages/flask/app.py", line 2446, in wsgi_app
    response = self.full_dispatch_request()
  File "/home/tom/.local/lib/python3.6/site-packages/flask/app.py", line 1952, in full_dispatch_request
    return self.finalize_request(rv)
  File "/home/tom/.local/lib/python3.6/site-packages/flask/app.py", line 1967, in finalize_request
    response = self.make_response(rv)
  File "/home/tom/.local/lib/python3.6/site-packages/flask/app.py", line 2097, in make_response
    "The view function did not return a valid response. The"
TypeError: The view function did not return a valid response. The function either returned None or ended without a return statement.
[2019-09-28 15:22:01,282] ERROR in app: Exception on /qiqi.php [POST]
Traceback (most recent call last):
  File "/home/tom/.local/lib/python3.6/site-packages/flask/app.py", line 2446, in wsgi_app
    response = self.full_dispatch_request()
  File "/home/tom/.local/lib/python3.6/site-packages/flask/app.py", line 1952, in full_dispatch_request
    return self.finalize_request(rv)
  File "/home/tom/.local/lib/python3.6/site-packages/flask/app.py", line 1967, in finalize_request
    response = self.make_response(rv)
  File "/home/tom/.local/lib/python3.6/site-packages/flask/app.py", line 2097, in make_response
    "The view function did not return a valid response. The"
TypeError: The view function did not return a valid response. The function either returned None or ended without a return statement.
[2019-09-28 15:22:01,758] ERROR in app: Exception on /qiqi1.php [POST]
Traceback (most recent call last):
  File "/home/tom/.local/lib/python3.6/site-packages/flask/app.py", line 2446, in wsgi_app
    response = self.full_dispatch_request()
  File "/home/tom/.local/lib/python3.6/site-packages/flask/app.py", line 1952, in full_dispatch_request
    return self.finalize_request(rv)
  File "/home/tom/.local/lib/python3.6/site-packages/flask/app.py", line 1967, in finalize_request
    response = self.make_response(rv)
  File "/home/tom/.local/lib/python3.6/site-packages/flask/app.py", line 2097, in make_response
    "The view function did not return a valid response. The"
TypeError: The view function did not return a valid response. The function either returned None or ended without a return statement.
[2019-09-28 15:22:02,187] ERROR in app: Exception on /zhk.php [POST]
Traceback (most recent call last):
  File "/home/tom/.local/lib/python3.6/site-packages/flask/app.py", line 2446, in wsgi_app
    response = self.full_dispatch_request()
  File "/home/tom/.local/lib/python3.6/site-packages/flask/app.py", line 1952, in full_dispatch_request
    return self.finalize_request(rv)
  File "/home/tom/.local/lib/python3.6/site-packages/flask/app.py", line 1967, in finalize_request
    response = self.make_response(rv)
  File "/home/tom/.local/lib/python3.6/site-packages/flask/app.py", line 2097, in make_response
    "The view function did not return a valid response. The"
TypeError: The view function did not return a valid response. The function either returned None or ended without a return statement.
[2019-09-28 15:22:02,910] ERROR in app: Exception on /bbv.php [POST]
Traceback (most recent call last):
  File "/home/tom/.local/lib/python3.6/site-packages/flask/app.py", line 2446, in wsgi_app
    response = self.full_dispatch_request()
  File "/home/tom/.local/lib/python3.6/site-packages/flask/app.py", line 1952, in full_dispatch_request
    return self.finalize_request(rv)
  File "/home/tom/.local/lib/python3.6/site-packages/flask/app.py", line 1967, in finalize_request
    response = self.make_response(rv)
  File "/home/tom/.local/lib/python3.6/site-packages/flask/app.py", line 2097, in make_response
    "The view function did not return a valid response. The"
TypeError: The view function did not return a valid response. The function either returned None or ended without a return statement.
[2019-09-28 15:22:03,394] ERROR in app: Exception on /605.php [POST]
Traceback (most recent call last):
  File "/home/tom/.local/lib/python3.6/site-packages/flask/app.py", line 2446, in wsgi_app
    response = self.full_dispatch_request()
  File "/home/tom/.local/lib/python3.6/site-packages/flask/app.py", line 1952, in full_dispatch_request
    return self.finalize_request(rv)
  File "/home/tom/.local/lib/python3.6/site-packages/flask/app.py", line 1967, in finalize_request
    response = self.make_response(rv)
  File "/home/tom/.local/lib/python3.6/site-packages/flask/app.py", line 2097, in make_response
    "The view function did not return a valid response. The"
TypeError: The view function did not return a valid response. The function either returned None or ended without a return statement.
[2019-09-28 15:22:04,045] ERROR in app: Exception on /admin1.php [POST]
Traceback (most recent call last):
  File "/home/tom/.local/lib/python3.6/site-packages/flask/app.py", line 2446, in wsgi_app
    response = self.full_dispatch_request()
  File "/home/tom/.local/lib/python3.6/site-packages/flask/app.py", line 1952, in full_dispatch_request
    return self.finalize_request(rv)
  File "/home/tom/.local/lib/python3.6/site-packages/flask/app.py", line 1967, in finalize_request
    response = self.make_response(rv)
  File "/home/tom/.local/lib/python3.6/site-packages/flask/app.py", line 2097, in make_response
    "The view function did not return a valid response. The"
TypeError: The view function did not return a valid response. The function either returned None or ended without a return statement.
[2019-09-28 15:22:05,138] ERROR in app: Exception on /xi.php [POST]
Traceback (most recent call last):
  File "/home/tom/.local/lib/python3.6/site-packages/flask/app.py", line 2446, in wsgi_app
    response = self.full_dispatch_request()
  File "/home/tom/.local/lib/python3.6/site-packages/flask/app.py", line 1952, in full_dispatch_request
    return self.finalize_request(rv)
  File "/home/tom/.local/lib/python3.6/site-packages/flask/app.py", line 1967, in finalize_request
    response = self.make_response(rv)
  File "/home/tom/.local/lib/python3.6/site-packages/flask/app.py", line 2097, in make_response
    "The view function did not return a valid response. The"
TypeError: The view function did not return a valid response. The function either returned None or ended without a return statement.
[2019-09-28 15:22:05,578] ERROR in app: Exception on /999.php [POST]
Traceback (most recent call last):
  File "/home/tom/.local/lib/python3.6/site-packages/flask/app.py", line 2446, in wsgi_app
    response = self.full_dispatch_request()
  File "/home/tom/.local/lib/python3.6/site-packages/flask/app.py", line 1952, in full_dispatch_request
    return self.finalize_request(rv)
  File "/home/tom/.local/lib/python3.6/site-packages/flask/app.py", line 1967, in finalize_request
    response = self.make_response(rv)
  File "/home/tom/.local/lib/python3.6/site-packages/flask/app.py", line 2097, in make_response
    "The view function did not return a valid response. The"
TypeError: The view function did not return a valid response. The function either returned None or ended without a return statement.
[2019-09-28 15:22:06,028] ERROR in app: Exception on /jsc.php [POST]
Traceback (most recent call last):
  File "/home/tom/.local/lib/python3.6/site-packages/flask/app.py", line 2446, in wsgi_app
    response = self.full_dispatch_request()
  File "/home/tom/.local/lib/python3.6/site-packages/flask/app.py", line 1952, in full_dispatch_request
    return self.finalize_request(rv)
  File "/home/tom/.local/lib/python3.6/site-packages/flask/app.py", line 1967, in finalize_request
    response = self.make_response(rv)
  File "/home/tom/.local/lib/python3.6/site-packages/flask/app.py", line 2097, in make_response
    "The view function did not return a valid response. The"
TypeError: The view function did not return a valid response. The function either returned None or ended without a return statement.
[2019-09-28 15:22:06,473] ERROR in app: Exception on /jsc.php.php [POST]
Traceback (most recent call last):
  File "/home/tom/.local/lib/python3.6/site-packages/flask/app.py", line 2446, in wsgi_app
    response = self.full_dispatch_request()
  File "/home/tom/.local/lib/python3.6/site-packages/flask/app.py", line 1952, in full_dispatch_request
    return self.finalize_request(rv)
  File "/home/tom/.local/lib/python3.6/site-packages/flask/app.py", line 1967, in finalize_request
    response = self.make_response(rv)
  File "/home/tom/.local/lib/python3.6/site-packages/flask/app.py", line 2097, in make_response
    "The view function did not return a valid response. The"
TypeError: The view function did not return a valid response. The function either returned None or ended without a return statement.
[2019-09-28 15:22:07,334] ERROR in app: Exception on /jsc.php [POST]
Traceback (most recent call last):
  File "/home/tom/.local/lib/python3.6/site-packages/flask/app.py", line 2446, in wsgi_app
    response = self.full_dispatch_request()
  File "/home/tom/.local/lib/python3.6/site-packages/flask/app.py", line 1952, in full_dispatch_request
    return self.finalize_request(rv)
  File "/home/tom/.local/lib/python3.6/site-packages/flask/app.py", line 1967, in finalize_request
    response = self.make_response(rv)
  File "/home/tom/.local/lib/python3.6/site-packages/flask/app.py", line 2097, in make_response
    "The view function did not return a valid response. The"
TypeError: The view function did not return a valid response. The function either returned None or ended without a return statement.
[2019-09-28 15:22:08,309] ERROR in app: Exception on /11a.php [POST]
Traceback (most recent call last):
  File "/home/tom/.local/lib/python3.6/site-packages/flask/app.py", line 2446, in wsgi_app
    response = self.full_dispatch_request()
  File "/home/tom/.local/lib/python3.6/site-packages/flask/app.py", line 1952, in full_dispatch_request
    return self.finalize_request(rv)
  File "/home/tom/.local/lib/python3.6/site-packages/flask/app.py", line 1967, in finalize_request
    response = self.make_response(rv)
  File "/home/tom/.local/lib/python3.6/site-packages/flask/app.py", line 2097, in make_response
    "The view function did not return a valid response. The"
TypeError: The view function did not return a valid response. The function either returned None or ended without a return statement.
[2019-09-28 15:22:08,839] ERROR in app: Exception on /kkl.php [POST]
Traceback (most recent call last):
  File "/home/tom/.local/lib/python3.6/site-packages/flask/app.py", line 2446, in wsgi_app
    response = self.full_dispatch_request()
  File "/home/tom/.local/lib/python3.6/site-packages/flask/app.py", line 1952, in full_dispatch_request
    return self.finalize_request(rv)
  File "/home/tom/.local/lib/python3.6/site-packages/flask/app.py", line 1967, in finalize_request
    response = self.make_response(rv)
  File "/home/tom/.local/lib/python3.6/site-packages/flask/app.py", line 2097, in make_response
    "The view function did not return a valid response. The"
TypeError: The view function did not return a valid response. The function either returned None or ended without a return statement.
[2019-09-28 15:22:09,274] ERROR in app: Exception on /ks1.php [POST]
Traceback (most recent call last):
  File "/home/tom/.local/lib/python3.6/site-packages/flask/app.py", line 2446, in wsgi_app
    response = self.full_dispatch_request()
  File "/home/tom/.local/lib/python3.6/site-packages/flask/app.py", line 1952, in full_dispatch_request
    return self.finalize_request(rv)
  File "/home/tom/.local/lib/python3.6/site-packages/flask/app.py", line 1967, in finalize_request
    response = self.make_response(rv)
  File "/home/tom/.local/lib/python3.6/site-packages/flask/app.py", line 2097, in make_response
    "The view function did not return a valid response. The"
TypeError: The view function did not return a valid response. The function either returned None or ended without a return statement.
[2019-09-28 15:22:09,725] ERROR in app: Exception on /ooo.php [POST]
Traceback (most recent call last):
  File "/home/tom/.local/lib/python3.6/site-packages/flask/app.py", line 2446, in wsgi_app
    response = self.full_dispatch_request()
  File "/home/tom/.local/lib/python3.6/site-packages/flask/app.py", line 1952, in full_dispatch_request
    return self.finalize_request(rv)
  File "/home/tom/.local/lib/python3.6/site-packages/flask/app.py", line 1967, in finalize_request
    response = self.make_response(rv)
  File "/home/tom/.local/lib/python3.6/site-packages/flask/app.py", line 2097, in make_response
    "The view function did not return a valid response. The"
TypeError: The view function did not return a valid response. The function either returned None or ended without a return statement.
[2019-09-28 15:22:10,163] ERROR in app: Exception on /wsx.php [POST]
Traceback (most recent call last):
  File "/home/tom/.local/lib/python3.6/site-packages/flask/app.py", line 2446, in wsgi_app
    response = self.full_dispatch_request()
  File "/home/tom/.local/lib/python3.6/site-packages/flask/app.py", line 1952, in full_dispatch_request
    return self.finalize_request(rv)
  File "/home/tom/.local/lib/python3.6/site-packages/flask/app.py", line 1967, in finalize_request
    response = self.make_response(rv)
  File "/home/tom/.local/lib/python3.6/site-packages/flask/app.py", line 2097, in make_response
    "The view function did not return a valid response. The"
TypeError: The view function did not return a valid response. The function either returned None or ended without a return statement.
[2019-09-28 15:22:10,607] ERROR in app: Exception on /lz.php [POST]
Traceback (most recent call last):
  File "/home/tom/.local/lib/python3.6/site-packages/flask/app.py", line 2446, in wsgi_app
    response = self.full_dispatch_request()
  File "/home/tom/.local/lib/python3.6/site-packages/flask/app.py", line 1952, in full_dispatch_request
    return self.finalize_request(rv)
  File "/home/tom/.local/lib/python3.6/site-packages/flask/app.py", line 1967, in finalize_request
    response = self.make_response(rv)
  File "/home/tom/.local/lib/python3.6/site-packages/flask/app.py", line 2097, in make_response
    "The view function did not return a valid response. The"
TypeError: The view function did not return a valid response. The function either returned None or ended without a return statement.
[2019-09-28 15:22:11,058] ERROR in app: Exception on /zmp.php [POST]
Traceback (most recent call last):
  File "/home/tom/.local/lib/python3.6/site-packages/flask/app.py", line 2446, in wsgi_app
    response = self.full_dispatch_request()
  File "/home/tom/.local/lib/python3.6/site-packages/flask/app.py", line 1952, in full_dispatch_request
    return self.finalize_request(rv)
  File "/home/tom/.local/lib/python3.6/site-packages/flask/app.py", line 1967, in finalize_request
    response = self.make_response(rv)
  File "/home/tom/.local/lib/python3.6/site-packages/flask/app.py", line 2097, in make_response
    "The view function did not return a valid response. The"
TypeError: The view function did not return a valid response. The function either returned None or ended without a return statement.
[2019-09-28 15:22:11,512] ERROR in app: Exception on /803.php [POST]
Traceback (most recent call last):
  File "/home/tom/.local/lib/python3.6/site-packages/flask/app.py", line 2446, in wsgi_app
    response = self.full_dispatch_request()
  File "/home/tom/.local/lib/python3.6/site-packages/flask/app.py", line 1952, in full_dispatch_request
    return self.finalize_request(rv)
  File "/home/tom/.local/lib/python3.6/site-packages/flask/app.py", line 1967, in finalize_request
    response = self.make_response(rv)
  File "/home/tom/.local/lib/python3.6/site-packages/flask/app.py", line 2097, in make_response
    "The view function did not return a valid response. The"
TypeError: The view function did not return a valid response. The function either returned None or ended without a return statement.
[2019-09-28 15:22:12,890] ERROR in app: Exception on /zzz.php [POST]
Traceback (most recent call last):
  File "/home/tom/.local/lib/python3.6/site-packages/flask/app.py", line 2446, in wsgi_app
    response = self.full_dispatch_request()
  File "/home/tom/.local/lib/python3.6/site-packages/flask/app.py", line 1952, in full_dispatch_request
    return self.finalize_request(rv)
  File "/home/tom/.local/lib/python3.6/site-packages/flask/app.py", line 1967, in finalize_request
    response = self.make_response(rv)
  File "/home/tom/.local/lib/python3.6/site-packages/flask/app.py", line 2097, in make_response
    "The view function did not return a valid response. The"
TypeError: The view function did not return a valid response. The function either returned None or ended without a return statement.
[2019-09-28 15:22:13,348] ERROR in app: Exception on /ze.php [POST]
Traceback (most recent call last):
  File "/home/tom/.local/lib/python3.6/site-packages/flask/app.py", line 2446, in wsgi_app
    response = self.full_dispatch_request()
  File "/home/tom/.local/lib/python3.6/site-packages/flask/app.py", line 1952, in full_dispatch_request
    return self.finalize_request(rv)
  File "/home/tom/.local/lib/python3.6/site-packages/flask/app.py", line 1967, in finalize_request
    response = self.make_response(rv)
  File "/home/tom/.local/lib/python3.6/site-packages/flask/app.py", line 2097, in make_response
    "The view function did not return a valid response. The"
TypeError: The view function did not return a valid response. The function either returned None or ended without a return statement.
[2019-09-28 15:22:13,782] ERROR in app: Exception on /nnb.php [POST]
Traceback (most recent call last):
  File "/home/tom/.local/lib/python3.6/site-packages/flask/app.py", line 2446, in wsgi_app
    response = self.full_dispatch_request()
  File "/home/tom/.local/lib/python3.6/site-packages/flask/app.py", line 1952, in full_dispatch_request
    return self.finalize_request(rv)
  File "/home/tom/.local/lib/python3.6/site-packages/flask/app.py", line 1967, in finalize_request
    response = self.make_response(rv)
  File "/home/tom/.local/lib/python3.6/site-packages/flask/app.py", line 2097, in make_response
    "The view function did not return a valid response. The"
TypeError: The view function did not return a valid response. The function either returned None or ended without a return statement.
[2019-09-28 15:22:14,221] ERROR in app: Exception on /lkio.php [POST]
Traceback (most recent call last):
  File "/home/tom/.local/lib/python3.6/site-packages/flask/app.py", line 2446, in wsgi_app
    response = self.full_dispatch_request()
  File "/home/tom/.local/lib/python3.6/site-packages/flask/app.py", line 1952, in full_dispatch_request
    return self.finalize_request(rv)
  File "/home/tom/.local/lib/python3.6/site-packages/flask/app.py", line 1967, in finalize_request
    response = self.make_response(rv)
  File "/home/tom/.local/lib/python3.6/site-packages/flask/app.py", line 2097, in make_response
    "The view function did not return a valid response. The"
TypeError: The view function did not return a valid response. The function either returned None or ended without a return statement.
[2019-09-28 15:22:14,654] ERROR in app: Exception on /mm.php [POST]
Traceback (most recent call last):
  File "/home/tom/.local/lib/python3.6/site-packages/flask/app.py", line 2446, in wsgi_app
    response = self.full_dispatch_request()
  File "/home/tom/.local/lib/python3.6/site-packages/flask/app.py", line 1952, in full_dispatch_request
    return self.finalize_request(rv)
  File "/home/tom/.local/lib/python3.6/site-packages/flask/app.py", line 1967, in finalize_request
    response = self.make_response(rv)
  File "/home/tom/.local/lib/python3.6/site-packages/flask/app.py", line 2097, in make_response
    "The view function did not return a valid response. The"
TypeError: The view function did not return a valid response. The function either returned None or ended without a return statement.
[2019-09-28 15:22:15,085] ERROR in app: Exception on /mmp.php [POST]
Traceback (most recent call last):
  File "/home/tom/.local/lib/python3.6/site-packages/flask/app.py", line 2446, in wsgi_app
    response = self.full_dispatch_request()
  File "/home/tom/.local/lib/python3.6/site-packages/flask/app.py", line 1952, in full_dispatch_request
    return self.finalize_request(rv)
  File "/home/tom/.local/lib/python3.6/site-packages/flask/app.py", line 1967, in finalize_request
    response = self.make_response(rv)
  File "/home/tom/.local/lib/python3.6/site-packages/flask/app.py", line 2097, in make_response
    "The view function did not return a valid response. The"
TypeError: The view function did not return a valid response. The function either returned None or ended without a return statement.
[2019-09-28 15:22:15,516] ERROR in app: Exception on /hades.php [POST]
Traceback (most recent call last):
  File "/home/tom/.local/lib/python3.6/site-packages/flask/app.py", line 2446, in wsgi_app
    response = self.full_dispatch_request()
  File "/home/tom/.local/lib/python3.6/site-packages/flask/app.py", line 1952, in full_dispatch_request
    return self.finalize_request(rv)
  File "/home/tom/.local/lib/python3.6/site-packages/flask/app.py", line 1967, in finalize_request
    response = self.make_response(rv)
  File "/home/tom/.local/lib/python3.6/site-packages/flask/app.py", line 2097, in make_response
    "The view function did not return a valid response. The"
TypeError: The view function did not return a valid response. The function either returned None or ended without a return statement.
[2019-09-28 15:22:16,829] ERROR in app: Exception on /muma.php [POST]
Traceback (most recent call last):
  File "/home/tom/.local/lib/python3.6/site-packages/flask/app.py", line 2446, in wsgi_app
    response = self.full_dispatch_request()
  File "/home/tom/.local/lib/python3.6/site-packages/flask/app.py", line 1952, in full_dispatch_request
    return self.finalize_request(rv)
  File "/home/tom/.local/lib/python3.6/site-packages/flask/app.py", line 1967, in finalize_request
    response = self.make_response(rv)
  File "/home/tom/.local/lib/python3.6/site-packages/flask/app.py", line 2097, in make_response
    "The view function did not return a valid response. The"
TypeError: The view function did not return a valid response. The function either returned None or ended without a return statement.
[2019-09-28 15:22:17,279] ERROR in app: Exception on /shell.php [POST]
Traceback (most recent call last):
  File "/home/tom/.local/lib/python3.6/site-packages/flask/app.py", line 2446, in wsgi_app
    response = self.full_dispatch_request()
  File "/home/tom/.local/lib/python3.6/site-packages/flask/app.py", line 1952, in full_dispatch_request
    return self.finalize_request(rv)
  File "/home/tom/.local/lib/python3.6/site-packages/flask/app.py", line 1967, in finalize_request
    response = self.make_response(rv)
  File "/home/tom/.local/lib/python3.6/site-packages/flask/app.py", line 2097, in make_response
    "The view function did not return a valid response. The"
TypeError: The view function did not return a valid response. The function either returned None or ended without a return statement.
[2019-09-28 15:22:17,712] ERROR in app: Exception on /zza.php [POST]
Traceback (most recent call last):
  File "/home/tom/.local/lib/python3.6/site-packages/flask/app.py", line 2446, in wsgi_app
    response = self.full_dispatch_request()
  File "/home/tom/.local/lib/python3.6/site-packages/flask/app.py", line 1952, in full_dispatch_request
    return self.finalize_request(rv)
  File "/home/tom/.local/lib/python3.6/site-packages/flask/app.py", line 1967, in finalize_request
    response = self.make_response(rv)
  File "/home/tom/.local/lib/python3.6/site-packages/flask/app.py", line 2097, in make_response
    "The view function did not return a valid response. The"
TypeError: The view function did not return a valid response. The function either returned None or ended without a return statement.
[2019-09-28 15:22:18,795] ERROR in app: Exception on /ag.php [POST]
Traceback (most recent call last):
  File "/home/tom/.local/lib/python3.6/site-packages/flask/app.py", line 2446, in wsgi_app
    response = self.full_dispatch_request()
  File "/home/tom/.local/lib/python3.6/site-packages/flask/app.py", line 1952, in full_dispatch_request
    return self.finalize_request(rv)
  File "/home/tom/.local/lib/python3.6/site-packages/flask/app.py", line 1967, in finalize_request
    response = self.make_response(rv)
  File "/home/tom/.local/lib/python3.6/site-packages/flask/app.py", line 2097, in make_response
    "The view function did not return a valid response. The"
TypeError: The view function did not return a valid response. The function either returned None or ended without a return statement.
[2019-09-28 15:22:19,237] ERROR in app: Exception on /my.php [POST]
Traceback (most recent call last):
  File "/home/tom/.local/lib/python3.6/site-packages/flask/app.py", line 2446, in wsgi_app
    response = self.full_dispatch_request()
  File "/home/tom/.local/lib/python3.6/site-packages/flask/app.py", line 1952, in full_dispatch_request
    return self.finalize_request(rv)
  File "/home/tom/.local/lib/python3.6/site-packages/flask/app.py", line 1967, in finalize_request
    response = self.make_response(rv)
  File "/home/tom/.local/lib/python3.6/site-packages/flask/app.py", line 2097, in make_response
    "The view function did not return a valid response. The"
TypeError: The view function did not return a valid response. The function either returned None or ended without a return statement.
[2019-09-28 15:22:19,678] ERROR in app: Exception on /aa.php [POST]
Traceback (most recent call last):
  File "/home/tom/.local/lib/python3.6/site-packages/flask/app.py", line 2446, in wsgi_app
    response = self.full_dispatch_request()
  File "/home/tom/.local/lib/python3.6/site-packages/flask/app.py", line 1952, in full_dispatch_request
    return self.finalize_request(rv)
  File "/home/tom/.local/lib/python3.6/site-packages/flask/app.py", line 1967, in finalize_request
    response = self.make_response(rv)
  File "/home/tom/.local/lib/python3.6/site-packages/flask/app.py", line 2097, in make_response
    "The view function did not return a valid response. The"
TypeError: The view function did not return a valid response. The function either returned None or ended without a return statement.
[2019-09-28 15:22:20,128] ERROR in app: Exception on /qq.php [POST]
Traceback (most recent call last):
  File "/home/tom/.local/lib/python3.6/site-packages/flask/app.py", line 2446, in wsgi_app
    response = self.full_dispatch_request()
  File "/home/tom/.local/lib/python3.6/site-packages/flask/app.py", line 1952, in full_dispatch_request
    return self.finalize_request(rv)
  File "/home/tom/.local/lib/python3.6/site-packages/flask/app.py", line 1967, in finalize_request
    response = self.make_response(rv)
  File "/home/tom/.local/lib/python3.6/site-packages/flask/app.py", line 2097, in make_response
    "The view function did not return a valid response. The"
TypeError: The view function did not return a valid response. The function either returned None or ended without a return statement.
[2019-09-28 15:22:20,819] ERROR in app: Exception on /config.php [POST]
Traceback (most recent call last):
  File "/home/tom/.local/lib/python3.6/site-packages/flask/app.py", line 2446, in wsgi_app
    response = self.full_dispatch_request()
  File "/home/tom/.local/lib/python3.6/site-packages/flask/app.py", line 1952, in full_dispatch_request
    return self.finalize_request(rv)
  File "/home/tom/.local/lib/python3.6/site-packages/flask/app.py", line 1967, in finalize_request
    response = self.make_response(rv)
  File "/home/tom/.local/lib/python3.6/site-packages/flask/app.py", line 2097, in make_response
    "The view function did not return a valid response. The"
TypeError: The view function did not return a valid response. The function either returned None or ended without a return statement.
[2019-09-28 15:22:21,252] ERROR in app: Exception on /1.php [POST]
Traceback (most recent call last):
  File "/home/tom/.local/lib/python3.6/site-packages/flask/app.py", line 2446, in wsgi_app
    response = self.full_dispatch_request()
  File "/home/tom/.local/lib/python3.6/site-packages/flask/app.py", line 1952, in full_dispatch_request
    return self.finalize_request(rv)
  File "/home/tom/.local/lib/python3.6/site-packages/flask/app.py", line 1967, in finalize_request
    response = self.make_response(rv)
  File "/home/tom/.local/lib/python3.6/site-packages/flask/app.py", line 2097, in make_response
    "The view function did not return a valid response. The"
TypeError: The view function did not return a valid response. The function either returned None or ended without a return statement.
[2019-09-28 15:22:21,696] ERROR in app: Exception on /1.php [POST]
Traceback (most recent call last):
  File "/home/tom/.local/lib/python3.6/site-packages/flask/app.py", line 2446, in wsgi_app
    response = self.full_dispatch_request()
  File "/home/tom/.local/lib/python3.6/site-packages/flask/app.py", line 1952, in full_dispatch_request
    return self.finalize_request(rv)
  File "/home/tom/.local/lib/python3.6/site-packages/flask/app.py", line 1967, in finalize_request
    response = self.make_response(rv)
  File "/home/tom/.local/lib/python3.6/site-packages/flask/app.py", line 2097, in make_response
    "The view function did not return a valid response. The"
TypeError: The view function did not return a valid response. The function either returned None or ended without a return statement.
[2019-09-28 15:22:22,139] ERROR in app: Exception on /miao.php [POST]
Traceback (most recent call last):
  File "/home/tom/.local/lib/python3.6/site-packages/flask/app.py", line 2446, in wsgi_app
    response = self.full_dispatch_request()
  File "/home/tom/.local/lib/python3.6/site-packages/flask/app.py", line 1952, in full_dispatch_request
    return self.finalize_request(rv)
  File "/home/tom/.local/lib/python3.6/site-packages/flask/app.py", line 1967, in finalize_request
    response = self.make_response(rv)
  File "/home/tom/.local/lib/python3.6/site-packages/flask/app.py", line 2097, in make_response
    "The view function did not return a valid response. The"
TypeError: The view function did not return a valid response. The function either returned None or ended without a return statement.
[2019-09-28 15:22:23,230] ERROR in app: Exception on /j.php [POST]
Traceback (most recent call last):
  File "/home/tom/.local/lib/python3.6/site-packages/flask/app.py", line 2446, in wsgi_app
    response = self.full_dispatch_request()
  File "/home/tom/.local/lib/python3.6/site-packages/flask/app.py", line 1952, in full_dispatch_request
    return self.finalize_request(rv)
  File "/home/tom/.local/lib/python3.6/site-packages/flask/app.py", line 1967, in finalize_request
    response = self.make_response(rv)
  File "/home/tom/.local/lib/python3.6/site-packages/flask/app.py", line 2097, in make_response
    "The view function did not return a valid response. The"
TypeError: The view function did not return a valid response. The function either returned None or ended without a return statement.
[2019-09-28 15:22:23,664] ERROR in app: Exception on /cc.php [POST]
Traceback (most recent call last):
  File "/home/tom/.local/lib/python3.6/site-packages/flask/app.py", line 2446, in wsgi_app
    response = self.full_dispatch_request()
  File "/home/tom/.local/lib/python3.6/site-packages/flask/app.py", line 1952, in full_dispatch_request
    return self.finalize_request(rv)
  File "/home/tom/.local/lib/python3.6/site-packages/flask/app.py", line 1967, in finalize_request
    response = self.make_response(rv)
  File "/home/tom/.local/lib/python3.6/site-packages/flask/app.py", line 2097, in make_response
    "The view function did not return a valid response. The"
TypeError: The view function did not return a valid response. The function either returned None or ended without a return statement.
[2019-09-28 15:22:24,130] ERROR in app: Exception on /xiaodai.php [POST]
Traceback (most recent call last):
  File "/home/tom/.local/lib/python3.6/site-packages/flask/app.py", line 2446, in wsgi_app
    response = self.full_dispatch_request()
  File "/home/tom/.local/lib/python3.6/site-packages/flask/app.py", line 1952, in full_dispatch_request
    return self.finalize_request(rv)
  File "/home/tom/.local/lib/python3.6/site-packages/flask/app.py", line 1967, in finalize_request
    response = self.make_response(rv)
  File "/home/tom/.local/lib/python3.6/site-packages/flask/app.py", line 2097, in make_response
    "The view function did not return a valid response. The"
TypeError: The view function did not return a valid response. The function either returned None or ended without a return statement.
[2019-09-28 15:22:24,822] ERROR in app: Exception on /db.init.php [POST]
Traceback (most recent call last):
  File "/home/tom/.local/lib/python3.6/site-packages/flask/app.py", line 2446, in wsgi_app
    response = self.full_dispatch_request()
  File "/home/tom/.local/lib/python3.6/site-packages/flask/app.py", line 1952, in full_dispatch_request
    return self.finalize_request(rv)
  File "/home/tom/.local/lib/python3.6/site-packages/flask/app.py", line 1967, in finalize_request
    response = self.make_response(rv)
  File "/home/tom/.local/lib/python3.6/site-packages/flask/app.py", line 2097, in make_response
    "The view function did not return a valid response. The"
TypeError: The view function did not return a valid response. The function either returned None or ended without a return statement.
[2019-09-28 15:22:25,255] ERROR in app: Exception on /db_session.init.php [POST]
Traceback (most recent call last):
  File "/home/tom/.local/lib/python3.6/site-packages/flask/app.py", line 2446, in wsgi_app
    response = self.full_dispatch_request()
  File "/home/tom/.local/lib/python3.6/site-packages/flask/app.py", line 1952, in full_dispatch_request
    return self.finalize_request(rv)
  File "/home/tom/.local/lib/python3.6/site-packages/flask/app.py", line 1967, in finalize_request
    response = self.make_response(rv)
  File "/home/tom/.local/lib/python3.6/site-packages/flask/app.py", line 2097, in make_response
    "The view function did not return a valid response. The"
TypeError: The view function did not return a valid response. The function either returned None or ended without a return statement.
[2019-09-28 15:22:25,702] ERROR in app: Exception on /db__.init.php [POST]
Traceback (most recent call last):
  File "/home/tom/.local/lib/python3.6/site-packages/flask/app.py", line 2446, in wsgi_app
    response = self.full_dispatch_request()
  File "/home/tom/.local/lib/python3.6/site-packages/flask/app.py", line 1952, in full_dispatch_request
    return self.finalize_request(rv)
  File "/home/tom/.local/lib/python3.6/site-packages/flask/app.py", line 1967, in finalize_request
    response = self.make_response(rv)
  File "/home/tom/.local/lib/python3.6/site-packages/flask/app.py", line 2097, in make_response
    "The view function did not return a valid response. The"
TypeError: The view function did not return a valid response. The function either returned None or ended without a return statement.
[2019-09-28 15:22:26,158] ERROR in app: Exception on /wp-admins.php [POST]
Traceback (most recent call last):
  File "/home/tom/.local/lib/python3.6/site-packages/flask/app.py", line 2446, in wsgi_app
    response = self.full_dispatch_request()
  File "/home/tom/.local/lib/python3.6/site-packages/flask/app.py", line 1952, in full_dispatch_request
    return self.finalize_request(rv)
  File "/home/tom/.local/lib/python3.6/site-packages/flask/app.py", line 1967, in finalize_request
    response = self.make_response(rv)
  File "/home/tom/.local/lib/python3.6/site-packages/flask/app.py", line 2097, in make_response
    "The view function did not return a valid response. The"
TypeError: The view function did not return a valid response. The function either returned None or ended without a return statement.
[2019-09-28 15:22:26,621] ERROR in app: Exception on /m.php [POST]
Traceback (most recent call last):
  File "/home/tom/.local/lib/python3.6/site-packages/flask/app.py", line 2446, in wsgi_app
    response = self.full_dispatch_request()
  File "/home/tom/.local/lib/python3.6/site-packages/flask/app.py", line 1952, in full_dispatch_request
    return self.finalize_request(rv)
  File "/home/tom/.local/lib/python3.6/site-packages/flask/app.py", line 1967, in finalize_request
    response = self.make_response(rv)
  File "/home/tom/.local/lib/python3.6/site-packages/flask/app.py", line 2097, in make_response
    "The view function did not return a valid response. The"
TypeError: The view function did not return a valid response. The function either returned None or ended without a return statement.
[2019-09-28 15:22:27,073] ERROR in app: Exception on /error.php [POST]
Traceback (most recent call last):
  File "/home/tom/.local/lib/python3.6/site-packages/flask/app.py", line 2446, in wsgi_app
    response = self.full_dispatch_request()
  File "/home/tom/.local/lib/python3.6/site-packages/flask/app.py", line 1952, in full_dispatch_request
    return self.finalize_request(rv)
  File "/home/tom/.local/lib/python3.6/site-packages/flask/app.py", line 1967, in finalize_request
    response = self.make_response(rv)
  File "/home/tom/.local/lib/python3.6/site-packages/flask/app.py", line 2097, in make_response
    "The view function did not return a valid response. The"
TypeError: The view function did not return a valid response. The function either returned None or ended without a return statement.
[2019-09-28 15:22:27,513] ERROR in app: Exception on /099.php [POST]
Traceback (most recent call last):
  File "/home/tom/.local/lib/python3.6/site-packages/flask/app.py", line 2446, in wsgi_app
    response = self.full_dispatch_request()
  File "/home/tom/.local/lib/python3.6/site-packages/flask/app.py", line 1952, in full_dispatch_request
    return self.finalize_request(rv)
  File "/home/tom/.local/lib/python3.6/site-packages/flask/app.py", line 1967, in finalize_request
    response = self.make_response(rv)
  File "/home/tom/.local/lib/python3.6/site-packages/flask/app.py", line 2097, in make_response
    "The view function did not return a valid response. The"
TypeError: The view function did not return a valid response. The function either returned None or ended without a return statement.
[2019-09-28 15:22:27,953] ERROR in app: Exception on /_404.php [POST]
Traceback (most recent call last):
  File "/home/tom/.local/lib/python3.6/site-packages/flask/app.py", line 2446, in wsgi_app
    response = self.full_dispatch_request()
  File "/home/tom/.local/lib/python3.6/site-packages/flask/app.py", line 1952, in full_dispatch_request
    return self.finalize_request(rv)
  File "/home/tom/.local/lib/python3.6/site-packages/flask/app.py", line 1967, in finalize_request
    response = self.make_response(rv)
  File "/home/tom/.local/lib/python3.6/site-packages/flask/app.py", line 2097, in make_response
    "The view function did not return a valid response. The"
TypeError: The view function did not return a valid response. The function either returned None or ended without a return statement.
[2019-09-28 15:22:28,400] ERROR in app: Exception on /Alarg53.php [POST]
Traceback (most recent call last):
  File "/home/tom/.local/lib/python3.6/site-packages/flask/app.py", line 2446, in wsgi_app
    response = self.full_dispatch_request()
  File "/home/tom/.local/lib/python3.6/site-packages/flask/app.py", line 1952, in full_dispatch_request
    return self.finalize_request(rv)
  File "/home/tom/.local/lib/python3.6/site-packages/flask/app.py", line 1967, in finalize_request
    response = self.make_response(rv)
  File "/home/tom/.local/lib/python3.6/site-packages/flask/app.py", line 2097, in make_response
    "The view function did not return a valid response. The"
TypeError: The view function did not return a valid response. The function either returned None or ended without a return statement.
[2019-09-28 15:22:28,862] ERROR in app: Exception on /lapan.php [POST]
Traceback (most recent call last):
  File "/home/tom/.local/lib/python3.6/site-packages/flask/app.py", line 2446, in wsgi_app
    response = self.full_dispatch_request()
  File "/home/tom/.local/lib/python3.6/site-packages/flask/app.py", line 1952, in full_dispatch_request
    return self.finalize_request(rv)
  File "/home/tom/.local/lib/python3.6/site-packages/flask/app.py", line 1967, in finalize_request
    response = self.make_response(rv)
  File "/home/tom/.local/lib/python3.6/site-packages/flask/app.py", line 2097, in make_response
    "The view function did not return a valid response. The"
TypeError: The view function did not return a valid response. The function either returned None or ended without a return statement.
[2019-09-28 15:22:29,313] ERROR in app: Exception on /p34ky1337.php [POST]
Traceback (most recent call last):
  File "/home/tom/.local/lib/python3.6/site-packages/flask/app.py", line 2446, in wsgi_app
    response = self.full_dispatch_request()
  File "/home/tom/.local/lib/python3.6/site-packages/flask/app.py", line 1952, in full_dispatch_request
    return self.finalize_request(rv)
  File "/home/tom/.local/lib/python3.6/site-packages/flask/app.py", line 1967, in finalize_request
    response = self.make_response(rv)
  File "/home/tom/.local/lib/python3.6/site-packages/flask/app.py", line 2097, in make_response
    "The view function did not return a valid response. The"
TypeError: The view function did not return a valid response. The function either returned None or ended without a return statement.
[2019-09-28 15:22:29,748] ERROR in app: Exception on /pk1914.php [POST]
Traceback (most recent call last):
  File "/home/tom/.local/lib/python3.6/site-packages/flask/app.py", line 2446, in wsgi_app
    response = self.full_dispatch_request()
  File "/home/tom/.local/lib/python3.6/site-packages/flask/app.py", line 1952, in full_dispatch_request
    return self.finalize_request(rv)
  File "/home/tom/.local/lib/python3.6/site-packages/flask/app.py", line 1967, in finalize_request
    response = self.make_response(rv)
  File "/home/tom/.local/lib/python3.6/site-packages/flask/app.py", line 2097, in make_response
    "The view function did not return a valid response. The"
TypeError: The view function did not return a valid response. The function either returned None or ended without a return statement.
[2019-09-28 15:22:30,179] ERROR in app: Exception on /sllolx.php [POST]
Traceback (most recent call last):
  File "/home/tom/.local/lib/python3.6/site-packages/flask/app.py", line 2446, in wsgi_app
    response = self.full_dispatch_request()
  File "/home/tom/.local/lib/python3.6/site-packages/flask/app.py", line 1952, in full_dispatch_request
    return self.finalize_request(rv)
  File "/home/tom/.local/lib/python3.6/site-packages/flask/app.py", line 1967, in finalize_request
    response = self.make_response(rv)
  File "/home/tom/.local/lib/python3.6/site-packages/flask/app.py", line 2097, in make_response
    "The view function did not return a valid response. The"
TypeError: The view function did not return a valid response. The function either returned None or ended without a return statement.
[2019-09-28 15:22:30,630] ERROR in app: Exception on /Skri.php [POST]
Traceback (most recent call last):
  File "/home/tom/.local/lib/python3.6/site-packages/flask/app.py", line 2446, in wsgi_app
    response = self.full_dispatch_request()
  File "/home/tom/.local/lib/python3.6/site-packages/flask/app.py", line 1952, in full_dispatch_request
    return self.finalize_request(rv)
  File "/home/tom/.local/lib/python3.6/site-packages/flask/app.py", line 1967, in finalize_request
    response = self.make_response(rv)
  File "/home/tom/.local/lib/python3.6/site-packages/flask/app.py", line 2097, in make_response
    "The view function did not return a valid response. The"
TypeError: The view function did not return a valid response. The function either returned None or ended without a return statement.
[2019-09-28 15:22:31,065] ERROR in app: Exception on /db_dataml.php [POST]
Traceback (most recent call last):
  File "/home/tom/.local/lib/python3.6/site-packages/flask/app.py", line 2446, in wsgi_app
    response = self.full_dispatch_request()
  File "/home/tom/.local/lib/python3.6/site-packages/flask/app.py", line 1952, in full_dispatch_request
    return self.finalize_request(rv)
  File "/home/tom/.local/lib/python3.6/site-packages/flask/app.py", line 1967, in finalize_request
    response = self.make_response(rv)
  File "/home/tom/.local/lib/python3.6/site-packages/flask/app.py", line 2097, in make_response
    "The view function did not return a valid response. The"
TypeError: The view function did not return a valid response. The function either returned None or ended without a return statement.
[2019-09-28 15:22:31,508] ERROR in app: Exception on /db_desql.php [POST]
Traceback (most recent call last):
  File "/home/tom/.local/lib/python3.6/site-packages/flask/app.py", line 2446, in wsgi_app
    response = self.full_dispatch_request()
  File "/home/tom/.local/lib/python3.6/site-packages/flask/app.py", line 1952, in full_dispatch_request
    return self.finalize_request(rv)
  File "/home/tom/.local/lib/python3.6/site-packages/flask/app.py", line 1967, in finalize_request
    response = self.make_response(rv)
  File "/home/tom/.local/lib/python3.6/site-packages/flask/app.py", line 2097, in make_response
    "The view function did not return a valid response. The"
TypeError: The view function did not return a valid response. The function either returned None or ended without a return statement.
[2019-09-28 15:22:31,966] ERROR in app: Exception on /mx.php [POST]
Traceback (most recent call last):
  File "/home/tom/.local/lib/python3.6/site-packages/flask/app.py", line 2446, in wsgi_app
    response = self.full_dispatch_request()
  File "/home/tom/.local/lib/python3.6/site-packages/flask/app.py", line 1952, in full_dispatch_request
    return self.finalize_request(rv)
  File "/home/tom/.local/lib/python3.6/site-packages/flask/app.py", line 1967, in finalize_request
    response = self.make_response(rv)
  File "/home/tom/.local/lib/python3.6/site-packages/flask/app.py", line 2097, in make_response
    "The view function did not return a valid response. The"
TypeError: The view function did not return a valid response. The function either returned None or ended without a return statement.
[2019-09-28 15:22:32,403] ERROR in app: Exception on /wshell.php [POST]
Traceback (most recent call last):
  File "/home/tom/.local/lib/python3.6/site-packages/flask/app.py", line 2446, in wsgi_app
    response = self.full_dispatch_request()
  File "/home/tom/.local/lib/python3.6/site-packages/flask/app.py", line 1952, in full_dispatch_request
    return self.finalize_request(rv)
  File "/home/tom/.local/lib/python3.6/site-packages/flask/app.py", line 1967, in finalize_request
    response = self.make_response(rv)
  File "/home/tom/.local/lib/python3.6/site-packages/flask/app.py", line 2097, in make_response
    "The view function did not return a valid response. The"
TypeError: The view function did not return a valid response. The function either returned None or ended without a return statement.
[2019-09-28 15:22:33,406] ERROR in app: Exception on /xshell.php [POST]
Traceback (most recent call last):
  File "/home/tom/.local/lib/python3.6/site-packages/flask/app.py", line 2446, in wsgi_app
    response = self.full_dispatch_request()
  File "/home/tom/.local/lib/python3.6/site-packages/flask/app.py", line 1952, in full_dispatch_request
    return self.finalize_request(rv)
  File "/home/tom/.local/lib/python3.6/site-packages/flask/app.py", line 1967, in finalize_request
    response = self.make_response(rv)
  File "/home/tom/.local/lib/python3.6/site-packages/flask/app.py", line 2097, in make_response
    "The view function did not return a valid response. The"
TypeError: The view function did not return a valid response. The function either returned None or ended without a return statement.
[2019-09-28 15:22:33,854] ERROR in app: Exception on /qq.php [POST]
Traceback (most recent call last):
  File "/home/tom/.local/lib/python3.6/site-packages/flask/app.py", line 2446, in wsgi_app
    response = self.full_dispatch_request()
  File "/home/tom/.local/lib/python3.6/site-packages/flask/app.py", line 1952, in full_dispatch_request
    return self.finalize_request(rv)
  File "/home/tom/.local/lib/python3.6/site-packages/flask/app.py", line 1967, in finalize_request
    response = self.make_response(rv)
  File "/home/tom/.local/lib/python3.6/site-packages/flask/app.py", line 2097, in make_response
    "The view function did not return a valid response. The"
TypeError: The view function did not return a valid response. The function either returned None or ended without a return statement.
[2019-09-28 15:22:34,287] ERROR in app: Exception on /conflg.php [POST]
Traceback (most recent call last):
  File "/home/tom/.local/lib/python3.6/site-packages/flask/app.py", line 2446, in wsgi_app
    response = self.full_dispatch_request()
  File "/home/tom/.local/lib/python3.6/site-packages/flask/app.py", line 1952, in full_dispatch_request
    return self.finalize_request(rv)
  File "/home/tom/.local/lib/python3.6/site-packages/flask/app.py", line 1967, in finalize_request
    response = self.make_response(rv)
  File "/home/tom/.local/lib/python3.6/site-packages/flask/app.py", line 2097, in make_response
    "The view function did not return a valid response. The"
TypeError: The view function did not return a valid response. The function either returned None or ended without a return statement.
[2019-09-28 15:22:34,750] ERROR in app: Exception on /conflg.php [POST]
Traceback (most recent call last):
  File "/home/tom/.local/lib/python3.6/site-packages/flask/app.py", line 2446, in wsgi_app
    response = self.full_dispatch_request()
  File "/home/tom/.local/lib/python3.6/site-packages/flask/app.py", line 1952, in full_dispatch_request
    return self.finalize_request(rv)
  File "/home/tom/.local/lib/python3.6/site-packages/flask/app.py", line 1967, in finalize_request
    response = self.make_response(rv)
  File "/home/tom/.local/lib/python3.6/site-packages/flask/app.py", line 2097, in make_response
    "The view function did not return a valid response. The"
TypeError: The view function did not return a valid response. The function either returned None or ended without a return statement.
[2019-09-28 15:22:35,223] ERROR in app: Exception on /lindex.php [POST]
Traceback (most recent call last):
  File "/home/tom/.local/lib/python3.6/site-packages/flask/app.py", line 2446, in wsgi_app
    response = self.full_dispatch_request()
  File "/home/tom/.local/lib/python3.6/site-packages/flask/app.py", line 1952, in full_dispatch_request
    return self.finalize_request(rv)
  File "/home/tom/.local/lib/python3.6/site-packages/flask/app.py", line 1967, in finalize_request
    response = self.make_response(rv)
  File "/home/tom/.local/lib/python3.6/site-packages/flask/app.py", line 2097, in make_response
    "The view function did not return a valid response. The"
TypeError: The view function did not return a valid response. The function either returned None or ended without a return statement.
[2019-09-28 15:22:35,677] ERROR in app: Exception on /phpstudy.php [POST]
Traceback (most recent call last):
  File "/home/tom/.local/lib/python3.6/site-packages/flask/app.py", line 2446, in wsgi_app
    response = self.full_dispatch_request()
  File "/home/tom/.local/lib/python3.6/site-packages/flask/app.py", line 1952, in full_dispatch_request
    return self.finalize_request(rv)
  File "/home/tom/.local/lib/python3.6/site-packages/flask/app.py", line 1967, in finalize_request
    response = self.make_response(rv)
  File "/home/tom/.local/lib/python3.6/site-packages/flask/app.py", line 2097, in make_response
    "The view function did not return a valid response. The"
TypeError: The view function did not return a valid response. The function either returned None or ended without a return statement.
[2019-09-28 15:22:36,136] ERROR in app: Exception on /phpStudy.php [POST]
Traceback (most recent call last):
  File "/home/tom/.local/lib/python3.6/site-packages/flask/app.py", line 2446, in wsgi_app
    response = self.full_dispatch_request()
  File "/home/tom/.local/lib/python3.6/site-packages/flask/app.py", line 1952, in full_dispatch_request
    return self.finalize_request(rv)
  File "/home/tom/.local/lib/python3.6/site-packages/flask/app.py", line 1967, in finalize_request
    response = self.make_response(rv)
  File "/home/tom/.local/lib/python3.6/site-packages/flask/app.py", line 2097, in make_response
    "The view function did not return a valid response. The"
TypeError: The view function did not return a valid response. The function either returned None or ended without a return statement.
[2019-09-28 15:22:36,833] ERROR in app: Exception on /weixiao.php [POST]
Traceback (most recent call last):
  File "/home/tom/.local/lib/python3.6/site-packages/flask/app.py", line 2446, in wsgi_app
    response = self.full_dispatch_request()
  File "/home/tom/.local/lib/python3.6/site-packages/flask/app.py", line 1952, in full_dispatch_request
    return self.finalize_request(rv)
  File "/home/tom/.local/lib/python3.6/site-packages/flask/app.py", line 1967, in finalize_request
    response = self.make_response(rv)
  File "/home/tom/.local/lib/python3.6/site-packages/flask/app.py", line 2097, in make_response
    "The view function did not return a valid response. The"
TypeError: The view function did not return a valid response. The function either returned None or ended without a return statement.
[2019-09-28 15:22:37,291] ERROR in app: Exception on /feixiang.php [POST]
Traceback (most recent call last):
  File "/home/tom/.local/lib/python3.6/site-packages/flask/app.py", line 2446, in wsgi_app
    response = self.full_dispatch_request()
  File "/home/tom/.local/lib/python3.6/site-packages/flask/app.py", line 1952, in full_dispatch_request
    return self.finalize_request(rv)
  File "/home/tom/.local/lib/python3.6/site-packages/flask/app.py", line 1967, in finalize_request
    response = self.make_response(rv)
  File "/home/tom/.local/lib/python3.6/site-packages/flask/app.py", line 2097, in make_response
    "The view function did not return a valid response. The"
TypeError: The view function did not return a valid response. The function either returned None or ended without a return statement.
[2019-09-28 15:22:37,746] ERROR in app: Exception on /ak47.php [POST]
Traceback (most recent call last):
  File "/home/tom/.local/lib/python3.6/site-packages/flask/app.py", line 2446, in wsgi_app
    response = self.full_dispatch_request()
  File "/home/tom/.local/lib/python3.6/site-packages/flask/app.py", line 1952, in full_dispatch_request
    return self.finalize_request(rv)
  File "/home/tom/.local/lib/python3.6/site-packages/flask/app.py", line 1967, in finalize_request
    response = self.make_response(rv)
  File "/home/tom/.local/lib/python3.6/site-packages/flask/app.py", line 2097, in make_response
    "The view function did not return a valid response. The"
TypeError: The view function did not return a valid response. The function either returned None or ended without a return statement.
[2019-09-28 15:22:38,180] ERROR in app: Exception on /ak48.php [POST]
Traceback (most recent call last):
  File "/home/tom/.local/lib/python3.6/site-packages/flask/app.py", line 2446, in wsgi_app
    response = self.full_dispatch_request()
  File "/home/tom/.local/lib/python3.6/site-packages/flask/app.py", line 1952, in full_dispatch_request
    return self.finalize_request(rv)
  File "/home/tom/.local/lib/python3.6/site-packages/flask/app.py", line 1967, in finalize_request
    response = self.make_response(rv)
  File "/home/tom/.local/lib/python3.6/site-packages/flask/app.py", line 2097, in make_response
    "The view function did not return a valid response. The"
TypeError: The view function did not return a valid response. The function either returned None or ended without a return statement.
[2019-09-28 15:22:38,632] ERROR in app: Exception on /xiao.php [POST]
Traceback (most recent call last):
  File "/home/tom/.local/lib/python3.6/site-packages/flask/app.py", line 2446, in wsgi_app
    response = self.full_dispatch_request()
  File "/home/tom/.local/lib/python3.6/site-packages/flask/app.py", line 1952, in full_dispatch_request
    return self.finalize_request(rv)
  File "/home/tom/.local/lib/python3.6/site-packages/flask/app.py", line 1967, in finalize_request
    response = self.make_response(rv)
  File "/home/tom/.local/lib/python3.6/site-packages/flask/app.py", line 2097, in make_response
    "The view function did not return a valid response. The"
TypeError: The view function did not return a valid response. The function either returned None or ended without a return statement.
[2019-09-28 15:22:39,087] ERROR in app: Exception on /yao.php [POST]
Traceback (most recent call last):
  File "/home/tom/.local/lib/python3.6/site-packages/flask/app.py", line 2446, in wsgi_app
    response = self.full_dispatch_request()
  File "/home/tom/.local/lib/python3.6/site-packages/flask/app.py", line 1952, in full_dispatch_request
    return self.finalize_request(rv)
  File "/home/tom/.local/lib/python3.6/site-packages/flask/app.py", line 1967, in finalize_request
    response = self.make_response(rv)
  File "/home/tom/.local/lib/python3.6/site-packages/flask/app.py", line 2097, in make_response
    "The view function did not return a valid response. The"
TypeError: The view function did not return a valid response. The function either returned None or ended without a return statement.
[2019-09-28 15:22:39,533] ERROR in app: Exception on /defect.php [POST]
Traceback (most recent call last):
  File "/home/tom/.local/lib/python3.6/site-packages/flask/app.py", line 2446, in wsgi_app
    response = self.full_dispatch_request()
  File "/home/tom/.local/lib/python3.6/site-packages/flask/app.py", line 1952, in full_dispatch_request
    return self.finalize_request(rv)
  File "/home/tom/.local/lib/python3.6/site-packages/flask/app.py", line 1967, in finalize_request
    response = self.make_response(rv)
  File "/home/tom/.local/lib/python3.6/site-packages/flask/app.py", line 2097, in make_response
    "The view function did not return a valid response. The"
TypeError: The view function did not return a valid response. The function either returned None or ended without a return statement.
[2019-09-28 15:22:39,978] ERROR in app: Exception on /webslee.php [POST]
Traceback (most recent call last):
  File "/home/tom/.local/lib/python3.6/site-packages/flask/app.py", line 2446, in wsgi_app
    response = self.full_dispatch_request()
  File "/home/tom/.local/lib/python3.6/site-packages/flask/app.py", line 1952, in full_dispatch_request
    return self.finalize_request(rv)
  File "/home/tom/.local/lib/python3.6/site-packages/flask/app.py", line 1967, in finalize_request
    response = self.make_response(rv)
  File "/home/tom/.local/lib/python3.6/site-packages/flask/app.py", line 2097, in make_response
    "The view function did not return a valid response. The"
TypeError: The view function did not return a valid response. The function either returned None or ended without a return statement.
[2019-09-28 15:22:40,417] ERROR in app: Exception on /q.php [POST]
Traceback (most recent call last):
  File "/home/tom/.local/lib/python3.6/site-packages/flask/app.py", line 2446, in wsgi_app
    response = self.full_dispatch_request()
  File "/home/tom/.local/lib/python3.6/site-packages/flask/app.py", line 1952, in full_dispatch_request
    return self.finalize_request(rv)
  File "/home/tom/.local/lib/python3.6/site-packages/flask/app.py", line 1967, in finalize_request
    response = self.make_response(rv)
  File "/home/tom/.local/lib/python3.6/site-packages/flask/app.py", line 2097, in make_response
    "The view function did not return a valid response. The"
TypeError: The view function did not return a valid response. The function either returned None or ended without a return statement.
[2019-09-28 15:22:40,866] ERROR in app: Exception on /pe.php [POST]
Traceback (most recent call last):
  File "/home/tom/.local/lib/python3.6/site-packages/flask/app.py", line 2446, in wsgi_app
    response = self.full_dispatch_request()
  File "/home/tom/.local/lib/python3.6/site-packages/flask/app.py", line 1952, in full_dispatch_request
    return self.finalize_request(rv)
  File "/home/tom/.local/lib/python3.6/site-packages/flask/app.py", line 1967, in finalize_request
    response = self.make_response(rv)
  File "/home/tom/.local/lib/python3.6/site-packages/flask/app.py", line 2097, in make_response
    "The view function did not return a valid response. The"
TypeError: The view function did not return a valid response. The function either returned None or ended without a return statement.
[2019-09-28 15:22:41,298] ERROR in app: Exception on /hm.php [POST]
Traceback (most recent call last):
  File "/home/tom/.local/lib/python3.6/site-packages/flask/app.py", line 2446, in wsgi_app
    response = self.full_dispatch_request()
  File "/home/tom/.local/lib/python3.6/site-packages/flask/app.py", line 1952, in full_dispatch_request
    return self.finalize_request(rv)
  File "/home/tom/.local/lib/python3.6/site-packages/flask/app.py", line 1967, in finalize_request
    response = self.make_response(rv)
  File "/home/tom/.local/lib/python3.6/site-packages/flask/app.py", line 2097, in make_response
    "The view function did not return a valid response. The"
TypeError: The view function did not return a valid response. The function either returned None or ended without a return statement.
[2019-09-28 15:22:42,383] ERROR in app: Exception on /sz.php [POST]
Traceback (most recent call last):
  File "/home/tom/.local/lib/python3.6/site-packages/flask/app.py", line 2446, in wsgi_app
    response = self.full_dispatch_request()
  File "/home/tom/.local/lib/python3.6/site-packages/flask/app.py", line 1952, in full_dispatch_request
    return self.finalize_request(rv)
  File "/home/tom/.local/lib/python3.6/site-packages/flask/app.py", line 1967, in finalize_request
    response = self.make_response(rv)
  File "/home/tom/.local/lib/python3.6/site-packages/flask/app.py", line 2097, in make_response
    "The view function did not return a valid response. The"
TypeError: The view function did not return a valid response. The function either returned None or ended without a return statement.
[2019-09-28 15:22:42,839] ERROR in app: Exception on /cainiao.php [POST]
Traceback (most recent call last):
  File "/home/tom/.local/lib/python3.6/site-packages/flask/app.py", line 2446, in wsgi_app
    response = self.full_dispatch_request()
  File "/home/tom/.local/lib/python3.6/site-packages/flask/app.py", line 1952, in full_dispatch_request
    return self.finalize_request(rv)
  File "/home/tom/.local/lib/python3.6/site-packages/flask/app.py", line 1967, in finalize_request
    response = self.make_response(rv)
  File "/home/tom/.local/lib/python3.6/site-packages/flask/app.py", line 2097, in make_response
    "The view function did not return a valid response. The"
TypeError: The view function did not return a valid response. The function either returned None or ended without a return statement.
[2019-09-28 15:22:43,303] ERROR in app: Exception on /zuoshou.php [POST]
Traceback (most recent call last):
  File "/home/tom/.local/lib/python3.6/site-packages/flask/app.py", line 2446, in wsgi_app
    response = self.full_dispatch_request()
  File "/home/tom/.local/lib/python3.6/site-packages/flask/app.py", line 1952, in full_dispatch_request
    return self.finalize_request(rv)
  File "/home/tom/.local/lib/python3.6/site-packages/flask/app.py", line 1967, in finalize_request
    response = self.make_response(rv)
  File "/home/tom/.local/lib/python3.6/site-packages/flask/app.py", line 2097, in make_response
    "The view function did not return a valid response. The"
TypeError: The view function did not return a valid response. The function either returned None or ended without a return statement.
[2019-09-28 15:22:43,741] ERROR in app: Exception on /zuo.php [POST]
Traceback (most recent call last):
  File "/home/tom/.local/lib/python3.6/site-packages/flask/app.py", line 2446, in wsgi_app
    response = self.full_dispatch_request()
  File "/home/tom/.local/lib/python3.6/site-packages/flask/app.py", line 1952, in full_dispatch_request
    return self.finalize_request(rv)
  File "/home/tom/.local/lib/python3.6/site-packages/flask/app.py", line 1967, in finalize_request
    response = self.make_response(rv)
  File "/home/tom/.local/lib/python3.6/site-packages/flask/app.py", line 2097, in make_response
    "The view function did not return a valid response. The"
TypeError: The view function did not return a valid response. The function either returned None or ended without a return statement.
[2019-09-28 15:22:44,190] ERROR in app: Exception on /aotu.php [POST]
Traceback (most recent call last):
  File "/home/tom/.local/lib/python3.6/site-packages/flask/app.py", line 2446, in wsgi_app
    response = self.full_dispatch_request()
  File "/home/tom/.local/lib/python3.6/site-packages/flask/app.py", line 1952, in full_dispatch_request
    return self.finalize_request(rv)
  File "/home/tom/.local/lib/python3.6/site-packages/flask/app.py", line 1967, in finalize_request
    response = self.make_response(rv)
  File "/home/tom/.local/lib/python3.6/site-packages/flask/app.py", line 2097, in make_response
    "The view function did not return a valid response. The"
TypeError: The view function did not return a valid response. The function either returned None or ended without a return statement.
[2019-09-28 15:22:44,628] ERROR in app: Exception on /aotu7.php [POST]
Traceback (most recent call last):
  File "/home/tom/.local/lib/python3.6/site-packages/flask/app.py", line 2446, in wsgi_app
    response = self.full_dispatch_request()
  File "/home/tom/.local/lib/python3.6/site-packages/flask/app.py", line 1952, in full_dispatch_request
    return self.finalize_request(rv)
  File "/home/tom/.local/lib/python3.6/site-packages/flask/app.py", line 1967, in finalize_request
    response = self.make_response(rv)
  File "/home/tom/.local/lib/python3.6/site-packages/flask/app.py", line 2097, in make_response
    "The view function did not return a valid response. The"
TypeError: The view function did not return a valid response. The function either returned None or ended without a return statement.
[2019-09-28 15:22:45,958] ERROR in app: Exception on /cmd.php [POST]
Traceback (most recent call last):
  File "/home/tom/.local/lib/python3.6/site-packages/flask/app.py", line 2446, in wsgi_app
    response = self.full_dispatch_request()
  File "/home/tom/.local/lib/python3.6/site-packages/flask/app.py", line 1952, in full_dispatch_request
    return self.finalize_request(rv)
  File "/home/tom/.local/lib/python3.6/site-packages/flask/app.py", line 1967, in finalize_request
    response = self.make_response(rv)
  File "/home/tom/.local/lib/python3.6/site-packages/flask/app.py", line 2097, in make_response
    "The view function did not return a valid response. The"
TypeError: The view function did not return a valid response. The function either returned None or ended without a return statement.
[2019-09-28 15:22:48,870] ERROR in app: Exception on /cmd.php [POST]
Traceback (most recent call last):
  File "/home/tom/.local/lib/python3.6/site-packages/flask/app.py", line 2446, in wsgi_app
    response = self.full_dispatch_request()
  File "/home/tom/.local/lib/python3.6/site-packages/flask/app.py", line 1952, in full_dispatch_request
    return self.finalize_request(rv)
  File "/home/tom/.local/lib/python3.6/site-packages/flask/app.py", line 1967, in finalize_request
    response = self.make_response(rv)
  File "/home/tom/.local/lib/python3.6/site-packages/flask/app.py", line 2097, in make_response
    "The view function did not return a valid response. The"
TypeError: The view function did not return a valid response. The function either returned None or ended without a return statement.
[2019-09-28 15:22:49,310] ERROR in app: Exception on /bak.php [POST]
Traceback (most recent call last):
  File "/home/tom/.local/lib/python3.6/site-packages/flask/app.py", line 2446, in wsgi_app
    response = self.full_dispatch_request()
  File "/home/tom/.local/lib/python3.6/site-packages/flask/app.py", line 1952, in full_dispatch_request
    return self.finalize_request(rv)
  File "/home/tom/.local/lib/python3.6/site-packages/flask/app.py", line 1967, in finalize_request
    response = self.make_response(rv)
  File "/home/tom/.local/lib/python3.6/site-packages/flask/app.py", line 2097, in make_response
    "The view function did not return a valid response. The"
TypeError: The view function did not return a valid response. The function either returned None or ended without a return statement.
[2019-09-28 15:22:49,751] ERROR in app: Exception on /system.php [POST]
Traceback (most recent call last):
  File "/home/tom/.local/lib/python3.6/site-packages/flask/app.py", line 2446, in wsgi_app
    response = self.full_dispatch_request()
  File "/home/tom/.local/lib/python3.6/site-packages/flask/app.py", line 1952, in full_dispatch_request
    return self.finalize_request(rv)
  File "/home/tom/.local/lib/python3.6/site-packages/flask/app.py", line 1967, in finalize_request
    response = self.make_response(rv)
  File "/home/tom/.local/lib/python3.6/site-packages/flask/app.py", line 2097, in make_response
    "The view function did not return a valid response. The"
TypeError: The view function did not return a valid response. The function either returned None or ended without a return statement.
[2019-09-28 15:22:50,195] ERROR in app: Exception on /l6.php [POST]
Traceback (most recent call last):
  File "/home/tom/.local/lib/python3.6/site-packages/flask/app.py", line 2446, in wsgi_app
    response = self.full_dispatch_request()
  File "/home/tom/.local/lib/python3.6/site-packages/flask/app.py", line 1952, in full_dispatch_request
    return self.finalize_request(rv)
  File "/home/tom/.local/lib/python3.6/site-packages/flask/app.py", line 1967, in finalize_request
    response = self.make_response(rv)
  File "/home/tom/.local/lib/python3.6/site-packages/flask/app.py", line 2097, in make_response
    "The view function did not return a valid response. The"
TypeError: The view function did not return a valid response. The function either returned None or ended without a return statement.
[2019-09-28 15:22:52,836] ERROR in app: Exception on /l7.php [POST]
Traceback (most recent call last):
  File "/home/tom/.local/lib/python3.6/site-packages/flask/app.py", line 2446, in wsgi_app
    response = self.full_dispatch_request()
  File "/home/tom/.local/lib/python3.6/site-packages/flask/app.py", line 1952, in full_dispatch_request
    return self.finalize_request(rv)
  File "/home/tom/.local/lib/python3.6/site-packages/flask/app.py", line 1967, in finalize_request
    response = self.make_response(rv)
  File "/home/tom/.local/lib/python3.6/site-packages/flask/app.py", line 2097, in make_response
    "The view function did not return a valid response. The"
TypeError: The view function did not return a valid response. The function either returned None or ended without a return statement.
[2019-09-28 15:22:53,276] ERROR in app: Exception on /l8.php [POST]
Traceback (most recent call last):
  File "/home/tom/.local/lib/python3.6/site-packages/flask/app.py", line 2446, in wsgi_app
    response = self.full_dispatch_request()
  File "/home/tom/.local/lib/python3.6/site-packages/flask/app.py", line 1952, in full_dispatch_request
    return self.finalize_request(rv)
  File "/home/tom/.local/lib/python3.6/site-packages/flask/app.py", line 1967, in finalize_request
    response = self.make_response(rv)
  File "/home/tom/.local/lib/python3.6/site-packages/flask/app.py", line 2097, in make_response
    "The view function did not return a valid response. The"
TypeError: The view function did not return a valid response. The function either returned None or ended without a return statement.
[2019-09-28 15:22:53,717] ERROR in app: Exception on /q.php [POST]
Traceback (most recent call last):
  File "/home/tom/.local/lib/python3.6/site-packages/flask/app.py", line 2446, in wsgi_app
    response = self.full_dispatch_request()
  File "/home/tom/.local/lib/python3.6/site-packages/flask/app.py", line 1952, in full_dispatch_request
    return self.finalize_request(rv)
  File "/home/tom/.local/lib/python3.6/site-packages/flask/app.py", line 1967, in finalize_request
    response = self.make_response(rv)
  File "/home/tom/.local/lib/python3.6/site-packages/flask/app.py", line 2097, in make_response
    "The view function did not return a valid response. The"
TypeError: The view function did not return a valid response. The function either returned None or ended without a return statement.
[2019-09-28 15:22:54,162] ERROR in app: Exception on /56.php [POST]
Traceback (most recent call last):
  File "/home/tom/.local/lib/python3.6/site-packages/flask/app.py", line 2446, in wsgi_app
    response = self.full_dispatch_request()
  File "/home/tom/.local/lib/python3.6/site-packages/flask/app.py", line 1952, in full_dispatch_request
    return self.finalize_request(rv)
  File "/home/tom/.local/lib/python3.6/site-packages/flask/app.py", line 1967, in finalize_request
    response = self.make_response(rv)
  File "/home/tom/.local/lib/python3.6/site-packages/flask/app.py", line 2097, in make_response
    "The view function did not return a valid response. The"
TypeError: The view function did not return a valid response. The function either returned None or ended without a return statement.
[2019-09-28 15:22:54,620] ERROR in app: Exception on /mz.php [POST]
Traceback (most recent call last):
  File "/home/tom/.local/lib/python3.6/site-packages/flask/app.py", line 2446, in wsgi_app
    response = self.full_dispatch_request()
  File "/home/tom/.local/lib/python3.6/site-packages/flask/app.py", line 1952, in full_dispatch_request
    return self.finalize_request(rv)
  File "/home/tom/.local/lib/python3.6/site-packages/flask/app.py", line 1967, in finalize_request
    response = self.make_response(rv)
  File "/home/tom/.local/lib/python3.6/site-packages/flask/app.py", line 2097, in make_response
    "The view function did not return a valid response. The"
TypeError: The view function did not return a valid response. The function either returned None or ended without a return statement.
[2019-09-28 15:22:55,051] ERROR in app: Exception on /yumo.php [POST]
Traceback (most recent call last):
  File "/home/tom/.local/lib/python3.6/site-packages/flask/app.py", line 2446, in wsgi_app
    response = self.full_dispatch_request()
  File "/home/tom/.local/lib/python3.6/site-packages/flask/app.py", line 1952, in full_dispatch_request
    return self.finalize_request(rv)
  File "/home/tom/.local/lib/python3.6/site-packages/flask/app.py", line 1967, in finalize_request
    response = self.make_response(rv)
  File "/home/tom/.local/lib/python3.6/site-packages/flask/app.py", line 2097, in make_response
    "The view function did not return a valid response. The"
TypeError: The view function did not return a valid response. The function either returned None or ended without a return statement.
[2019-09-28 15:22:55,494] ERROR in app: Exception on /min.php [POST]
Traceback (most recent call last):
  File "/home/tom/.local/lib/python3.6/site-packages/flask/app.py", line 2446, in wsgi_app
    response = self.full_dispatch_request()
  File "/home/tom/.local/lib/python3.6/site-packages/flask/app.py", line 1952, in full_dispatch_request
    return self.finalize_request(rv)
  File "/home/tom/.local/lib/python3.6/site-packages/flask/app.py", line 1967, in finalize_request
    response = self.make_response(rv)
  File "/home/tom/.local/lib/python3.6/site-packages/flask/app.py", line 2097, in make_response
    "The view function did not return a valid response. The"
TypeError: The view function did not return a valid response. The function either returned None or ended without a return statement.
[2019-09-28 15:22:56,837] ERROR in app: Exception on /wan.php [POST]
Traceback (most recent call last):
  File "/home/tom/.local/lib/python3.6/site-packages/flask/app.py", line 2446, in wsgi_app
    response = self.full_dispatch_request()
  File "/home/tom/.local/lib/python3.6/site-packages/flask/app.py", line 1952, in full_dispatch_request
    return self.finalize_request(rv)
  File "/home/tom/.local/lib/python3.6/site-packages/flask/app.py", line 1967, in finalize_request
    response = self.make_response(rv)
  File "/home/tom/.local/lib/python3.6/site-packages/flask/app.py", line 2097, in make_response
    "The view function did not return a valid response. The"
TypeError: The view function did not return a valid response. The function either returned None or ended without a return statement.
[2019-09-28 15:22:57,937] ERROR in app: Exception on /wanan.php [POST]
Traceback (most recent call last):
  File "/home/tom/.local/lib/python3.6/site-packages/flask/app.py", line 2446, in wsgi_app
    response = self.full_dispatch_request()
  File "/home/tom/.local/lib/python3.6/site-packages/flask/app.py", line 1952, in full_dispatch_request
    return self.finalize_request(rv)
  File "/home/tom/.local/lib/python3.6/site-packages/flask/app.py", line 1967, in finalize_request
    response = self.make_response(rv)
  File "/home/tom/.local/lib/python3.6/site-packages/flask/app.py", line 2097, in make_response
    "The view function did not return a valid response. The"
TypeError: The view function did not return a valid response. The function either returned None or ended without a return statement.
[2019-09-28 15:22:58,400] ERROR in app: Exception on /ssaa.php [POST]
Traceback (most recent call last):
  File "/home/tom/.local/lib/python3.6/site-packages/flask/app.py", line 2446, in wsgi_app
    response = self.full_dispatch_request()
  File "/home/tom/.local/lib/python3.6/site-packages/flask/app.py", line 1952, in full_dispatch_request
    return self.finalize_request(rv)
  File "/home/tom/.local/lib/python3.6/site-packages/flask/app.py", line 1967, in finalize_request
    response = self.make_response(rv)
  File "/home/tom/.local/lib/python3.6/site-packages/flask/app.py", line 2097, in make_response
    "The view function did not return a valid response. The"
TypeError: The view function did not return a valid response. The function either returned None or ended without a return statement.
[2019-09-28 15:22:58,840] ERROR in app: Exception on /ssaa.php [POST]
Traceback (most recent call last):
  File "/home/tom/.local/lib/python3.6/site-packages/flask/app.py", line 2446, in wsgi_app
    response = self.full_dispatch_request()
  File "/home/tom/.local/lib/python3.6/site-packages/flask/app.py", line 1952, in full_dispatch_request
    return self.finalize_request(rv)
  File "/home/tom/.local/lib/python3.6/site-packages/flask/app.py", line 1967, in finalize_request
    response = self.make_response(rv)
  File "/home/tom/.local/lib/python3.6/site-packages/flask/app.py", line 2097, in make_response
    "The view function did not return a valid response. The"
TypeError: The view function did not return a valid response. The function either returned None or ended without a return statement.
[2019-09-28 15:23:00,834] ERROR in app: Exception on /qq.php [POST]
Traceback (most recent call last):
  File "/home/tom/.local/lib/python3.6/site-packages/flask/app.py", line 2446, in wsgi_app
    response = self.full_dispatch_request()
  File "/home/tom/.local/lib/python3.6/site-packages/flask/app.py", line 1952, in full_dispatch_request
    return self.finalize_request(rv)
  File "/home/tom/.local/lib/python3.6/site-packages/flask/app.py", line 1967, in finalize_request
    response = self.make_response(rv)
  File "/home/tom/.local/lib/python3.6/site-packages/flask/app.py", line 2097, in make_response
    "The view function did not return a valid response. The"
TypeError: The view function did not return a valid response. The function either returned None or ended without a return statement.
[2019-09-28 15:23:01,271] ERROR in app: Exception on /aw.php [POST]
Traceback (most recent call last):
  File "/home/tom/.local/lib/python3.6/site-packages/flask/app.py", line 2446, in wsgi_app
    response = self.full_dispatch_request()
  File "/home/tom/.local/lib/python3.6/site-packages/flask/app.py", line 1952, in full_dispatch_request
    return self.finalize_request(rv)
  File "/home/tom/.local/lib/python3.6/site-packages/flask/app.py", line 1967, in finalize_request
    response = self.make_response(rv)
  File "/home/tom/.local/lib/python3.6/site-packages/flask/app.py", line 2097, in make_response
    "The view function did not return a valid response. The"
TypeError: The view function did not return a valid response. The function either returned None or ended without a return statement.
[2019-09-28 15:23:01,710] ERROR in app: Exception on /12.php [POST]
Traceback (most recent call last):
  File "/home/tom/.local/lib/python3.6/site-packages/flask/app.py", line 2446, in wsgi_app
    response = self.full_dispatch_request()
  File "/home/tom/.local/lib/python3.6/site-packages/flask/app.py", line 1952, in full_dispatch_request
    return self.finalize_request(rv)
  File "/home/tom/.local/lib/python3.6/site-packages/flask/app.py", line 1967, in finalize_request
    response = self.make_response(rv)
  File "/home/tom/.local/lib/python3.6/site-packages/flask/app.py", line 2097, in make_response
    "The view function did not return a valid response. The"
TypeError: The view function did not return a valid response. The function either returned None or ended without a return statement.
[2019-09-28 15:23:02,146] ERROR in app: Exception on /hh.php [POST]
Traceback (most recent call last):
  File "/home/tom/.local/lib/python3.6/site-packages/flask/app.py", line 2446, in wsgi_app
    response = self.full_dispatch_request()
  File "/home/tom/.local/lib/python3.6/site-packages/flask/app.py", line 1952, in full_dispatch_request
    return self.finalize_request(rv)
  File "/home/tom/.local/lib/python3.6/site-packages/flask/app.py", line 1967, in finalize_request
    response = self.make_response(rv)
  File "/home/tom/.local/lib/python3.6/site-packages/flask/app.py", line 2097, in make_response
    "The view function did not return a valid response. The"
TypeError: The view function did not return a valid response. The function either returned None or ended without a return statement.
[2019-09-28 15:23:02,579] ERROR in app: Exception on /ak.php [POST]
Traceback (most recent call last):
  File "/home/tom/.local/lib/python3.6/site-packages/flask/app.py", line 2446, in wsgi_app
    response = self.full_dispatch_request()
  File "/home/tom/.local/lib/python3.6/site-packages/flask/app.py", line 1952, in full_dispatch_request
    return self.finalize_request(rv)
  File "/home/tom/.local/lib/python3.6/site-packages/flask/app.py", line 1967, in finalize_request
    response = self.make_response(rv)
  File "/home/tom/.local/lib/python3.6/site-packages/flask/app.py", line 2097, in make_response
    "The view function did not return a valid response. The"
TypeError: The view function did not return a valid response. The function either returned None or ended without a return statement.
[2019-09-28 15:23:03,651] ERROR in app: Exception on /ip.php [POST]
Traceback (most recent call last):
  File "/home/tom/.local/lib/python3.6/site-packages/flask/app.py", line 2446, in wsgi_app
    response = self.full_dispatch_request()
  File "/home/tom/.local/lib/python3.6/site-packages/flask/app.py", line 1952, in full_dispatch_request
    return self.finalize_request(rv)
  File "/home/tom/.local/lib/python3.6/site-packages/flask/app.py", line 1967, in finalize_request
    response = self.make_response(rv)
  File "/home/tom/.local/lib/python3.6/site-packages/flask/app.py", line 2097, in make_response
    "The view function did not return a valid response. The"
TypeError: The view function did not return a valid response. The function either returned None or ended without a return statement.
[2019-09-28 15:23:04,089] ERROR in app: Exception on /infoo.php [POST]
Traceback (most recent call last):
  File "/home/tom/.local/lib/python3.6/site-packages/flask/app.py", line 2446, in wsgi_app
    response = self.full_dispatch_request()
  File "/home/tom/.local/lib/python3.6/site-packages/flask/app.py", line 1952, in full_dispatch_request
    return self.finalize_request(rv)
  File "/home/tom/.local/lib/python3.6/site-packages/flask/app.py", line 1967, in finalize_request
    response = self.make_response(rv)
  File "/home/tom/.local/lib/python3.6/site-packages/flask/app.py", line 2097, in make_response
    "The view function did not return a valid response. The"
TypeError: The view function did not return a valid response. The function either returned None or ended without a return statement.
[2019-09-28 15:23:04,526] ERROR in app: Exception on /qwe.php [POST]
Traceback (most recent call last):
  File "/home/tom/.local/lib/python3.6/site-packages/flask/app.py", line 2446, in wsgi_app
    response = self.full_dispatch_request()
  File "/home/tom/.local/lib/python3.6/site-packages/flask/app.py", line 1952, in full_dispatch_request
    return self.finalize_request(rv)
  File "/home/tom/.local/lib/python3.6/site-packages/flask/app.py", line 1967, in finalize_request
    response = self.make_response(rv)
  File "/home/tom/.local/lib/python3.6/site-packages/flask/app.py", line 2097, in make_response
    "The view function did not return a valid response. The"
TypeError: The view function did not return a valid response. The function either returned None or ended without a return statement.
[2019-09-28 15:23:05,625] ERROR in app: Exception on /1213.php [POST]
Traceback (most recent call last):
  File "/home/tom/.local/lib/python3.6/site-packages/flask/app.py", line 2446, in wsgi_app
    response = self.full_dispatch_request()
  File "/home/tom/.local/lib/python3.6/site-packages/flask/app.py", line 1952, in full_dispatch_request
    return self.finalize_request(rv)
  File "/home/tom/.local/lib/python3.6/site-packages/flask/app.py", line 1967, in finalize_request
    response = self.make_response(rv)
  File "/home/tom/.local/lib/python3.6/site-packages/flask/app.py", line 2097, in make_response
    "The view function did not return a valid response. The"
TypeError: The view function did not return a valid response. The function either returned None or ended without a return statement.
[2019-09-28 15:23:06,071] ERROR in app: Exception on /post.php [POST]
Traceback (most recent call last):
  File "/home/tom/.local/lib/python3.6/site-packages/flask/app.py", line 2446, in wsgi_app
    response = self.full_dispatch_request()
  File "/home/tom/.local/lib/python3.6/site-packages/flask/app.py", line 1952, in full_dispatch_request
    return self.finalize_request(rv)
  File "/home/tom/.local/lib/python3.6/site-packages/flask/app.py", line 1967, in finalize_request
    response = self.make_response(rv)
  File "/home/tom/.local/lib/python3.6/site-packages/flask/app.py", line 2097, in make_response
    "The view function did not return a valid response. The"
TypeError: The view function did not return a valid response. The function either returned None or ended without a return statement.
[2019-09-28 15:23:06,514] ERROR in app: Exception on /aaaa.php [POST]
Traceback (most recent call last):
  File "/home/tom/.local/lib/python3.6/site-packages/flask/app.py", line 2446, in wsgi_app
    response = self.full_dispatch_request()
  File "/home/tom/.local/lib/python3.6/site-packages/flask/app.py", line 1952, in full_dispatch_request
    return self.finalize_request(rv)
  File "/home/tom/.local/lib/python3.6/site-packages/flask/app.py", line 1967, in finalize_request
    response = self.make_response(rv)
  File "/home/tom/.local/lib/python3.6/site-packages/flask/app.py", line 2097, in make_response
    "The view function did not return a valid response. The"
TypeError: The view function did not return a valid response. The function either returned None or ended without a return statement.
[2019-09-28 15:23:07,599] ERROR in app: Exception on /h1.php [POST]
Traceback (most recent call last):
  File "/home/tom/.local/lib/python3.6/site-packages/flask/app.py", line 2446, in wsgi_app
    response = self.full_dispatch_request()
  File "/home/tom/.local/lib/python3.6/site-packages/flask/app.py", line 1952, in full_dispatch_request
    return self.finalize_request(rv)
  File "/home/tom/.local/lib/python3.6/site-packages/flask/app.py", line 1967, in finalize_request
    response = self.make_response(rv)
  File "/home/tom/.local/lib/python3.6/site-packages/flask/app.py", line 2097, in make_response
    "The view function did not return a valid response. The"
TypeError: The view function did not return a valid response. The function either returned None or ended without a return statement.
[2019-09-28 15:23:08,478] ERROR in app: Exception on /test.php [POST]
Traceback (most recent call last):
  File "/home/tom/.local/lib/python3.6/site-packages/flask/app.py", line 2446, in wsgi_app
    response = self.full_dispatch_request()
  File "/home/tom/.local/lib/python3.6/site-packages/flask/app.py", line 1952, in full_dispatch_request
    return self.finalize_request(rv)
  File "/home/tom/.local/lib/python3.6/site-packages/flask/app.py", line 1967, in finalize_request
    response = self.make_response(rv)
  File "/home/tom/.local/lib/python3.6/site-packages/flask/app.py", line 2097, in make_response
    "The view function did not return a valid response. The"
TypeError: The view function did not return a valid response. The function either returned None or ended without a return statement.
[2019-09-28 15:23:09,398] ERROR in app: Exception on /3.php [POST]
Traceback (most recent call last):
  File "/home/tom/.local/lib/python3.6/site-packages/flask/app.py", line 2446, in wsgi_app
    response = self.full_dispatch_request()
  File "/home/tom/.local/lib/python3.6/site-packages/flask/app.py", line 1952, in full_dispatch_request
    return self.finalize_request(rv)
  File "/home/tom/.local/lib/python3.6/site-packages/flask/app.py", line 1967, in finalize_request
    response = self.make_response(rv)
  File "/home/tom/.local/lib/python3.6/site-packages/flask/app.py", line 2097, in make_response
    "The view function did not return a valid response. The"
TypeError: The view function did not return a valid response. The function either returned None or ended without a return statement.
[2019-09-28 15:23:10,927] ERROR in app: Exception on /4.php [POST]
Traceback (most recent call last):
  File "/home/tom/.local/lib/python3.6/site-packages/flask/app.py", line 2446, in wsgi_app
    response = self.full_dispatch_request()
  File "/home/tom/.local/lib/python3.6/site-packages/flask/app.py", line 1952, in full_dispatch_request
    return self.finalize_request(rv)
  File "/home/tom/.local/lib/python3.6/site-packages/flask/app.py", line 1967, in finalize_request
    response = self.make_response(rv)
  File "/home/tom/.local/lib/python3.6/site-packages/flask/app.py", line 2097, in make_response
    "The view function did not return a valid response. The"
TypeError: The view function did not return a valid response. The function either returned None or ended without a return statement.
[2019-09-28 15:23:11,383] ERROR in app: Exception on /phpinfi.php [POST]
Traceback (most recent call last):
  File "/home/tom/.local/lib/python3.6/site-packages/flask/app.py", line 2446, in wsgi_app
    response = self.full_dispatch_request()
  File "/home/tom/.local/lib/python3.6/site-packages/flask/app.py", line 1952, in full_dispatch_request
    return self.finalize_request(rv)
  File "/home/tom/.local/lib/python3.6/site-packages/flask/app.py", line 1967, in finalize_request
    response = self.make_response(rv)
  File "/home/tom/.local/lib/python3.6/site-packages/flask/app.py", line 2097, in make_response
    "The view function did not return a valid response. The"
TypeError: The view function did not return a valid response. The function either returned None or ended without a return statement.
[2019-09-28 15:23:11,838] ERROR in app: Exception on /9510.php [POST]
Traceback (most recent call last):
  File "/home/tom/.local/lib/python3.6/site-packages/flask/app.py", line 2446, in wsgi_app
    response = self.full_dispatch_request()
  File "/home/tom/.local/lib/python3.6/site-packages/flask/app.py", line 1952, in full_dispatch_request
    return self.finalize_request(rv)
  File "/home/tom/.local/lib/python3.6/site-packages/flask/app.py", line 1967, in finalize_request
    response = self.make_response(rv)
  File "/home/tom/.local/lib/python3.6/site-packages/flask/app.py", line 2097, in make_response
    "The view function did not return a valid response. The"
TypeError: The view function did not return a valid response. The function either returned None or ended without a return statement.
[2019-09-28 15:23:12,306] ERROR in app: Exception on /python.php [POST]
Traceback (most recent call last):
  File "/home/tom/.local/lib/python3.6/site-packages/flask/app.py", line 2446, in wsgi_app
    response = self.full_dispatch_request()
  File "/home/tom/.local/lib/python3.6/site-packages/flask/app.py", line 1952, in full_dispatch_request
    return self.finalize_request(rv)
  File "/home/tom/.local/lib/python3.6/site-packages/flask/app.py", line 1967, in finalize_request
    response = self.make_response(rv)
  File "/home/tom/.local/lib/python3.6/site-packages/flask/app.py", line 2097, in make_response
    "The view function did not return a valid response. The"
TypeError: The view function did not return a valid response. The function either returned None or ended without a return statement.
[2019-09-28 15:23:12,837] ERROR in app: Exception on /default.php [POST]
Traceback (most recent call last):
  File "/home/tom/.local/lib/python3.6/site-packages/flask/app.py", line 2446, in wsgi_app
    response = self.full_dispatch_request()
  File "/home/tom/.local/lib/python3.6/site-packages/flask/app.py", line 1952, in full_dispatch_request
    return self.finalize_request(rv)
  File "/home/tom/.local/lib/python3.6/site-packages/flask/app.py", line 1967, in finalize_request
    response = self.make_response(rv)
  File "/home/tom/.local/lib/python3.6/site-packages/flask/app.py", line 2097, in make_response
    "The view function did not return a valid response. The"
TypeError: The view function did not return a valid response. The function either returned None or ended without a return statement.
[2019-09-28 15:23:13,292] ERROR in app: Exception on /sean.php [POST]
Traceback (most recent call last):
  File "/home/tom/.local/lib/python3.6/site-packages/flask/app.py", line 2446, in wsgi_app
    response = self.full_dispatch_request()
  File "/home/tom/.local/lib/python3.6/site-packages/flask/app.py", line 1952, in full_dispatch_request
    return self.finalize_request(rv)
  File "/home/tom/.local/lib/python3.6/site-packages/flask/app.py", line 1967, in finalize_request
    response = self.make_response(rv)
  File "/home/tom/.local/lib/python3.6/site-packages/flask/app.py", line 2097, in make_response
    "The view function did not return a valid response. The"
TypeError: The view function did not return a valid response. The function either returned None or ended without a return statement.
[2019-09-28 15:23:13,766] ERROR in app: Exception on /app.php [POST]
Traceback (most recent call last):
  File "/home/tom/.local/lib/python3.6/site-packages/flask/app.py", line 2446, in wsgi_app
    response = self.full_dispatch_request()
  File "/home/tom/.local/lib/python3.6/site-packages/flask/app.py", line 1952, in full_dispatch_request
    return self.finalize_request(rv)
  File "/home/tom/.local/lib/python3.6/site-packages/flask/app.py", line 1967, in finalize_request
    response = self.make_response(rv)
  File "/home/tom/.local/lib/python3.6/site-packages/flask/app.py", line 2097, in make_response
    "The view function did not return a valid response. The"
TypeError: The view function did not return a valid response. The function either returned None or ended without a return statement.
[2019-09-28 15:23:14,235] ERROR in app: Exception on /help.php [POST]
Traceback (most recent call last):
  File "/home/tom/.local/lib/python3.6/site-packages/flask/app.py", line 2446, in wsgi_app
    response = self.full_dispatch_request()
  File "/home/tom/.local/lib/python3.6/site-packages/flask/app.py", line 1952, in full_dispatch_request
    return self.finalize_request(rv)
  File "/home/tom/.local/lib/python3.6/site-packages/flask/app.py", line 1967, in finalize_request
    response = self.make_response(rv)
  File "/home/tom/.local/lib/python3.6/site-packages/flask/app.py", line 2097, in make_response
    "The view function did not return a valid response. The"
TypeError: The view function did not return a valid response. The function either returned None or ended without a return statement.
[2019-09-28 15:23:14,701] ERROR in app: Exception on /tiandi.php [POST]
Traceback (most recent call last):
  File "/home/tom/.local/lib/python3.6/site-packages/flask/app.py", line 2446, in wsgi_app
    response = self.full_dispatch_request()
  File "/home/tom/.local/lib/python3.6/site-packages/flask/app.py", line 1952, in full_dispatch_request
    return self.finalize_request(rv)
  File "/home/tom/.local/lib/python3.6/site-packages/flask/app.py", line 1967, in finalize_request
    response = self.make_response(rv)
  File "/home/tom/.local/lib/python3.6/site-packages/flask/app.py", line 2097, in make_response
    "The view function did not return a valid response. The"
TypeError: The view function did not return a valid response. The function either returned None or ended without a return statement.
[2019-09-28 15:23:15,153] ERROR in app: Exception on /xz.php [POST]
Traceback (most recent call last):
  File "/home/tom/.local/lib/python3.6/site-packages/flask/app.py", line 2446, in wsgi_app
    response = self.full_dispatch_request()
  File "/home/tom/.local/lib/python3.6/site-packages/flask/app.py", line 1952, in full_dispatch_request
    return self.finalize_request(rv)
  File "/home/tom/.local/lib/python3.6/site-packages/flask/app.py", line 1967, in finalize_request
    response = self.make_response(rv)
  File "/home/tom/.local/lib/python3.6/site-packages/flask/app.py", line 2097, in make_response
    "The view function did not return a valid response. The"
TypeError: The view function did not return a valid response. The function either returned None or ended without a return statement.
[2019-09-28 15:23:15,603] ERROR in app: Exception on /beimeng.php [POST]
Traceback (most recent call last):
  File "/home/tom/.local/lib/python3.6/site-packages/flask/app.py", line 2446, in wsgi_app
    response = self.full_dispatch_request()
  File "/home/tom/.local/lib/python3.6/site-packages/flask/app.py", line 1952, in full_dispatch_request
    return self.finalize_request(rv)
  File "/home/tom/.local/lib/python3.6/site-packages/flask/app.py", line 1967, in finalize_request
    response = self.make_response(rv)
  File "/home/tom/.local/lib/python3.6/site-packages/flask/app.py", line 2097, in make_response
    "The view function did not return a valid response. The"
TypeError: The view function did not return a valid response. The function either returned None or ended without a return statement.
[2019-09-28 15:23:16,062] ERROR in app: Exception on /linuxse.php [POST]
Traceback (most recent call last):
  File "/home/tom/.local/lib/python3.6/site-packages/flask/app.py", line 2446, in wsgi_app
    response = self.full_dispatch_request()
  File "/home/tom/.local/lib/python3.6/site-packages/flask/app.py", line 1952, in full_dispatch_request
    return self.finalize_request(rv)
  File "/home/tom/.local/lib/python3.6/site-packages/flask/app.py", line 1967, in finalize_request
    response = self.make_response(rv)
  File "/home/tom/.local/lib/python3.6/site-packages/flask/app.py", line 2097, in make_response
    "The view function did not return a valid response. The"
TypeError: The view function did not return a valid response. The function either returned None or ended without a return statement.
[2019-09-28 15:23:16,541] ERROR in app: Exception on /zuoindex.php [POST]
Traceback (most recent call last):
  File "/home/tom/.local/lib/python3.6/site-packages/flask/app.py", line 2446, in wsgi_app
    response = self.full_dispatch_request()
  File "/home/tom/.local/lib/python3.6/site-packages/flask/app.py", line 1952, in full_dispatch_request
    return self.finalize_request(rv)
  File "/home/tom/.local/lib/python3.6/site-packages/flask/app.py", line 1967, in finalize_request
    response = self.make_response(rv)
  File "/home/tom/.local/lib/python3.6/site-packages/flask/app.py", line 2097, in make_response
    "The view function did not return a valid response. The"
TypeError: The view function did not return a valid response. The function either returned None or ended without a return statement.
[2019-09-28 15:23:16,998] ERROR in app: Exception on /zshmindex.php [POST]
Traceback (most recent call last):
  File "/home/tom/.local/lib/python3.6/site-packages/flask/app.py", line 2446, in wsgi_app
    response = self.full_dispatch_request()
  File "/home/tom/.local/lib/python3.6/site-packages/flask/app.py", line 1952, in full_dispatch_request
    return self.finalize_request(rv)
  File "/home/tom/.local/lib/python3.6/site-packages/flask/app.py", line 1967, in finalize_request
    response = self.make_response(rv)
  File "/home/tom/.local/lib/python3.6/site-packages/flask/app.py", line 2097, in make_response
    "The view function did not return a valid response. The"
TypeError: The view function did not return a valid response. The function either returned None or ended without a return statement.
[2019-09-28 15:23:17,449] ERROR in app: Exception on /tomcat.php [POST]
Traceback (most recent call last):
  File "/home/tom/.local/lib/python3.6/site-packages/flask/app.py", line 2446, in wsgi_app
    response = self.full_dispatch_request()
  File "/home/tom/.local/lib/python3.6/site-packages/flask/app.py", line 1952, in full_dispatch_request
    return self.finalize_request(rv)
  File "/home/tom/.local/lib/python3.6/site-packages/flask/app.py", line 1967, in finalize_request
    response = self.make_response(rv)
  File "/home/tom/.local/lib/python3.6/site-packages/flask/app.py", line 2097, in make_response
    "The view function did not return a valid response. The"
TypeError: The view function did not return a valid response. The function either returned None or ended without a return statement.
[2019-09-28 15:23:20,877] ERROR in app: Exception on /ceshi.php [POST]
Traceback (most recent call last):
  File "/home/tom/.local/lib/python3.6/site-packages/flask/app.py", line 2446, in wsgi_app
    response = self.full_dispatch_request()
  File "/home/tom/.local/lib/python3.6/site-packages/flask/app.py", line 1952, in full_dispatch_request
    return self.finalize_request(rv)
  File "/home/tom/.local/lib/python3.6/site-packages/flask/app.py", line 1967, in finalize_request
    response = self.make_response(rv)
  File "/home/tom/.local/lib/python3.6/site-packages/flask/app.py", line 2097, in make_response
    "The view function did not return a valid response. The"
TypeError: The view function did not return a valid response. The function either returned None or ended without a return statement.
[2019-09-28 15:23:23,543] ERROR in app: Exception on /1hou.php [POST]
Traceback (most recent call last):
  File "/home/tom/.local/lib/python3.6/site-packages/flask/app.py", line 2446, in wsgi_app
    response = self.full_dispatch_request()
  File "/home/tom/.local/lib/python3.6/site-packages/flask/app.py", line 1952, in full_dispatch_request
    return self.finalize_request(rv)
  File "/home/tom/.local/lib/python3.6/site-packages/flask/app.py", line 1967, in finalize_request
    response = self.make_response(rv)
  File "/home/tom/.local/lib/python3.6/site-packages/flask/app.py", line 2097, in make_response
    "The view function did not return a valid response. The"
TypeError: The view function did not return a valid response. The function either returned None or ended without a return statement.
[2019-09-28 15:23:24,846] ERROR in app: Exception on /ou2.php [POST]
Traceback (most recent call last):
  File "/home/tom/.local/lib/python3.6/site-packages/flask/app.py", line 2446, in wsgi_app
    response = self.full_dispatch_request()
  File "/home/tom/.local/lib/python3.6/site-packages/flask/app.py", line 1952, in full_dispatch_request
    return self.finalize_request(rv)
  File "/home/tom/.local/lib/python3.6/site-packages/flask/app.py", line 1967, in finalize_request
    response = self.make_response(rv)
  File "/home/tom/.local/lib/python3.6/site-packages/flask/app.py", line 2097, in make_response
    "The view function did not return a valid response. The"
TypeError: The view function did not return a valid response. The function either returned None or ended without a return statement.
[2019-09-28 15:23:28,836] ERROR in app: Exception on /zuos.php [POST]
Traceback (most recent call last):
  File "/home/tom/.local/lib/python3.6/site-packages/flask/app.py", line 2446, in wsgi_app
    response = self.full_dispatch_request()
  File "/home/tom/.local/lib/python3.6/site-packages/flask/app.py", line 1952, in full_dispatch_request
    return self.finalize_request(rv)
  File "/home/tom/.local/lib/python3.6/site-packages/flask/app.py", line 1967, in finalize_request
    response = self.make_response(rv)
  File "/home/tom/.local/lib/python3.6/site-packages/flask/app.py", line 2097, in make_response
    "The view function did not return a valid response. The"
TypeError: The view function did not return a valid response. The function either returned None or ended without a return statement.
[2019-09-28 15:23:29,288] ERROR in app: Exception on /zuoss.php [POST]
Traceback (most recent call last):
  File "/home/tom/.local/lib/python3.6/site-packages/flask/app.py", line 2446, in wsgi_app
    response = self.full_dispatch_request()
  File "/home/tom/.local/lib/python3.6/site-packages/flask/app.py", line 1952, in full_dispatch_request
    return self.finalize_request(rv)
  File "/home/tom/.local/lib/python3.6/site-packages/flask/app.py", line 1967, in finalize_request
    response = self.make_response(rv)
  File "/home/tom/.local/lib/python3.6/site-packages/flask/app.py", line 2097, in make_response
    "The view function did not return a valid response. The"
TypeError: The view function did not return a valid response. The function either returned None or ended without a return statement.
[2019-09-28 15:23:32,829] ERROR in app: Exception on /zuoshss.php [POST]
Traceback (most recent call last):
  File "/home/tom/.local/lib/python3.6/site-packages/flask/app.py", line 2446, in wsgi_app
    response = self.full_dispatch_request()
  File "/home/tom/.local/lib/python3.6/site-packages/flask/app.py", line 1952, in full_dispatch_request
    return self.finalize_request(rv)
  File "/home/tom/.local/lib/python3.6/site-packages/flask/app.py", line 1967, in finalize_request
    response = self.make_response(rv)
  File "/home/tom/.local/lib/python3.6/site-packages/flask/app.py", line 2097, in make_response
    "The view function did not return a valid response. The"
TypeError: The view function did not return a valid response. The function either returned None or ended without a return statement.
[2019-09-28 15:23:33,287] ERROR in app: Exception on /789056.php [POST]
Traceback (most recent call last):
  File "/home/tom/.local/lib/python3.6/site-packages/flask/app.py", line 2446, in wsgi_app
    response = self.full_dispatch_request()
  File "/home/tom/.local/lib/python3.6/site-packages/flask/app.py", line 1952, in full_dispatch_request
    return self.finalize_request(rv)
  File "/home/tom/.local/lib/python3.6/site-packages/flask/app.py", line 1967, in finalize_request
    response = self.make_response(rv)
  File "/home/tom/.local/lib/python3.6/site-packages/flask/app.py", line 2097, in make_response
    "The view function did not return a valid response. The"
TypeError: The view function did not return a valid response. The function either returned None or ended without a return statement.
[2019-09-28 15:23:36,112] ERROR in app: Exception on /abc776.php [POST]
Traceback (most recent call last):
  File "/home/tom/.local/lib/python3.6/site-packages/flask/app.py", line 2446, in wsgi_app
    response = self.full_dispatch_request()
  File "/home/tom/.local/lib/python3.6/site-packages/flask/app.py", line 1952, in full_dispatch_request
    return self.finalize_request(rv)
  File "/home/tom/.local/lib/python3.6/site-packages/flask/app.py", line 1967, in finalize_request
    response = self.make_response(rv)
  File "/home/tom/.local/lib/python3.6/site-packages/flask/app.py", line 2097, in make_response
    "The view function did not return a valid response. The"
TypeError: The view function did not return a valid response. The function either returned None or ended without a return statement.
[2019-09-28 15:23:36,843] ERROR in app: Exception on /afafaf.php [POST]
Traceback (most recent call last):
  File "/home/tom/.local/lib/python3.6/site-packages/flask/app.py", line 2446, in wsgi_app
    response = self.full_dispatch_request()
  File "/home/tom/.local/lib/python3.6/site-packages/flask/app.py", line 1952, in full_dispatch_request
    return self.finalize_request(rv)
  File "/home/tom/.local/lib/python3.6/site-packages/flask/app.py", line 1967, in finalize_request
    response = self.make_response(rv)
  File "/home/tom/.local/lib/python3.6/site-packages/flask/app.py", line 2097, in make_response
    "The view function did not return a valid response. The"
TypeError: The view function did not return a valid response. The function either returned None or ended without a return statement.
[2019-09-28 15:23:37,304] ERROR in app: Exception on /jyyy.php [POST]
Traceback (most recent call last):
  File "/home/tom/.local/lib/python3.6/site-packages/flask/app.py", line 2446, in wsgi_app
    response = self.full_dispatch_request()
  File "/home/tom/.local/lib/python3.6/site-packages/flask/app.py", line 1952, in full_dispatch_request
    return self.finalize_request(rv)
  File "/home/tom/.local/lib/python3.6/site-packages/flask/app.py", line 1967, in finalize_request
    response = self.make_response(rv)
  File "/home/tom/.local/lib/python3.6/site-packages/flask/app.py", line 2097, in make_response
    "The view function did not return a valid response. The"
TypeError: The view function did not return a valid response. The function either returned None or ended without a return statement.
[2019-09-28 15:23:39,750] ERROR in app: Exception on /ooo23.php [POST]
Traceback (most recent call last):
  File "/home/tom/.local/lib/python3.6/site-packages/flask/app.py", line 2446, in wsgi_app
    response = self.full_dispatch_request()
  File "/home/tom/.local/lib/python3.6/site-packages/flask/app.py", line 1952, in full_dispatch_request
    return self.finalize_request(rv)
  File "/home/tom/.local/lib/python3.6/site-packages/flask/app.py", line 1967, in finalize_request
    response = self.make_response(rv)
  File "/home/tom/.local/lib/python3.6/site-packages/flask/app.py", line 2097, in make_response
    "The view function did not return a valid response. The"
TypeError: The view function did not return a valid response. The function either returned None or ended without a return statement.
[2019-09-28 15:23:40,853] ERROR in app: Exception on /htfr.php [POST]
Traceback (most recent call last):
  File "/home/tom/.local/lib/python3.6/site-packages/flask/app.py", line 2446, in wsgi_app
    response = self.full_dispatch_request()
  File "/home/tom/.local/lib/python3.6/site-packages/flask/app.py", line 1952, in full_dispatch_request
    return self.finalize_request(rv)
  File "/home/tom/.local/lib/python3.6/site-packages/flask/app.py", line 1967, in finalize_request
    response = self.make_response(rv)
  File "/home/tom/.local/lib/python3.6/site-packages/flask/app.py", line 2097, in make_response
    "The view function did not return a valid response. The"
TypeError: The view function did not return a valid response. The function either returned None or ended without a return statement.
[2019-09-28 15:23:41,308] ERROR in app: Exception on /boots.php [POST]
Traceback (most recent call last):
  File "/home/tom/.local/lib/python3.6/site-packages/flask/app.py", line 2446, in wsgi_app
    response = self.full_dispatch_request()
  File "/home/tom/.local/lib/python3.6/site-packages/flask/app.py", line 1952, in full_dispatch_request
    return self.finalize_request(rv)
  File "/home/tom/.local/lib/python3.6/site-packages/flask/app.py", line 1967, in finalize_request
    response = self.make_response(rv)
  File "/home/tom/.local/lib/python3.6/site-packages/flask/app.py", line 2097, in make_response
    "The view function did not return a valid response. The"
TypeError: The view function did not return a valid response. The function either returned None or ended without a return statement.
[2019-09-28 15:23:44,202] ERROR in app: Exception on /she.php [POST]
Traceback (most recent call last):
  File "/home/tom/.local/lib/python3.6/site-packages/flask/app.py", line 2446, in wsgi_app
    response = self.full_dispatch_request()
  File "/home/tom/.local/lib/python3.6/site-packages/flask/app.py", line 1952, in full_dispatch_request
    return self.finalize_request(rv)
  File "/home/tom/.local/lib/python3.6/site-packages/flask/app.py", line 1967, in finalize_request
    response = self.make_response(rv)
  File "/home/tom/.local/lib/python3.6/site-packages/flask/app.py", line 2097, in make_response
    "The view function did not return a valid response. The"
TypeError: The view function did not return a valid response. The function either returned None or ended without a return statement.
[2019-09-28 15:23:44,842] ERROR in app: Exception on /s.php [POST]
Traceback (most recent call last):
  File "/home/tom/.local/lib/python3.6/site-packages/flask/app.py", line 2446, in wsgi_app
    response = self.full_dispatch_request()
  File "/home/tom/.local/lib/python3.6/site-packages/flask/app.py", line 1952, in full_dispatch_request
    return self.finalize_request(rv)
  File "/home/tom/.local/lib/python3.6/site-packages/flask/app.py", line 1967, in finalize_request
    response = self.make_response(rv)
  File "/home/tom/.local/lib/python3.6/site-packages/flask/app.py", line 2097, in make_response
    "The view function did not return a valid response. The"
TypeError: The view function did not return a valid response. The function either returned None or ended without a return statement.
[2019-09-28 15:23:45,310] ERROR in app: Exception on /qw.php [POST]
Traceback (most recent call last):
  File "/home/tom/.local/lib/python3.6/site-packages/flask/app.py", line 2446, in wsgi_app
    response = self.full_dispatch_request()
  File "/home/tom/.local/lib/python3.6/site-packages/flask/app.py", line 1952, in full_dispatch_request
    return self.finalize_request(rv)
  File "/home/tom/.local/lib/python3.6/site-packages/flask/app.py", line 1967, in finalize_request
    response = self.make_response(rv)
  File "/home/tom/.local/lib/python3.6/site-packages/flask/app.py", line 2097, in make_response
    "The view function did not return a valid response. The"
TypeError: The view function did not return a valid response. The function either returned None or ended without a return statement.
[2019-09-28 15:23:48,813] ERROR in app: Exception on /test.php [POST]
Traceback (most recent call last):
  File "/home/tom/.local/lib/python3.6/site-packages/flask/app.py", line 2446, in wsgi_app
    response = self.full_dispatch_request()
  File "/home/tom/.local/lib/python3.6/site-packages/flask/app.py", line 1952, in full_dispatch_request
    return self.finalize_request(rv)
  File "/home/tom/.local/lib/python3.6/site-packages/flask/app.py", line 1967, in finalize_request
    response = self.make_response(rv)
  File "/home/tom/.local/lib/python3.6/site-packages/flask/app.py", line 2097, in make_response
    "The view function did not return a valid response. The"
TypeError: The view function did not return a valid response. The function either returned None or ended without a return statement.
[2019-09-28 15:23:49,924] ERROR in app: Exception on /caonma.php [POST]
Traceback (most recent call last):
  File "/home/tom/.local/lib/python3.6/site-packages/flask/app.py", line 2446, in wsgi_app
    response = self.full_dispatch_request()
  File "/home/tom/.local/lib/python3.6/site-packages/flask/app.py", line 1952, in full_dispatch_request
    return self.finalize_request(rv)
  File "/home/tom/.local/lib/python3.6/site-packages/flask/app.py", line 1967, in finalize_request
    response = self.make_response(rv)
  File "/home/tom/.local/lib/python3.6/site-packages/flask/app.py", line 2097, in make_response
    "The view function did not return a valid response. The"
TypeError: The view function did not return a valid response. The function either returned None or ended without a return statement.
[2019-09-28 15:23:52,841] ERROR in app: Exception on /wcp.php [POST]
Traceback (most recent call last):
  File "/home/tom/.local/lib/python3.6/site-packages/flask/app.py", line 2446, in wsgi_app
    response = self.full_dispatch_request()
  File "/home/tom/.local/lib/python3.6/site-packages/flask/app.py", line 1952, in full_dispatch_request
    return self.finalize_request(rv)
  File "/home/tom/.local/lib/python3.6/site-packages/flask/app.py", line 1967, in finalize_request
    response = self.make_response(rv)
  File "/home/tom/.local/lib/python3.6/site-packages/flask/app.py", line 2097, in make_response
    "The view function did not return a valid response. The"
TypeError: The view function did not return a valid response. The function either returned None or ended without a return statement.
[2019-09-28 15:23:53,309] ERROR in app: Exception on /u.php [POST]
Traceback (most recent call last):
  File "/home/tom/.local/lib/python3.6/site-packages/flask/app.py", line 2446, in wsgi_app
    response = self.full_dispatch_request()
  File "/home/tom/.local/lib/python3.6/site-packages/flask/app.py", line 1952, in full_dispatch_request
    return self.finalize_request(rv)
  File "/home/tom/.local/lib/python3.6/site-packages/flask/app.py", line 1967, in finalize_request
    response = self.make_response(rv)
  File "/home/tom/.local/lib/python3.6/site-packages/flask/app.py", line 2097, in make_response
    "The view function did not return a valid response. The"
TypeError: The view function did not return a valid response. The function either returned None or ended without a return statement.
[2019-09-28 15:23:54,418] ERROR in app: Exception on /uu.php [POST]
Traceback (most recent call last):
  File "/home/tom/.local/lib/python3.6/site-packages/flask/app.py", line 2446, in wsgi_app
    response = self.full_dispatch_request()
  File "/home/tom/.local/lib/python3.6/site-packages/flask/app.py", line 1952, in full_dispatch_request
    return self.finalize_request(rv)
  File "/home/tom/.local/lib/python3.6/site-packages/flask/app.py", line 1967, in finalize_request
    response = self.make_response(rv)
  File "/home/tom/.local/lib/python3.6/site-packages/flask/app.py", line 2097, in make_response
    "The view function did not return a valid response. The"
TypeError: The view function did not return a valid response. The function either returned None or ended without a return statement.
[2019-09-28 15:23:54,892] ERROR in app: Exception on /uuu.php [POST]
Traceback (most recent call last):
  File "/home/tom/.local/lib/python3.6/site-packages/flask/app.py", line 2446, in wsgi_app
    response = self.full_dispatch_request()
  File "/home/tom/.local/lib/python3.6/site-packages/flask/app.py", line 1952, in full_dispatch_request
    return self.finalize_request(rv)
  File "/home/tom/.local/lib/python3.6/site-packages/flask/app.py", line 1967, in finalize_request
    response = self.make_response(rv)
  File "/home/tom/.local/lib/python3.6/site-packages/flask/app.py", line 2097, in make_response
    "The view function did not return a valid response. The"
TypeError: The view function did not return a valid response. The function either returned None or ended without a return statement.
[2019-09-28 15:23:56,812] ERROR in app: Exception on /sss.php [POST]
Traceback (most recent call last):
  File "/home/tom/.local/lib/python3.6/site-packages/flask/app.py", line 2446, in wsgi_app
    response = self.full_dispatch_request()
  File "/home/tom/.local/lib/python3.6/site-packages/flask/app.py", line 1952, in full_dispatch_request
    return self.finalize_request(rv)
  File "/home/tom/.local/lib/python3.6/site-packages/flask/app.py", line 1967, in finalize_request
    response = self.make_response(rv)
  File "/home/tom/.local/lib/python3.6/site-packages/flask/app.py", line 2097, in make_response
    "The view function did not return a valid response. The"
TypeError: The view function did not return a valid response. The function either returned None or ended without a return statement.
[2019-09-28 15:23:57,927] ERROR in app: Exception on /ooo.php [POST]
Traceback (most recent call last):
  File "/home/tom/.local/lib/python3.6/site-packages/flask/app.py", line 2446, in wsgi_app
    response = self.full_dispatch_request()
  File "/home/tom/.local/lib/python3.6/site-packages/flask/app.py", line 1952, in full_dispatch_request
    return self.finalize_request(rv)
  File "/home/tom/.local/lib/python3.6/site-packages/flask/app.py", line 1967, in finalize_request
    response = self.make_response(rv)
  File "/home/tom/.local/lib/python3.6/site-packages/flask/app.py", line 2097, in make_response
    "The view function did not return a valid response. The"
TypeError: The view function did not return a valid response. The function either returned None or ended without a return statement.
[2019-09-28 15:23:58,379] ERROR in app: Exception on /ss.php [POST]
Traceback (most recent call last):
  File "/home/tom/.local/lib/python3.6/site-packages/flask/app.py", line 2446, in wsgi_app
    response = self.full_dispatch_request()
  File "/home/tom/.local/lib/python3.6/site-packages/flask/app.py", line 1952, in full_dispatch_request
    return self.finalize_request(rv)
  File "/home/tom/.local/lib/python3.6/site-packages/flask/app.py", line 1967, in finalize_request
    response = self.make_response(rv)
  File "/home/tom/.local/lib/python3.6/site-packages/flask/app.py", line 2097, in make_response
    "The view function did not return a valid response. The"
TypeError: The view function did not return a valid response. The function either returned None or ended without a return statement.
[2019-09-28 15:23:58,849] ERROR in app: Exception on /ss.php [POST]
Traceback (most recent call last):
  File "/home/tom/.local/lib/python3.6/site-packages/flask/app.py", line 2446, in wsgi_app
    response = self.full_dispatch_request()
  File "/home/tom/.local/lib/python3.6/site-packages/flask/app.py", line 1952, in full_dispatch_request
    return self.finalize_request(rv)
  File "/home/tom/.local/lib/python3.6/site-packages/flask/app.py", line 1967, in finalize_request
    response = self.make_response(rv)
  File "/home/tom/.local/lib/python3.6/site-packages/flask/app.py", line 2097, in make_response
    "The view function did not return a valid response. The"
TypeError: The view function did not return a valid response. The function either returned None or ended without a return statement.
[2019-09-28 15:23:59,303] ERROR in app: Exception on /sss.php [POST]
Traceback (most recent call last):
  File "/home/tom/.local/lib/python3.6/site-packages/flask/app.py", line 2446, in wsgi_app
    response = self.full_dispatch_request()
  File "/home/tom/.local/lib/python3.6/site-packages/flask/app.py", line 1952, in full_dispatch_request
    return self.finalize_request(rv)
  File "/home/tom/.local/lib/python3.6/site-packages/flask/app.py", line 1967, in finalize_request
    response = self.make_response(rv)
  File "/home/tom/.local/lib/python3.6/site-packages/flask/app.py", line 2097, in make_response
    "The view function did not return a valid response. The"
TypeError: The view function did not return a valid response. The function either returned None or ended without a return statement.
[2019-09-28 15:23:59,755] ERROR in app: Exception on /mazi.php [POST]
Traceback (most recent call last):
  File "/home/tom/.local/lib/python3.6/site-packages/flask/app.py", line 2446, in wsgi_app
    response = self.full_dispatch_request()
  File "/home/tom/.local/lib/python3.6/site-packages/flask/app.py", line 1952, in full_dispatch_request
    return self.finalize_request(rv)
  File "/home/tom/.local/lib/python3.6/site-packages/flask/app.py", line 1967, in finalize_request
    response = self.make_response(rv)
  File "/home/tom/.local/lib/python3.6/site-packages/flask/app.py", line 2097, in make_response
    "The view function did not return a valid response. The"
TypeError: The view function did not return a valid response. The function either returned None or ended without a return statement.
[2019-09-28 15:24:00,224] ERROR in app: Exception on /phpini.php [POST]
Traceback (most recent call last):
  File "/home/tom/.local/lib/python3.6/site-packages/flask/app.py", line 2446, in wsgi_app
    response = self.full_dispatch_request()
  File "/home/tom/.local/lib/python3.6/site-packages/flask/app.py", line 1952, in full_dispatch_request
    return self.finalize_request(rv)
  File "/home/tom/.local/lib/python3.6/site-packages/flask/app.py", line 1967, in finalize_request
    response = self.make_response(rv)
  File "/home/tom/.local/lib/python3.6/site-packages/flask/app.py", line 2097, in make_response
    "The view function did not return a valid response. The"
TypeError: The view function did not return a valid response. The function either returned None or ended without a return statement.
[2019-09-28 15:24:00,812] ERROR in app: Exception on /1.php [POST]
Traceback (most recent call last):
  File "/home/tom/.local/lib/python3.6/site-packages/flask/app.py", line 2446, in wsgi_app
    response = self.full_dispatch_request()
  File "/home/tom/.local/lib/python3.6/site-packages/flask/app.py", line 1952, in full_dispatch_request
    return self.finalize_request(rv)
  File "/home/tom/.local/lib/python3.6/site-packages/flask/app.py", line 1967, in finalize_request
    response = self.make_response(rv)
  File "/home/tom/.local/lib/python3.6/site-packages/flask/app.py", line 2097, in make_response
    "The view function did not return a valid response. The"
TypeError: The view function did not return a valid response. The function either returned None or ended without a return statement.
[2019-09-28 15:24:01,274] ERROR in app: Exception on /2.php [POST]
Traceback (most recent call last):
  File "/home/tom/.local/lib/python3.6/site-packages/flask/app.py", line 2446, in wsgi_app
    response = self.full_dispatch_request()
  File "/home/tom/.local/lib/python3.6/site-packages/flask/app.py", line 1952, in full_dispatch_request
    return self.finalize_request(rv)
  File "/home/tom/.local/lib/python3.6/site-packages/flask/app.py", line 1967, in finalize_request
    response = self.make_response(rv)
  File "/home/tom/.local/lib/python3.6/site-packages/flask/app.py", line 2097, in make_response
    "The view function did not return a valid response. The"
TypeError: The view function did not return a valid response. The function either returned None or ended without a return statement.
[2019-09-28 15:24:01,728] ERROR in app: Exception on /core.php [POST]
Traceback (most recent call last):
  File "/home/tom/.local/lib/python3.6/site-packages/flask/app.py", line 2446, in wsgi_app
    response = self.full_dispatch_request()
  File "/home/tom/.local/lib/python3.6/site-packages/flask/app.py", line 1952, in full_dispatch_request
    return self.finalize_request(rv)
  File "/home/tom/.local/lib/python3.6/site-packages/flask/app.py", line 1967, in finalize_request
    response = self.make_response(rv)
  File "/home/tom/.local/lib/python3.6/site-packages/flask/app.py", line 2097, in make_response
    "The view function did not return a valid response. The"
TypeError: The view function did not return a valid response. The function either returned None or ended without a return statement.
[2019-09-28 15:24:02,199] ERROR in app: Exception on /qaz.php [POST]
Traceback (most recent call last):
  File "/home/tom/.local/lib/python3.6/site-packages/flask/app.py", line 2446, in wsgi_app
    response = self.full_dispatch_request()
  File "/home/tom/.local/lib/python3.6/site-packages/flask/app.py", line 1952, in full_dispatch_request
    return self.finalize_request(rv)
  File "/home/tom/.local/lib/python3.6/site-packages/flask/app.py", line 1967, in finalize_request
    response = self.make_response(rv)
  File "/home/tom/.local/lib/python3.6/site-packages/flask/app.py", line 2097, in make_response
    "The view function did not return a valid response. The"
TypeError: The view function did not return a valid response. The function either returned None or ended without a return statement.
[2019-09-28 15:24:03,340] ERROR in app: Exception on /sha.php [POST]
Traceback (most recent call last):
  File "/home/tom/.local/lib/python3.6/site-packages/flask/app.py", line 2446, in wsgi_app
    response = self.full_dispatch_request()
  File "/home/tom/.local/lib/python3.6/site-packages/flask/app.py", line 1952, in full_dispatch_request
    return self.finalize_request(rv)
  File "/home/tom/.local/lib/python3.6/site-packages/flask/app.py", line 1967, in finalize_request
    response = self.make_response(rv)
  File "/home/tom/.local/lib/python3.6/site-packages/flask/app.py", line 2097, in make_response
    "The view function did not return a valid response. The"
TypeError: The view function did not return a valid response. The function either returned None or ended without a return statement.
[2019-09-28 15:24:03,806] ERROR in app: Exception on /ppx.php [POST]
Traceback (most recent call last):
  File "/home/tom/.local/lib/python3.6/site-packages/flask/app.py", line 2446, in wsgi_app
    response = self.full_dispatch_request()
  File "/home/tom/.local/lib/python3.6/site-packages/flask/app.py", line 1952, in full_dispatch_request
    return self.finalize_request(rv)
  File "/home/tom/.local/lib/python3.6/site-packages/flask/app.py", line 1967, in finalize_request
    response = self.make_response(rv)
  File "/home/tom/.local/lib/python3.6/site-packages/flask/app.py", line 2097, in make_response
    "The view function did not return a valid response. The"
TypeError: The view function did not return a valid response. The function either returned None or ended without a return statement.
[2019-09-28 15:24:04,276] ERROR in app: Exception on /confg.php [POST]
Traceback (most recent call last):
  File "/home/tom/.local/lib/python3.6/site-packages/flask/app.py", line 2446, in wsgi_app
    response = self.full_dispatch_request()
  File "/home/tom/.local/lib/python3.6/site-packages/flask/app.py", line 1952, in full_dispatch_request
    return self.finalize_request(rv)
  File "/home/tom/.local/lib/python3.6/site-packages/flask/app.py", line 1967, in finalize_request
    response = self.make_response(rv)
  File "/home/tom/.local/lib/python3.6/site-packages/flask/app.py", line 2097, in make_response
    "The view function did not return a valid response. The"
TypeError: The view function did not return a valid response. The function either returned None or ended without a return statement.
[2019-09-28 15:24:04,813] ERROR in app: Exception on /conf1g.php [POST]
Traceback (most recent call last):
  File "/home/tom/.local/lib/python3.6/site-packages/flask/app.py", line 2446, in wsgi_app
    response = self.full_dispatch_request()
  File "/home/tom/.local/lib/python3.6/site-packages/flask/app.py", line 1952, in full_dispatch_request
    return self.finalize_request(rv)
  File "/home/tom/.local/lib/python3.6/site-packages/flask/app.py", line 1967, in finalize_request
    response = self.make_response(rv)
  File "/home/tom/.local/lib/python3.6/site-packages/flask/app.py", line 2097, in make_response
    "The view function did not return a valid response. The"
TypeError: The view function did not return a valid response. The function either returned None or ended without a return statement.
[2019-09-28 15:24:05,902] ERROR in app: Exception on /confg.php [POST]
Traceback (most recent call last):
  File "/home/tom/.local/lib/python3.6/site-packages/flask/app.py", line 2446, in wsgi_app
    response = self.full_dispatch_request()
  File "/home/tom/.local/lib/python3.6/site-packages/flask/app.py", line 1952, in full_dispatch_request
    return self.finalize_request(rv)
  File "/home/tom/.local/lib/python3.6/site-packages/flask/app.py", line 1967, in finalize_request
    response = self.make_response(rv)
  File "/home/tom/.local/lib/python3.6/site-packages/flask/app.py", line 2097, in make_response
    "The view function did not return a valid response. The"
TypeError: The view function did not return a valid response. The function either returned None or ended without a return statement.
[2019-09-28 15:24:06,350] ERROR in app: Exception on /confg.php [POST]
Traceback (most recent call last):
  File "/home/tom/.local/lib/python3.6/site-packages/flask/app.py", line 2446, in wsgi_app
    response = self.full_dispatch_request()
  File "/home/tom/.local/lib/python3.6/site-packages/flask/app.py", line 1952, in full_dispatch_request
    return self.finalize_request(rv)
  File "/home/tom/.local/lib/python3.6/site-packages/flask/app.py", line 1967, in finalize_request
    response = self.make_response(rv)
  File "/home/tom/.local/lib/python3.6/site-packages/flask/app.py", line 2097, in make_response
    "The view function did not return a valid response. The"
TypeError: The view function did not return a valid response. The function either returned None or ended without a return statement.
[2019-09-28 15:24:06,797] ERROR in app: Exception on /confg.php [POST]
Traceback (most recent call last):
  File "/home/tom/.local/lib/python3.6/site-packages/flask/app.py", line 2446, in wsgi_app
    response = self.full_dispatch_request()
  File "/home/tom/.local/lib/python3.6/site-packages/flask/app.py", line 1952, in full_dispatch_request
    return self.finalize_request(rv)
  File "/home/tom/.local/lib/python3.6/site-packages/flask/app.py", line 1967, in finalize_request
    response = self.make_response(rv)
  File "/home/tom/.local/lib/python3.6/site-packages/flask/app.py", line 2097, in make_response
    "The view function did not return a valid response. The"
TypeError: The view function did not return a valid response. The function either returned None or ended without a return statement.
[2019-09-28 15:24:07,245] ERROR in app: Exception on /ver.php [POST]
Traceback (most recent call last):
  File "/home/tom/.local/lib/python3.6/site-packages/flask/app.py", line 2446, in wsgi_app
    response = self.full_dispatch_request()
  File "/home/tom/.local/lib/python3.6/site-packages/flask/app.py", line 1952, in full_dispatch_request
    return self.finalize_request(rv)
  File "/home/tom/.local/lib/python3.6/site-packages/flask/app.py", line 1967, in finalize_request
    response = self.make_response(rv)
  File "/home/tom/.local/lib/python3.6/site-packages/flask/app.py", line 2097, in make_response
    "The view function did not return a valid response. The"
TypeError: The view function did not return a valid response. The function either returned None or ended without a return statement.
[2019-09-28 15:24:08,337] ERROR in app: Exception on /hack.php [POST]
Traceback (most recent call last):
  File "/home/tom/.local/lib/python3.6/site-packages/flask/app.py", line 2446, in wsgi_app
    response = self.full_dispatch_request()
  File "/home/tom/.local/lib/python3.6/site-packages/flask/app.py", line 1952, in full_dispatch_request
    return self.finalize_request(rv)
  File "/home/tom/.local/lib/python3.6/site-packages/flask/app.py", line 1967, in finalize_request
    response = self.make_response(rv)
  File "/home/tom/.local/lib/python3.6/site-packages/flask/app.py", line 2097, in make_response
    "The view function did not return a valid response. The"
TypeError: The view function did not return a valid response. The function either returned None or ended without a return statement.
[2019-09-28 15:24:08,793] ERROR in app: Exception on /hack.php [POST]
Traceback (most recent call last):
  File "/home/tom/.local/lib/python3.6/site-packages/flask/app.py", line 2446, in wsgi_app
    response = self.full_dispatch_request()
  File "/home/tom/.local/lib/python3.6/site-packages/flask/app.py", line 1952, in full_dispatch_request
    return self.finalize_request(rv)
  File "/home/tom/.local/lib/python3.6/site-packages/flask/app.py", line 1967, in finalize_request
    response = self.make_response(rv)
  File "/home/tom/.local/lib/python3.6/site-packages/flask/app.py", line 2097, in make_response
    "The view function did not return a valid response. The"
TypeError: The view function did not return a valid response. The function either returned None or ended without a return statement.
[2019-09-28 15:24:09,246] ERROR in app: Exception on /qa.php [POST]
Traceback (most recent call last):
  File "/home/tom/.local/lib/python3.6/site-packages/flask/app.py", line 2446, in wsgi_app
    response = self.full_dispatch_request()
  File "/home/tom/.local/lib/python3.6/site-packages/flask/app.py", line 1952, in full_dispatch_request
    return self.finalize_request(rv)
  File "/home/tom/.local/lib/python3.6/site-packages/flask/app.py", line 1967, in finalize_request
    response = self.make_response(rv)
  File "/home/tom/.local/lib/python3.6/site-packages/flask/app.py", line 2097, in make_response
    "The view function did not return a valid response. The"
TypeError: The view function did not return a valid response. The function either returned None or ended without a return statement.
[2019-09-28 15:24:12,820] ERROR in app: Exception on /Ss.php [POST]
Traceback (most recent call last):
  File "/home/tom/.local/lib/python3.6/site-packages/flask/app.py", line 2446, in wsgi_app
    response = self.full_dispatch_request()
  File "/home/tom/.local/lib/python3.6/site-packages/flask/app.py", line 1952, in full_dispatch_request
    return self.finalize_request(rv)
  File "/home/tom/.local/lib/python3.6/site-packages/flask/app.py", line 1967, in finalize_request
    response = self.make_response(rv)
  File "/home/tom/.local/lib/python3.6/site-packages/flask/app.py", line 2097, in make_response
    "The view function did not return a valid response. The"
TypeError: The view function did not return a valid response. The function either returned None or ended without a return statement.
[2019-09-28 15:24:16,840] ERROR in app: Exception on /xxx.php [POST]
Traceback (most recent call last):
  File "/home/tom/.local/lib/python3.6/site-packages/flask/app.py", line 2446, in wsgi_app
    response = self.full_dispatch_request()
  File "/home/tom/.local/lib/python3.6/site-packages/flask/app.py", line 1952, in full_dispatch_request
    return self.finalize_request(rv)
  File "/home/tom/.local/lib/python3.6/site-packages/flask/app.py", line 1967, in finalize_request
    response = self.make_response(rv)
  File "/home/tom/.local/lib/python3.6/site-packages/flask/app.py", line 2097, in make_response
    "The view function did not return a valid response. The"
TypeError: The view function did not return a valid response. The function either returned None or ended without a return statement.
[2019-09-28 15:24:17,294] ERROR in app: Exception on /92.php [POST]
Traceback (most recent call last):
  File "/home/tom/.local/lib/python3.6/site-packages/flask/app.py", line 2446, in wsgi_app
    response = self.full_dispatch_request()
  File "/home/tom/.local/lib/python3.6/site-packages/flask/app.py", line 1952, in full_dispatch_request
    return self.finalize_request(rv)
  File "/home/tom/.local/lib/python3.6/site-packages/flask/app.py", line 1967, in finalize_request
    response = self.make_response(rv)
  File "/home/tom/.local/lib/python3.6/site-packages/flask/app.py", line 2097, in make_response
    "The view function did not return a valid response. The"
TypeError: The view function did not return a valid response. The function either returned None or ended without a return statement.
[2019-09-28 15:24:17,764] ERROR in app: Exception on /z.php [POST]
Traceback (most recent call last):
  File "/home/tom/.local/lib/python3.6/site-packages/flask/app.py", line 2446, in wsgi_app
    response = self.full_dispatch_request()
  File "/home/tom/.local/lib/python3.6/site-packages/flask/app.py", line 1952, in full_dispatch_request
    return self.finalize_request(rv)
  File "/home/tom/.local/lib/python3.6/site-packages/flask/app.py", line 1967, in finalize_request
    response = self.make_response(rv)
  File "/home/tom/.local/lib/python3.6/site-packages/flask/app.py", line 2097, in make_response
    "The view function did not return a valid response. The"
TypeError: The view function did not return a valid response. The function either returned None or ended without a return statement.
[2019-09-28 15:24:18,225] ERROR in app: Exception on /x.php [POST]
Traceback (most recent call last):
  File "/home/tom/.local/lib/python3.6/site-packages/flask/app.py", line 2446, in wsgi_app
    response = self.full_dispatch_request()
  File "/home/tom/.local/lib/python3.6/site-packages/flask/app.py", line 1952, in full_dispatch_request
    return self.finalize_request(rv)
  File "/home/tom/.local/lib/python3.6/site-packages/flask/app.py", line 1967, in finalize_request
    response = self.make_response(rv)
  File "/home/tom/.local/lib/python3.6/site-packages/flask/app.py", line 2097, in make_response
    "The view function did not return a valid response. The"
TypeError: The view function did not return a valid response. The function either returned None or ended without a return statement.
[2019-09-28 15:24:20,602] ERROR in app: Exception on /dexgp.php [POST]
Traceback (most recent call last):
  File "/home/tom/.local/lib/python3.6/site-packages/flask/app.py", line 2446, in wsgi_app
    response = self.full_dispatch_request()
  File "/home/tom/.local/lib/python3.6/site-packages/flask/app.py", line 1952, in full_dispatch_request
    return self.finalize_request(rv)
  File "/home/tom/.local/lib/python3.6/site-packages/flask/app.py", line 1967, in finalize_request
    response = self.make_response(rv)
  File "/home/tom/.local/lib/python3.6/site-packages/flask/app.py", line 2097, in make_response
    "The view function did not return a valid response. The"
TypeError: The view function did not return a valid response. The function either returned None or ended without a return statement.
[2019-09-28 15:24:21,054] ERROR in app: Exception on /nuoxi.php [POST]
Traceback (most recent call last):
  File "/home/tom/.local/lib/python3.6/site-packages/flask/app.py", line 2446, in wsgi_app
    response = self.full_dispatch_request()
  File "/home/tom/.local/lib/python3.6/site-packages/flask/app.py", line 1952, in full_dispatch_request
    return self.finalize_request(rv)
  File "/home/tom/.local/lib/python3.6/site-packages/flask/app.py", line 1967, in finalize_request
    response = self.make_response(rv)
  File "/home/tom/.local/lib/python3.6/site-packages/flask/app.py", line 2097, in make_response
    "The view function did not return a valid response. The"
TypeError: The view function did not return a valid response. The function either returned None or ended without a return statement.
[2019-09-28 15:24:21,501] ERROR in app: Exception on /godkey.php [POST]
Traceback (most recent call last):
  File "/home/tom/.local/lib/python3.6/site-packages/flask/app.py", line 2446, in wsgi_app
    response = self.full_dispatch_request()
  File "/home/tom/.local/lib/python3.6/site-packages/flask/app.py", line 1952, in full_dispatch_request
    return self.finalize_request(rv)
  File "/home/tom/.local/lib/python3.6/site-packages/flask/app.py", line 1967, in finalize_request
    response = self.make_response(rv)
  File "/home/tom/.local/lib/python3.6/site-packages/flask/app.py", line 2097, in make_response
    "The view function did not return a valid response. The"
TypeError: The view function did not return a valid response. The function either returned None or ended without a return statement.
[2019-09-28 15:24:21,970] ERROR in app: Exception on /okokok.php [POST]
Traceback (most recent call last):
  File "/home/tom/.local/lib/python3.6/site-packages/flask/app.py", line 2446, in wsgi_app
    response = self.full_dispatch_request()
  File "/home/tom/.local/lib/python3.6/site-packages/flask/app.py", line 1952, in full_dispatch_request
    return self.finalize_request(rv)
  File "/home/tom/.local/lib/python3.6/site-packages/flask/app.py", line 1967, in finalize_request
    response = self.make_response(rv)
  File "/home/tom/.local/lib/python3.6/site-packages/flask/app.py", line 2097, in make_response
    "The view function did not return a valid response. The"
TypeError: The view function did not return a valid response. The function either returned None or ended without a return statement.
[2019-09-28 15:24:22,426] ERROR in app: Exception on /erwa.php [POST]
Traceback (most recent call last):
  File "/home/tom/.local/lib/python3.6/site-packages/flask/app.py", line 2446, in wsgi_app
    response = self.full_dispatch_request()
  File "/home/tom/.local/lib/python3.6/site-packages/flask/app.py", line 1952, in full_dispatch_request
    return self.finalize_request(rv)
  File "/home/tom/.local/lib/python3.6/site-packages/flask/app.py", line 1967, in finalize_request
    response = self.make_response(rv)
  File "/home/tom/.local/lib/python3.6/site-packages/flask/app.py", line 2097, in make_response
    "The view function did not return a valid response. The"
TypeError: The view function did not return a valid response. The function either returned None or ended without a return statement.
[2019-09-28 15:24:23,553] ERROR in app: Exception on /pma.php [POST]
Traceback (most recent call last):
  File "/home/tom/.local/lib/python3.6/site-packages/flask/app.py", line 2446, in wsgi_app
    response = self.full_dispatch_request()
  File "/home/tom/.local/lib/python3.6/site-packages/flask/app.py", line 1952, in full_dispatch_request
    return self.finalize_request(rv)
  File "/home/tom/.local/lib/python3.6/site-packages/flask/app.py", line 1967, in finalize_request
    response = self.make_response(rv)
  File "/home/tom/.local/lib/python3.6/site-packages/flask/app.py", line 2097, in make_response
    "The view function did not return a valid response. The"
TypeError: The view function did not return a valid response. The function either returned None or ended without a return statement.
[2019-09-28 15:24:24,842] ERROR in app: Exception on /ruyi.php [POST]
Traceback (most recent call last):
  File "/home/tom/.local/lib/python3.6/site-packages/flask/app.py", line 2446, in wsgi_app
    response = self.full_dispatch_request()
  File "/home/tom/.local/lib/python3.6/site-packages/flask/app.py", line 1952, in full_dispatch_request
    return self.finalize_request(rv)
  File "/home/tom/.local/lib/python3.6/site-packages/flask/app.py", line 1967, in finalize_request
    response = self.make_response(rv)
  File "/home/tom/.local/lib/python3.6/site-packages/flask/app.py", line 2097, in make_response
    "The view function did not return a valid response. The"
TypeError: The view function did not return a valid response. The function either returned None or ended without a return statement.
[2019-09-28 15:24:25,311] ERROR in app: Exception on /51314.php [POST]
Traceback (most recent call last):
  File "/home/tom/.local/lib/python3.6/site-packages/flask/app.py", line 2446, in wsgi_app
    response = self.full_dispatch_request()
  File "/home/tom/.local/lib/python3.6/site-packages/flask/app.py", line 1952, in full_dispatch_request
    return self.finalize_request(rv)
  File "/home/tom/.local/lib/python3.6/site-packages/flask/app.py", line 1967, in finalize_request
    response = self.make_response(rv)
  File "/home/tom/.local/lib/python3.6/site-packages/flask/app.py", line 2097, in make_response
    "The view function did not return a valid response. The"
TypeError: The view function did not return a valid response. The function either returned None or ended without a return statement.
[2019-09-28 15:24:25,770] ERROR in app: Exception on /5201314.php [POST]
Traceback (most recent call last):
  File "/home/tom/.local/lib/python3.6/site-packages/flask/app.py", line 2446, in wsgi_app
    response = self.full_dispatch_request()
  File "/home/tom/.local/lib/python3.6/site-packages/flask/app.py", line 1952, in full_dispatch_request
    return self.finalize_request(rv)
  File "/home/tom/.local/lib/python3.6/site-packages/flask/app.py", line 1967, in finalize_request
    response = self.make_response(rv)
  File "/home/tom/.local/lib/python3.6/site-packages/flask/app.py", line 2097, in make_response
    "The view function did not return a valid response. The"
TypeError: The view function did not return a valid response. The function either returned None or ended without a return statement.
[2019-09-28 15:24:26,244] ERROR in app: Exception on /fusheng.php [POST]
Traceback (most recent call last):
  File "/home/tom/.local/lib/python3.6/site-packages/flask/app.py", line 2446, in wsgi_app
    response = self.full_dispatch_request()
  File "/home/tom/.local/lib/python3.6/site-packages/flask/app.py", line 1952, in full_dispatch_request
    return self.finalize_request(rv)
  File "/home/tom/.local/lib/python3.6/site-packages/flask/app.py", line 1967, in finalize_request
    response = self.make_response(rv)
  File "/home/tom/.local/lib/python3.6/site-packages/flask/app.py", line 2097, in make_response
    "The view function did not return a valid response. The"
TypeError: The view function did not return a valid response. The function either returned None or ended without a return statement.
[2019-09-28 15:24:26,707] ERROR in app: Exception on /general.php [POST]
Traceback (most recent call last):
  File "/home/tom/.local/lib/python3.6/site-packages/flask/app.py", line 2446, in wsgi_app
    response = self.full_dispatch_request()
  File "/home/tom/.local/lib/python3.6/site-packages/flask/app.py", line 1952, in full_dispatch_request
    return self.finalize_request(rv)
  File "/home/tom/.local/lib/python3.6/site-packages/flask/app.py", line 1967, in finalize_request
    response = self.make_response(rv)
  File "/home/tom/.local/lib/python3.6/site-packages/flask/app.py", line 2097, in make_response
    "The view function did not return a valid response. The"
TypeError: The view function did not return a valid response. The function either returned None or ended without a return statement.
[2019-09-28 15:24:27,161] ERROR in app: Exception on /repeat.php [POST]
Traceback (most recent call last):
  File "/home/tom/.local/lib/python3.6/site-packages/flask/app.py", line 2446, in wsgi_app
    response = self.full_dispatch_request()
  File "/home/tom/.local/lib/python3.6/site-packages/flask/app.py", line 1952, in full_dispatch_request
    return self.finalize_request(rv)
  File "/home/tom/.local/lib/python3.6/site-packages/flask/app.py", line 1967, in finalize_request
    response = self.make_response(rv)
  File "/home/tom/.local/lib/python3.6/site-packages/flask/app.py", line 2097, in make_response
    "The view function did not return a valid response. The"
TypeError: The view function did not return a valid response. The function either returned None or ended without a return statement.
[2019-09-28 15:24:27,628] ERROR in app: Exception on /ldw.php [POST]
Traceback (most recent call last):
  File "/home/tom/.local/lib/python3.6/site-packages/flask/app.py", line 2446, in wsgi_app
    response = self.full_dispatch_request()
  File "/home/tom/.local/lib/python3.6/site-packages/flask/app.py", line 1952, in full_dispatch_request
    return self.finalize_request(rv)
  File "/home/tom/.local/lib/python3.6/site-packages/flask/app.py", line 1967, in finalize_request
    response = self.make_response(rv)
  File "/home/tom/.local/lib/python3.6/site-packages/flask/app.py", line 2097, in make_response
    "The view function did not return a valid response. The"
TypeError: The view function did not return a valid response. The function either returned None or ended without a return statement.
[2019-09-28 15:24:28,079] ERROR in app: Exception on /api.php [POST]
Traceback (most recent call last):
  File "/home/tom/.local/lib/python3.6/site-packages/flask/app.py", line 2446, in wsgi_app
    response = self.full_dispatch_request()
  File "/home/tom/.local/lib/python3.6/site-packages/flask/app.py", line 1952, in full_dispatch_request
    return self.finalize_request(rv)
  File "/home/tom/.local/lib/python3.6/site-packages/flask/app.py", line 1967, in finalize_request
    response = self.make_response(rv)
  File "/home/tom/.local/lib/python3.6/site-packages/flask/app.py", line 2097, in make_response
    "The view function did not return a valid response. The"
TypeError: The view function did not return a valid response. The function either returned None or ended without a return statement.
[2019-09-28 15:24:28,534] ERROR in app: Exception on /s1.php [POST]
Traceback (most recent call last):
  File "/home/tom/.local/lib/python3.6/site-packages/flask/app.py", line 2446, in wsgi_app
    response = self.full_dispatch_request()
  File "/home/tom/.local/lib/python3.6/site-packages/flask/app.py", line 1952, in full_dispatch_request
    return self.finalize_request(rv)
  File "/home/tom/.local/lib/python3.6/site-packages/flask/app.py", line 1967, in finalize_request
    response = self.make_response(rv)
  File "/home/tom/.local/lib/python3.6/site-packages/flask/app.py", line 2097, in make_response
    "The view function did not return a valid response. The"
TypeError: The view function did not return a valid response. The function either returned None or ended without a return statement.
[2019-09-28 15:24:28,994] ERROR in app: Exception on /hello.php [POST]
Traceback (most recent call last):
  File "/home/tom/.local/lib/python3.6/site-packages/flask/app.py", line 2446, in wsgi_app
    response = self.full_dispatch_request()
  File "/home/tom/.local/lib/python3.6/site-packages/flask/app.py", line 1952, in full_dispatch_request
    return self.finalize_request(rv)
  File "/home/tom/.local/lib/python3.6/site-packages/flask/app.py", line 1967, in finalize_request
    response = self.make_response(rv)
  File "/home/tom/.local/lib/python3.6/site-packages/flask/app.py", line 2097, in make_response
    "The view function did not return a valid response. The"
TypeError: The view function did not return a valid response. The function either returned None or ended without a return statement.
[2019-09-28 15:24:30,120] ERROR in app: Exception on /hello.php [POST]
Traceback (most recent call last):
  File "/home/tom/.local/lib/python3.6/site-packages/flask/app.py", line 2446, in wsgi_app
    response = self.full_dispatch_request()
  File "/home/tom/.local/lib/python3.6/site-packages/flask/app.py", line 1952, in full_dispatch_request
    return self.finalize_request(rv)
  File "/home/tom/.local/lib/python3.6/site-packages/flask/app.py", line 1967, in finalize_request
    response = self.make_response(rv)
  File "/home/tom/.local/lib/python3.6/site-packages/flask/app.py", line 2097, in make_response
    "The view function did not return a valid response. The"
TypeError: The view function did not return a valid response. The function either returned None or ended without a return statement.
[2019-09-28 15:24:30,570] ERROR in app: Exception on /admn.php [POST]
Traceback (most recent call last):
  File "/home/tom/.local/lib/python3.6/site-packages/flask/app.py", line 2446, in wsgi_app
    response = self.full_dispatch_request()
  File "/home/tom/.local/lib/python3.6/site-packages/flask/app.py", line 1952, in full_dispatch_request
    return self.finalize_request(rv)
  File "/home/tom/.local/lib/python3.6/site-packages/flask/app.py", line 1967, in finalize_request
    response = self.make_response(rv)
  File "/home/tom/.local/lib/python3.6/site-packages/flask/app.py", line 2097, in make_response
    "The view function did not return a valid response. The"
TypeError: The view function did not return a valid response. The function either returned None or ended without a return statement.
[2019-09-28 15:24:31,021] ERROR in app: Exception on /hell.php [POST]
Traceback (most recent call last):
  File "/home/tom/.local/lib/python3.6/site-packages/flask/app.py", line 2446, in wsgi_app
    response = self.full_dispatch_request()
  File "/home/tom/.local/lib/python3.6/site-packages/flask/app.py", line 1952, in full_dispatch_request
    return self.finalize_request(rv)
  File "/home/tom/.local/lib/python3.6/site-packages/flask/app.py", line 1967, in finalize_request
    response = self.make_response(rv)
  File "/home/tom/.local/lib/python3.6/site-packages/flask/app.py", line 2097, in make_response
    "The view function did not return a valid response. The"
TypeError: The view function did not return a valid response. The function either returned None or ended without a return statement.
[2019-09-28 15:24:31,490] ERROR in app: Exception on /hell.php [POST]
Traceback (most recent call last):
  File "/home/tom/.local/lib/python3.6/site-packages/flask/app.py", line 2446, in wsgi_app
    response = self.full_dispatch_request()
  File "/home/tom/.local/lib/python3.6/site-packages/flask/app.py", line 1952, in full_dispatch_request
    return self.finalize_request(rv)
  File "/home/tom/.local/lib/python3.6/site-packages/flask/app.py", line 1967, in finalize_request
    response = self.make_response(rv)
  File "/home/tom/.local/lib/python3.6/site-packages/flask/app.py", line 2097, in make_response
    "The view function did not return a valid response. The"
TypeError: The view function did not return a valid response. The function either returned None or ended without a return statement.
[2019-09-28 15:24:31,941] ERROR in app: Exception on /xp.php [POST]
Traceback (most recent call last):
  File "/home/tom/.local/lib/python3.6/site-packages/flask/app.py", line 2446, in wsgi_app
    response = self.full_dispatch_request()
  File "/home/tom/.local/lib/python3.6/site-packages/flask/app.py", line 1952, in full_dispatch_request
    return self.finalize_request(rv)
  File "/home/tom/.local/lib/python3.6/site-packages/flask/app.py", line 1967, in finalize_request
    response = self.make_response(rv)
  File "/home/tom/.local/lib/python3.6/site-packages/flask/app.py", line 2097, in make_response
    "The view function did not return a valid response. The"
TypeError: The view function did not return a valid response. The function either returned None or ended without a return statement.
[2019-09-28 15:24:32,396] ERROR in app: Exception on /1.php [POST]
Traceback (most recent call last):
  File "/home/tom/.local/lib/python3.6/site-packages/flask/app.py", line 2446, in wsgi_app
    response = self.full_dispatch_request()
  File "/home/tom/.local/lib/python3.6/site-packages/flask/app.py", line 1952, in full_dispatch_request
    return self.finalize_request(rv)
  File "/home/tom/.local/lib/python3.6/site-packages/flask/app.py", line 1967, in finalize_request
    response = self.make_response(rv)
  File "/home/tom/.local/lib/python3.6/site-packages/flask/app.py", line 2097, in make_response
    "The view function did not return a valid response. The"
TypeError: The view function did not return a valid response. The function either returned None or ended without a return statement.
[2019-09-28 15:24:32,865] ERROR in app: Exception on /2.php [POST]
Traceback (most recent call last):
  File "/home/tom/.local/lib/python3.6/site-packages/flask/app.py", line 2446, in wsgi_app
    response = self.full_dispatch_request()
  File "/home/tom/.local/lib/python3.6/site-packages/flask/app.py", line 1952, in full_dispatch_request
    return self.finalize_request(rv)
  File "/home/tom/.local/lib/python3.6/site-packages/flask/app.py", line 1967, in finalize_request
    response = self.make_response(rv)
  File "/home/tom/.local/lib/python3.6/site-packages/flask/app.py", line 2097, in make_response
    "The view function did not return a valid response. The"
TypeError: The view function did not return a valid response. The function either returned None or ended without a return statement.
[2019-09-28 15:24:33,334] ERROR in app: Exception on /p.php [POST]
Traceback (most recent call last):
  File "/home/tom/.local/lib/python3.6/site-packages/flask/app.py", line 2446, in wsgi_app
    response = self.full_dispatch_request()
  File "/home/tom/.local/lib/python3.6/site-packages/flask/app.py", line 1952, in full_dispatch_request
    return self.finalize_request(rv)
  File "/home/tom/.local/lib/python3.6/site-packages/flask/app.py", line 1967, in finalize_request
    response = self.make_response(rv)
  File "/home/tom/.local/lib/python3.6/site-packages/flask/app.py", line 2097, in make_response
    "The view function did not return a valid response. The"
TypeError: The view function did not return a valid response. The function either returned None or ended without a return statement.
[2019-09-28 15:24:34,205] ERROR in app: Exception on /1.php [POST]
Traceback (most recent call last):
  File "/home/tom/.local/lib/python3.6/site-packages/flask/app.py", line 2446, in wsgi_app
    response = self.full_dispatch_request()
  File "/home/tom/.local/lib/python3.6/site-packages/flask/app.py", line 1952, in full_dispatch_request
    return self.finalize_request(rv)
  File "/home/tom/.local/lib/python3.6/site-packages/flask/app.py", line 1967, in finalize_request
    response = self.make_response(rv)
  File "/home/tom/.local/lib/python3.6/site-packages/flask/app.py", line 2097, in make_response
    "The view function did not return a valid response. The"
TypeError: The view function did not return a valid response. The function either returned None or ended without a return statement.
[2019-09-28 15:24:36,879] ERROR in app: Exception on /a.php [POST]
Traceback (most recent call last):
  File "/home/tom/.local/lib/python3.6/site-packages/flask/app.py", line 2446, in wsgi_app
    response = self.full_dispatch_request()
  File "/home/tom/.local/lib/python3.6/site-packages/flask/app.py", line 1952, in full_dispatch_request
    return self.finalize_request(rv)
  File "/home/tom/.local/lib/python3.6/site-packages/flask/app.py", line 1967, in finalize_request
    response = self.make_response(rv)
  File "/home/tom/.local/lib/python3.6/site-packages/flask/app.py", line 2097, in make_response
    "The view function did not return a valid response. The"
TypeError: The view function did not return a valid response. The function either returned None or ended without a return statement.
[2019-09-28 15:24:40,824] ERROR in app: Exception on /m.php [POST]
Traceback (most recent call last):
  File "/home/tom/.local/lib/python3.6/site-packages/flask/app.py", line 2446, in wsgi_app
    response = self.full_dispatch_request()
  File "/home/tom/.local/lib/python3.6/site-packages/flask/app.py", line 1952, in full_dispatch_request
    return self.finalize_request(rv)
  File "/home/tom/.local/lib/python3.6/site-packages/flask/app.py", line 1967, in finalize_request
    response = self.make_response(rv)
  File "/home/tom/.local/lib/python3.6/site-packages/flask/app.py", line 2097, in make_response
    "The view function did not return a valid response. The"
TypeError: The view function did not return a valid response. The function either returned None or ended without a return statement.
[2019-09-28 15:24:42,363] ERROR in app: Exception on /conf.php [POST]
Traceback (most recent call last):
  File "/home/tom/.local/lib/python3.6/site-packages/flask/app.py", line 2446, in wsgi_app
    response = self.full_dispatch_request()
  File "/home/tom/.local/lib/python3.6/site-packages/flask/app.py", line 1952, in full_dispatch_request
    return self.finalize_request(rv)
  File "/home/tom/.local/lib/python3.6/site-packages/flask/app.py", line 1967, in finalize_request
    response = self.make_response(rv)
  File "/home/tom/.local/lib/python3.6/site-packages/flask/app.py", line 2097, in make_response
    "The view function did not return a valid response. The"
TypeError: The view function did not return a valid response. The function either returned None or ended without a return statement.
[2019-09-28 15:24:44,842] ERROR in app: Exception on /123.php [POST]
Traceback (most recent call last):
  File "/home/tom/.local/lib/python3.6/site-packages/flask/app.py", line 2446, in wsgi_app
    response = self.full_dispatch_request()
  File "/home/tom/.local/lib/python3.6/site-packages/flask/app.py", line 1952, in full_dispatch_request
    return self.finalize_request(rv)
  File "/home/tom/.local/lib/python3.6/site-packages/flask/app.py", line 1967, in finalize_request
    response = self.make_response(rv)
  File "/home/tom/.local/lib/python3.6/site-packages/flask/app.py", line 2097, in make_response
    "The view function did not return a valid response. The"
TypeError: The view function did not return a valid response. The function either returned None or ended without a return statement.
[2019-09-28 15:24:45,294] ERROR in app: Exception on /1234.php [POST]
Traceback (most recent call last):
  File "/home/tom/.local/lib/python3.6/site-packages/flask/app.py", line 2446, in wsgi_app
    response = self.full_dispatch_request()
  File "/home/tom/.local/lib/python3.6/site-packages/flask/app.py", line 1952, in full_dispatch_request
    return self.finalize_request(rv)
  File "/home/tom/.local/lib/python3.6/site-packages/flask/app.py", line 1967, in finalize_request
    response = self.make_response(rv)
  File "/home/tom/.local/lib/python3.6/site-packages/flask/app.py", line 2097, in make_response
    "The view function did not return a valid response. The"
TypeError: The view function did not return a valid response. The function either returned None or ended without a return statement.
[2019-09-28 15:24:45,746] ERROR in app: Exception on /HX.php [POST]
Traceback (most recent call last):
  File "/home/tom/.local/lib/python3.6/site-packages/flask/app.py", line 2446, in wsgi_app
    response = self.full_dispatch_request()
  File "/home/tom/.local/lib/python3.6/site-packages/flask/app.py", line 1952, in full_dispatch_request
    return self.finalize_request(rv)
  File "/home/tom/.local/lib/python3.6/site-packages/flask/app.py", line 1967, in finalize_request
    response = self.make_response(rv)
  File "/home/tom/.local/lib/python3.6/site-packages/flask/app.py", line 2097, in make_response
    "The view function did not return a valid response. The"
TypeError: The view function did not return a valid response. The function either returned None or ended without a return statement.
[2019-09-28 15:24:46,197] ERROR in app: Exception on /diy.php [POST]
Traceback (most recent call last):
  File "/home/tom/.local/lib/python3.6/site-packages/flask/app.py", line 2446, in wsgi_app
    response = self.full_dispatch_request()
  File "/home/tom/.local/lib/python3.6/site-packages/flask/app.py", line 1952, in full_dispatch_request
    return self.finalize_request(rv)
  File "/home/tom/.local/lib/python3.6/site-packages/flask/app.py", line 1967, in finalize_request
    response = self.make_response(rv)
  File "/home/tom/.local/lib/python3.6/site-packages/flask/app.py", line 2097, in make_response
    "The view function did not return a valid response. The"
TypeError: The view function did not return a valid response. The function either returned None or ended without a return statement.
[2019-09-28 15:24:48,879] ERROR in app: Exception on /666.php [POST]
Traceback (most recent call last):
  File "/home/tom/.local/lib/python3.6/site-packages/flask/app.py", line 2446, in wsgi_app
    response = self.full_dispatch_request()
  File "/home/tom/.local/lib/python3.6/site-packages/flask/app.py", line 1952, in full_dispatch_request
    return self.finalize_request(rv)
  File "/home/tom/.local/lib/python3.6/site-packages/flask/app.py", line 1967, in finalize_request
    response = self.make_response(rv)
  File "/home/tom/.local/lib/python3.6/site-packages/flask/app.py", line 2097, in make_response
    "The view function did not return a valid response. The"
TypeError: The view function did not return a valid response. The function either returned None or ended without a return statement.
[2019-09-28 15:24:50,415] ERROR in app: Exception on /777.php [POST]
Traceback (most recent call last):
  File "/home/tom/.local/lib/python3.6/site-packages/flask/app.py", line 2446, in wsgi_app
    response = self.full_dispatch_request()
  File "/home/tom/.local/lib/python3.6/site-packages/flask/app.py", line 1952, in full_dispatch_request
    return self.finalize_request(rv)
  File "/home/tom/.local/lib/python3.6/site-packages/flask/app.py", line 1967, in finalize_request
    response = self.make_response(rv)
  File "/home/tom/.local/lib/python3.6/site-packages/flask/app.py", line 2097, in make_response
    "The view function did not return a valid response. The"
TypeError: The view function did not return a valid response. The function either returned None or ended without a return statement.
[2019-09-28 15:24:53,243] ERROR in app: Exception on /qwq.php [POST]
Traceback (most recent call last):
  File "/home/tom/.local/lib/python3.6/site-packages/flask/app.py", line 2446, in wsgi_app
    response = self.full_dispatch_request()
  File "/home/tom/.local/lib/python3.6/site-packages/flask/app.py", line 1952, in full_dispatch_request
    return self.finalize_request(rv)
  File "/home/tom/.local/lib/python3.6/site-packages/flask/app.py", line 1967, in finalize_request
    response = self.make_response(rv)
  File "/home/tom/.local/lib/python3.6/site-packages/flask/app.py", line 2097, in make_response
    "The view function did not return a valid response. The"
TypeError: The view function did not return a valid response. The function either returned None or ended without a return statement.
[2019-09-28 15:24:53,689] ERROR in app: Exception on /qwqw.php [POST]
Traceback (most recent call last):
  File "/home/tom/.local/lib/python3.6/site-packages/flask/app.py", line 2446, in wsgi_app
    response = self.full_dispatch_request()
  File "/home/tom/.local/lib/python3.6/site-packages/flask/app.py", line 1952, in full_dispatch_request
    return self.finalize_request(rv)
  File "/home/tom/.local/lib/python3.6/site-packages/flask/app.py", line 1967, in finalize_request
    response = self.make_response(rv)
  File "/home/tom/.local/lib/python3.6/site-packages/flask/app.py", line 2097, in make_response
    "The view function did not return a valid response. The"
TypeError: The view function did not return a valid response. The function either returned None or ended without a return statement.
[2019-09-28 15:24:54,134] ERROR in app: Exception on /.php [POST]
Traceback (most recent call last):
  File "/home/tom/.local/lib/python3.6/site-packages/flask/app.py", line 2446, in wsgi_app
    response = self.full_dispatch_request()
  File "/home/tom/.local/lib/python3.6/site-packages/flask/app.py", line 1952, in full_dispatch_request
    return self.finalize_request(rv)
  File "/home/tom/.local/lib/python3.6/site-packages/flask/app.py", line 1967, in finalize_request
    response = self.make_response(rv)
  File "/home/tom/.local/lib/python3.6/site-packages/flask/app.py", line 2097, in make_response
    "The view function did not return a valid response. The"
TypeError: The view function did not return a valid response. The function either returned None or ended without a return statement.
[2019-09-28 15:24:55,869] ERROR in app: Exception on /infos.php [POST]
Traceback (most recent call last):
  File "/home/tom/.local/lib/python3.6/site-packages/flask/app.py", line 2446, in wsgi_app
    response = self.full_dispatch_request()
  File "/home/tom/.local/lib/python3.6/site-packages/flask/app.py", line 1952, in full_dispatch_request
    return self.finalize_request(rv)
  File "/home/tom/.local/lib/python3.6/site-packages/flask/app.py", line 1967, in finalize_request
    response = self.make_response(rv)
  File "/home/tom/.local/lib/python3.6/site-packages/flask/app.py", line 2097, in make_response
    "The view function did not return a valid response. The"
TypeError: The view function did not return a valid response. The function either returned None or ended without a return statement.
[2019-09-28 15:24:56,556] ERROR in app: Exception on /x.php [POST]
Traceback (most recent call last):
  File "/home/tom/.local/lib/python3.6/site-packages/flask/app.py", line 2446, in wsgi_app
    response = self.full_dispatch_request()
  File "/home/tom/.local/lib/python3.6/site-packages/flask/app.py", line 1952, in full_dispatch_request
    return self.finalize_request(rv)
  File "/home/tom/.local/lib/python3.6/site-packages/flask/app.py", line 1967, in finalize_request
    response = self.make_response(rv)
  File "/home/tom/.local/lib/python3.6/site-packages/flask/app.py", line 2097, in make_response
    "The view function did not return a valid response. The"
TypeError: The view function did not return a valid response. The function either returned None or ended without a return statement.
[2019-09-28 15:24:57,006] ERROR in app: Exception on /lucky.php [POST]
Traceback (most recent call last):
  File "/home/tom/.local/lib/python3.6/site-packages/flask/app.py", line 2446, in wsgi_app
    response = self.full_dispatch_request()
  File "/home/tom/.local/lib/python3.6/site-packages/flask/app.py", line 1952, in full_dispatch_request
    return self.finalize_request(rv)
  File "/home/tom/.local/lib/python3.6/site-packages/flask/app.py", line 1967, in finalize_request
    response = self.make_response(rv)
  File "/home/tom/.local/lib/python3.6/site-packages/flask/app.py", line 2097, in make_response
    "The view function did not return a valid response. The"
TypeError: The view function did not return a valid response. The function either returned None or ended without a return statement.
[2019-09-28 15:24:57,456] ERROR in app: Exception on /zzk.php [POST]
Traceback (most recent call last):
  File "/home/tom/.local/lib/python3.6/site-packages/flask/app.py", line 2446, in wsgi_app
    response = self.full_dispatch_request()
  File "/home/tom/.local/lib/python3.6/site-packages/flask/app.py", line 1952, in full_dispatch_request
    return self.finalize_request(rv)
  File "/home/tom/.local/lib/python3.6/site-packages/flask/app.py", line 1967, in finalize_request
    response = self.make_response(rv)
  File "/home/tom/.local/lib/python3.6/site-packages/flask/app.py", line 2097, in make_response
    "The view function did not return a valid response. The"
TypeError: The view function did not return a valid response. The function either returned None or ended without a return statement.
[2019-09-28 15:24:59,004] ERROR in app: Exception on /toor.php [POST]
Traceback (most recent call last):
  File "/home/tom/.local/lib/python3.6/site-packages/flask/app.py", line 2446, in wsgi_app
    response = self.full_dispatch_request()
  File "/home/tom/.local/lib/python3.6/site-packages/flask/app.py", line 1952, in full_dispatch_request
    return self.finalize_request(rv)
  File "/home/tom/.local/lib/python3.6/site-packages/flask/app.py", line 1967, in finalize_request
    response = self.make_response(rv)
  File "/home/tom/.local/lib/python3.6/site-packages/flask/app.py", line 2097, in make_response
    "The view function did not return a valid response. The"
TypeError: The view function did not return a valid response. The function either returned None or ended without a return statement.
[2019-09-28 15:24:59,471] ERROR in app: Exception on /uu.php [POST]
Traceback (most recent call last):
  File "/home/tom/.local/lib/python3.6/site-packages/flask/app.py", line 2446, in wsgi_app
    response = self.full_dispatch_request()
  File "/home/tom/.local/lib/python3.6/site-packages/flask/app.py", line 1952, in full_dispatch_request
    return self.finalize_request(rv)
  File "/home/tom/.local/lib/python3.6/site-packages/flask/app.py", line 1967, in finalize_request
    response = self.make_response(rv)
  File "/home/tom/.local/lib/python3.6/site-packages/flask/app.py", line 2097, in make_response
    "The view function did not return a valid response. The"
TypeError: The view function did not return a valid response. The function either returned None or ended without a return statement.
[2019-09-28 15:25:00,813] ERROR in app: Exception on /a.php [POST]
Traceback (most recent call last):
  File "/home/tom/.local/lib/python3.6/site-packages/flask/app.py", line 2446, in wsgi_app
    response = self.full_dispatch_request()
  File "/home/tom/.local/lib/python3.6/site-packages/flask/app.py", line 1952, in full_dispatch_request
    return self.finalize_request(rv)
  File "/home/tom/.local/lib/python3.6/site-packages/flask/app.py", line 1967, in finalize_request
    response = self.make_response(rv)
  File "/home/tom/.local/lib/python3.6/site-packages/flask/app.py", line 2097, in make_response
    "The view function did not return a valid response. The"
TypeError: The view function did not return a valid response. The function either returned None or ended without a return statement.
[2019-09-28 15:25:01,261] ERROR in app: Exception on /aaa.php [POST]
Traceback (most recent call last):
  File "/home/tom/.local/lib/python3.6/site-packages/flask/app.py", line 2446, in wsgi_app
    response = self.full_dispatch_request()
  File "/home/tom/.local/lib/python3.6/site-packages/flask/app.py", line 1952, in full_dispatch_request
    return self.finalize_request(rv)
  File "/home/tom/.local/lib/python3.6/site-packages/flask/app.py", line 1967, in finalize_request
    response = self.make_response(rv)
  File "/home/tom/.local/lib/python3.6/site-packages/flask/app.py", line 2097, in make_response
    "The view function did not return a valid response. The"
TypeError: The view function did not return a valid response. The function either returned None or ended without a return statement.
[2019-09-28 15:25:02,527] ERROR in app: Exception on /wb.php [POST]
Traceback (most recent call last):
  File "/home/tom/.local/lib/python3.6/site-packages/flask/app.py", line 2446, in wsgi_app
    response = self.full_dispatch_request()
  File "/home/tom/.local/lib/python3.6/site-packages/flask/app.py", line 1952, in full_dispatch_request
    return self.finalize_request(rv)
  File "/home/tom/.local/lib/python3.6/site-packages/flask/app.py", line 1967, in finalize_request
    response = self.make_response(rv)
  File "/home/tom/.local/lib/python3.6/site-packages/flask/app.py", line 2097, in make_response
    "The view function did not return a valid response. The"
TypeError: The view function did not return a valid response. The function either returned None or ended without a return statement.
[2019-09-28 15:25:02,995] ERROR in app: Exception on /yj.php [POST]
Traceback (most recent call last):
  File "/home/tom/.local/lib/python3.6/site-packages/flask/app.py", line 2446, in wsgi_app
    response = self.full_dispatch_request()
  File "/home/tom/.local/lib/python3.6/site-packages/flask/app.py", line 1952, in full_dispatch_request
    return self.finalize_request(rv)
  File "/home/tom/.local/lib/python3.6/site-packages/flask/app.py", line 1967, in finalize_request
    response = self.make_response(rv)
  File "/home/tom/.local/lib/python3.6/site-packages/flask/app.py", line 2097, in make_response
    "The view function did not return a valid response. The"
TypeError: The view function did not return a valid response. The function either returned None or ended without a return statement.
[2019-09-28 15:25:03,455] ERROR in app: Exception on /z.php [POST]
Traceback (most recent call last):
  File "/home/tom/.local/lib/python3.6/site-packages/flask/app.py", line 2446, in wsgi_app
    response = self.full_dispatch_request()
  File "/home/tom/.local/lib/python3.6/site-packages/flask/app.py", line 1952, in full_dispatch_request
    return self.finalize_request(rv)
  File "/home/tom/.local/lib/python3.6/site-packages/flask/app.py", line 1967, in finalize_request
    response = self.make_response(rv)
  File "/home/tom/.local/lib/python3.6/site-packages/flask/app.py", line 2097, in make_response
    "The view function did not return a valid response. The"
TypeError: The view function did not return a valid response. The function either returned None or ended without a return statement.
[2019-09-28 15:25:03,910] ERROR in app: Exception on /7.php [POST]
Traceback (most recent call last):
  File "/home/tom/.local/lib/python3.6/site-packages/flask/app.py", line 2446, in wsgi_app
    response = self.full_dispatch_request()
  File "/home/tom/.local/lib/python3.6/site-packages/flask/app.py", line 1952, in full_dispatch_request
    return self.finalize_request(rv)
  File "/home/tom/.local/lib/python3.6/site-packages/flask/app.py", line 1967, in finalize_request
    response = self.make_response(rv)
  File "/home/tom/.local/lib/python3.6/site-packages/flask/app.py", line 2097, in make_response
    "The view function did not return a valid response. The"
TypeError: The view function did not return a valid response. The function either returned None or ended without a return statement.
[2019-09-28 15:25:04,379] ERROR in app: Exception on /xiaoma.php [POST]
Traceback (most recent call last):
  File "/home/tom/.local/lib/python3.6/site-packages/flask/app.py", line 2446, in wsgi_app
    response = self.full_dispatch_request()
  File "/home/tom/.local/lib/python3.6/site-packages/flask/app.py", line 1952, in full_dispatch_request
    return self.finalize_request(rv)
  File "/home/tom/.local/lib/python3.6/site-packages/flask/app.py", line 1967, in finalize_request
    response = self.make_response(rv)
  File "/home/tom/.local/lib/python3.6/site-packages/flask/app.py", line 2097, in make_response
    "The view function did not return a valid response. The"
TypeError: The view function did not return a valid response. The function either returned None or ended without a return statement.
[2019-09-28 15:25:04,843] ERROR in app: Exception on /xiaomae.php [POST]
Traceback (most recent call last):
  File "/home/tom/.local/lib/python3.6/site-packages/flask/app.py", line 2446, in wsgi_app
    response = self.full_dispatch_request()
  File "/home/tom/.local/lib/python3.6/site-packages/flask/app.py", line 1952, in full_dispatch_request
    return self.finalize_request(rv)
  File "/home/tom/.local/lib/python3.6/site-packages/flask/app.py", line 1967, in finalize_request
    response = self.make_response(rv)
  File "/home/tom/.local/lib/python3.6/site-packages/flask/app.py", line 2097, in make_response
    "The view function did not return a valid response. The"
TypeError: The view function did not return a valid response. The function either returned None or ended without a return statement.
[2019-09-28 15:25:05,316] ERROR in app: Exception on /xiaomar.php [POST]
Traceback (most recent call last):
  File "/home/tom/.local/lib/python3.6/site-packages/flask/app.py", line 2446, in wsgi_app
    response = self.full_dispatch_request()
  File "/home/tom/.local/lib/python3.6/site-packages/flask/app.py", line 1952, in full_dispatch_request
    return self.finalize_request(rv)
  File "/home/tom/.local/lib/python3.6/site-packages/flask/app.py", line 1967, in finalize_request
    response = self.make_response(rv)
  File "/home/tom/.local/lib/python3.6/site-packages/flask/app.py", line 2097, in make_response
    "The view function did not return a valid response. The"
TypeError: The view function did not return a valid response. The function either returned None or ended without a return statement.
[2019-09-28 15:25:05,766] ERROR in app: Exception on /qq.php [POST]
Traceback (most recent call last):
  File "/home/tom/.local/lib/python3.6/site-packages/flask/app.py", line 2446, in wsgi_app
    response = self.full_dispatch_request()
  File "/home/tom/.local/lib/python3.6/site-packages/flask/app.py", line 1952, in full_dispatch_request
    return self.finalize_request(rv)
  File "/home/tom/.local/lib/python3.6/site-packages/flask/app.py", line 1967, in finalize_request
    response = self.make_response(rv)
  File "/home/tom/.local/lib/python3.6/site-packages/flask/app.py", line 2097, in make_response
    "The view function did not return a valid response. The"
TypeError: The view function did not return a valid response. The function either returned None or ended without a return statement.
[2019-09-28 15:25:06,226] ERROR in app: Exception on /data.php [POST]
Traceback (most recent call last):
  File "/home/tom/.local/lib/python3.6/site-packages/flask/app.py", line 2446, in wsgi_app
    response = self.full_dispatch_request()
  File "/home/tom/.local/lib/python3.6/site-packages/flask/app.py", line 1952, in full_dispatch_request
    return self.finalize_request(rv)
  File "/home/tom/.local/lib/python3.6/site-packages/flask/app.py", line 1967, in finalize_request
    response = self.make_response(rv)
  File "/home/tom/.local/lib/python3.6/site-packages/flask/app.py", line 2097, in make_response
    "The view function did not return a valid response. The"
TypeError: The view function did not return a valid response. The function either returned None or ended without a return statement.
[2019-09-28 15:25:06,674] ERROR in app: Exception on /log.php [POST]
Traceback (most recent call last):
  File "/home/tom/.local/lib/python3.6/site-packages/flask/app.py", line 2446, in wsgi_app
    response = self.full_dispatch_request()
  File "/home/tom/.local/lib/python3.6/site-packages/flask/app.py", line 1952, in full_dispatch_request
    return self.finalize_request(rv)
  File "/home/tom/.local/lib/python3.6/site-packages/flask/app.py", line 1967, in finalize_request
    response = self.make_response(rv)
  File "/home/tom/.local/lib/python3.6/site-packages/flask/app.py", line 2097, in make_response
    "The view function did not return a valid response. The"
TypeError: The view function did not return a valid response. The function either returned None or ended without a return statement.
[2019-09-28 15:25:07,141] ERROR in app: Exception on /fack.php [POST]
Traceback (most recent call last):
  File "/home/tom/.local/lib/python3.6/site-packages/flask/app.py", line 2446, in wsgi_app
    response = self.full_dispatch_request()
  File "/home/tom/.local/lib/python3.6/site-packages/flask/app.py", line 1952, in full_dispatch_request
    return self.finalize_request(rv)
  File "/home/tom/.local/lib/python3.6/site-packages/flask/app.py", line 1967, in finalize_request
    response = self.make_response(rv)
  File "/home/tom/.local/lib/python3.6/site-packages/flask/app.py", line 2097, in make_response
    "The view function did not return a valid response. The"
TypeError: The view function did not return a valid response. The function either returned None or ended without a return statement.
[2019-09-28 15:25:08,243] ERROR in app: Exception on /angge.php [POST]
Traceback (most recent call last):
  File "/home/tom/.local/lib/python3.6/site-packages/flask/app.py", line 2446, in wsgi_app
    response = self.full_dispatch_request()
  File "/home/tom/.local/lib/python3.6/site-packages/flask/app.py", line 1952, in full_dispatch_request
    return self.finalize_request(rv)
  File "/home/tom/.local/lib/python3.6/site-packages/flask/app.py", line 1967, in finalize_request
    response = self.make_response(rv)
  File "/home/tom/.local/lib/python3.6/site-packages/flask/app.py", line 2097, in make_response
    "The view function did not return a valid response. The"
TypeError: The view function did not return a valid response. The function either returned None or ended without a return statement.
[2019-09-28 15:25:09,373] ERROR in app: Exception on /cxfm666.php [POST]
Traceback (most recent call last):
  File "/home/tom/.local/lib/python3.6/site-packages/flask/app.py", line 2446, in wsgi_app
    response = self.full_dispatch_request()
  File "/home/tom/.local/lib/python3.6/site-packages/flask/app.py", line 1952, in full_dispatch_request
    return self.finalize_request(rv)
  File "/home/tom/.local/lib/python3.6/site-packages/flask/app.py", line 1967, in finalize_request
    response = self.make_response(rv)
  File "/home/tom/.local/lib/python3.6/site-packages/flask/app.py", line 2097, in make_response
    "The view function did not return a valid response. The"
TypeError: The view function did not return a valid response. The function either returned None or ended without a return statement.
[2019-09-28 15:25:09,843] ERROR in app: Exception on /db.php [POST]
Traceback (most recent call last):
  File "/home/tom/.local/lib/python3.6/site-packages/flask/app.py", line 2446, in wsgi_app
    response = self.full_dispatch_request()
  File "/home/tom/.local/lib/python3.6/site-packages/flask/app.py", line 1952, in full_dispatch_request
    return self.finalize_request(rv)
  File "/home/tom/.local/lib/python3.6/site-packages/flask/app.py", line 1967, in finalize_request
    response = self.make_response(rv)
  File "/home/tom/.local/lib/python3.6/site-packages/flask/app.py", line 2097, in make_response
    "The view function did not return a valid response. The"
TypeError: The view function did not return a valid response. The function either returned None or ended without a return statement.
[2019-09-28 15:25:10,323] ERROR in app: Exception on /hacly.php [POST]
Traceback (most recent call last):
  File "/home/tom/.local/lib/python3.6/site-packages/flask/app.py", line 2446, in wsgi_app
    response = self.full_dispatch_request()
  File "/home/tom/.local/lib/python3.6/site-packages/flask/app.py", line 1952, in full_dispatch_request
    return self.finalize_request(rv)
  File "/home/tom/.local/lib/python3.6/site-packages/flask/app.py", line 1967, in finalize_request
    response = self.make_response(rv)
  File "/home/tom/.local/lib/python3.6/site-packages/flask/app.py", line 2097, in make_response
    "The view function did not return a valid response. The"
TypeError: The view function did not return a valid response. The function either returned None or ended without a return statement.
[2019-09-28 15:25:10,791] ERROR in app: Exception on /xiaomo.php [POST]
Traceback (most recent call last):
  File "/home/tom/.local/lib/python3.6/site-packages/flask/app.py", line 2446, in wsgi_app
    response = self.full_dispatch_request()
  File "/home/tom/.local/lib/python3.6/site-packages/flask/app.py", line 1952, in full_dispatch_request
    return self.finalize_request(rv)
  File "/home/tom/.local/lib/python3.6/site-packages/flask/app.py", line 1967, in finalize_request
    response = self.make_response(rv)
  File "/home/tom/.local/lib/python3.6/site-packages/flask/app.py", line 2097, in make_response
    "The view function did not return a valid response. The"
TypeError: The view function did not return a valid response. The function either returned None or ended without a return statement.
[2019-09-28 15:25:11,256] ERROR in app: Exception on /xiaoyu.php [POST]
Traceback (most recent call last):
  File "/home/tom/.local/lib/python3.6/site-packages/flask/app.py", line 2446, in wsgi_app
    response = self.full_dispatch_request()
  File "/home/tom/.local/lib/python3.6/site-packages/flask/app.py", line 1952, in full_dispatch_request
    return self.finalize_request(rv)
  File "/home/tom/.local/lib/python3.6/site-packages/flask/app.py", line 1967, in finalize_request
    response = self.make_response(rv)
  File "/home/tom/.local/lib/python3.6/site-packages/flask/app.py", line 2097, in make_response
    "The view function did not return a valid response. The"
TypeError: The view function did not return a valid response. The function either returned None or ended without a return statement.
[2019-09-28 15:25:12,367] ERROR in app: Exception on /xiaohei.php [POST]
Traceback (most recent call last):
  File "/home/tom/.local/lib/python3.6/site-packages/flask/app.py", line 2446, in wsgi_app
    response = self.full_dispatch_request()
  File "/home/tom/.local/lib/python3.6/site-packages/flask/app.py", line 1952, in full_dispatch_request
    return self.finalize_request(rv)
  File "/home/tom/.local/lib/python3.6/site-packages/flask/app.py", line 1967, in finalize_request
    response = self.make_response(rv)
  File "/home/tom/.local/lib/python3.6/site-packages/flask/app.py", line 2097, in make_response
    "The view function did not return a valid response. The"
TypeError: The view function did not return a valid response. The function either returned None or ended without a return statement.
[2019-09-28 15:25:12,842] ERROR in app: Exception on /qq5262.php [POST]
Traceback (most recent call last):
  File "/home/tom/.local/lib/python3.6/site-packages/flask/app.py", line 2446, in wsgi_app
    response = self.full_dispatch_request()
  File "/home/tom/.local/lib/python3.6/site-packages/flask/app.py", line 1952, in full_dispatch_request
    return self.finalize_request(rv)
  File "/home/tom/.local/lib/python3.6/site-packages/flask/app.py", line 1967, in finalize_request
    response = self.make_response(rv)
  File "/home/tom/.local/lib/python3.6/site-packages/flask/app.py", line 2097, in make_response
    "The view function did not return a valid response. The"
TypeError: The view function did not return a valid response. The function either returned None or ended without a return statement.
[2019-09-28 15:25:13,304] ERROR in app: Exception on /lost.php [POST]
Traceback (most recent call last):
  File "/home/tom/.local/lib/python3.6/site-packages/flask/app.py", line 2446, in wsgi_app
    response = self.full_dispatch_request()
  File "/home/tom/.local/lib/python3.6/site-packages/flask/app.py", line 1952, in full_dispatch_request
    return self.finalize_request(rv)
  File "/home/tom/.local/lib/python3.6/site-packages/flask/app.py", line 1967, in finalize_request
    response = self.make_response(rv)
  File "/home/tom/.local/lib/python3.6/site-packages/flask/app.py", line 2097, in make_response
    "The view function did not return a valid response. The"
TypeError: The view function did not return a valid response. The function either returned None or ended without a return statement.
[2019-09-28 15:25:16,831] ERROR in app: Exception on /php.php [POST]
Traceback (most recent call last):
  File "/home/tom/.local/lib/python3.6/site-packages/flask/app.py", line 2446, in wsgi_app
    response = self.full_dispatch_request()
  File "/home/tom/.local/lib/python3.6/site-packages/flask/app.py", line 1952, in full_dispatch_request
    return self.finalize_request(rv)
  File "/home/tom/.local/lib/python3.6/site-packages/flask/app.py", line 1967, in finalize_request
    response = self.make_response(rv)
  File "/home/tom/.local/lib/python3.6/site-packages/flask/app.py", line 2097, in make_response
    "The view function did not return a valid response. The"
TypeError: The view function did not return a valid response. The function either returned None or ended without a return statement.
[2019-09-28 15:25:17,294] ERROR in app: Exception on /win.php [POST]
Traceback (most recent call last):
  File "/home/tom/.local/lib/python3.6/site-packages/flask/app.py", line 2446, in wsgi_app
    response = self.full_dispatch_request()
  File "/home/tom/.local/lib/python3.6/site-packages/flask/app.py", line 1952, in full_dispatch_request
    return self.finalize_request(rv)
  File "/home/tom/.local/lib/python3.6/site-packages/flask/app.py", line 1967, in finalize_request
    response = self.make_response(rv)
  File "/home/tom/.local/lib/python3.6/site-packages/flask/app.py", line 2097, in make_response
    "The view function did not return a valid response. The"
TypeError: The view function did not return a valid response. The function either returned None or ended without a return statement.
[2019-09-28 15:25:20,784] ERROR in app: Exception on /win1.php [POST]
Traceback (most recent call last):
  File "/home/tom/.local/lib/python3.6/site-packages/flask/app.py", line 2446, in wsgi_app
    response = self.full_dispatch_request()
  File "/home/tom/.local/lib/python3.6/site-packages/flask/app.py", line 1952, in full_dispatch_request
    return self.finalize_request(rv)
  File "/home/tom/.local/lib/python3.6/site-packages/flask/app.py", line 1967, in finalize_request
    response = self.make_response(rv)
  File "/home/tom/.local/lib/python3.6/site-packages/flask/app.py", line 2097, in make_response
    "The view function did not return a valid response. The"
TypeError: The view function did not return a valid response. The function either returned None or ended without a return statement.
[2019-09-28 15:25:21,236] ERROR in app: Exception on /linux.php [POST]
Traceback (most recent call last):
  File "/home/tom/.local/lib/python3.6/site-packages/flask/app.py", line 2446, in wsgi_app
    response = self.full_dispatch_request()
  File "/home/tom/.local/lib/python3.6/site-packages/flask/app.py", line 1952, in full_dispatch_request
    return self.finalize_request(rv)
  File "/home/tom/.local/lib/python3.6/site-packages/flask/app.py", line 1967, in finalize_request
    response = self.make_response(rv)
  File "/home/tom/.local/lib/python3.6/site-packages/flask/app.py", line 2097, in make_response
    "The view function did not return a valid response. The"
TypeError: The view function did not return a valid response. The function either returned None or ended without a return statement.
[2019-09-28 15:25:23,704] ERROR in app: Exception on /linux1.php [POST]
Traceback (most recent call last):
  File "/home/tom/.local/lib/python3.6/site-packages/flask/app.py", line 2446, in wsgi_app
    response = self.full_dispatch_request()
  File "/home/tom/.local/lib/python3.6/site-packages/flask/app.py", line 1952, in full_dispatch_request
    return self.finalize_request(rv)
  File "/home/tom/.local/lib/python3.6/site-packages/flask/app.py", line 1967, in finalize_request
    response = self.make_response(rv)
  File "/home/tom/.local/lib/python3.6/site-packages/flask/app.py", line 2097, in make_response
    "The view function did not return a valid response. The"
TypeError: The view function did not return a valid response. The function either returned None or ended without a return statement.
[2019-09-28 15:25:24,833] ERROR in app: Exception on /CC.php [POST]
Traceback (most recent call last):
  File "/home/tom/.local/lib/python3.6/site-packages/flask/app.py", line 2446, in wsgi_app
    response = self.full_dispatch_request()
  File "/home/tom/.local/lib/python3.6/site-packages/flask/app.py", line 1952, in full_dispatch_request
    return self.finalize_request(rv)
  File "/home/tom/.local/lib/python3.6/site-packages/flask/app.py", line 1967, in finalize_request
    response = self.make_response(rv)
  File "/home/tom/.local/lib/python3.6/site-packages/flask/app.py", line 2097, in make_response
    "The view function did not return a valid response. The"
TypeError: The view function did not return a valid response. The function either returned None or ended without a return statement.
[2019-09-28 15:25:25,290] ERROR in app: Exception on /x.php [POST]
Traceback (most recent call last):
  File "/home/tom/.local/lib/python3.6/site-packages/flask/app.py", line 2446, in wsgi_app
    response = self.full_dispatch_request()
  File "/home/tom/.local/lib/python3.6/site-packages/flask/app.py", line 1952, in full_dispatch_request
    return self.finalize_request(rv)
  File "/home/tom/.local/lib/python3.6/site-packages/flask/app.py", line 1967, in finalize_request
    response = self.make_response(rv)
  File "/home/tom/.local/lib/python3.6/site-packages/flask/app.py", line 2097, in make_response
    "The view function did not return a valid response. The"
TypeError: The view function did not return a valid response. The function either returned None or ended without a return statement.
[2019-09-28 15:25:28,438] ERROR in app: Exception on /lanke.php [POST]
Traceback (most recent call last):
  File "/home/tom/.local/lib/python3.6/site-packages/flask/app.py", line 2446, in wsgi_app
    response = self.full_dispatch_request()
  File "/home/tom/.local/lib/python3.6/site-packages/flask/app.py", line 1952, in full_dispatch_request
    return self.finalize_request(rv)
  File "/home/tom/.local/lib/python3.6/site-packages/flask/app.py", line 1967, in finalize_request
    response = self.make_response(rv)
  File "/home/tom/.local/lib/python3.6/site-packages/flask/app.py", line 2097, in make_response
    "The view function did not return a valid response. The"
TypeError: The view function did not return a valid response. The function either returned None or ended without a return statement.
[2019-09-28 15:25:28,905] ERROR in app: Exception on /neko.php [POST]
Traceback (most recent call last):
  File "/home/tom/.local/lib/python3.6/site-packages/flask/app.py", line 2446, in wsgi_app
    response = self.full_dispatch_request()
  File "/home/tom/.local/lib/python3.6/site-packages/flask/app.py", line 1952, in full_dispatch_request
    return self.finalize_request(rv)
  File "/home/tom/.local/lib/python3.6/site-packages/flask/app.py", line 1967, in finalize_request
    response = self.make_response(rv)
  File "/home/tom/.local/lib/python3.6/site-packages/flask/app.py", line 2097, in make_response
    "The view function did not return a valid response. The"
TypeError: The view function did not return a valid response. The function either returned None or ended without a return statement.
[2019-09-28 15:25:29,377] ERROR in app: Exception on /super.php [POST]
Traceback (most recent call last):
  File "/home/tom/.local/lib/python3.6/site-packages/flask/app.py", line 2446, in wsgi_app
    response = self.full_dispatch_request()
  File "/home/tom/.local/lib/python3.6/site-packages/flask/app.py", line 1952, in full_dispatch_request
    return self.finalize_request(rv)
  File "/home/tom/.local/lib/python3.6/site-packages/flask/app.py", line 1967, in finalize_request
    response = self.make_response(rv)
  File "/home/tom/.local/lib/python3.6/site-packages/flask/app.py", line 2097, in make_response
    "The view function did not return a valid response. The"
TypeError: The view function did not return a valid response. The function either returned None or ended without a return statement.
[2019-09-28 15:25:32,875] ERROR in app: Exception on /cer.php [POST]
Traceback (most recent call last):
  File "/home/tom/.local/lib/python3.6/site-packages/flask/app.py", line 2446, in wsgi_app
    response = self.full_dispatch_request()
  File "/home/tom/.local/lib/python3.6/site-packages/flask/app.py", line 1952, in full_dispatch_request
    return self.finalize_request(rv)
  File "/home/tom/.local/lib/python3.6/site-packages/flask/app.py", line 1967, in finalize_request
    response = self.make_response(rv)
  File "/home/tom/.local/lib/python3.6/site-packages/flask/app.py", line 2097, in make_response
    "The view function did not return a valid response. The"
TypeError: The view function did not return a valid response. The function either returned None or ended without a return statement.
[2019-09-28 15:25:33,982] ERROR in app: Exception on /cere.php [POST]
Traceback (most recent call last):
  File "/home/tom/.local/lib/python3.6/site-packages/flask/app.py", line 2446, in wsgi_app
    response = self.full_dispatch_request()
  File "/home/tom/.local/lib/python3.6/site-packages/flask/app.py", line 1952, in full_dispatch_request
    return self.finalize_request(rv)
  File "/home/tom/.local/lib/python3.6/site-packages/flask/app.py", line 1967, in finalize_request
    response = self.make_response(rv)
  File "/home/tom/.local/lib/python3.6/site-packages/flask/app.py", line 2097, in make_response
    "The view function did not return a valid response. The"
TypeError: The view function did not return a valid response. The function either returned None or ended without a return statement.
[2019-09-28 15:25:34,455] ERROR in app: Exception on /aaa.php [POST]
Traceback (most recent call last):
  File "/home/tom/.local/lib/python3.6/site-packages/flask/app.py", line 2446, in wsgi_app
    response = self.full_dispatch_request()
  File "/home/tom/.local/lib/python3.6/site-packages/flask/app.py", line 1952, in full_dispatch_request
    return self.finalize_request(rv)
  File "/home/tom/.local/lib/python3.6/site-packages/flask/app.py", line 1967, in finalize_request
    response = self.make_response(rv)
  File "/home/tom/.local/lib/python3.6/site-packages/flask/app.py", line 2097, in make_response
    "The view function did not return a valid response. The"
TypeError: The view function did not return a valid response. The function either returned None or ended without a return statement.
[2019-09-28 15:25:36,830] ERROR in app: Exception on /Administrator.php [POST]
Traceback (most recent call last):
  File "/home/tom/.local/lib/python3.6/site-packages/flask/app.py", line 2446, in wsgi_app
    response = self.full_dispatch_request()
  File "/home/tom/.local/lib/python3.6/site-packages/flask/app.py", line 1952, in full_dispatch_request
    return self.finalize_request(rv)
  File "/home/tom/.local/lib/python3.6/site-packages/flask/app.py", line 1967, in finalize_request
    response = self.make_response(rv)
  File "/home/tom/.local/lib/python3.6/site-packages/flask/app.py", line 2097, in make_response
    "The view function did not return a valid response. The"
TypeError: The view function did not return a valid response. The function either returned None or ended without a return statement.
[2019-09-28 15:25:37,290] ERROR in app: Exception on /liangchen.php [POST]
Traceback (most recent call last):
  File "/home/tom/.local/lib/python3.6/site-packages/flask/app.py", line 2446, in wsgi_app
    response = self.full_dispatch_request()
  File "/home/tom/.local/lib/python3.6/site-packages/flask/app.py", line 1952, in full_dispatch_request
    return self.finalize_request(rv)
  File "/home/tom/.local/lib/python3.6/site-packages/flask/app.py", line 1967, in finalize_request
    response = self.make_response(rv)
  File "/home/tom/.local/lib/python3.6/site-packages/flask/app.py", line 2097, in make_response
    "The view function did not return a valid response. The"
TypeError: The view function did not return a valid response. The function either returned None or ended without a return statement.
[2019-09-28 15:25:37,758] ERROR in app: Exception on /lucky.php [POST]
Traceback (most recent call last):
  File "/home/tom/.local/lib/python3.6/site-packages/flask/app.py", line 2446, in wsgi_app
    response = self.full_dispatch_request()
  File "/home/tom/.local/lib/python3.6/site-packages/flask/app.py", line 1952, in full_dispatch_request
    return self.finalize_request(rv)
  File "/home/tom/.local/lib/python3.6/site-packages/flask/app.py", line 1967, in finalize_request
    response = self.make_response(rv)
  File "/home/tom/.local/lib/python3.6/site-packages/flask/app.py", line 2097, in make_response
    "The view function did not return a valid response. The"
TypeError: The view function did not return a valid response. The function either returned None or ended without a return statement.
[2019-09-28 15:25:38,205] ERROR in app: Exception on /meng.php [POST]
Traceback (most recent call last):
  File "/home/tom/.local/lib/python3.6/site-packages/flask/app.py", line 2446, in wsgi_app
    response = self.full_dispatch_request()
  File "/home/tom/.local/lib/python3.6/site-packages/flask/app.py", line 1952, in full_dispatch_request
    return self.finalize_request(rv)
  File "/home/tom/.local/lib/python3.6/site-packages/flask/app.py", line 1967, in finalize_request
    response = self.make_response(rv)
  File "/home/tom/.local/lib/python3.6/site-packages/flask/app.py", line 2097, in make_response
    "The view function did not return a valid response. The"
TypeError: The view function did not return a valid response. The function either returned None or ended without a return statement.
[2019-09-28 15:25:40,834] ERROR in app: Exception on /no.php [POST]
Traceback (most recent call last):
  File "/home/tom/.local/lib/python3.6/site-packages/flask/app.py", line 2446, in wsgi_app
    response = self.full_dispatch_request()
  File "/home/tom/.local/lib/python3.6/site-packages/flask/app.py", line 1952, in full_dispatch_request
    return self.finalize_request(rv)
  File "/home/tom/.local/lib/python3.6/site-packages/flask/app.py", line 1967, in finalize_request
    response = self.make_response(rv)
  File "/home/tom/.local/lib/python3.6/site-packages/flask/app.py", line 2097, in make_response
    "The view function did not return a valid response. The"
TypeError: The view function did not return a valid response. The function either returned None or ended without a return statement.
[2019-09-28 15:25:41,289] ERROR in app: Exception on /mysql.php [POST]
Traceback (most recent call last):
  File "/home/tom/.local/lib/python3.6/site-packages/flask/app.py", line 2446, in wsgi_app
    response = self.full_dispatch_request()
  File "/home/tom/.local/lib/python3.6/site-packages/flask/app.py", line 1952, in full_dispatch_request
    return self.finalize_request(rv)
  File "/home/tom/.local/lib/python3.6/site-packages/flask/app.py", line 1967, in finalize_request
    response = self.make_response(rv)
  File "/home/tom/.local/lib/python3.6/site-packages/flask/app.py", line 2097, in make_response
    "The view function did not return a valid response. The"
TypeError: The view function did not return a valid response. The function either returned None or ended without a return statement.
[2019-09-28 15:25:41,754] ERROR in app: Exception on /Updata.php [POST]
Traceback (most recent call last):
  File "/home/tom/.local/lib/python3.6/site-packages/flask/app.py", line 2446, in wsgi_app
    response = self.full_dispatch_request()
  File "/home/tom/.local/lib/python3.6/site-packages/flask/app.py", line 1952, in full_dispatch_request
    return self.finalize_request(rv)
  File "/home/tom/.local/lib/python3.6/site-packages/flask/app.py", line 1967, in finalize_request
    response = self.make_response(rv)
  File "/home/tom/.local/lib/python3.6/site-packages/flask/app.py", line 2097, in make_response
    "The view function did not return a valid response. The"
TypeError: The view function did not return a valid response. The function either returned None or ended without a return statement.
[2019-09-28 15:25:42,211] ERROR in app: Exception on /xxxx.php [POST]
Traceback (most recent call last):
  File "/home/tom/.local/lib/python3.6/site-packages/flask/app.py", line 2446, in wsgi_app
    response = self.full_dispatch_request()
  File "/home/tom/.local/lib/python3.6/site-packages/flask/app.py", line 1952, in full_dispatch_request
    return self.finalize_request(rv)
  File "/home/tom/.local/lib/python3.6/site-packages/flask/app.py", line 1967, in finalize_request
    response = self.make_response(rv)
  File "/home/tom/.local/lib/python3.6/site-packages/flask/app.py", line 2097, in make_response
    "The view function did not return a valid response. The"
TypeError: The view function did not return a valid response. The function either returned None or ended without a return statement.
[2019-09-28 15:25:44,872] ERROR in app: Exception on /guai.php [POST]
Traceback (most recent call last):
  File "/home/tom/.local/lib/python3.6/site-packages/flask/app.py", line 2446, in wsgi_app
    response = self.full_dispatch_request()
  File "/home/tom/.local/lib/python3.6/site-packages/flask/app.py", line 1952, in full_dispatch_request
    return self.finalize_request(rv)
  File "/home/tom/.local/lib/python3.6/site-packages/flask/app.py", line 1967, in finalize_request
    response = self.make_response(rv)
  File "/home/tom/.local/lib/python3.6/site-packages/flask/app.py", line 2097, in make_response
    "The view function did not return a valid response. The"
TypeError: The view function did not return a valid response. The function either returned None or ended without a return statement.
[2019-09-28 15:25:45,322] ERROR in app: Exception on /ljb.php [POST]
Traceback (most recent call last):
  File "/home/tom/.local/lib/python3.6/site-packages/flask/app.py", line 2446, in wsgi_app
    response = self.full_dispatch_request()
  File "/home/tom/.local/lib/python3.6/site-packages/flask/app.py", line 1952, in full_dispatch_request
    return self.finalize_request(rv)
  File "/home/tom/.local/lib/python3.6/site-packages/flask/app.py", line 1967, in finalize_request
    response = self.make_response(rv)
  File "/home/tom/.local/lib/python3.6/site-packages/flask/app.py", line 2097, in make_response
    "The view function did not return a valid response. The"
TypeError: The view function did not return a valid response. The function either returned None or ended without a return statement.
[2019-09-28 15:25:45,793] ERROR in app: Exception on /www.php [POST]
Traceback (most recent call last):
  File "/home/tom/.local/lib/python3.6/site-packages/flask/app.py", line 2446, in wsgi_app
    response = self.full_dispatch_request()
  File "/home/tom/.local/lib/python3.6/site-packages/flask/app.py", line 1952, in full_dispatch_request
    return self.finalize_request(rv)
  File "/home/tom/.local/lib/python3.6/site-packages/flask/app.py", line 1967, in finalize_request
    response = self.make_response(rv)
  File "/home/tom/.local/lib/python3.6/site-packages/flask/app.py", line 2097, in make_response
    "The view function did not return a valid response. The"
TypeError: The view function did not return a valid response. The function either returned None or ended without a return statement.
[2019-09-28 15:25:46,252] ERROR in app: Exception on /1.php [POST]
Traceback (most recent call last):
  File "/home/tom/.local/lib/python3.6/site-packages/flask/app.py", line 2446, in wsgi_app
    response = self.full_dispatch_request()
  File "/home/tom/.local/lib/python3.6/site-packages/flask/app.py", line 1952, in full_dispatch_request
    return self.finalize_request(rv)
  File "/home/tom/.local/lib/python3.6/site-packages/flask/app.py", line 1967, in finalize_request
    response = self.make_response(rv)
  File "/home/tom/.local/lib/python3.6/site-packages/flask/app.py", line 2097, in make_response
    "The view function did not return a valid response. The"
TypeError: The view function did not return a valid response. The function either returned None or ended without a return statement.
[2019-09-28 15:25:46,702] ERROR in app: Exception on /chaoda.php [POST]
Traceback (most recent call last):
  File "/home/tom/.local/lib/python3.6/site-packages/flask/app.py", line 2446, in wsgi_app
    response = self.full_dispatch_request()
  File "/home/tom/.local/lib/python3.6/site-packages/flask/app.py", line 1952, in full_dispatch_request
    return self.finalize_request(rv)
  File "/home/tom/.local/lib/python3.6/site-packages/flask/app.py", line 1967, in finalize_request
    response = self.make_response(rv)
  File "/home/tom/.local/lib/python3.6/site-packages/flask/app.py", line 2097, in make_response
    "The view function did not return a valid response. The"
TypeError: The view function did not return a valid response. The function either returned None or ended without a return statement.
[2019-09-28 15:25:47,164] ERROR in app: Exception on /qq.php [POST]
Traceback (most recent call last):
  File "/home/tom/.local/lib/python3.6/site-packages/flask/app.py", line 2446, in wsgi_app
    response = self.full_dispatch_request()
  File "/home/tom/.local/lib/python3.6/site-packages/flask/app.py", line 1952, in full_dispatch_request
    return self.finalize_request(rv)
  File "/home/tom/.local/lib/python3.6/site-packages/flask/app.py", line 1967, in finalize_request
    response = self.make_response(rv)
  File "/home/tom/.local/lib/python3.6/site-packages/flask/app.py", line 2097, in make_response
    "The view function did not return a valid response. The"
TypeError: The view function did not return a valid response. The function either returned None or ended without a return statement.
[2019-09-28 15:25:48,659] ERROR in app: Exception on /vuln.php [POST]
Traceback (most recent call last):
  File "/home/tom/.local/lib/python3.6/site-packages/flask/app.py", line 2446, in wsgi_app
    response = self.full_dispatch_request()
  File "/home/tom/.local/lib/python3.6/site-packages/flask/app.py", line 1952, in full_dispatch_request
    return self.finalize_request(rv)
  File "/home/tom/.local/lib/python3.6/site-packages/flask/app.py", line 1967, in finalize_request
    response = self.make_response(rv)
  File "/home/tom/.local/lib/python3.6/site-packages/flask/app.py", line 2097, in make_response
    "The view function did not return a valid response. The"
TypeError: The view function did not return a valid response. The function either returned None or ended without a return statement.
[2019-09-28 15:25:49,121] ERROR in app: Exception on /vuln1.php [POST]
Traceback (most recent call last):
  File "/home/tom/.local/lib/python3.6/site-packages/flask/app.py", line 2446, in wsgi_app
    response = self.full_dispatch_request()
  File "/home/tom/.local/lib/python3.6/site-packages/flask/app.py", line 1952, in full_dispatch_request
    return self.finalize_request(rv)
  File "/home/tom/.local/lib/python3.6/site-packages/flask/app.py", line 1967, in finalize_request
    response = self.make_response(rv)
  File "/home/tom/.local/lib/python3.6/site-packages/flask/app.py", line 2097, in make_response
    "The view function did not return a valid response. The"
TypeError: The view function did not return a valid response. The function either returned None or ended without a return statement.
[2019-09-28 15:25:49,579] ERROR in app: Exception on /orange.php [POST]
Traceback (most recent call last):
  File "/home/tom/.local/lib/python3.6/site-packages/flask/app.py", line 2446, in wsgi_app
    response = self.full_dispatch_request()
  File "/home/tom/.local/lib/python3.6/site-packages/flask/app.py", line 1952, in full_dispatch_request
    return self.finalize_request(rv)
  File "/home/tom/.local/lib/python3.6/site-packages/flask/app.py", line 1967, in finalize_request
    response = self.make_response(rv)
  File "/home/tom/.local/lib/python3.6/site-packages/flask/app.py", line 2097, in make_response
    "The view function did not return a valid response. The"
TypeError: The view function did not return a valid response. The function either returned None or ended without a return statement.
[2019-09-28 15:25:50,688] ERROR in app: Exception on /erba.php [POST]
Traceback (most recent call last):
  File "/home/tom/.local/lib/python3.6/site-packages/flask/app.py", line 2446, in wsgi_app
    response = self.full_dispatch_request()
  File "/home/tom/.local/lib/python3.6/site-packages/flask/app.py", line 1952, in full_dispatch_request
    return self.finalize_request(rv)
  File "/home/tom/.local/lib/python3.6/site-packages/flask/app.py", line 1967, in finalize_request
    response = self.make_response(rv)
  File "/home/tom/.local/lib/python3.6/site-packages/flask/app.py", line 2097, in make_response
    "The view function did not return a valid response. The"
TypeError: The view function did not return a valid response. The function either returned None or ended without a return statement.
[2019-09-28 15:25:51,152] ERROR in app: Exception on /link.php [POST]
Traceback (most recent call last):
  File "/home/tom/.local/lib/python3.6/site-packages/flask/app.py", line 2446, in wsgi_app
    response = self.full_dispatch_request()
  File "/home/tom/.local/lib/python3.6/site-packages/flask/app.py", line 1952, in full_dispatch_request
    return self.finalize_request(rv)
  File "/home/tom/.local/lib/python3.6/site-packages/flask/app.py", line 1967, in finalize_request
    response = self.make_response(rv)
  File "/home/tom/.local/lib/python3.6/site-packages/flask/app.py", line 2097, in make_response
    "The view function did not return a valid response. The"
TypeError: The view function did not return a valid response. The function either returned None or ended without a return statement.
[2019-09-28 15:25:52,834] ERROR in app: Exception on /linkr.php [POST]
Traceback (most recent call last):
  File "/home/tom/.local/lib/python3.6/site-packages/flask/app.py", line 2446, in wsgi_app
    response = self.full_dispatch_request()
  File "/home/tom/.local/lib/python3.6/site-packages/flask/app.py", line 1952, in full_dispatch_request
    return self.finalize_request(rv)
  File "/home/tom/.local/lib/python3.6/site-packages/flask/app.py", line 1967, in finalize_request
    response = self.make_response(rv)
  File "/home/tom/.local/lib/python3.6/site-packages/flask/app.py", line 2097, in make_response
    "The view function did not return a valid response. The"
TypeError: The view function did not return a valid response. The function either returned None or ended without a return statement.
[2019-09-28 15:25:54,577] ERROR in app: Exception on /linkx.php [POST]
Traceback (most recent call last):
  File "/home/tom/.local/lib/python3.6/site-packages/flask/app.py", line 2446, in wsgi_app
    response = self.full_dispatch_request()
  File "/home/tom/.local/lib/python3.6/site-packages/flask/app.py", line 1952, in full_dispatch_request
    return self.finalize_request(rv)
  File "/home/tom/.local/lib/python3.6/site-packages/flask/app.py", line 1967, in finalize_request
    response = self.make_response(rv)
  File "/home/tom/.local/lib/python3.6/site-packages/flask/app.py", line 2097, in make_response
    "The view function did not return a valid response. The"
TypeError: The view function did not return a valid response. The function either returned None or ended without a return statement.
[2019-09-28 15:25:55,028] ERROR in app: Exception on /kvast.php [POST]
Traceback (most recent call last):
  File "/home/tom/.local/lib/python3.6/site-packages/flask/app.py", line 2446, in wsgi_app
    response = self.full_dispatch_request()
  File "/home/tom/.local/lib/python3.6/site-packages/flask/app.py", line 1952, in full_dispatch_request
    return self.finalize_request(rv)
  File "/home/tom/.local/lib/python3.6/site-packages/flask/app.py", line 1967, in finalize_request
    response = self.make_response(rv)
  File "/home/tom/.local/lib/python3.6/site-packages/flask/app.py", line 2097, in make_response
    "The view function did not return a valid response. The"
TypeError: The view function did not return a valid response. The function either returned None or ended without a return statement.
[2019-09-28 15:25:55,483] ERROR in app: Exception on /xiaobin.php [POST]
Traceback (most recent call last):
  File "/home/tom/.local/lib/python3.6/site-packages/flask/app.py", line 2446, in wsgi_app
    response = self.full_dispatch_request()
  File "/home/tom/.local/lib/python3.6/site-packages/flask/app.py", line 1952, in full_dispatch_request
    return self.finalize_request(rv)
  File "/home/tom/.local/lib/python3.6/site-packages/flask/app.py", line 1967, in finalize_request
    response = self.make_response(rv)
  File "/home/tom/.local/lib/python3.6/site-packages/flask/app.py", line 2097, in make_response
    "The view function did not return a valid response. The"
TypeError: The view function did not return a valid response. The function either returned None or ended without a return statement.
[2019-09-28 15:25:56,840] ERROR in app: Exception on /ppp.php [POST]
Traceback (most recent call last):
  File "/home/tom/.local/lib/python3.6/site-packages/flask/app.py", line 2446, in wsgi_app
    response = self.full_dispatch_request()
  File "/home/tom/.local/lib/python3.6/site-packages/flask/app.py", line 1952, in full_dispatch_request
    return self.finalize_request(rv)
  File "/home/tom/.local/lib/python3.6/site-packages/flask/app.py", line 1967, in finalize_request
    response = self.make_response(rv)
  File "/home/tom/.local/lib/python3.6/site-packages/flask/app.py", line 2097, in make_response
    "The view function did not return a valid response. The"
TypeError: The view function did not return a valid response. The function either returned None or ended without a return statement.
[2019-09-28 15:25:57,295] ERROR in app: Exception on /ppp.php [POST]
Traceback (most recent call last):
  File "/home/tom/.local/lib/python3.6/site-packages/flask/app.py", line 2446, in wsgi_app
    response = self.full_dispatch_request()
  File "/home/tom/.local/lib/python3.6/site-packages/flask/app.py", line 1952, in full_dispatch_request
    return self.finalize_request(rv)
  File "/home/tom/.local/lib/python3.6/site-packages/flask/app.py", line 1967, in finalize_request
    response = self.make_response(rv)
  File "/home/tom/.local/lib/python3.6/site-packages/flask/app.py", line 2097, in make_response
    "The view function did not return a valid response. The"
TypeError: The view function did not return a valid response. The function either returned None or ended without a return statement.
[2019-09-28 15:25:57,763] ERROR in app: Exception on /lm.php [POST]
Traceback (most recent call last):
  File "/home/tom/.local/lib/python3.6/site-packages/flask/app.py", line 2446, in wsgi_app
    response = self.full_dispatch_request()
  File "/home/tom/.local/lib/python3.6/site-packages/flask/app.py", line 1952, in full_dispatch_request
    return self.finalize_request(rv)
  File "/home/tom/.local/lib/python3.6/site-packages/flask/app.py", line 1967, in finalize_request
    response = self.make_response(rv)
  File "/home/tom/.local/lib/python3.6/site-packages/flask/app.py", line 2097, in make_response
    "The view function did not return a valid response. The"
TypeError: The view function did not return a valid response. The function either returned None or ended without a return statement.
[2019-09-28 15:25:58,217] ERROR in app: Exception on /zzz.php [POST]
Traceback (most recent call last):
  File "/home/tom/.local/lib/python3.6/site-packages/flask/app.py", line 2446, in wsgi_app
    response = self.full_dispatch_request()
  File "/home/tom/.local/lib/python3.6/site-packages/flask/app.py", line 1952, in full_dispatch_request
    return self.finalize_request(rv)
  File "/home/tom/.local/lib/python3.6/site-packages/flask/app.py", line 1967, in finalize_request
    response = self.make_response(rv)
  File "/home/tom/.local/lib/python3.6/site-packages/flask/app.py", line 2097, in make_response
    "The view function did not return a valid response. The"
TypeError: The view function did not return a valid response. The function either returned None or ended without a return statement.
[2019-09-28 15:25:58,671] ERROR in app: Exception on /520.php [POST]
Traceback (most recent call last):
  File "/home/tom/.local/lib/python3.6/site-packages/flask/app.py", line 2446, in wsgi_app
    response = self.full_dispatch_request()
  File "/home/tom/.local/lib/python3.6/site-packages/flask/app.py", line 1952, in full_dispatch_request
    return self.finalize_request(rv)
  File "/home/tom/.local/lib/python3.6/site-packages/flask/app.py", line 1967, in finalize_request
    response = self.make_response(rv)
  File "/home/tom/.local/lib/python3.6/site-packages/flask/app.py", line 2097, in make_response
    "The view function did not return a valid response. The"
TypeError: The view function did not return a valid response. The function either returned None or ended without a return statement.
[2019-09-28 15:25:59,138] ERROR in app: Exception on /jkl.php [POST]
Traceback (most recent call last):
  File "/home/tom/.local/lib/python3.6/site-packages/flask/app.py", line 2446, in wsgi_app
    response = self.full_dispatch_request()
  File "/home/tom/.local/lib/python3.6/site-packages/flask/app.py", line 1952, in full_dispatch_request
    return self.finalize_request(rv)
  File "/home/tom/.local/lib/python3.6/site-packages/flask/app.py", line 1967, in finalize_request
    response = self.make_response(rv)
  File "/home/tom/.local/lib/python3.6/site-packages/flask/app.py", line 2097, in make_response
    "The view function did not return a valid response. The"
TypeError: The view function did not return a valid response. The function either returned None or ended without a return statement.
[2019-09-28 15:26:00,880] ERROR in app: Exception on /lmn.php [POST]
Traceback (most recent call last):
  File "/home/tom/.local/lib/python3.6/site-packages/flask/app.py", line 2446, in wsgi_app
    response = self.full_dispatch_request()
  File "/home/tom/.local/lib/python3.6/site-packages/flask/app.py", line 1952, in full_dispatch_request
    return self.finalize_request(rv)
  File "/home/tom/.local/lib/python3.6/site-packages/flask/app.py", line 1967, in finalize_request
    response = self.make_response(rv)
  File "/home/tom/.local/lib/python3.6/site-packages/flask/app.py", line 2097, in make_response
    "The view function did not return a valid response. The"
TypeError: The view function did not return a valid response. The function either returned None or ended without a return statement.
[2019-09-28 15:26:01,346] ERROR in app: Exception on /bx.php [POST]
Traceback (most recent call last):
  File "/home/tom/.local/lib/python3.6/site-packages/flask/app.py", line 2446, in wsgi_app
    response = self.full_dispatch_request()
  File "/home/tom/.local/lib/python3.6/site-packages/flask/app.py", line 1952, in full_dispatch_request
    return self.finalize_request(rv)
  File "/home/tom/.local/lib/python3.6/site-packages/flask/app.py", line 1967, in finalize_request
    response = self.make_response(rv)
  File "/home/tom/.local/lib/python3.6/site-packages/flask/app.py", line 2097, in make_response
    "The view function did not return a valid response. The"
TypeError: The view function did not return a valid response. The function either returned None or ended without a return statement.
[2019-09-28 15:26:01,806] ERROR in app: Exception on /Moxin.PHP [POST]
Traceback (most recent call last):
  File "/home/tom/.local/lib/python3.6/site-packages/flask/app.py", line 2446, in wsgi_app
    response = self.full_dispatch_request()
  File "/home/tom/.local/lib/python3.6/site-packages/flask/app.py", line 1952, in full_dispatch_request
    return self.finalize_request(rv)
  File "/home/tom/.local/lib/python3.6/site-packages/flask/app.py", line 1967, in finalize_request
    response = self.make_response(rv)
  File "/home/tom/.local/lib/python3.6/site-packages/flask/app.py", line 2097, in make_response
    "The view function did not return a valid response. The"
TypeError: The view function did not return a valid response. The function either returned None or ended without a return statement.
[2019-09-28 15:26:02,269] ERROR in app: Exception on /g.php [POST]
Traceback (most recent call last):
  File "/home/tom/.local/lib/python3.6/site-packages/flask/app.py", line 2446, in wsgi_app
    response = self.full_dispatch_request()
  File "/home/tom/.local/lib/python3.6/site-packages/flask/app.py", line 1952, in full_dispatch_request
    return self.finalize_request(rv)
  File "/home/tom/.local/lib/python3.6/site-packages/flask/app.py", line 1967, in finalize_request
    response = self.make_response(rv)
  File "/home/tom/.local/lib/python3.6/site-packages/flask/app.py", line 2097, in make_response
    "The view function did not return a valid response. The"
TypeError: The view function did not return a valid response. The function either returned None or ended without a return statement.
[2019-09-28 15:26:03,379] ERROR in app: Exception on /CCC.PHP [POST]
Traceback (most recent call last):
  File "/home/tom/.local/lib/python3.6/site-packages/flask/app.py", line 2446, in wsgi_app
    response = self.full_dispatch_request()
  File "/home/tom/.local/lib/python3.6/site-packages/flask/app.py", line 1952, in full_dispatch_request
    return self.finalize_request(rv)
  File "/home/tom/.local/lib/python3.6/site-packages/flask/app.py", line 1967, in finalize_request
    response = self.make_response(rv)
  File "/home/tom/.local/lib/python3.6/site-packages/flask/app.py", line 2097, in make_response
    "The view function did not return a valid response. The"
TypeError: The view function did not return a valid response. The function either returned None or ended without a return statement.
[2019-09-28 15:26:03,845] ERROR in app: Exception on /CCCC.PHP [POST]
Traceback (most recent call last):
  File "/home/tom/.local/lib/python3.6/site-packages/flask/app.py", line 2446, in wsgi_app
    response = self.full_dispatch_request()
  File "/home/tom/.local/lib/python3.6/site-packages/flask/app.py", line 1952, in full_dispatch_request
    return self.finalize_request(rv)
  File "/home/tom/.local/lib/python3.6/site-packages/flask/app.py", line 1967, in finalize_request
    response = self.make_response(rv)
  File "/home/tom/.local/lib/python3.6/site-packages/flask/app.py", line 2097, in make_response
    "The view function did not return a valid response. The"
TypeError: The view function did not return a valid response. The function either returned None or ended without a return statement.
[2019-09-28 15:26:04,305] ERROR in app: Exception on /mobai.PHP [POST]
Traceback (most recent call last):
  File "/home/tom/.local/lib/python3.6/site-packages/flask/app.py", line 2446, in wsgi_app
    response = self.full_dispatch_request()
  File "/home/tom/.local/lib/python3.6/site-packages/flask/app.py", line 1952, in full_dispatch_request
    return self.finalize_request(rv)
  File "/home/tom/.local/lib/python3.6/site-packages/flask/app.py", line 1967, in finalize_request
    response = self.make_response(rv)
  File "/home/tom/.local/lib/python3.6/site-packages/flask/app.py", line 2097, in make_response
    "The view function did not return a valid response. The"
TypeError: The view function did not return a valid response. The function either returned None or ended without a return statement.
[2019-09-28 15:26:05,410] ERROR in app: Exception on /avast.php [POST]
Traceback (most recent call last):
  File "/home/tom/.local/lib/python3.6/site-packages/flask/app.py", line 2446, in wsgi_app
    response = self.full_dispatch_request()
  File "/home/tom/.local/lib/python3.6/site-packages/flask/app.py", line 1952, in full_dispatch_request
    return self.finalize_request(rv)
  File "/home/tom/.local/lib/python3.6/site-packages/flask/app.py", line 1967, in finalize_request
    response = self.make_response(rv)
  File "/home/tom/.local/lib/python3.6/site-packages/flask/app.py", line 2097, in make_response
    "The view function did not return a valid response. The"
TypeError: The view function did not return a valid response. The function either returned None or ended without a return statement.
[2019-09-28 15:26:05,874] ERROR in app: Exception on /abc.php [POST]
Traceback (most recent call last):
  File "/home/tom/.local/lib/python3.6/site-packages/flask/app.py", line 2446, in wsgi_app
    response = self.full_dispatch_request()
  File "/home/tom/.local/lib/python3.6/site-packages/flask/app.py", line 1952, in full_dispatch_request
    return self.finalize_request(rv)
  File "/home/tom/.local/lib/python3.6/site-packages/flask/app.py", line 1967, in finalize_request
    response = self.make_response(rv)
  File "/home/tom/.local/lib/python3.6/site-packages/flask/app.py", line 2097, in make_response
    "The view function did not return a valid response. The"
TypeError: The view function did not return a valid response. The function either returned None or ended without a return statement.
[2019-09-28 15:26:06,355] ERROR in app: Exception on /Pings.php [POST]
Traceback (most recent call last):
  File "/home/tom/.local/lib/python3.6/site-packages/flask/app.py", line 2446, in wsgi_app
    response = self.full_dispatch_request()
  File "/home/tom/.local/lib/python3.6/site-packages/flask/app.py", line 1952, in full_dispatch_request
    return self.finalize_request(rv)
  File "/home/tom/.local/lib/python3.6/site-packages/flask/app.py", line 1967, in finalize_request
    response = self.make_response(rv)
  File "/home/tom/.local/lib/python3.6/site-packages/flask/app.py", line 2097, in make_response
    "The view function did not return a valid response. The"
TypeError: The view function did not return a valid response. The function either returned None or ended without a return statement.
[2019-09-28 15:26:06,814] ERROR in app: Exception on /123.php [POST]
Traceback (most recent call last):
  File "/home/tom/.local/lib/python3.6/site-packages/flask/app.py", line 2446, in wsgi_app
    response = self.full_dispatch_request()
  File "/home/tom/.local/lib/python3.6/site-packages/flask/app.py", line 1952, in full_dispatch_request
    return self.finalize_request(rv)
  File "/home/tom/.local/lib/python3.6/site-packages/flask/app.py", line 1967, in finalize_request
    response = self.make_response(rv)
  File "/home/tom/.local/lib/python3.6/site-packages/flask/app.py", line 2097, in make_response
    "The view function did not return a valid response. The"
TypeError: The view function did not return a valid response. The function either returned None or ended without a return statement.
[2019-09-28 15:26:07,275] ERROR in app: Exception on /log.php [POST]
Traceback (most recent call last):
  File "/home/tom/.local/lib/python3.6/site-packages/flask/app.py", line 2446, in wsgi_app
    response = self.full_dispatch_request()
  File "/home/tom/.local/lib/python3.6/site-packages/flask/app.py", line 1952, in full_dispatch_request
    return self.finalize_request(rv)
  File "/home/tom/.local/lib/python3.6/site-packages/flask/app.py", line 1967, in finalize_request
    response = self.make_response(rv)
  File "/home/tom/.local/lib/python3.6/site-packages/flask/app.py", line 2097, in make_response
    "The view function did not return a valid response. The"
TypeError: The view function did not return a valid response. The function either returned None or ended without a return statement.
[2019-09-28 15:26:08,414] ERROR in app: Exception on /log.php [POST]
Traceback (most recent call last):
  File "/home/tom/.local/lib/python3.6/site-packages/flask/app.py", line 2446, in wsgi_app
    response = self.full_dispatch_request()
  File "/home/tom/.local/lib/python3.6/site-packages/flask/app.py", line 1952, in full_dispatch_request
    return self.finalize_request(rv)
  File "/home/tom/.local/lib/python3.6/site-packages/flask/app.py", line 1967, in finalize_request
    response = self.make_response(rv)
  File "/home/tom/.local/lib/python3.6/site-packages/flask/app.py", line 2097, in make_response
    "The view function did not return a valid response. The"
TypeError: The view function did not return a valid response. The function either returned None or ended without a return statement.
[2019-09-28 15:26:08,897] ERROR in app: Exception on /log1.php [POST]
Traceback (most recent call last):
  File "/home/tom/.local/lib/python3.6/site-packages/flask/app.py", line 2446, in wsgi_app
    response = self.full_dispatch_request()
  File "/home/tom/.local/lib/python3.6/site-packages/flask/app.py", line 1952, in full_dispatch_request
    return self.finalize_request(rv)
  File "/home/tom/.local/lib/python3.6/site-packages/flask/app.py", line 1967, in finalize_request
    response = self.make_response(rv)
  File "/home/tom/.local/lib/python3.6/site-packages/flask/app.py", line 2097, in make_response
    "The view function did not return a valid response. The"
TypeError: The view function did not return a valid response. The function either returned None or ended without a return statement.
[2019-09-28 15:26:09,360] ERROR in app: Exception on /alipay.php [POST]
Traceback (most recent call last):
  File "/home/tom/.local/lib/python3.6/site-packages/flask/app.py", line 2446, in wsgi_app
    response = self.full_dispatch_request()
  File "/home/tom/.local/lib/python3.6/site-packages/flask/app.py", line 1952, in full_dispatch_request
    return self.finalize_request(rv)
  File "/home/tom/.local/lib/python3.6/site-packages/flask/app.py", line 1967, in finalize_request
    response = self.make_response(rv)
  File "/home/tom/.local/lib/python3.6/site-packages/flask/app.py", line 2097, in make_response
    "The view function did not return a valid response. The"
TypeError: The view function did not return a valid response. The function either returned None or ended without a return statement.
[2019-09-28 15:26:09,829] ERROR in app: Exception on /vf.php [POST]
Traceback (most recent call last):
  File "/home/tom/.local/lib/python3.6/site-packages/flask/app.py", line 2446, in wsgi_app
    response = self.full_dispatch_request()
  File "/home/tom/.local/lib/python3.6/site-packages/flask/app.py", line 1952, in full_dispatch_request
    return self.finalize_request(rv)
  File "/home/tom/.local/lib/python3.6/site-packages/flask/app.py", line 1967, in finalize_request
    response = self.make_response(rv)
  File "/home/tom/.local/lib/python3.6/site-packages/flask/app.py", line 2097, in make_response
    "The view function did not return a valid response. The"
TypeError: The view function did not return a valid response. The function either returned None or ended without a return statement.
[2019-09-28 15:26:10,923] ERROR in app: Exception on /tianqi.php [POST]
Traceback (most recent call last):
  File "/home/tom/.local/lib/python3.6/site-packages/flask/app.py", line 2446, in wsgi_app
    response = self.full_dispatch_request()
  File "/home/tom/.local/lib/python3.6/site-packages/flask/app.py", line 1952, in full_dispatch_request
    return self.finalize_request(rv)
  File "/home/tom/.local/lib/python3.6/site-packages/flask/app.py", line 1967, in finalize_request
    response = self.make_response(rv)
  File "/home/tom/.local/lib/python3.6/site-packages/flask/app.py", line 2097, in make_response
    "The view function did not return a valid response. The"
TypeError: The view function did not return a valid response. The function either returned None or ended without a return statement.
[2019-09-28 15:26:11,392] ERROR in app: Exception on /can.php [POST]
Traceback (most recent call last):
  File "/home/tom/.local/lib/python3.6/site-packages/flask/app.py", line 2446, in wsgi_app
    response = self.full_dispatch_request()
  File "/home/tom/.local/lib/python3.6/site-packages/flask/app.py", line 1952, in full_dispatch_request
    return self.finalize_request(rv)
  File "/home/tom/.local/lib/python3.6/site-packages/flask/app.py", line 1967, in finalize_request
    response = self.make_response(rv)
  File "/home/tom/.local/lib/python3.6/site-packages/flask/app.py", line 2097, in make_response
    "The view function did not return a valid response. The"
TypeError: The view function did not return a valid response. The function either returned None or ended without a return statement.
[2019-09-28 15:26:12,500] ERROR in app: Exception on /can.php [POST]
Traceback (most recent call last):
  File "/home/tom/.local/lib/python3.6/site-packages/flask/app.py", line 2446, in wsgi_app
    response = self.full_dispatch_request()
  File "/home/tom/.local/lib/python3.6/site-packages/flask/app.py", line 1952, in full_dispatch_request
    return self.finalize_request(rv)
  File "/home/tom/.local/lib/python3.6/site-packages/flask/app.py", line 1967, in finalize_request
    response = self.make_response(rv)
  File "/home/tom/.local/lib/python3.6/site-packages/flask/app.py", line 2097, in make_response
    "The view function did not return a valid response. The"
TypeError: The view function did not return a valid response. The function either returned None or ended without a return statement.
[2019-09-28 15:26:12,960] ERROR in app: Exception on /dns.php [POST]
Traceback (most recent call last):
  File "/home/tom/.local/lib/python3.6/site-packages/flask/app.py", line 2446, in wsgi_app
    response = self.full_dispatch_request()
  File "/home/tom/.local/lib/python3.6/site-packages/flask/app.py", line 1952, in full_dispatch_request
    return self.finalize_request(rv)
  File "/home/tom/.local/lib/python3.6/site-packages/flask/app.py", line 1967, in finalize_request
    response = self.make_response(rv)
  File "/home/tom/.local/lib/python3.6/site-packages/flask/app.py", line 2097, in make_response
    "The view function did not return a valid response. The"
TypeError: The view function did not return a valid response. The function either returned None or ended without a return statement.
[2019-09-28 15:26:13,416] ERROR in app: Exception on /dns.php [POST]
Traceback (most recent call last):
  File "/home/tom/.local/lib/python3.6/site-packages/flask/app.py", line 2446, in wsgi_app
    response = self.full_dispatch_request()
  File "/home/tom/.local/lib/python3.6/site-packages/flask/app.py", line 1952, in full_dispatch_request
    return self.finalize_request(rv)
  File "/home/tom/.local/lib/python3.6/site-packages/flask/app.py", line 1967, in finalize_request
    response = self.make_response(rv)
  File "/home/tom/.local/lib/python3.6/site-packages/flask/app.py", line 2097, in make_response
    "The view function did not return a valid response. The"
TypeError: The view function did not return a valid response. The function either returned None or ended without a return statement.
[2019-09-28 15:26:16,876] ERROR in app: Exception on /cmd.php [POST]
Traceback (most recent call last):
  File "/home/tom/.local/lib/python3.6/site-packages/flask/app.py", line 2446, in wsgi_app
    response = self.full_dispatch_request()
  File "/home/tom/.local/lib/python3.6/site-packages/flask/app.py", line 1952, in full_dispatch_request
    return self.finalize_request(rv)
  File "/home/tom/.local/lib/python3.6/site-packages/flask/app.py", line 1967, in finalize_request
    response = self.make_response(rv)
  File "/home/tom/.local/lib/python3.6/site-packages/flask/app.py", line 2097, in make_response
    "The view function did not return a valid response. The"
TypeError: The view function did not return a valid response. The function either returned None or ended without a return statement.
[2019-09-28 15:26:17,990] ERROR in app: Exception on /juji.php [POST]
Traceback (most recent call last):
  File "/home/tom/.local/lib/python3.6/site-packages/flask/app.py", line 2446, in wsgi_app
    response = self.full_dispatch_request()
  File "/home/tom/.local/lib/python3.6/site-packages/flask/app.py", line 1952, in full_dispatch_request
    return self.finalize_request(rv)
  File "/home/tom/.local/lib/python3.6/site-packages/flask/app.py", line 1967, in finalize_request
    response = self.make_response(rv)
  File "/home/tom/.local/lib/python3.6/site-packages/flask/app.py", line 2097, in make_response
    "The view function did not return a valid response. The"
TypeError: The view function did not return a valid response. The function either returned None or ended without a return statement.
[2019-09-28 15:26:20,650] ERROR in app: Exception on /n24.php [POST]
Traceback (most recent call last):
  File "/home/tom/.local/lib/python3.6/site-packages/flask/app.py", line 2446, in wsgi_app
    response = self.full_dispatch_request()
  File "/home/tom/.local/lib/python3.6/site-packages/flask/app.py", line 1952, in full_dispatch_request
    return self.finalize_request(rv)
  File "/home/tom/.local/lib/python3.6/site-packages/flask/app.py", line 1967, in finalize_request
    response = self.make_response(rv)
  File "/home/tom/.local/lib/python3.6/site-packages/flask/app.py", line 2097, in make_response
    "The view function did not return a valid response. The"
TypeError: The view function did not return a valid response. The function either returned None or ended without a return statement.
[2019-09-28 15:26:21,117] ERROR in app: Exception on /temp.php [POST]
Traceback (most recent call last):
  File "/home/tom/.local/lib/python3.6/site-packages/flask/app.py", line 2446, in wsgi_app
    response = self.full_dispatch_request()
  File "/home/tom/.local/lib/python3.6/site-packages/flask/app.py", line 1952, in full_dispatch_request
    return self.finalize_request(rv)
  File "/home/tom/.local/lib/python3.6/site-packages/flask/app.py", line 1967, in finalize_request
    response = self.make_response(rv)
  File "/home/tom/.local/lib/python3.6/site-packages/flask/app.py", line 2097, in make_response
    "The view function did not return a valid response. The"
TypeError: The view function did not return a valid response. The function either returned None or ended without a return statement.
[2019-09-28 15:26:23,313] ERROR in app: Exception on /jiaochi.php [POST]
Traceback (most recent call last):
  File "/home/tom/.local/lib/python3.6/site-packages/flask/app.py", line 2446, in wsgi_app
    response = self.full_dispatch_request()
  File "/home/tom/.local/lib/python3.6/site-packages/flask/app.py", line 1952, in full_dispatch_request
    return self.finalize_request(rv)
  File "/home/tom/.local/lib/python3.6/site-packages/flask/app.py", line 1967, in finalize_request
    response = self.make_response(rv)
  File "/home/tom/.local/lib/python3.6/site-packages/flask/app.py", line 2097, in make_response
    "The view function did not return a valid response. The"
TypeError: The view function did not return a valid response. The function either returned None or ended without a return statement.
[2019-09-28 15:26:24,830] ERROR in app: Exception on /ganzhuolang.php [POST]
Traceback (most recent call last):
  File "/home/tom/.local/lib/python3.6/site-packages/flask/app.py", line 2446, in wsgi_app
    response = self.full_dispatch_request()
  File "/home/tom/.local/lib/python3.6/site-packages/flask/app.py", line 1952, in full_dispatch_request
    return self.finalize_request(rv)
  File "/home/tom/.local/lib/python3.6/site-packages/flask/app.py", line 1967, in finalize_request
    response = self.make_response(rv)
  File "/home/tom/.local/lib/python3.6/site-packages/flask/app.py", line 2097, in make_response
    "The view function did not return a valid response. The"
TypeError: The view function did not return a valid response. The function either returned None or ended without a return statement.
[2019-09-28 15:26:25,732] ERROR in app: Exception on /987.php [POST]
Traceback (most recent call last):
  File "/home/tom/.local/lib/python3.6/site-packages/flask/app.py", line 2446, in wsgi_app
    response = self.full_dispatch_request()
  File "/home/tom/.local/lib/python3.6/site-packages/flask/app.py", line 1952, in full_dispatch_request
    return self.finalize_request(rv)
  File "/home/tom/.local/lib/python3.6/site-packages/flask/app.py", line 1967, in finalize_request
    response = self.make_response(rv)
  File "/home/tom/.local/lib/python3.6/site-packages/flask/app.py", line 2097, in make_response
    "The view function did not return a valid response. The"
TypeError: The view function did not return a valid response. The function either returned None or ended without a return statement.
[2019-09-28 15:26:26,208] ERROR in app: Exception on /h156.php [POST]
Traceback (most recent call last):
  File "/home/tom/.local/lib/python3.6/site-packages/flask/app.py", line 2446, in wsgi_app
    response = self.full_dispatch_request()
  File "/home/tom/.local/lib/python3.6/site-packages/flask/app.py", line 1952, in full_dispatch_request
    return self.finalize_request(rv)
  File "/home/tom/.local/lib/python3.6/site-packages/flask/app.py", line 1967, in finalize_request
    response = self.make_response(rv)
  File "/home/tom/.local/lib/python3.6/site-packages/flask/app.py", line 2097, in make_response
    "The view function did not return a valid response. The"
TypeError: The view function did not return a valid response. The function either returned None or ended without a return statement.
[2019-09-28 15:26:28,874] ERROR in app: Exception on /666666.php [POST]
Traceback (most recent call last):
  File "/home/tom/.local/lib/python3.6/site-packages/flask/app.py", line 2446, in wsgi_app
    response = self.full_dispatch_request()
  File "/home/tom/.local/lib/python3.6/site-packages/flask/app.py", line 1952, in full_dispatch_request
    return self.finalize_request(rv)
  File "/home/tom/.local/lib/python3.6/site-packages/flask/app.py", line 1967, in finalize_request
    response = self.make_response(rv)
  File "/home/tom/.local/lib/python3.6/site-packages/flask/app.py", line 2097, in make_response
    "The view function did not return a valid response. The"
TypeError: The view function did not return a valid response. The function either returned None or ended without a return statement.
[2019-09-28 15:26:29,337] ERROR in app: Exception on /xh.php [POST]
Traceback (most recent call last):
  File "/home/tom/.local/lib/python3.6/site-packages/flask/app.py", line 2446, in wsgi_app
    response = self.full_dispatch_request()
  File "/home/tom/.local/lib/python3.6/site-packages/flask/app.py", line 1952, in full_dispatch_request
    return self.finalize_request(rv)
  File "/home/tom/.local/lib/python3.6/site-packages/flask/app.py", line 1967, in finalize_request
    response = self.make_response(rv)
  File "/home/tom/.local/lib/python3.6/site-packages/flask/app.py", line 2097, in make_response
    "The view function did not return a valid response. The"
TypeError: The view function did not return a valid response. The function either returned None or ended without a return statement.
[2019-09-28 15:26:29,775] ERROR in app: Exception on /key.php [POST]
Traceback (most recent call last):
  File "/home/tom/.local/lib/python3.6/site-packages/flask/app.py", line 2446, in wsgi_app
    response = self.full_dispatch_request()
  File "/home/tom/.local/lib/python3.6/site-packages/flask/app.py", line 1952, in full_dispatch_request
    return self.finalize_request(rv)
  File "/home/tom/.local/lib/python3.6/site-packages/flask/app.py", line 1967, in finalize_request
    response = self.make_response(rv)
  File "/home/tom/.local/lib/python3.6/site-packages/flask/app.py", line 2097, in make_response
    "The view function did not return a valid response. The"
TypeError: The view function did not return a valid response. The function either returned None or ended without a return statement.
[2019-09-28 15:26:30,227] ERROR in app: Exception on /jb.php [POST]
Traceback (most recent call last):
  File "/home/tom/.local/lib/python3.6/site-packages/flask/app.py", line 2446, in wsgi_app
    response = self.full_dispatch_request()
  File "/home/tom/.local/lib/python3.6/site-packages/flask/app.py", line 1952, in full_dispatch_request
    return self.finalize_request(rv)
  File "/home/tom/.local/lib/python3.6/site-packages/flask/app.py", line 1967, in finalize_request
    response = self.make_response(rv)
  File "/home/tom/.local/lib/python3.6/site-packages/flask/app.py", line 2097, in make_response
    "The view function did not return a valid response. The"
TypeError: The view function did not return a valid response. The function either returned None or ended without a return statement.
[2019-09-28 15:26:32,838] ERROR in app: Exception on /duke.php [POST]
Traceback (most recent call last):
  File "/home/tom/.local/lib/python3.6/site-packages/flask/app.py", line 2446, in wsgi_app
    response = self.full_dispatch_request()
  File "/home/tom/.local/lib/python3.6/site-packages/flask/app.py", line 1952, in full_dispatch_request
    return self.finalize_request(rv)
  File "/home/tom/.local/lib/python3.6/site-packages/flask/app.py", line 1967, in finalize_request
    response = self.make_response(rv)
  File "/home/tom/.local/lib/python3.6/site-packages/flask/app.py", line 2097, in make_response
    "The view function did not return a valid response. The"
TypeError: The view function did not return a valid response. The function either returned None or ended without a return statement.
[2019-09-28 15:26:33,289] ERROR in app: Exception on /llld.php [POST]
Traceback (most recent call last):
  File "/home/tom/.local/lib/python3.6/site-packages/flask/app.py", line 2446, in wsgi_app
    response = self.full_dispatch_request()
  File "/home/tom/.local/lib/python3.6/site-packages/flask/app.py", line 1952, in full_dispatch_request
    return self.finalize_request(rv)
  File "/home/tom/.local/lib/python3.6/site-packages/flask/app.py", line 1967, in finalize_request
    response = self.make_response(rv)
  File "/home/tom/.local/lib/python3.6/site-packages/flask/app.py", line 2097, in make_response
    "The view function did not return a valid response. The"
TypeError: The view function did not return a valid response. The function either returned None or ended without a return statement.
[2019-09-28 15:26:36,825] ERROR in app: Exception on /404.php [POST]
Traceback (most recent call last):
  File "/home/tom/.local/lib/python3.6/site-packages/flask/app.py", line 2446, in wsgi_app
    response = self.full_dispatch_request()
  File "/home/tom/.local/lib/python3.6/site-packages/flask/app.py", line 1952, in full_dispatch_request
    return self.finalize_request(rv)
  File "/home/tom/.local/lib/python3.6/site-packages/flask/app.py", line 1967, in finalize_request
    response = self.make_response(rv)
  File "/home/tom/.local/lib/python3.6/site-packages/flask/app.py", line 2097, in make_response
    "The view function did not return a valid response. The"
TypeError: The view function did not return a valid response. The function either returned None or ended without a return statement.
[2019-09-28 15:26:37,280] ERROR in app: Exception on /jy.php [POST]
Traceback (most recent call last):
  File "/home/tom/.local/lib/python3.6/site-packages/flask/app.py", line 2446, in wsgi_app
    response = self.full_dispatch_request()
  File "/home/tom/.local/lib/python3.6/site-packages/flask/app.py", line 1952, in full_dispatch_request
    return self.finalize_request(rv)
  File "/home/tom/.local/lib/python3.6/site-packages/flask/app.py", line 1967, in finalize_request
    response = self.make_response(rv)
  File "/home/tom/.local/lib/python3.6/site-packages/flask/app.py", line 2097, in make_response
    "The view function did not return a valid response. The"
TypeError: The view function did not return a valid response. The function either returned None or ended without a return statement.
[2019-09-28 15:26:38,529] ERROR in app: Exception on /123.php [POST]
Traceback (most recent call last):
  File "/home/tom/.local/lib/python3.6/site-packages/flask/app.py", line 2446, in wsgi_app
    response = self.full_dispatch_request()
  File "/home/tom/.local/lib/python3.6/site-packages/flask/app.py", line 1952, in full_dispatch_request
    return self.finalize_request(rv)
  File "/home/tom/.local/lib/python3.6/site-packages/flask/app.py", line 1967, in finalize_request
    response = self.make_response(rv)
  File "/home/tom/.local/lib/python3.6/site-packages/flask/app.py", line 2097, in make_response
    "The view function did not return a valid response. The"
TypeError: The view function did not return a valid response. The function either returned None or ended without a return statement.
[2019-09-28 15:26:38,977] ERROR in app: Exception on /v.php [POST]
Traceback (most recent call last):
  File "/home/tom/.local/lib/python3.6/site-packages/flask/app.py", line 2446, in wsgi_app
    response = self.full_dispatch_request()
  File "/home/tom/.local/lib/python3.6/site-packages/flask/app.py", line 1952, in full_dispatch_request
    return self.finalize_request(rv)
  File "/home/tom/.local/lib/python3.6/site-packages/flask/app.py", line 1967, in finalize_request
    response = self.make_response(rv)
  File "/home/tom/.local/lib/python3.6/site-packages/flask/app.py", line 2097, in make_response
    "The view function did not return a valid response. The"
TypeError: The view function did not return a valid response. The function either returned None or ended without a return statement.
[2019-09-28 15:26:39,431] ERROR in app: Exception on /luoke.php [POST]
Traceback (most recent call last):
  File "/home/tom/.local/lib/python3.6/site-packages/flask/app.py", line 2446, in wsgi_app
    response = self.full_dispatch_request()
  File "/home/tom/.local/lib/python3.6/site-packages/flask/app.py", line 1952, in full_dispatch_request
    return self.finalize_request(rv)
  File "/home/tom/.local/lib/python3.6/site-packages/flask/app.py", line 1967, in finalize_request
    response = self.make_response(rv)
  File "/home/tom/.local/lib/python3.6/site-packages/flask/app.py", line 2097, in make_response
    "The view function did not return a valid response. The"
TypeError: The view function did not return a valid response. The function either returned None or ended without a return statement.
[2019-09-28 15:26:39,970] ERROR in app: Exception on /nidage.php [POST]
Traceback (most recent call last):
  File "/home/tom/.local/lib/python3.6/site-packages/flask/app.py", line 2446, in wsgi_app
    response = self.full_dispatch_request()
  File "/home/tom/.local/lib/python3.6/site-packages/flask/app.py", line 1952, in full_dispatch_request
    return self.finalize_request(rv)
  File "/home/tom/.local/lib/python3.6/site-packages/flask/app.py", line 1967, in finalize_request
    response = self.make_response(rv)
  File "/home/tom/.local/lib/python3.6/site-packages/flask/app.py", line 2097, in make_response
    "The view function did not return a valid response. The"
TypeError: The view function did not return a valid response. The function either returned None or ended without a return statement.
[2019-09-28 15:26:41,135] ERROR in app: Exception on /sanan.php [POST]
Traceback (most recent call last):
  File "/home/tom/.local/lib/python3.6/site-packages/flask/app.py", line 2446, in wsgi_app
    response = self.full_dispatch_request()
  File "/home/tom/.local/lib/python3.6/site-packages/flask/app.py", line 1952, in full_dispatch_request
    return self.finalize_request(rv)
  File "/home/tom/.local/lib/python3.6/site-packages/flask/app.py", line 1967, in finalize_request
    response = self.make_response(rv)
  File "/home/tom/.local/lib/python3.6/site-packages/flask/app.py", line 2097, in make_response
    "The view function did not return a valid response. The"
TypeError: The view function did not return a valid response. The function either returned None or ended without a return statement.
[2019-09-28 15:26:41,590] ERROR in app: Exception on /02.php [POST]
Traceback (most recent call last):
  File "/home/tom/.local/lib/python3.6/site-packages/flask/app.py", line 2446, in wsgi_app
    response = self.full_dispatch_request()
  File "/home/tom/.local/lib/python3.6/site-packages/flask/app.py", line 1952, in full_dispatch_request
    return self.finalize_request(rv)
  File "/home/tom/.local/lib/python3.6/site-packages/flask/app.py", line 1967, in finalize_request
    response = self.make_response(rv)
  File "/home/tom/.local/lib/python3.6/site-packages/flask/app.py", line 2097, in make_response
    "The view function did not return a valid response. The"
TypeError: The view function did not return a valid response. The function either returned None or ended without a return statement.
[2019-09-28 15:26:42,051] ERROR in app: Exception on /ddd.php [POST]
Traceback (most recent call last):
  File "/home/tom/.local/lib/python3.6/site-packages/flask/app.py", line 2446, in wsgi_app
    response = self.full_dispatch_request()
  File "/home/tom/.local/lib/python3.6/site-packages/flask/app.py", line 1952, in full_dispatch_request
    return self.finalize_request(rv)
  File "/home/tom/.local/lib/python3.6/site-packages/flask/app.py", line 1967, in finalize_request
    response = self.make_response(rv)
  File "/home/tom/.local/lib/python3.6/site-packages/flask/app.py", line 2097, in make_response
    "The view function did not return a valid response. The"
TypeError: The view function did not return a valid response. The function either returned None or ended without a return statement.
[2019-09-28 15:26:42,520] ERROR in app: Exception on /mo.php [POST]
Traceback (most recent call last):
  File "/home/tom/.local/lib/python3.6/site-packages/flask/app.py", line 2446, in wsgi_app
    response = self.full_dispatch_request()
  File "/home/tom/.local/lib/python3.6/site-packages/flask/app.py", line 1952, in full_dispatch_request
    return self.finalize_request(rv)
  File "/home/tom/.local/lib/python3.6/site-packages/flask/app.py", line 1967, in finalize_request
    response = self.make_response(rv)
  File "/home/tom/.local/lib/python3.6/site-packages/flask/app.py", line 2097, in make_response
    "The view function did not return a valid response. The"
TypeError: The view function did not return a valid response. The function either returned None or ended without a return statement.
[2019-09-28 15:26:42,978] ERROR in app: Exception on /sbkc.php [POST]
Traceback (most recent call last):
  File "/home/tom/.local/lib/python3.6/site-packages/flask/app.py", line 2446, in wsgi_app
    response = self.full_dispatch_request()
  File "/home/tom/.local/lib/python3.6/site-packages/flask/app.py", line 1952, in full_dispatch_request
    return self.finalize_request(rv)
  File "/home/tom/.local/lib/python3.6/site-packages/flask/app.py", line 1967, in finalize_request
    response = self.make_response(rv)
  File "/home/tom/.local/lib/python3.6/site-packages/flask/app.py", line 2097, in make_response
    "The view function did not return a valid response. The"
TypeError: The view function did not return a valid response. The function either returned None or ended without a return statement.
[2019-09-28 15:26:43,432] ERROR in app: Exception on /sbkcb.php [POST]
Traceback (most recent call last):
  File "/home/tom/.local/lib/python3.6/site-packages/flask/app.py", line 2446, in wsgi_app
    response = self.full_dispatch_request()
  File "/home/tom/.local/lib/python3.6/site-packages/flask/app.py", line 1952, in full_dispatch_request
    return self.finalize_request(rv)
  File "/home/tom/.local/lib/python3.6/site-packages/flask/app.py", line 1967, in finalize_request
    response = self.make_response(rv)
  File "/home/tom/.local/lib/python3.6/site-packages/flask/app.py", line 2097, in make_response
    "The view function did not return a valid response. The"
TypeError: The view function did not return a valid response. The function either returned None or ended without a return statement.
[2019-09-28 15:26:44,881] ERROR in app: Exception on /cnm.php [POST]
Traceback (most recent call last):
  File "/home/tom/.local/lib/python3.6/site-packages/flask/app.py", line 2446, in wsgi_app
    response = self.full_dispatch_request()
  File "/home/tom/.local/lib/python3.6/site-packages/flask/app.py", line 1952, in full_dispatch_request
    return self.finalize_request(rv)
  File "/home/tom/.local/lib/python3.6/site-packages/flask/app.py", line 1967, in finalize_request
    response = self.make_response(rv)
  File "/home/tom/.local/lib/python3.6/site-packages/flask/app.py", line 2097, in make_response
    "The view function did not return a valid response. The"
TypeError: The view function did not return a valid response. The function either returned None or ended without a return statement.
[2019-09-28 15:26:45,347] ERROR in app: Exception on /tests.php [POST]
Traceback (most recent call last):
  File "/home/tom/.local/lib/python3.6/site-packages/flask/app.py", line 2446, in wsgi_app
    response = self.full_dispatch_request()
  File "/home/tom/.local/lib/python3.6/site-packages/flask/app.py", line 1952, in full_dispatch_request
    return self.finalize_request(rv)
  File "/home/tom/.local/lib/python3.6/site-packages/flask/app.py", line 1967, in finalize_request
    response = self.make_response(rv)
  File "/home/tom/.local/lib/python3.6/site-packages/flask/app.py", line 2097, in make_response
    "The view function did not return a valid response. The"
TypeError: The view function did not return a valid response. The function either returned None or ended without a return statement.
[2019-09-28 15:26:45,802] ERROR in app: Exception on /luoran.php [POST]
Traceback (most recent call last):
  File "/home/tom/.local/lib/python3.6/site-packages/flask/app.py", line 2446, in wsgi_app
    response = self.full_dispatch_request()
  File "/home/tom/.local/lib/python3.6/site-packages/flask/app.py", line 1952, in full_dispatch_request
    return self.finalize_request(rv)
  File "/home/tom/.local/lib/python3.6/site-packages/flask/app.py", line 1967, in finalize_request
    response = self.make_response(rv)
  File "/home/tom/.local/lib/python3.6/site-packages/flask/app.py", line 2097, in make_response
    "The view function did not return a valid response. The"
TypeError: The view function did not return a valid response. The function either returned None or ended without a return statement.
[2019-09-28 15:26:46,275] ERROR in app: Exception on /luoran6.php [POST]
Traceback (most recent call last):
  File "/home/tom/.local/lib/python3.6/site-packages/flask/app.py", line 2446, in wsgi_app
    response = self.full_dispatch_request()
  File "/home/tom/.local/lib/python3.6/site-packages/flask/app.py", line 1952, in full_dispatch_request
    return self.finalize_request(rv)
  File "/home/tom/.local/lib/python3.6/site-packages/flask/app.py", line 1967, in finalize_request
    response = self.make_response(rv)
  File "/home/tom/.local/lib/python3.6/site-packages/flask/app.py", line 2097, in make_response
    "The view function did not return a valid response. The"
TypeError: The view function did not return a valid response. The function either returned None or ended without a return statement.
[2019-09-28 15:26:46,742] ERROR in app: Exception on /asen.php [POST]
Traceback (most recent call last):
  File "/home/tom/.local/lib/python3.6/site-packages/flask/app.py", line 2446, in wsgi_app
    response = self.full_dispatch_request()
  File "/home/tom/.local/lib/python3.6/site-packages/flask/app.py", line 1952, in full_dispatch_request
    return self.finalize_request(rv)
  File "/home/tom/.local/lib/python3.6/site-packages/flask/app.py", line 1967, in finalize_request
    response = self.make_response(rv)
  File "/home/tom/.local/lib/python3.6/site-packages/flask/app.py", line 2097, in make_response
    "The view function did not return a valid response. The"
TypeError: The view function did not return a valid response. The function either returned None or ended without a return statement.
[2019-09-28 15:26:47,208] ERROR in app: Exception on /fx.php [POST]
Traceback (most recent call last):
  File "/home/tom/.local/lib/python3.6/site-packages/flask/app.py", line 2446, in wsgi_app
    response = self.full_dispatch_request()
  File "/home/tom/.local/lib/python3.6/site-packages/flask/app.py", line 1952, in full_dispatch_request
    return self.finalize_request(rv)
  File "/home/tom/.local/lib/python3.6/site-packages/flask/app.py", line 1967, in finalize_request
    response = self.make_response(rv)
  File "/home/tom/.local/lib/python3.6/site-packages/flask/app.py", line 2097, in make_response
    "The view function did not return a valid response. The"
TypeError: The view function did not return a valid response. The function either returned None or ended without a return statement.
[2019-09-28 15:26:48,813] ERROR in app: Exception on /hl.php [POST]
Traceback (most recent call last):
  File "/home/tom/.local/lib/python3.6/site-packages/flask/app.py", line 2446, in wsgi_app
    response = self.full_dispatch_request()
  File "/home/tom/.local/lib/python3.6/site-packages/flask/app.py", line 1952, in full_dispatch_request
    return self.finalize_request(rv)
  File "/home/tom/.local/lib/python3.6/site-packages/flask/app.py", line 1967, in finalize_request
    response = self.make_response(rv)
  File "/home/tom/.local/lib/python3.6/site-packages/flask/app.py", line 2097, in make_response
    "The view function did not return a valid response. The"
TypeError: The view function did not return a valid response. The function either returned None or ended without a return statement.
[2019-09-28 15:26:49,268] ERROR in app: Exception on /1556189185.php [POST]
Traceback (most recent call last):
  File "/home/tom/.local/lib/python3.6/site-packages/flask/app.py", line 2446, in wsgi_app
    response = self.full_dispatch_request()
  File "/home/tom/.local/lib/python3.6/site-packages/flask/app.py", line 1952, in full_dispatch_request
    return self.finalize_request(rv)
  File "/home/tom/.local/lib/python3.6/site-packages/flask/app.py", line 1967, in finalize_request
    response = self.make_response(rv)
  File "/home/tom/.local/lib/python3.6/site-packages/flask/app.py", line 2097, in make_response
    "The view function did not return a valid response. The"
TypeError: The view function did not return a valid response. The function either returned None or ended without a return statement.
[2019-09-28 15:26:49,719] ERROR in app: Exception on /que.php [POST]
Traceback (most recent call last):
  File "/home/tom/.local/lib/python3.6/site-packages/flask/app.py", line 2446, in wsgi_app
    response = self.full_dispatch_request()
  File "/home/tom/.local/lib/python3.6/site-packages/flask/app.py", line 1952, in full_dispatch_request
    return self.finalize_request(rv)
  File "/home/tom/.local/lib/python3.6/site-packages/flask/app.py", line 1967, in finalize_request
    response = self.make_response(rv)
  File "/home/tom/.local/lib/python3.6/site-packages/flask/app.py", line 2097, in make_response
    "The view function did not return a valid response. The"
TypeError: The view function did not return a valid response. The function either returned None or ended without a return statement.
[2019-09-28 15:26:50,180] ERROR in app: Exception on /shanzhi.php [POST]
Traceback (most recent call last):
  File "/home/tom/.local/lib/python3.6/site-packages/flask/app.py", line 2446, in wsgi_app
    response = self.full_dispatch_request()
  File "/home/tom/.local/lib/python3.6/site-packages/flask/app.py", line 1952, in full_dispatch_request
    return self.finalize_request(rv)
  File "/home/tom/.local/lib/python3.6/site-packages/flask/app.py", line 1967, in finalize_request
    response = self.make_response(rv)
  File "/home/tom/.local/lib/python3.6/site-packages/flask/app.py", line 2097, in make_response
    "The view function did not return a valid response. The"
TypeError: The view function did not return a valid response. The function either returned None or ended without a return statement.
[2019-09-28 15:26:50,633] ERROR in app: Exception on /yc.php [POST]
Traceback (most recent call last):
  File "/home/tom/.local/lib/python3.6/site-packages/flask/app.py", line 2446, in wsgi_app
    response = self.full_dispatch_request()
  File "/home/tom/.local/lib/python3.6/site-packages/flask/app.py", line 1952, in full_dispatch_request
    return self.finalize_request(rv)
  File "/home/tom/.local/lib/python3.6/site-packages/flask/app.py", line 1967, in finalize_request
    response = self.make_response(rv)
  File "/home/tom/.local/lib/python3.6/site-packages/flask/app.py", line 2097, in make_response
    "The view function did not return a valid response. The"
TypeError: The view function did not return a valid response. The function either returned None or ended without a return statement.
[2019-09-28 15:26:51,092] ERROR in app: Exception on /ycc.php [POST]
Traceback (most recent call last):
  File "/home/tom/.local/lib/python3.6/site-packages/flask/app.py", line 2446, in wsgi_app
    response = self.full_dispatch_request()
  File "/home/tom/.local/lib/python3.6/site-packages/flask/app.py", line 1952, in full_dispatch_request
    return self.finalize_request(rv)
  File "/home/tom/.local/lib/python3.6/site-packages/flask/app.py", line 1967, in finalize_request
    response = self.make_response(rv)
  File "/home/tom/.local/lib/python3.6/site-packages/flask/app.py", line 2097, in make_response
    "The view function did not return a valid response. The"
TypeError: The view function did not return a valid response. The function either returned None or ended without a return statement.
[2019-09-28 15:26:51,547] ERROR in app: Exception on /yccc.php [POST]
Traceback (most recent call last):
  File "/home/tom/.local/lib/python3.6/site-packages/flask/app.py", line 2446, in wsgi_app
    response = self.full_dispatch_request()
  File "/home/tom/.local/lib/python3.6/site-packages/flask/app.py", line 1952, in full_dispatch_request
    return self.finalize_request(rv)
  File "/home/tom/.local/lib/python3.6/site-packages/flask/app.py", line 1967, in finalize_request
    response = self.make_response(rv)
  File "/home/tom/.local/lib/python3.6/site-packages/flask/app.py", line 2097, in make_response
    "The view function did not return a valid response. The"
TypeError: The view function did not return a valid response. The function either returned None or ended without a return statement.
[2019-09-28 15:26:52,834] ERROR in app: Exception on /lr.php [POST]
Traceback (most recent call last):
  File "/home/tom/.local/lib/python3.6/site-packages/flask/app.py", line 2446, in wsgi_app
    response = self.full_dispatch_request()
  File "/home/tom/.local/lib/python3.6/site-packages/flask/app.py", line 1952, in full_dispatch_request
    return self.finalize_request(rv)
  File "/home/tom/.local/lib/python3.6/site-packages/flask/app.py", line 1967, in finalize_request
    response = self.make_response(rv)
  File "/home/tom/.local/lib/python3.6/site-packages/flask/app.py", line 2097, in make_response
    "The view function did not return a valid response. The"
TypeError: The view function did not return a valid response. The function either returned None or ended without a return statement.
[2019-09-28 15:26:53,950] ERROR in app: Exception on /lr.php [POST]
Traceback (most recent call last):
  File "/home/tom/.local/lib/python3.6/site-packages/flask/app.py", line 2446, in wsgi_app
    response = self.full_dispatch_request()
  File "/home/tom/.local/lib/python3.6/site-packages/flask/app.py", line 1952, in full_dispatch_request
    return self.finalize_request(rv)
  File "/home/tom/.local/lib/python3.6/site-packages/flask/app.py", line 1967, in finalize_request
    response = self.make_response(rv)
  File "/home/tom/.local/lib/python3.6/site-packages/flask/app.py", line 2097, in make_response
    "The view function did not return a valid response. The"
TypeError: The view function did not return a valid response. The function either returned None or ended without a return statement.
[2019-09-28 15:26:54,426] ERROR in app: Exception on /2.php [POST]
Traceback (most recent call last):
  File "/home/tom/.local/lib/python3.6/site-packages/flask/app.py", line 2446, in wsgi_app
    response = self.full_dispatch_request()
  File "/home/tom/.local/lib/python3.6/site-packages/flask/app.py", line 1952, in full_dispatch_request
    return self.finalize_request(rv)
  File "/home/tom/.local/lib/python3.6/site-packages/flask/app.py", line 1967, in finalize_request
    response = self.make_response(rv)
  File "/home/tom/.local/lib/python3.6/site-packages/flask/app.py", line 2097, in make_response
    "The view function did not return a valid response. The"
TypeError: The view function did not return a valid response. The function either returned None or ended without a return statement.
[2019-09-28 15:26:55,547] ERROR in app: Exception on /xixi.php [POST]
Traceback (most recent call last):
  File "/home/tom/.local/lib/python3.6/site-packages/flask/app.py", line 2446, in wsgi_app
    response = self.full_dispatch_request()
  File "/home/tom/.local/lib/python3.6/site-packages/flask/app.py", line 1952, in full_dispatch_request
    return self.finalize_request(rv)
  File "/home/tom/.local/lib/python3.6/site-packages/flask/app.py", line 1967, in finalize_request
    response = self.make_response(rv)
  File "/home/tom/.local/lib/python3.6/site-packages/flask/app.py", line 2097, in make_response
    "The view function did not return a valid response. The"
TypeError: The view function did not return a valid response. The function either returned None or ended without a return statement.
[2019-09-28 15:26:56,838] ERROR in app: Exception on /qiqi.php [POST]
Traceback (most recent call last):
  File "/home/tom/.local/lib/python3.6/site-packages/flask/app.py", line 2446, in wsgi_app
    response = self.full_dispatch_request()
  File "/home/tom/.local/lib/python3.6/site-packages/flask/app.py", line 1952, in full_dispatch_request
    return self.finalize_request(rv)
  File "/home/tom/.local/lib/python3.6/site-packages/flask/app.py", line 1967, in finalize_request
    response = self.make_response(rv)
  File "/home/tom/.local/lib/python3.6/site-packages/flask/app.py", line 2097, in make_response
    "The view function did not return a valid response. The"
TypeError: The view function did not return a valid response. The function either returned None or ended without a return statement.
[2019-09-28 15:26:57,311] ERROR in app: Exception on /qiqi11.php [POST]
Traceback (most recent call last):
  File "/home/tom/.local/lib/python3.6/site-packages/flask/app.py", line 2446, in wsgi_app
    response = self.full_dispatch_request()
  File "/home/tom/.local/lib/python3.6/site-packages/flask/app.py", line 1952, in full_dispatch_request
    return self.finalize_request(rv)
  File "/home/tom/.local/lib/python3.6/site-packages/flask/app.py", line 1967, in finalize_request
    response = self.make_response(rv)
  File "/home/tom/.local/lib/python3.6/site-packages/flask/app.py", line 2097, in make_response
    "The view function did not return a valid response. The"
TypeError: The view function did not return a valid response. The function either returned None or ended without a return statement.
[2019-09-28 15:26:57,763] ERROR in app: Exception on /ruii.php [POST]
Traceback (most recent call last):
  File "/home/tom/.local/lib/python3.6/site-packages/flask/app.py", line 2446, in wsgi_app
    response = self.full_dispatch_request()
  File "/home/tom/.local/lib/python3.6/site-packages/flask/app.py", line 1952, in full_dispatch_request
    return self.finalize_request(rv)
  File "/home/tom/.local/lib/python3.6/site-packages/flask/app.py", line 1967, in finalize_request
    response = self.make_response(rv)
  File "/home/tom/.local/lib/python3.6/site-packages/flask/app.py", line 2097, in make_response
    "The view function did not return a valid response. The"
TypeError: The view function did not return a valid response. The function either returned None or ended without a return statement.
[2019-09-28 15:26:58,222] ERROR in app: Exception on /ci.php [POST]
Traceback (most recent call last):
  File "/home/tom/.local/lib/python3.6/site-packages/flask/app.py", line 2446, in wsgi_app
    response = self.full_dispatch_request()
  File "/home/tom/.local/lib/python3.6/site-packages/flask/app.py", line 1952, in full_dispatch_request
    return self.finalize_request(rv)
  File "/home/tom/.local/lib/python3.6/site-packages/flask/app.py", line 1967, in finalize_request
    response = self.make_response(rv)
  File "/home/tom/.local/lib/python3.6/site-packages/flask/app.py", line 2097, in make_response
    "The view function did not return a valid response. The"
TypeError: The view function did not return a valid response. The function either returned None or ended without a return statement.
[2019-09-28 15:26:58,676] ERROR in app: Exception on /mutuba.php [POST]
Traceback (most recent call last):
  File "/home/tom/.local/lib/python3.6/site-packages/flask/app.py", line 2446, in wsgi_app
    response = self.full_dispatch_request()
  File "/home/tom/.local/lib/python3.6/site-packages/flask/app.py", line 1952, in full_dispatch_request
    return self.finalize_request(rv)
  File "/home/tom/.local/lib/python3.6/site-packages/flask/app.py", line 1967, in finalize_request
    response = self.make_response(rv)
  File "/home/tom/.local/lib/python3.6/site-packages/flask/app.py", line 2097, in make_response
    "The view function did not return a valid response. The"
TypeError: The view function did not return a valid response. The function either returned None or ended without a return statement.
[2019-09-28 15:26:59,124] ERROR in app: Exception on /taocishun.php [POST]
Traceback (most recent call last):
  File "/home/tom/.local/lib/python3.6/site-packages/flask/app.py", line 2446, in wsgi_app
    response = self.full_dispatch_request()
  File "/home/tom/.local/lib/python3.6/site-packages/flask/app.py", line 1952, in full_dispatch_request
    return self.finalize_request(rv)
  File "/home/tom/.local/lib/python3.6/site-packages/flask/app.py", line 1967, in finalize_request
    response = self.make_response(rv)
  File "/home/tom/.local/lib/python3.6/site-packages/flask/app.py", line 2097, in make_response
    "The view function did not return a valid response. The"
TypeError: The view function did not return a valid response. The function either returned None or ended without a return statement.
[2019-09-28 15:26:59,595] ERROR in app: Exception on /gg.php [POST]
Traceback (most recent call last):
  File "/home/tom/.local/lib/python3.6/site-packages/flask/app.py", line 2446, in wsgi_app
    response = self.full_dispatch_request()
  File "/home/tom/.local/lib/python3.6/site-packages/flask/app.py", line 1952, in full_dispatch_request
    return self.finalize_request(rv)
  File "/home/tom/.local/lib/python3.6/site-packages/flask/app.py", line 1967, in finalize_request
    response = self.make_response(rv)
  File "/home/tom/.local/lib/python3.6/site-packages/flask/app.py", line 2097, in make_response
    "The view function did not return a valid response. The"
TypeError: The view function did not return a valid response. The function either returned None or ended without a return statement.
[2019-09-28 15:27:00,038] ERROR in app: Exception on /xiong.php [POST]
Traceback (most recent call last):
  File "/home/tom/.local/lib/python3.6/site-packages/flask/app.py", line 2446, in wsgi_app
    response = self.full_dispatch_request()
  File "/home/tom/.local/lib/python3.6/site-packages/flask/app.py", line 1952, in full_dispatch_request
    return self.finalize_request(rv)
  File "/home/tom/.local/lib/python3.6/site-packages/flask/app.py", line 1967, in finalize_request
    response = self.make_response(rv)
  File "/home/tom/.local/lib/python3.6/site-packages/flask/app.py", line 2097, in make_response
    "The view function did not return a valid response. The"
TypeError: The view function did not return a valid response. The function either returned None or ended without a return statement.
[2019-09-28 15:27:00,503] ERROR in app: Exception on /jing.php [POST]
Traceback (most recent call last):
  File "/home/tom/.local/lib/python3.6/site-packages/flask/app.py", line 2446, in wsgi_app
    response = self.full_dispatch_request()
  File "/home/tom/.local/lib/python3.6/site-packages/flask/app.py", line 1952, in full_dispatch_request
    return self.finalize_request(rv)
  File "/home/tom/.local/lib/python3.6/site-packages/flask/app.py", line 1967, in finalize_request
    response = self.make_response(rv)
  File "/home/tom/.local/lib/python3.6/site-packages/flask/app.py", line 2097, in make_response
    "The view function did not return a valid response. The"
TypeError: The view function did not return a valid response. The function either returned None or ended without a return statement.
[2019-09-28 15:27:00,947] ERROR in app: Exception on /ganshiqiang.php [POST]
Traceback (most recent call last):
  File "/home/tom/.local/lib/python3.6/site-packages/flask/app.py", line 2446, in wsgi_app
    response = self.full_dispatch_request()
  File "/home/tom/.local/lib/python3.6/site-packages/flask/app.py", line 1952, in full_dispatch_request
    return self.finalize_request(rv)
  File "/home/tom/.local/lib/python3.6/site-packages/flask/app.py", line 1967, in finalize_request
    response = self.make_response(rv)
  File "/home/tom/.local/lib/python3.6/site-packages/flask/app.py", line 2097, in make_response
    "The view function did not return a valid response. The"
TypeError: The view function did not return a valid response. The function either returned None or ended without a return statement.
[2019-09-28 15:27:01,400] ERROR in app: Exception on /n23.php [POST]
Traceback (most recent call last):
  File "/home/tom/.local/lib/python3.6/site-packages/flask/app.py", line 2446, in wsgi_app
    response = self.full_dispatch_request()
  File "/home/tom/.local/lib/python3.6/site-packages/flask/app.py", line 1952, in full_dispatch_request
    return self.finalize_request(rv)
  File "/home/tom/.local/lib/python3.6/site-packages/flask/app.py", line 1967, in finalize_request
    response = self.make_response(rv)
  File "/home/tom/.local/lib/python3.6/site-packages/flask/app.py", line 2097, in make_response
    "The view function did not return a valid response. The"
TypeError: The view function did not return a valid response. The function either returned None or ended without a return statement.
[2019-09-28 15:27:01,843] ERROR in app: Exception on /infos.php [POST]
Traceback (most recent call last):
  File "/home/tom/.local/lib/python3.6/site-packages/flask/app.py", line 2446, in wsgi_app
    response = self.full_dispatch_request()
  File "/home/tom/.local/lib/python3.6/site-packages/flask/app.py", line 1952, in full_dispatch_request
    return self.finalize_request(rv)
  File "/home/tom/.local/lib/python3.6/site-packages/flask/app.py", line 1967, in finalize_request
    response = self.make_response(rv)
  File "/home/tom/.local/lib/python3.6/site-packages/flask/app.py", line 2097, in make_response
    "The view function did not return a valid response. The"
TypeError: The view function did not return a valid response. The function either returned None or ended without a return statement.
[2019-09-28 15:27:02,288] ERROR in app: Exception on /api.php [POST]
Traceback (most recent call last):
  File "/home/tom/.local/lib/python3.6/site-packages/flask/app.py", line 2446, in wsgi_app
    response = self.full_dispatch_request()
  File "/home/tom/.local/lib/python3.6/site-packages/flask/app.py", line 1952, in full_dispatch_request
    return self.finalize_request(rv)
  File "/home/tom/.local/lib/python3.6/site-packages/flask/app.py", line 1967, in finalize_request
    response = self.make_response(rv)
  File "/home/tom/.local/lib/python3.6/site-packages/flask/app.py", line 2097, in make_response
    "The view function did not return a valid response. The"
TypeError: The view function did not return a valid response. The function either returned None or ended without a return statement.
[2019-09-28 15:27:02,743] ERROR in app: Exception on /zxc.php [POST]
Traceback (most recent call last):
  File "/home/tom/.local/lib/python3.6/site-packages/flask/app.py", line 2446, in wsgi_app
    response = self.full_dispatch_request()
  File "/home/tom/.local/lib/python3.6/site-packages/flask/app.py", line 1952, in full_dispatch_request
    return self.finalize_request(rv)
  File "/home/tom/.local/lib/python3.6/site-packages/flask/app.py", line 1967, in finalize_request
    response = self.make_response(rv)
  File "/home/tom/.local/lib/python3.6/site-packages/flask/app.py", line 2097, in make_response
    "The view function did not return a valid response. The"
TypeError: The view function did not return a valid response. The function either returned None or ended without a return statement.
[2019-09-28 15:27:03,208] ERROR in app: Exception on /sqlk.php [POST]
Traceback (most recent call last):
  File "/home/tom/.local/lib/python3.6/site-packages/flask/app.py", line 2446, in wsgi_app
    response = self.full_dispatch_request()
  File "/home/tom/.local/lib/python3.6/site-packages/flask/app.py", line 1952, in full_dispatch_request
    return self.finalize_request(rv)
  File "/home/tom/.local/lib/python3.6/site-packages/flask/app.py", line 1967, in finalize_request
    response = self.make_response(rv)
  File "/home/tom/.local/lib/python3.6/site-packages/flask/app.py", line 2097, in make_response
    "The view function did not return a valid response. The"
TypeError: The view function did not return a valid response. The function either returned None or ended without a return statement.
[2019-09-28 15:27:04,336] ERROR in app: Exception on /xx33.php [POST]
Traceback (most recent call last):
  File "/home/tom/.local/lib/python3.6/site-packages/flask/app.py", line 2446, in wsgi_app
    response = self.full_dispatch_request()
  File "/home/tom/.local/lib/python3.6/site-packages/flask/app.py", line 1952, in full_dispatch_request
    return self.finalize_request(rv)
  File "/home/tom/.local/lib/python3.6/site-packages/flask/app.py", line 1967, in finalize_request
    response = self.make_response(rv)
  File "/home/tom/.local/lib/python3.6/site-packages/flask/app.py", line 2097, in make_response
    "The view function did not return a valid response. The"
TypeError: The view function did not return a valid response. The function either returned None or ended without a return statement.
[2019-09-28 15:27:06,706] ERROR in app: Exception on /aotian.php [POST]
Traceback (most recent call last):
  File "/home/tom/.local/lib/python3.6/site-packages/flask/app.py", line 2446, in wsgi_app
    response = self.full_dispatch_request()
  File "/home/tom/.local/lib/python3.6/site-packages/flask/app.py", line 1952, in full_dispatch_request
    return self.finalize_request(rv)
  File "/home/tom/.local/lib/python3.6/site-packages/flask/app.py", line 1967, in finalize_request
    response = self.make_response(rv)
  File "/home/tom/.local/lib/python3.6/site-packages/flask/app.py", line 2097, in make_response
    "The view function did not return a valid response. The"
TypeError: The view function did not return a valid response. The function either returned None or ended without a return statement.
[2019-09-28 15:27:07,166] ERROR in app: Exception on /buluya.php [POST]
Traceback (most recent call last):
  File "/home/tom/.local/lib/python3.6/site-packages/flask/app.py", line 2446, in wsgi_app
    response = self.full_dispatch_request()
  File "/home/tom/.local/lib/python3.6/site-packages/flask/app.py", line 1952, in full_dispatch_request
    return self.finalize_request(rv)
  File "/home/tom/.local/lib/python3.6/site-packages/flask/app.py", line 1967, in finalize_request
    response = self.make_response(rv)
  File "/home/tom/.local/lib/python3.6/site-packages/flask/app.py", line 2097, in make_response
    "The view function did not return a valid response. The"
TypeError: The view function did not return a valid response. The function either returned None or ended without a return statement.
[2019-09-28 15:27:07,646] ERROR in app: Exception on /oumi.php [POST]
Traceback (most recent call last):
  File "/home/tom/.local/lib/python3.6/site-packages/flask/app.py", line 2446, in wsgi_app
    response = self.full_dispatch_request()
  File "/home/tom/.local/lib/python3.6/site-packages/flask/app.py", line 1952, in full_dispatch_request
    return self.finalize_request(rv)
  File "/home/tom/.local/lib/python3.6/site-packages/flask/app.py", line 1967, in finalize_request
    response = self.make_response(rv)
  File "/home/tom/.local/lib/python3.6/site-packages/flask/app.py", line 2097, in make_response
    "The view function did not return a valid response. The"
TypeError: The view function did not return a valid response. The function either returned None or ended without a return statement.
[2019-09-28 15:27:08,101] ERROR in app: Exception on /qiangkezhi.php [POST]
Traceback (most recent call last):
  File "/home/tom/.local/lib/python3.6/site-packages/flask/app.py", line 2446, in wsgi_app
    response = self.full_dispatch_request()
  File "/home/tom/.local/lib/python3.6/site-packages/flask/app.py", line 1952, in full_dispatch_request
    return self.finalize_request(rv)
  File "/home/tom/.local/lib/python3.6/site-packages/flask/app.py", line 1967, in finalize_request
    response = self.make_response(rv)
  File "/home/tom/.local/lib/python3.6/site-packages/flask/app.py", line 2097, in make_response
    "The view function did not return a valid response. The"
TypeError: The view function did not return a valid response. The function either returned None or ended without a return statement.
[2019-09-28 15:27:08,537] ERROR in app: Exception on /ce.PHP [POST]
Traceback (most recent call last):
  File "/home/tom/.local/lib/python3.6/site-packages/flask/app.py", line 2446, in wsgi_app
    response = self.full_dispatch_request()
  File "/home/tom/.local/lib/python3.6/site-packages/flask/app.py", line 1952, in full_dispatch_request
    return self.finalize_request(rv)
  File "/home/tom/.local/lib/python3.6/site-packages/flask/app.py", line 1967, in finalize_request
    response = self.make_response(rv)
  File "/home/tom/.local/lib/python3.6/site-packages/flask/app.py", line 2097, in make_response
    "The view function did not return a valid response. The"
TypeError: The view function did not return a valid response. The function either returned None or ended without a return statement.
[2019-09-28 15:27:08,993] ERROR in app: Exception on /cs.php [POST]
Traceback (most recent call last):
  File "/home/tom/.local/lib/python3.6/site-packages/flask/app.py", line 2446, in wsgi_app
    response = self.full_dispatch_request()
  File "/home/tom/.local/lib/python3.6/site-packages/flask/app.py", line 1952, in full_dispatch_request
    return self.finalize_request(rv)
  File "/home/tom/.local/lib/python3.6/site-packages/flask/app.py", line 1967, in finalize_request
    response = self.make_response(rv)
  File "/home/tom/.local/lib/python3.6/site-packages/flask/app.py", line 2097, in make_response
    "The view function did not return a valid response. The"
TypeError: The view function did not return a valid response. The function either returned None or ended without a return statement.
[2019-09-28 15:27:09,461] ERROR in app: Exception on /ww.php [POST]
Traceback (most recent call last):
  File "/home/tom/.local/lib/python3.6/site-packages/flask/app.py", line 2446, in wsgi_app
    response = self.full_dispatch_request()
  File "/home/tom/.local/lib/python3.6/site-packages/flask/app.py", line 1952, in full_dispatch_request
    return self.finalize_request(rv)
  File "/home/tom/.local/lib/python3.6/site-packages/flask/app.py", line 1967, in finalize_request
    response = self.make_response(rv)
  File "/home/tom/.local/lib/python3.6/site-packages/flask/app.py", line 2097, in make_response
    "The view function did not return a valid response. The"
TypeError: The view function did not return a valid response. The function either returned None or ended without a return statement.
[2019-09-28 15:27:12,823] ERROR in app: Exception on /zyc.php [POST]
Traceback (most recent call last):
  File "/home/tom/.local/lib/python3.6/site-packages/flask/app.py", line 2446, in wsgi_app
    response = self.full_dispatch_request()
  File "/home/tom/.local/lib/python3.6/site-packages/flask/app.py", line 1952, in full_dispatch_request
    return self.finalize_request(rv)
  File "/home/tom/.local/lib/python3.6/site-packages/flask/app.py", line 1967, in finalize_request
    response = self.make_response(rv)
  File "/home/tom/.local/lib/python3.6/site-packages/flask/app.py", line 2097, in make_response
    "The view function did not return a valid response. The"
TypeError: The view function did not return a valid response. The function either returned None or ended without a return statement.
[2019-09-28 15:27:13,261] ERROR in app: Exception on /inde.php [POST]
Traceback (most recent call last):
  File "/home/tom/.local/lib/python3.6/site-packages/flask/app.py", line 2446, in wsgi_app
    response = self.full_dispatch_request()
  File "/home/tom/.local/lib/python3.6/site-packages/flask/app.py", line 1952, in full_dispatch_request
    return self.finalize_request(rv)
  File "/home/tom/.local/lib/python3.6/site-packages/flask/app.py", line 1967, in finalize_request
    response = self.make_response(rv)
  File "/home/tom/.local/lib/python3.6/site-packages/flask/app.py", line 2097, in make_response
    "The view function did not return a valid response. The"
TypeError: The view function did not return a valid response. The function either returned None or ended without a return statement.
[2019-09-28 15:27:15,310] ERROR in app: Exception on /1.php [POST]
Traceback (most recent call last):
  File "/home/tom/.local/lib/python3.6/site-packages/flask/app.py", line 2446, in wsgi_app
    response = self.full_dispatch_request()
  File "/home/tom/.local/lib/python3.6/site-packages/flask/app.py", line 1952, in full_dispatch_request
    return self.finalize_request(rv)
  File "/home/tom/.local/lib/python3.6/site-packages/flask/app.py", line 1967, in finalize_request
    response = self.make_response(rv)
  File "/home/tom/.local/lib/python3.6/site-packages/flask/app.py", line 2097, in make_response
    "The view function did not return a valid response. The"
TypeError: The view function did not return a valid response. The function either returned None or ended without a return statement.
[2019-09-28 15:27:16,758] ERROR in app: Exception on /info8.php [POST]
Traceback (most recent call last):
  File "/home/tom/.local/lib/python3.6/site-packages/flask/app.py", line 2446, in wsgi_app
    response = self.full_dispatch_request()
  File "/home/tom/.local/lib/python3.6/site-packages/flask/app.py", line 1952, in full_dispatch_request
    return self.finalize_request(rv)
  File "/home/tom/.local/lib/python3.6/site-packages/flask/app.py", line 1967, in finalize_request
    response = self.make_response(rv)
  File "/home/tom/.local/lib/python3.6/site-packages/flask/app.py", line 2097, in make_response
    "The view function did not return a valid response. The"
TypeError: The view function did not return a valid response. The function either returned None or ended without a return statement.
[2019-09-28 15:27:17,209] ERROR in app: Exception on /qqq.php [POST]
Traceback (most recent call last):
  File "/home/tom/.local/lib/python3.6/site-packages/flask/app.py", line 2446, in wsgi_app
    response = self.full_dispatch_request()
  File "/home/tom/.local/lib/python3.6/site-packages/flask/app.py", line 1952, in full_dispatch_request
    return self.finalize_request(rv)
  File "/home/tom/.local/lib/python3.6/site-packages/flask/app.py", line 1967, in finalize_request
    response = self.make_response(rv)
  File "/home/tom/.local/lib/python3.6/site-packages/flask/app.py", line 2097, in make_response
    "The view function did not return a valid response. The"
TypeError: The view function did not return a valid response. The function either returned None or ended without a return statement.
[2019-09-28 15:27:18,335] ERROR in app: Exception on /lequ.php [POST]
Traceback (most recent call last):
  File "/home/tom/.local/lib/python3.6/site-packages/flask/app.py", line 2446, in wsgi_app
    response = self.full_dispatch_request()
  File "/home/tom/.local/lib/python3.6/site-packages/flask/app.py", line 1952, in full_dispatch_request
    return self.finalize_request(rv)
  File "/home/tom/.local/lib/python3.6/site-packages/flask/app.py", line 1967, in finalize_request
    response = self.make_response(rv)
  File "/home/tom/.local/lib/python3.6/site-packages/flask/app.py", line 2097, in make_response
    "The view function did not return a valid response. The"
TypeError: The view function did not return a valid response. The function either returned None or ended without a return statement.
[2019-09-28 15:27:20,829] ERROR in app: Exception on /anyi.php [POST]
Traceback (most recent call last):
  File "/home/tom/.local/lib/python3.6/site-packages/flask/app.py", line 2446, in wsgi_app
    response = self.full_dispatch_request()
  File "/home/tom/.local/lib/python3.6/site-packages/flask/app.py", line 1952, in full_dispatch_request
    return self.finalize_request(rv)
  File "/home/tom/.local/lib/python3.6/site-packages/flask/app.py", line 1967, in finalize_request
    response = self.make_response(rv)
  File "/home/tom/.local/lib/python3.6/site-packages/flask/app.py", line 2097, in make_response
    "The view function did not return a valid response. The"
TypeError: The view function did not return a valid response. The function either returned None or ended without a return statement.
[2019-09-28 15:27:21,281] ERROR in app: Exception on /user.php [POST]
Traceback (most recent call last):
  File "/home/tom/.local/lib/python3.6/site-packages/flask/app.py", line 2446, in wsgi_app
    response = self.full_dispatch_request()
  File "/home/tom/.local/lib/python3.6/site-packages/flask/app.py", line 1952, in full_dispatch_request
    return self.finalize_request(rv)
  File "/home/tom/.local/lib/python3.6/site-packages/flask/app.py", line 1967, in finalize_request
    response = self.make_response(rv)
  File "/home/tom/.local/lib/python3.6/site-packages/flask/app.py", line 2097, in make_response
    "The view function did not return a valid response. The"
TypeError: The view function did not return a valid response. The function either returned None or ended without a return statement.
[2019-09-28 15:27:21,727] ERROR in app: Exception on /xiao.php [POST]
Traceback (most recent call last):
  File "/home/tom/.local/lib/python3.6/site-packages/flask/app.py", line 2446, in wsgi_app
    response = self.full_dispatch_request()
  File "/home/tom/.local/lib/python3.6/site-packages/flask/app.py", line 1952, in full_dispatch_request
    return self.finalize_request(rv)
  File "/home/tom/.local/lib/python3.6/site-packages/flask/app.py", line 1967, in finalize_request
    response = self.make_response(rv)
  File "/home/tom/.local/lib/python3.6/site-packages/flask/app.py", line 2097, in make_response
    "The view function did not return a valid response. The"
TypeError: The view function did not return a valid response. The function either returned None or ended without a return statement.
[2019-09-28 15:27:22,198] ERROR in app: Exception on /wanmei.php [POST]
Traceback (most recent call last):
  File "/home/tom/.local/lib/python3.6/site-packages/flask/app.py", line 2446, in wsgi_app
    response = self.full_dispatch_request()
  File "/home/tom/.local/lib/python3.6/site-packages/flask/app.py", line 1952, in full_dispatch_request
    return self.finalize_request(rv)
  File "/home/tom/.local/lib/python3.6/site-packages/flask/app.py", line 1967, in finalize_request
    response = self.make_response(rv)
  File "/home/tom/.local/lib/python3.6/site-packages/flask/app.py", line 2097, in make_response
    "The view function did not return a valid response. The"
TypeError: The view function did not return a valid response. The function either returned None or ended without a return statement.
[2019-09-28 15:27:24,841] ERROR in app: Exception on /wuwu.php [POST]
Traceback (most recent call last):
  File "/home/tom/.local/lib/python3.6/site-packages/flask/app.py", line 2446, in wsgi_app
    response = self.full_dispatch_request()
  File "/home/tom/.local/lib/python3.6/site-packages/flask/app.py", line 1952, in full_dispatch_request
    return self.finalize_request(rv)
  File "/home/tom/.local/lib/python3.6/site-packages/flask/app.py", line 1967, in finalize_request
    response = self.make_response(rv)
  File "/home/tom/.local/lib/python3.6/site-packages/flask/app.py", line 2097, in make_response
    "The view function did not return a valid response. The"
TypeError: The view function did not return a valid response. The function either returned None or ended without a return statement.
[2019-09-28 15:27:25,951] ERROR in app: Exception on /bf.php [POST]
Traceback (most recent call last):
  File "/home/tom/.local/lib/python3.6/site-packages/flask/app.py", line 2446, in wsgi_app
    response = self.full_dispatch_request()
  File "/home/tom/.local/lib/python3.6/site-packages/flask/app.py", line 1952, in full_dispatch_request
    return self.finalize_request(rv)
  File "/home/tom/.local/lib/python3.6/site-packages/flask/app.py", line 1967, in finalize_request
    response = self.make_response(rv)
  File "/home/tom/.local/lib/python3.6/site-packages/flask/app.py", line 2097, in make_response
    "The view function did not return a valid response. The"
TypeError: The view function did not return a valid response. The function either returned None or ended without a return statement.
[2019-09-28 15:27:26,403] ERROR in app: Exception on /bf.php [POST]
Traceback (most recent call last):
  File "/home/tom/.local/lib/python3.6/site-packages/flask/app.py", line 2446, in wsgi_app
    response = self.full_dispatch_request()
  File "/home/tom/.local/lib/python3.6/site-packages/flask/app.py", line 1952, in full_dispatch_request
    return self.finalize_request(rv)
  File "/home/tom/.local/lib/python3.6/site-packages/flask/app.py", line 1967, in finalize_request
    response = self.make_response(rv)
  File "/home/tom/.local/lib/python3.6/site-packages/flask/app.py", line 2097, in make_response
    "The view function did not return a valid response. The"
TypeError: The view function did not return a valid response. The function either returned None or ended without a return statement.
[2019-09-28 15:27:28,829] ERROR in app: Exception on /bn.php [POST]
Traceback (most recent call last):
  File "/home/tom/.local/lib/python3.6/site-packages/flask/app.py", line 2446, in wsgi_app
    response = self.full_dispatch_request()
  File "/home/tom/.local/lib/python3.6/site-packages/flask/app.py", line 1952, in full_dispatch_request
    return self.finalize_request(rv)
  File "/home/tom/.local/lib/python3.6/site-packages/flask/app.py", line 1967, in finalize_request
    response = self.make_response(rv)
  File "/home/tom/.local/lib/python3.6/site-packages/flask/app.py", line 2097, in make_response
    "The view function did not return a valid response. The"
TypeError: The view function did not return a valid response. The function either returned None or ended without a return statement.
[2019-09-28 15:27:29,278] ERROR in app: Exception on /gsy.php [POST]
Traceback (most recent call last):
  File "/home/tom/.local/lib/python3.6/site-packages/flask/app.py", line 2446, in wsgi_app
    response = self.full_dispatch_request()
  File "/home/tom/.local/lib/python3.6/site-packages/flask/app.py", line 1952, in full_dispatch_request
    return self.finalize_request(rv)
  File "/home/tom/.local/lib/python3.6/site-packages/flask/app.py", line 1967, in finalize_request
    response = self.make_response(rv)
  File "/home/tom/.local/lib/python3.6/site-packages/flask/app.py", line 2097, in make_response
    "The view function did not return a valid response. The"
TypeError: The view function did not return a valid response. The function either returned None or ended without a return statement.
[2019-09-28 15:27:29,728] ERROR in app: Exception on /iis.php [POST]
Traceback (most recent call last):
  File "/home/tom/.local/lib/python3.6/site-packages/flask/app.py", line 2446, in wsgi_app
    response = self.full_dispatch_request()
  File "/home/tom/.local/lib/python3.6/site-packages/flask/app.py", line 1952, in full_dispatch_request
    return self.finalize_request(rv)
  File "/home/tom/.local/lib/python3.6/site-packages/flask/app.py", line 1967, in finalize_request
    response = self.make_response(rv)
  File "/home/tom/.local/lib/python3.6/site-packages/flask/app.py", line 2097, in make_response
    "The view function did not return a valid response. The"
TypeError: The view function did not return a valid response. The function either returned None or ended without a return statement.
[2019-09-28 15:27:30,181] ERROR in app: Exception on /zxy.php [POST]
Traceback (most recent call last):
  File "/home/tom/.local/lib/python3.6/site-packages/flask/app.py", line 2446, in wsgi_app
    response = self.full_dispatch_request()
  File "/home/tom/.local/lib/python3.6/site-packages/flask/app.py", line 1952, in full_dispatch_request
    return self.finalize_request(rv)
  File "/home/tom/.local/lib/python3.6/site-packages/flask/app.py", line 1967, in finalize_request
    response = self.make_response(rv)
  File "/home/tom/.local/lib/python3.6/site-packages/flask/app.py", line 2097, in make_response
    "The view function did not return a valid response. The"
TypeError: The view function did not return a valid response. The function either returned None or ended without a return statement.
[2019-09-28 15:27:30,633] ERROR in app: Exception on /zxy.php [POST]
Traceback (most recent call last):
  File "/home/tom/.local/lib/python3.6/site-packages/flask/app.py", line 2446, in wsgi_app
    response = self.full_dispatch_request()
  File "/home/tom/.local/lib/python3.6/site-packages/flask/app.py", line 1952, in full_dispatch_request
    return self.finalize_request(rv)
  File "/home/tom/.local/lib/python3.6/site-packages/flask/app.py", line 1967, in finalize_request
    response = self.make_response(rv)
  File "/home/tom/.local/lib/python3.6/site-packages/flask/app.py", line 2097, in make_response
    "The view function did not return a valid response. The"
TypeError: The view function did not return a valid response. The function either returned None or ended without a return statement.
[2019-09-28 15:27:31,097] ERROR in app: Exception on /yyx.php [POST]
Traceback (most recent call last):
  File "/home/tom/.local/lib/python3.6/site-packages/flask/app.py", line 2446, in wsgi_app
    response = self.full_dispatch_request()
  File "/home/tom/.local/lib/python3.6/site-packages/flask/app.py", line 1952, in full_dispatch_request
    return self.finalize_request(rv)
  File "/home/tom/.local/lib/python3.6/site-packages/flask/app.py", line 1967, in finalize_request
    response = self.make_response(rv)
  File "/home/tom/.local/lib/python3.6/site-packages/flask/app.py", line 2097, in make_response
    "The view function did not return a valid response. The"
TypeError: The view function did not return a valid response. The function either returned None or ended without a return statement.
[2019-09-28 15:27:32,829] ERROR in app: Exception on /ml.php [POST]
Traceback (most recent call last):
  File "/home/tom/.local/lib/python3.6/site-packages/flask/app.py", line 2446, in wsgi_app
    response = self.full_dispatch_request()
  File "/home/tom/.local/lib/python3.6/site-packages/flask/app.py", line 1952, in full_dispatch_request
    return self.finalize_request(rv)
  File "/home/tom/.local/lib/python3.6/site-packages/flask/app.py", line 1967, in finalize_request
    response = self.make_response(rv)
  File "/home/tom/.local/lib/python3.6/site-packages/flask/app.py", line 2097, in make_response
    "The view function did not return a valid response. The"
TypeError: The view function did not return a valid response. The function either returned None or ended without a return statement.
[2019-09-28 15:27:33,286] ERROR in app: Exception on /xs.php [POST]
Traceback (most recent call last):
  File "/home/tom/.local/lib/python3.6/site-packages/flask/app.py", line 2446, in wsgi_app
    response = self.full_dispatch_request()
  File "/home/tom/.local/lib/python3.6/site-packages/flask/app.py", line 1952, in full_dispatch_request
    return self.finalize_request(rv)
  File "/home/tom/.local/lib/python3.6/site-packages/flask/app.py", line 1967, in finalize_request
    response = self.make_response(rv)
  File "/home/tom/.local/lib/python3.6/site-packages/flask/app.py", line 2097, in make_response
    "The view function did not return a valid response. The"
TypeError: The view function did not return a valid response. The function either returned None or ended without a return statement.
[2019-09-28 15:27:33,746] ERROR in app: Exception on /phplil.php [POST]
Traceback (most recent call last):
  File "/home/tom/.local/lib/python3.6/site-packages/flask/app.py", line 2446, in wsgi_app
    response = self.full_dispatch_request()
  File "/home/tom/.local/lib/python3.6/site-packages/flask/app.py", line 1952, in full_dispatch_request
    return self.finalize_request(rv)
  File "/home/tom/.local/lib/python3.6/site-packages/flask/app.py", line 1967, in finalize_request
    response = self.make_response(rv)
  File "/home/tom/.local/lib/python3.6/site-packages/flask/app.py", line 2097, in make_response
    "The view function did not return a valid response. The"
TypeError: The view function did not return a valid response. The function either returned None or ended without a return statement.
[2019-09-28 15:27:34,226] ERROR in app: Exception on /config.inc.php [POST]
Traceback (most recent call last):
  File "/home/tom/.local/lib/python3.6/site-packages/flask/app.py", line 2446, in wsgi_app
    response = self.full_dispatch_request()
  File "/home/tom/.local/lib/python3.6/site-packages/flask/app.py", line 1952, in full_dispatch_request
    return self.finalize_request(rv)
  File "/home/tom/.local/lib/python3.6/site-packages/flask/app.py", line 1967, in finalize_request
    response = self.make_response(rv)
  File "/home/tom/.local/lib/python3.6/site-packages/flask/app.py", line 2097, in make_response
    "The view function did not return a valid response. The"
TypeError: The view function did not return a valid response. The function either returned None or ended without a return statement.
[2019-09-28 15:27:34,685] ERROR in app: Exception on /ss.php [POST]
Traceback (most recent call last):
  File "/home/tom/.local/lib/python3.6/site-packages/flask/app.py", line 2446, in wsgi_app
    response = self.full_dispatch_request()
  File "/home/tom/.local/lib/python3.6/site-packages/flask/app.py", line 1952, in full_dispatch_request
    return self.finalize_request(rv)
  File "/home/tom/.local/lib/python3.6/site-packages/flask/app.py", line 1967, in finalize_request
    response = self.make_response(rv)
  File "/home/tom/.local/lib/python3.6/site-packages/flask/app.py", line 2097, in make_response
    "The view function did not return a valid response. The"
TypeError: The view function did not return a valid response. The function either returned None or ended without a return statement.
[2019-09-28 15:27:35,141] ERROR in app: Exception on /ll.php [POST]
Traceback (most recent call last):
  File "/home/tom/.local/lib/python3.6/site-packages/flask/app.py", line 2446, in wsgi_app
    response = self.full_dispatch_request()
  File "/home/tom/.local/lib/python3.6/site-packages/flask/app.py", line 1952, in full_dispatch_request
    return self.finalize_request(rv)
  File "/home/tom/.local/lib/python3.6/site-packages/flask/app.py", line 1967, in finalize_request
    response = self.make_response(rv)
  File "/home/tom/.local/lib/python3.6/site-packages/flask/app.py", line 2097, in make_response
    "The view function did not return a valid response. The"
TypeError: The view function did not return a valid response. The function either returned None or ended without a return statement.
[2019-09-28 15:27:36,824] ERROR in app: Exception on /secure.php [POST]
Traceback (most recent call last):
  File "/home/tom/.local/lib/python3.6/site-packages/flask/app.py", line 2446, in wsgi_app
    response = self.full_dispatch_request()
  File "/home/tom/.local/lib/python3.6/site-packages/flask/app.py", line 1952, in full_dispatch_request
    return self.finalize_request(rv)
  File "/home/tom/.local/lib/python3.6/site-packages/flask/app.py", line 1967, in finalize_request
    response = self.make_response(rv)
  File "/home/tom/.local/lib/python3.6/site-packages/flask/app.py", line 2097, in make_response
    "The view function did not return a valid response. The"
TypeError: The view function did not return a valid response. The function either returned None or ended without a return statement.
[2019-09-28 15:27:37,256] ERROR in app: Exception on /secure.php [POST]
Traceback (most recent call last):
  File "/home/tom/.local/lib/python3.6/site-packages/flask/app.py", line 2446, in wsgi_app
    response = self.full_dispatch_request()
  File "/home/tom/.local/lib/python3.6/site-packages/flask/app.py", line 1952, in full_dispatch_request
    return self.finalize_request(rv)
  File "/home/tom/.local/lib/python3.6/site-packages/flask/app.py", line 1967, in finalize_request
    response = self.make_response(rv)
  File "/home/tom/.local/lib/python3.6/site-packages/flask/app.py", line 2097, in make_response
    "The view function did not return a valid response. The"
TypeError: The view function did not return a valid response. The function either returned None or ended without a return statement.
[2019-09-28 15:27:37,706] ERROR in app: Exception on /secure1.php [POST]
Traceback (most recent call last):
  File "/home/tom/.local/lib/python3.6/site-packages/flask/app.py", line 2446, in wsgi_app
    response = self.full_dispatch_request()
  File "/home/tom/.local/lib/python3.6/site-packages/flask/app.py", line 1952, in full_dispatch_request
    return self.finalize_request(rv)
  File "/home/tom/.local/lib/python3.6/site-packages/flask/app.py", line 1967, in finalize_request
    response = self.make_response(rv)
  File "/home/tom/.local/lib/python3.6/site-packages/flask/app.py", line 2097, in make_response
    "The view function did not return a valid response. The"
TypeError: The view function did not return a valid response. The function either returned None or ended without a return statement.
[2019-09-28 15:27:38,786] ERROR in app: Exception on /7.php [POST]
Traceback (most recent call last):
  File "/home/tom/.local/lib/python3.6/site-packages/flask/app.py", line 2446, in wsgi_app
    response = self.full_dispatch_request()
  File "/home/tom/.local/lib/python3.6/site-packages/flask/app.py", line 1952, in full_dispatch_request
    return self.finalize_request(rv)
  File "/home/tom/.local/lib/python3.6/site-packages/flask/app.py", line 1967, in finalize_request
    response = self.make_response(rv)
  File "/home/tom/.local/lib/python3.6/site-packages/flask/app.py", line 2097, in make_response
    "The view function did not return a valid response. The"
TypeError: The view function did not return a valid response. The function either returned None or ended without a return statement.
[2019-09-28 15:27:39,217] ERROR in app: Exception on /go.php [POST]
Traceback (most recent call last):
  File "/home/tom/.local/lib/python3.6/site-packages/flask/app.py", line 2446, in wsgi_app
    response = self.full_dispatch_request()
  File "/home/tom/.local/lib/python3.6/site-packages/flask/app.py", line 1952, in full_dispatch_request
    return self.finalize_request(rv)
  File "/home/tom/.local/lib/python3.6/site-packages/flask/app.py", line 1967, in finalize_request
    response = self.make_response(rv)
  File "/home/tom/.local/lib/python3.6/site-packages/flask/app.py", line 2097, in make_response
    "The view function did not return a valid response. The"
TypeError: The view function did not return a valid response. The function either returned None or ended without a return statement.
[2019-09-28 15:27:40,875] ERROR in app: Exception on /web.php [POST]
Traceback (most recent call last):
  File "/home/tom/.local/lib/python3.6/site-packages/flask/app.py", line 2446, in wsgi_app
    response = self.full_dispatch_request()
  File "/home/tom/.local/lib/python3.6/site-packages/flask/app.py", line 1952, in full_dispatch_request
    return self.finalize_request(rv)
  File "/home/tom/.local/lib/python3.6/site-packages/flask/app.py", line 1967, in finalize_request
    response = self.make_response(rv)
  File "/home/tom/.local/lib/python3.6/site-packages/flask/app.py", line 2097, in make_response
    "The view function did not return a valid response. The"
TypeError: The view function did not return a valid response. The function either returned None or ended without a return statement.
[2019-09-28 15:27:41,328] ERROR in app: Exception on /wulv.php [POST]
Traceback (most recent call last):
  File "/home/tom/.local/lib/python3.6/site-packages/flask/app.py", line 2446, in wsgi_app
    response = self.full_dispatch_request()
  File "/home/tom/.local/lib/python3.6/site-packages/flask/app.py", line 1952, in full_dispatch_request
    return self.finalize_request(rv)
  File "/home/tom/.local/lib/python3.6/site-packages/flask/app.py", line 1967, in finalize_request
    response = self.make_response(rv)
  File "/home/tom/.local/lib/python3.6/site-packages/flask/app.py", line 2097, in make_response
    "The view function did not return a valid response. The"
TypeError: The view function did not return a valid response. The function either returned None or ended without a return statement.
[2019-09-28 15:27:41,793] ERROR in app: Exception on /MCLi.php [POST]
Traceback (most recent call last):
  File "/home/tom/.local/lib/python3.6/site-packages/flask/app.py", line 2446, in wsgi_app
    response = self.full_dispatch_request()
  File "/home/tom/.local/lib/python3.6/site-packages/flask/app.py", line 1952, in full_dispatch_request
    return self.finalize_request(rv)
  File "/home/tom/.local/lib/python3.6/site-packages/flask/app.py", line 1967, in finalize_request
    response = self.make_response(rv)
  File "/home/tom/.local/lib/python3.6/site-packages/flask/app.py", line 2097, in make_response
    "The view function did not return a valid response. The"
TypeError: The view function did not return a valid response. The function either returned None or ended without a return statement.
[2019-09-28 15:27:42,922] ERROR in app: Exception on /MCLi.php [POST]
Traceback (most recent call last):
  File "/home/tom/.local/lib/python3.6/site-packages/flask/app.py", line 2446, in wsgi_app
    response = self.full_dispatch_request()
  File "/home/tom/.local/lib/python3.6/site-packages/flask/app.py", line 1952, in full_dispatch_request
    return self.finalize_request(rv)
  File "/home/tom/.local/lib/python3.6/site-packages/flask/app.py", line 1967, in finalize_request
    response = self.make_response(rv)
  File "/home/tom/.local/lib/python3.6/site-packages/flask/app.py", line 2097, in make_response
    "The view function did not return a valid response. The"
TypeError: The view function did not return a valid response. The function either returned None or ended without a return statement.
[2019-09-28 15:27:43,372] ERROR in app: Exception on /coon.php [POST]
Traceback (most recent call last):
  File "/home/tom/.local/lib/python3.6/site-packages/flask/app.py", line 2446, in wsgi_app
    response = self.full_dispatch_request()
  File "/home/tom/.local/lib/python3.6/site-packages/flask/app.py", line 1952, in full_dispatch_request
    return self.finalize_request(rv)
  File "/home/tom/.local/lib/python3.6/site-packages/flask/app.py", line 1967, in finalize_request
    response = self.make_response(rv)
  File "/home/tom/.local/lib/python3.6/site-packages/flask/app.py", line 2097, in make_response
    "The view function did not return a valid response. The"
TypeError: The view function did not return a valid response. The function either returned None or ended without a return statement.
[2019-09-28 15:27:44,840] ERROR in app: Exception on /1.php [POST]
Traceback (most recent call last):
  File "/home/tom/.local/lib/python3.6/site-packages/flask/app.py", line 2446, in wsgi_app
    response = self.full_dispatch_request()
  File "/home/tom/.local/lib/python3.6/site-packages/flask/app.py", line 1952, in full_dispatch_request
    return self.finalize_request(rv)
  File "/home/tom/.local/lib/python3.6/site-packages/flask/app.py", line 1967, in finalize_request
    response = self.make_response(rv)
  File "/home/tom/.local/lib/python3.6/site-packages/flask/app.py", line 2097, in make_response
    "The view function did not return a valid response. The"
TypeError: The view function did not return a valid response. The function either returned None or ended without a return statement.
[2019-09-28 15:27:45,275] ERROR in app: Exception on /6.php [POST]
Traceback (most recent call last):
  File "/home/tom/.local/lib/python3.6/site-packages/flask/app.py", line 2446, in wsgi_app
    response = self.full_dispatch_request()
  File "/home/tom/.local/lib/python3.6/site-packages/flask/app.py", line 1952, in full_dispatch_request
    return self.finalize_request(rv)
  File "/home/tom/.local/lib/python3.6/site-packages/flask/app.py", line 1967, in finalize_request
    response = self.make_response(rv)
  File "/home/tom/.local/lib/python3.6/site-packages/flask/app.py", line 2097, in make_response
    "The view function did not return a valid response. The"
TypeError: The view function did not return a valid response. The function either returned None or ended without a return statement.
[2019-09-28 15:27:45,735] ERROR in app: Exception on /d.php [POST]
Traceback (most recent call last):
  File "/home/tom/.local/lib/python3.6/site-packages/flask/app.py", line 2446, in wsgi_app
    response = self.full_dispatch_request()
  File "/home/tom/.local/lib/python3.6/site-packages/flask/app.py", line 1952, in full_dispatch_request
    return self.finalize_request(rv)
  File "/home/tom/.local/lib/python3.6/site-packages/flask/app.py", line 1967, in finalize_request
    response = self.make_response(rv)
  File "/home/tom/.local/lib/python3.6/site-packages/flask/app.py", line 2097, in make_response
    "The view function did not return a valid response. The"
TypeError: The view function did not return a valid response. The function either returned None or ended without a return statement.
[2019-09-28 15:27:46,846] ERROR in app: Exception on /function.inc.php [POST]
Traceback (most recent call last):
  File "/home/tom/.local/lib/python3.6/site-packages/flask/app.py", line 2446, in wsgi_app
    response = self.full_dispatch_request()
  File "/home/tom/.local/lib/python3.6/site-packages/flask/app.py", line 1952, in full_dispatch_request
    return self.finalize_request(rv)
  File "/home/tom/.local/lib/python3.6/site-packages/flask/app.py", line 1967, in finalize_request
    response = self.make_response(rv)
  File "/home/tom/.local/lib/python3.6/site-packages/flask/app.py", line 2097, in make_response
    "The view function did not return a valid response. The"
TypeError: The view function did not return a valid response. The function either returned None or ended without a return statement.
[2019-09-28 15:27:47,311] ERROR in app: Exception on /userr.php [POST]
Traceback (most recent call last):
  File "/home/tom/.local/lib/python3.6/site-packages/flask/app.py", line 2446, in wsgi_app
    response = self.full_dispatch_request()
  File "/home/tom/.local/lib/python3.6/site-packages/flask/app.py", line 1952, in full_dispatch_request
    return self.finalize_request(rv)
  File "/home/tom/.local/lib/python3.6/site-packages/flask/app.py", line 1967, in finalize_request
    response = self.make_response(rv)
  File "/home/tom/.local/lib/python3.6/site-packages/flask/app.py", line 2097, in make_response
    "The view function did not return a valid response. The"
TypeError: The view function did not return a valid response. The function either returned None or ended without a return statement.
[2019-09-28 15:27:49,587] ERROR in app: Exception on /ysy.php [POST]
Traceback (most recent call last):
  File "/home/tom/.local/lib/python3.6/site-packages/flask/app.py", line 2446, in wsgi_app
    response = self.full_dispatch_request()
  File "/home/tom/.local/lib/python3.6/site-packages/flask/app.py", line 1952, in full_dispatch_request
    return self.finalize_request(rv)
  File "/home/tom/.local/lib/python3.6/site-packages/flask/app.py", line 1967, in finalize_request
    response = self.make_response(rv)
  File "/home/tom/.local/lib/python3.6/site-packages/flask/app.py", line 2097, in make_response
    "The view function did not return a valid response. The"
TypeError: The view function did not return a valid response. The function either returned None or ended without a return statement.
[2019-09-28 15:27:50,044] ERROR in app: Exception on /3.php [POST]
Traceback (most recent call last):
  File "/home/tom/.local/lib/python3.6/site-packages/flask/app.py", line 2446, in wsgi_app
    response = self.full_dispatch_request()
  File "/home/tom/.local/lib/python3.6/site-packages/flask/app.py", line 1952, in full_dispatch_request
    return self.finalize_request(rv)
  File "/home/tom/.local/lib/python3.6/site-packages/flask/app.py", line 1967, in finalize_request
    response = self.make_response(rv)
  File "/home/tom/.local/lib/python3.6/site-packages/flask/app.py", line 2097, in make_response
    "The view function did not return a valid response. The"
TypeError: The view function did not return a valid response. The function either returned None or ended without a return statement.
[2019-09-28 15:27:50,499] ERROR in app: Exception on /zxc.php [POST]
Traceback (most recent call last):
  File "/home/tom/.local/lib/python3.6/site-packages/flask/app.py", line 2446, in wsgi_app
    response = self.full_dispatch_request()
  File "/home/tom/.local/lib/python3.6/site-packages/flask/app.py", line 1952, in full_dispatch_request
    return self.finalize_request(rv)
  File "/home/tom/.local/lib/python3.6/site-packages/flask/app.py", line 1967, in finalize_request
    response = self.make_response(rv)
  File "/home/tom/.local/lib/python3.6/site-packages/flask/app.py", line 2097, in make_response
    "The view function did not return a valid response. The"
TypeError: The view function did not return a valid response. The function either returned None or ended without a return statement.
[2019-09-28 15:27:50,953] ERROR in app: Exception on /Hzllaga.php [POST]
Traceback (most recent call last):
  File "/home/tom/.local/lib/python3.6/site-packages/flask/app.py", line 2446, in wsgi_app
    response = self.full_dispatch_request()
  File "/home/tom/.local/lib/python3.6/site-packages/flask/app.py", line 1952, in full_dispatch_request
    return self.finalize_request(rv)
  File "/home/tom/.local/lib/python3.6/site-packages/flask/app.py", line 1967, in finalize_request
    response = self.make_response(rv)
  File "/home/tom/.local/lib/python3.6/site-packages/flask/app.py", line 2097, in make_response
    "The view function did not return a valid response. The"
TypeError: The view function did not return a valid response. The function either returned None or ended without a return statement.
[2019-09-28 15:27:51,418] ERROR in app: Exception on /inc.php [POST]
Traceback (most recent call last):
  File "/home/tom/.local/lib/python3.6/site-packages/flask/app.py", line 2446, in wsgi_app
    response = self.full_dispatch_request()
  File "/home/tom/.local/lib/python3.6/site-packages/flask/app.py", line 1952, in full_dispatch_request
    return self.finalize_request(rv)
  File "/home/tom/.local/lib/python3.6/site-packages/flask/app.py", line 1967, in finalize_request
    response = self.make_response(rv)
  File "/home/tom/.local/lib/python3.6/site-packages/flask/app.py", line 2097, in make_response
    "The view function did not return a valid response. The"
TypeError: The view function did not return a valid response. The function either returned None or ended without a return statement.
[2019-09-28 15:27:51,884] ERROR in app: Exception on /webconfig.php [POST]
Traceback (most recent call last):
  File "/home/tom/.local/lib/python3.6/site-packages/flask/app.py", line 2446, in wsgi_app
    response = self.full_dispatch_request()
  File "/home/tom/.local/lib/python3.6/site-packages/flask/app.py", line 1952, in full_dispatch_request
    return self.finalize_request(rv)
  File "/home/tom/.local/lib/python3.6/site-packages/flask/app.py", line 1967, in finalize_request
    response = self.make_response(rv)
  File "/home/tom/.local/lib/python3.6/site-packages/flask/app.py", line 2097, in make_response
    "The view function did not return a valid response. The"
TypeError: The view function did not return a valid response. The function either returned None or ended without a return statement.
[2019-09-28 15:27:52,362] ERROR in app: Exception on /code.php [POST]
Traceback (most recent call last):
  File "/home/tom/.local/lib/python3.6/site-packages/flask/app.py", line 2446, in wsgi_app
    response = self.full_dispatch_request()
  File "/home/tom/.local/lib/python3.6/site-packages/flask/app.py", line 1952, in full_dispatch_request
    return self.finalize_request(rv)
  File "/home/tom/.local/lib/python3.6/site-packages/flask/app.py", line 1967, in finalize_request
    response = self.make_response(rv)
  File "/home/tom/.local/lib/python3.6/site-packages/flask/app.py", line 2097, in make_response
    "The view function did not return a valid response. The"
TypeError: The view function did not return a valid response. The function either returned None or ended without a return statement.
[2019-09-28 15:27:52,808] ERROR in app: Exception on /temtel.php [POST]
Traceback (most recent call last):
  File "/home/tom/.local/lib/python3.6/site-packages/flask/app.py", line 2446, in wsgi_app
    response = self.full_dispatch_request()
  File "/home/tom/.local/lib/python3.6/site-packages/flask/app.py", line 1952, in full_dispatch_request
    return self.finalize_request(rv)
  File "/home/tom/.local/lib/python3.6/site-packages/flask/app.py", line 1967, in finalize_request
    response = self.make_response(rv)
  File "/home/tom/.local/lib/python3.6/site-packages/flask/app.py", line 2097, in make_response
    "The view function did not return a valid response. The"
TypeError: The view function did not return a valid response. The function either returned None or ended without a return statement.
[2019-09-28 15:27:53,280] ERROR in app: Exception on /data.php [POST]
Traceback (most recent call last):
  File "/home/tom/.local/lib/python3.6/site-packages/flask/app.py", line 2446, in wsgi_app
    response = self.full_dispatch_request()
  File "/home/tom/.local/lib/python3.6/site-packages/flask/app.py", line 1952, in full_dispatch_request
    return self.finalize_request(rv)
  File "/home/tom/.local/lib/python3.6/site-packages/flask/app.py", line 1967, in finalize_request
    response = self.make_response(rv)
  File "/home/tom/.local/lib/python3.6/site-packages/flask/app.py", line 2097, in make_response
    "The view function did not return a valid response. The"
TypeError: The view function did not return a valid response. The function either returned None or ended without a return statement.
[2019-09-28 15:27:56,883] ERROR in app: Exception on /fuck.php [POST]
Traceback (most recent call last):
  File "/home/tom/.local/lib/python3.6/site-packages/flask/app.py", line 2446, in wsgi_app
    response = self.full_dispatch_request()
  File "/home/tom/.local/lib/python3.6/site-packages/flask/app.py", line 1952, in full_dispatch_request
    return self.finalize_request(rv)
  File "/home/tom/.local/lib/python3.6/site-packages/flask/app.py", line 1967, in finalize_request
    response = self.make_response(rv)
  File "/home/tom/.local/lib/python3.6/site-packages/flask/app.py", line 2097, in make_response
    "The view function did not return a valid response. The"
TypeError: The view function did not return a valid response. The function either returned None or ended without a return statement.
[2019-09-28 15:27:57,343] ERROR in app: Exception on /.config.php [POST]
Traceback (most recent call last):
  File "/home/tom/.local/lib/python3.6/site-packages/flask/app.py", line 2446, in wsgi_app
    response = self.full_dispatch_request()
  File "/home/tom/.local/lib/python3.6/site-packages/flask/app.py", line 1952, in full_dispatch_request
    return self.finalize_request(rv)
  File "/home/tom/.local/lib/python3.6/site-packages/flask/app.py", line 1967, in finalize_request
    response = self.make_response(rv)
  File "/home/tom/.local/lib/python3.6/site-packages/flask/app.py", line 2097, in make_response
    "The view function did not return a valid response. The"
TypeError: The view function did not return a valid response. The function either returned None or ended without a return statement.
[2019-09-28 15:28:00,665] ERROR in app: Exception on /test.php [POST]
Traceback (most recent call last):
  File "/home/tom/.local/lib/python3.6/site-packages/flask/app.py", line 2446, in wsgi_app
    response = self.full_dispatch_request()
  File "/home/tom/.local/lib/python3.6/site-packages/flask/app.py", line 1952, in full_dispatch_request
    return self.finalize_request(rv)
  File "/home/tom/.local/lib/python3.6/site-packages/flask/app.py", line 1967, in finalize_request
    response = self.make_response(rv)
  File "/home/tom/.local/lib/python3.6/site-packages/flask/app.py", line 2097, in make_response
    "The view function did not return a valid response. The"
TypeError: The view function did not return a valid response. The function either returned None or ended without a return statement.
[2019-09-28 15:28:01,122] ERROR in app: Exception on /cron.php [POST]
Traceback (most recent call last):
  File "/home/tom/.local/lib/python3.6/site-packages/flask/app.py", line 2446, in wsgi_app
    response = self.full_dispatch_request()
  File "/home/tom/.local/lib/python3.6/site-packages/flask/app.py", line 1952, in full_dispatch_request
    return self.finalize_request(rv)
  File "/home/tom/.local/lib/python3.6/site-packages/flask/app.py", line 1967, in finalize_request
    response = self.make_response(rv)
  File "/home/tom/.local/lib/python3.6/site-packages/flask/app.py", line 2097, in make_response
    "The view function did not return a valid response. The"
TypeError: The view function did not return a valid response. The function either returned None or ended without a return statement.
[2019-09-28 15:28:04,083] ERROR in app: Exception on /v.php [POST]
Traceback (most recent call last):
  File "/home/tom/.local/lib/python3.6/site-packages/flask/app.py", line 2446, in wsgi_app
    response = self.full_dispatch_request()
  File "/home/tom/.local/lib/python3.6/site-packages/flask/app.py", line 1952, in full_dispatch_request
    return self.finalize_request(rv)
  File "/home/tom/.local/lib/python3.6/site-packages/flask/app.py", line 1967, in finalize_request
    response = self.make_response(rv)
  File "/home/tom/.local/lib/python3.6/site-packages/flask/app.py", line 2097, in make_response
    "The view function did not return a valid response. The"
TypeError: The view function did not return a valid response. The function either returned None or ended without a return statement.
[2019-09-28 15:28:04,835] ERROR in app: Exception on /vulnspy.php [POST]
Traceback (most recent call last):
  File "/home/tom/.local/lib/python3.6/site-packages/flask/app.py", line 2446, in wsgi_app
    response = self.full_dispatch_request()
  File "/home/tom/.local/lib/python3.6/site-packages/flask/app.py", line 1952, in full_dispatch_request
    return self.finalize_request(rv)
  File "/home/tom/.local/lib/python3.6/site-packages/flask/app.py", line 1967, in finalize_request
    response = self.make_response(rv)
  File "/home/tom/.local/lib/python3.6/site-packages/flask/app.py", line 2097, in make_response
    "The view function did not return a valid response. The"
TypeError: The view function did not return a valid response. The function either returned None or ended without a return statement.
[2019-09-28 15:28:05,306] ERROR in app: Exception on /jsc.php [POST]
Traceback (most recent call last):
  File "/home/tom/.local/lib/python3.6/site-packages/flask/app.py", line 2446, in wsgi_app
    response = self.full_dispatch_request()
  File "/home/tom/.local/lib/python3.6/site-packages/flask/app.py", line 1952, in full_dispatch_request
    return self.finalize_request(rv)
  File "/home/tom/.local/lib/python3.6/site-packages/flask/app.py", line 1967, in finalize_request
    response = self.make_response(rv)
  File "/home/tom/.local/lib/python3.6/site-packages/flask/app.py", line 2097, in make_response
    "The view function did not return a valid response. The"
TypeError: The view function did not return a valid response. The function either returned None or ended without a return statement.
[2019-09-28 15:28:05,954] ERROR in app: Exception on /soga.php [POST]
Traceback (most recent call last):
  File "/home/tom/.local/lib/python3.6/site-packages/flask/app.py", line 2446, in wsgi_app
    response = self.full_dispatch_request()
  File "/home/tom/.local/lib/python3.6/site-packages/flask/app.py", line 1952, in full_dispatch_request
    return self.finalize_request(rv)
  File "/home/tom/.local/lib/python3.6/site-packages/flask/app.py", line 1967, in finalize_request
    response = self.make_response(rv)
  File "/home/tom/.local/lib/python3.6/site-packages/flask/app.py", line 2097, in make_response
    "The view function did not return a valid response. The"
TypeError: The view function did not return a valid response. The function either returned None or ended without a return statement.
[2019-09-28 15:28:07,710] ERROR in app: Exception on /zxc1.php [POST]
Traceback (most recent call last):
  File "/home/tom/.local/lib/python3.6/site-packages/flask/app.py", line 2446, in wsgi_app
    response = self.full_dispatch_request()
  File "/home/tom/.local/lib/python3.6/site-packages/flask/app.py", line 1952, in full_dispatch_request
    return self.finalize_request(rv)
  File "/home/tom/.local/lib/python3.6/site-packages/flask/app.py", line 1967, in finalize_request
    response = self.make_response(rv)
  File "/home/tom/.local/lib/python3.6/site-packages/flask/app.py", line 2097, in make_response
    "The view function did not return a valid response. The"
TypeError: The view function did not return a valid response. The function either returned None or ended without a return statement.
[2019-09-28 15:28:08,873] ERROR in app: Exception on /zxc0.php [POST]
Traceback (most recent call last):
  File "/home/tom/.local/lib/python3.6/site-packages/flask/app.py", line 2446, in wsgi_app
    response = self.full_dispatch_request()
  File "/home/tom/.local/lib/python3.6/site-packages/flask/app.py", line 1952, in full_dispatch_request
    return self.finalize_request(rv)
  File "/home/tom/.local/lib/python3.6/site-packages/flask/app.py", line 1967, in finalize_request
    response = self.make_response(rv)
  File "/home/tom/.local/lib/python3.6/site-packages/flask/app.py", line 2097, in make_response
    "The view function did not return a valid response. The"
TypeError: The view function did not return a valid response. The function either returned None or ended without a return statement.
[2019-09-28 15:28:10,022] ERROR in app: Exception on /zxc1.php [POST]
Traceback (most recent call last):
  File "/home/tom/.local/lib/python3.6/site-packages/flask/app.py", line 2446, in wsgi_app
    response = self.full_dispatch_request()
  File "/home/tom/.local/lib/python3.6/site-packages/flask/app.py", line 1952, in full_dispatch_request
    return self.finalize_request(rv)
  File "/home/tom/.local/lib/python3.6/site-packages/flask/app.py", line 1967, in finalize_request
    response = self.make_response(rv)
  File "/home/tom/.local/lib/python3.6/site-packages/flask/app.py", line 2097, in make_response
    "The view function did not return a valid response. The"
TypeError: The view function did not return a valid response. The function either returned None or ended without a return statement.
[2019-09-28 15:28:10,489] ERROR in app: Exception on /zxc2.php [POST]
Traceback (most recent call last):
  File "/home/tom/.local/lib/python3.6/site-packages/flask/app.py", line 2446, in wsgi_app
    response = self.full_dispatch_request()
  File "/home/tom/.local/lib/python3.6/site-packages/flask/app.py", line 1952, in full_dispatch_request
    return self.finalize_request(rv)
  File "/home/tom/.local/lib/python3.6/site-packages/flask/app.py", line 1967, in finalize_request
    response = self.make_response(rv)
  File "/home/tom/.local/lib/python3.6/site-packages/flask/app.py", line 2097, in make_response
    "The view function did not return a valid response. The"
TypeError: The view function did not return a valid response. The function either returned None or ended without a return statement.
[2019-09-28 15:28:12,506] ERROR in app: Exception on /indexa.php [POST]
Traceback (most recent call last):
  File "/home/tom/.local/lib/python3.6/site-packages/flask/app.py", line 2446, in wsgi_app
    response = self.full_dispatch_request()
  File "/home/tom/.local/lib/python3.6/site-packages/flask/app.py", line 1952, in full_dispatch_request
    return self.finalize_request(rv)
  File "/home/tom/.local/lib/python3.6/site-packages/flask/app.py", line 1967, in finalize_request
    response = self.make_response(rv)
  File "/home/tom/.local/lib/python3.6/site-packages/flask/app.py", line 2097, in make_response
    "The view function did not return a valid response. The"
TypeError: The view function did not return a valid response. The function either returned None or ended without a return statement.
[2019-09-28 15:28:12,956] ERROR in app: Exception on /lx.php [POST]
Traceback (most recent call last):
  File "/home/tom/.local/lib/python3.6/site-packages/flask/app.py", line 2446, in wsgi_app
    response = self.full_dispatch_request()
  File "/home/tom/.local/lib/python3.6/site-packages/flask/app.py", line 1952, in full_dispatch_request
    return self.finalize_request(rv)
  File "/home/tom/.local/lib/python3.6/site-packages/flask/app.py", line 1967, in finalize_request
    response = self.make_response(rv)
  File "/home/tom/.local/lib/python3.6/site-packages/flask/app.py", line 2097, in make_response
    "The view function did not return a valid response. The"
TypeError: The view function did not return a valid response. The function either returned None or ended without a return statement.
[2019-09-28 15:28:13,427] ERROR in app: Exception on /cn.php [POST]
Traceback (most recent call last):
  File "/home/tom/.local/lib/python3.6/site-packages/flask/app.py", line 2446, in wsgi_app
    response = self.full_dispatch_request()
  File "/home/tom/.local/lib/python3.6/site-packages/flask/app.py", line 1952, in full_dispatch_request
    return self.finalize_request(rv)
  File "/home/tom/.local/lib/python3.6/site-packages/flask/app.py", line 1967, in finalize_request
    response = self.make_response(rv)
  File "/home/tom/.local/lib/python3.6/site-packages/flask/app.py", line 2097, in make_response
    "The view function did not return a valid response. The"
TypeError: The view function did not return a valid response. The function either returned None or ended without a return statement.
[2019-09-28 15:28:13,879] ERROR in app: Exception on /api.php [POST]
Traceback (most recent call last):
  File "/home/tom/.local/lib/python3.6/site-packages/flask/app.py", line 2446, in wsgi_app
    response = self.full_dispatch_request()
  File "/home/tom/.local/lib/python3.6/site-packages/flask/app.py", line 1952, in full_dispatch_request
    return self.finalize_request(rv)
  File "/home/tom/.local/lib/python3.6/site-packages/flask/app.py", line 1967, in finalize_request
    response = self.make_response(rv)
  File "/home/tom/.local/lib/python3.6/site-packages/flask/app.py", line 2097, in make_response
    "The view function did not return a valid response. The"
TypeError: The view function did not return a valid response. The function either returned None or ended without a return statement.
[2019-09-28 15:28:14,343] ERROR in app: Exception on /index1.php [POST]
Traceback (most recent call last):
  File "/home/tom/.local/lib/python3.6/site-packages/flask/app.py", line 2446, in wsgi_app
    response = self.full_dispatch_request()
  File "/home/tom/.local/lib/python3.6/site-packages/flask/app.py", line 1952, in full_dispatch_request
    return self.finalize_request(rv)
  File "/home/tom/.local/lib/python3.6/site-packages/flask/app.py", line 1967, in finalize_request
    response = self.make_response(rv)
  File "/home/tom/.local/lib/python3.6/site-packages/flask/app.py", line 2097, in make_response
    "The view function did not return a valid response. The"
TypeError: The view function did not return a valid response. The function either returned None or ended without a return statement.
[2019-09-28 15:28:16,815] ERROR in app: Exception on /info.php [POST]
Traceback (most recent call last):
  File "/home/tom/.local/lib/python3.6/site-packages/flask/app.py", line 2446, in wsgi_app
    response = self.full_dispatch_request()
  File "/home/tom/.local/lib/python3.6/site-packages/flask/app.py", line 1952, in full_dispatch_request
    return self.finalize_request(rv)
  File "/home/tom/.local/lib/python3.6/site-packages/flask/app.py", line 1967, in finalize_request
    response = self.make_response(rv)
  File "/home/tom/.local/lib/python3.6/site-packages/flask/app.py", line 2097, in make_response
    "The view function did not return a valid response. The"
TypeError: The view function did not return a valid response. The function either returned None or ended without a return statement.
[2019-09-28 15:28:19,247] ERROR in app: Exception on /info1.php [POST]
Traceback (most recent call last):
  File "/home/tom/.local/lib/python3.6/site-packages/flask/app.py", line 2446, in wsgi_app
    response = self.full_dispatch_request()
  File "/home/tom/.local/lib/python3.6/site-packages/flask/app.py", line 1952, in full_dispatch_request
    return self.finalize_request(rv)
  File "/home/tom/.local/lib/python3.6/site-packages/flask/app.py", line 1967, in finalize_request
    response = self.make_response(rv)
  File "/home/tom/.local/lib/python3.6/site-packages/flask/app.py", line 2097, in make_response
    "The view function did not return a valid response. The"
TypeError: The view function did not return a valid response. The function either returned None or ended without a return statement.
[2019-09-28 15:28:28,783] ERROR in app: Exception on /aaaaaa1.php [POST]
Traceback (most recent call last):
  File "/home/tom/.local/lib/python3.6/site-packages/flask/app.py", line 2446, in wsgi_app
    response = self.full_dispatch_request()
  File "/home/tom/.local/lib/python3.6/site-packages/flask/app.py", line 1952, in full_dispatch_request
    return self.finalize_request(rv)
  File "/home/tom/.local/lib/python3.6/site-packages/flask/app.py", line 1967, in finalize_request
    response = self.make_response(rv)
  File "/home/tom/.local/lib/python3.6/site-packages/flask/app.py", line 2097, in make_response
    "The view function did not return a valid response. The"
TypeError: The view function did not return a valid response. The function either returned None or ended without a return statement.
[2019-09-28 15:28:29,231] ERROR in app: Exception on /up.php [POST]
Traceback (most recent call last):
  File "/home/tom/.local/lib/python3.6/site-packages/flask/app.py", line 2446, in wsgi_app
    response = self.full_dispatch_request()
  File "/home/tom/.local/lib/python3.6/site-packages/flask/app.py", line 1952, in full_dispatch_request
    return self.finalize_request(rv)
  File "/home/tom/.local/lib/python3.6/site-packages/flask/app.py", line 1967, in finalize_request
    response = self.make_response(rv)
  File "/home/tom/.local/lib/python3.6/site-packages/flask/app.py", line 2097, in make_response
    "The view function did not return a valid response. The"
TypeError: The view function did not return a valid response. The function either returned None or ended without a return statement.
[2019-09-28 15:28:29,768] ERROR in app: Exception on /test123.php [POST]
Traceback (most recent call last):
  File "/home/tom/.local/lib/python3.6/site-packages/flask/app.py", line 2446, in wsgi_app
    response = self.full_dispatch_request()
  File "/home/tom/.local/lib/python3.6/site-packages/flask/app.py", line 1952, in full_dispatch_request
    return self.finalize_request(rv)
  File "/home/tom/.local/lib/python3.6/site-packages/flask/app.py", line 1967, in finalize_request
    response = self.make_response(rv)
  File "/home/tom/.local/lib/python3.6/site-packages/flask/app.py", line 2097, in make_response
    "The view function did not return a valid response. The"
TypeError: The view function did not return a valid response. The function either returned None or ended without a return statement.
[2019-09-28 15:28:30,374] ERROR in app: Exception on /test123.php [POST]
Traceback (most recent call last):
  File "/home/tom/.local/lib/python3.6/site-packages/flask/app.py", line 2446, in wsgi_app
    response = self.full_dispatch_request()
  File "/home/tom/.local/lib/python3.6/site-packages/flask/app.py", line 1952, in full_dispatch_request
    return self.finalize_request(rv)
  File "/home/tom/.local/lib/python3.6/site-packages/flask/app.py", line 1967, in finalize_request
    response = self.make_response(rv)
  File "/home/tom/.local/lib/python3.6/site-packages/flask/app.py", line 2097, in make_response
    "The view function did not return a valid response. The"
TypeError: The view function did not return a valid response. The function either returned None or ended without a return statement.
[2019-09-28 15:28:31,158] ERROR in app: Exception on /fb.php [POST]
Traceback (most recent call last):
  File "/home/tom/.local/lib/python3.6/site-packages/flask/app.py", line 2446, in wsgi_app
    response = self.full_dispatch_request()
  File "/home/tom/.local/lib/python3.6/site-packages/flask/app.py", line 1952, in full_dispatch_request
    return self.finalize_request(rv)
  File "/home/tom/.local/lib/python3.6/site-packages/flask/app.py", line 1967, in finalize_request
    response = self.make_response(rv)
  File "/home/tom/.local/lib/python3.6/site-packages/flask/app.py", line 2097, in make_response
    "The view function did not return a valid response. The"
TypeError: The view function did not return a valid response. The function either returned None or ended without a return statement.
[2019-09-28 15:28:31,833] ERROR in app: Exception on /paylog.php [POST]
Traceback (most recent call last):
  File "/home/tom/.local/lib/python3.6/site-packages/flask/app.py", line 2446, in wsgi_app
    response = self.full_dispatch_request()
  File "/home/tom/.local/lib/python3.6/site-packages/flask/app.py", line 1952, in full_dispatch_request
    return self.finalize_request(rv)
  File "/home/tom/.local/lib/python3.6/site-packages/flask/app.py", line 1967, in finalize_request
    response = self.make_response(rv)
  File "/home/tom/.local/lib/python3.6/site-packages/flask/app.py", line 2097, in make_response
    "The view function did not return a valid response. The"
TypeError: The view function did not return a valid response. The function either returned None or ended without a return statement.
[2019-09-28 15:28:32,623] ERROR in app: Exception on /paylog.php [POST]
Traceback (most recent call last):
  File "/home/tom/.local/lib/python3.6/site-packages/flask/app.py", line 2446, in wsgi_app
    response = self.full_dispatch_request()
  File "/home/tom/.local/lib/python3.6/site-packages/flask/app.py", line 1952, in full_dispatch_request
    return self.finalize_request(rv)
  File "/home/tom/.local/lib/python3.6/site-packages/flask/app.py", line 1967, in finalize_request
    response = self.make_response(rv)
  File "/home/tom/.local/lib/python3.6/site-packages/flask/app.py", line 2097, in make_response
    "The view function did not return a valid response. The"
TypeError: The view function did not return a valid response. The function either returned None or ended without a return statement.
[2019-09-28 15:28:36,837] ERROR in app: Exception on /x.php [POST]
Traceback (most recent call last):
  File "/home/tom/.local/lib/python3.6/site-packages/flask/app.py", line 2446, in wsgi_app
    response = self.full_dispatch_request()
  File "/home/tom/.local/lib/python3.6/site-packages/flask/app.py", line 1952, in full_dispatch_request
    return self.finalize_request(rv)
  File "/home/tom/.local/lib/python3.6/site-packages/flask/app.py", line 1967, in finalize_request
    response = self.make_response(rv)
  File "/home/tom/.local/lib/python3.6/site-packages/flask/app.py", line 2097, in make_response
    "The view function did not return a valid response. The"
TypeError: The view function did not return a valid response. The function either returned None or ended without a return statement.
[2019-09-28 15:28:37,286] ERROR in app: Exception on /cnm.php [POST]
Traceback (most recent call last):
  File "/home/tom/.local/lib/python3.6/site-packages/flask/app.py", line 2446, in wsgi_app
    response = self.full_dispatch_request()
  File "/home/tom/.local/lib/python3.6/site-packages/flask/app.py", line 1952, in full_dispatch_request
    return self.finalize_request(rv)
  File "/home/tom/.local/lib/python3.6/site-packages/flask/app.py", line 1967, in finalize_request
    response = self.make_response(rv)
  File "/home/tom/.local/lib/python3.6/site-packages/flask/app.py", line 2097, in make_response
    "The view function did not return a valid response. The"
TypeError: The view function did not return a valid response. The function either returned None or ended without a return statement.
[2019-09-28 15:28:37,995] ERROR in app: Exception on /test404.php [POST]
Traceback (most recent call last):
  File "/home/tom/.local/lib/python3.6/site-packages/flask/app.py", line 2446, in wsgi_app
    response = self.full_dispatch_request()
  File "/home/tom/.local/lib/python3.6/site-packages/flask/app.py", line 1952, in full_dispatch_request
    return self.finalize_request(rv)
  File "/home/tom/.local/lib/python3.6/site-packages/flask/app.py", line 1967, in finalize_request
    response = self.make_response(rv)
  File "/home/tom/.local/lib/python3.6/site-packages/flask/app.py", line 2097, in make_response
    "The view function did not return a valid response. The"
TypeError: The view function did not return a valid response. The function either returned None or ended without a return statement.
[2019-09-28 15:28:38,713] ERROR in app: Exception on /test.php [POST]
Traceback (most recent call last):
  File "/home/tom/.local/lib/python3.6/site-packages/flask/app.py", line 2446, in wsgi_app
    response = self.full_dispatch_request()
  File "/home/tom/.local/lib/python3.6/site-packages/flask/app.py", line 1952, in full_dispatch_request
    return self.finalize_request(rv)
  File "/home/tom/.local/lib/python3.6/site-packages/flask/app.py", line 1967, in finalize_request
    response = self.make_response(rv)
  File "/home/tom/.local/lib/python3.6/site-packages/flask/app.py", line 2097, in make_response
    "The view function did not return a valid response. The"
TypeError: The view function did not return a valid response. The function either returned None or ended without a return statement.
[2019-09-28 15:28:39,697] ERROR in app: Exception on /phpinf0.php [POST]
Traceback (most recent call last):
  File "/home/tom/.local/lib/python3.6/site-packages/flask/app.py", line 2446, in wsgi_app
    response = self.full_dispatch_request()
  File "/home/tom/.local/lib/python3.6/site-packages/flask/app.py", line 1952, in full_dispatch_request
    return self.finalize_request(rv)
  File "/home/tom/.local/lib/python3.6/site-packages/flask/app.py", line 1967, in finalize_request
    response = self.make_response(rv)
  File "/home/tom/.local/lib/python3.6/site-packages/flask/app.py", line 2097, in make_response
    "The view function did not return a valid response. The"
TypeError: The view function did not return a valid response. The function either returned None or ended without a return statement.
[2019-09-28 15:28:40,673] ERROR in app: Exception on /1ndex.php [POST]
Traceback (most recent call last):
  File "/home/tom/.local/lib/python3.6/site-packages/flask/app.py", line 2446, in wsgi_app
    response = self.full_dispatch_request()
  File "/home/tom/.local/lib/python3.6/site-packages/flask/app.py", line 1952, in full_dispatch_request
    return self.finalize_request(rv)
  File "/home/tom/.local/lib/python3.6/site-packages/flask/app.py", line 1967, in finalize_request
    response = self.make_response(rv)
  File "/home/tom/.local/lib/python3.6/site-packages/flask/app.py", line 2097, in make_response
    "The view function did not return a valid response. The"
TypeError: The view function did not return a valid response. The function either returned None or ended without a return statement.
[2019-09-28 15:28:41,124] ERROR in app: Exception on /autoloader.php [POST]
Traceback (most recent call last):
  File "/home/tom/.local/lib/python3.6/site-packages/flask/app.py", line 2446, in wsgi_app
    response = self.full_dispatch_request()
  File "/home/tom/.local/lib/python3.6/site-packages/flask/app.py", line 1952, in full_dispatch_request
    return self.finalize_request(rv)
  File "/home/tom/.local/lib/python3.6/site-packages/flask/app.py", line 1967, in finalize_request
    response = self.make_response(rv)
  File "/home/tom/.local/lib/python3.6/site-packages/flask/app.py", line 2097, in make_response
    "The view function did not return a valid response. The"
TypeError: The view function did not return a valid response. The function either returned None or ended without a return statement.
[2019-09-28 15:28:44,901] ERROR in app: Exception on /class1.php [POST]
Traceback (most recent call last):
  File "/home/tom/.local/lib/python3.6/site-packages/flask/app.py", line 2446, in wsgi_app
    response = self.full_dispatch_request()
  File "/home/tom/.local/lib/python3.6/site-packages/flask/app.py", line 1952, in full_dispatch_request
    return self.finalize_request(rv)
  File "/home/tom/.local/lib/python3.6/site-packages/flask/app.py", line 1967, in finalize_request
    response = self.make_response(rv)
  File "/home/tom/.local/lib/python3.6/site-packages/flask/app.py", line 2097, in make_response
    "The view function did not return a valid response. The"
TypeError: The view function did not return a valid response. The function either returned None or ended without a return statement.
[2019-09-28 15:28:46,024] ERROR in app: Exception on /test404.php [POST]
Traceback (most recent call last):
  File "/home/tom/.local/lib/python3.6/site-packages/flask/app.py", line 2446, in wsgi_app
    response = self.full_dispatch_request()
  File "/home/tom/.local/lib/python3.6/site-packages/flask/app.py", line 1952, in full_dispatch_request
    return self.finalize_request(rv)
  File "/home/tom/.local/lib/python3.6/site-packages/flask/app.py", line 1967, in finalize_request
    response = self.make_response(rv)
  File "/home/tom/.local/lib/python3.6/site-packages/flask/app.py", line 2097, in make_response
    "The view function did not return a valid response. The"
TypeError: The view function did not return a valid response. The function either returned None or ended without a return statement.
[2019-09-28 15:28:46,488] ERROR in app: Exception on /shi.php [POST]
Traceback (most recent call last):
  File "/home/tom/.local/lib/python3.6/site-packages/flask/app.py", line 2446, in wsgi_app
    response = self.full_dispatch_request()
  File "/home/tom/.local/lib/python3.6/site-packages/flask/app.py", line 1952, in full_dispatch_request
    return self.finalize_request(rv)
  File "/home/tom/.local/lib/python3.6/site-packages/flask/app.py", line 1967, in finalize_request
    response = self.make_response(rv)
  File "/home/tom/.local/lib/python3.6/site-packages/flask/app.py", line 2097, in make_response
    "The view function did not return a valid response. The"
TypeError: The view function did not return a valid response. The function either returned None or ended without a return statement.
[2019-09-28 15:28:48,837] ERROR in app: Exception on /think.php [POST]
Traceback (most recent call last):
  File "/home/tom/.local/lib/python3.6/site-packages/flask/app.py", line 2446, in wsgi_app
    response = self.full_dispatch_request()
  File "/home/tom/.local/lib/python3.6/site-packages/flask/app.py", line 1952, in full_dispatch_request
    return self.finalize_request(rv)
  File "/home/tom/.local/lib/python3.6/site-packages/flask/app.py", line 1967, in finalize_request
    response = self.make_response(rv)
  File "/home/tom/.local/lib/python3.6/site-packages/flask/app.py", line 2097, in make_response
    "The view function did not return a valid response. The"
TypeError: The view function did not return a valid response. The function either returned None or ended without a return statement.
[2019-09-28 15:28:52,822] ERROR in app: Exception on /back.php [POST]
Traceback (most recent call last):
  File "/home/tom/.local/lib/python3.6/site-packages/flask/app.py", line 2446, in wsgi_app
    response = self.full_dispatch_request()
  File "/home/tom/.local/lib/python3.6/site-packages/flask/app.py", line 1952, in full_dispatch_request
    return self.finalize_request(rv)
  File "/home/tom/.local/lib/python3.6/site-packages/flask/app.py", line 1967, in finalize_request
    response = self.make_response(rv)
  File "/home/tom/.local/lib/python3.6/site-packages/flask/app.py", line 2097, in make_response
    "The view function did not return a valid response. The"
TypeError: The view function did not return a valid response. The function either returned None or ended without a return statement.
[2019-09-28 15:28:53,273] ERROR in app: Exception on /DJ.php [POST]
Traceback (most recent call last):
  File "/home/tom/.local/lib/python3.6/site-packages/flask/app.py", line 2446, in wsgi_app
    response = self.full_dispatch_request()
  File "/home/tom/.local/lib/python3.6/site-packages/flask/app.py", line 1952, in full_dispatch_request
    return self.finalize_request(rv)
  File "/home/tom/.local/lib/python3.6/site-packages/flask/app.py", line 1967, in finalize_request
    response = self.make_response(rv)
  File "/home/tom/.local/lib/python3.6/site-packages/flask/app.py", line 2097, in make_response
    "The view function did not return a valid response. The"
TypeError: The view function did not return a valid response. The function either returned None or ended without a return statement.
[2019-09-28 15:28:53,739] ERROR in app: Exception on /.git.php [POST]
Traceback (most recent call last):
  File "/home/tom/.local/lib/python3.6/site-packages/flask/app.py", line 2446, in wsgi_app
    response = self.full_dispatch_request()
  File "/home/tom/.local/lib/python3.6/site-packages/flask/app.py", line 1952, in full_dispatch_request
    return self.finalize_request(rv)
  File "/home/tom/.local/lib/python3.6/site-packages/flask/app.py", line 1967, in finalize_request
    response = self.make_response(rv)
  File "/home/tom/.local/lib/python3.6/site-packages/flask/app.py", line 2097, in make_response
    "The view function did not return a valid response. The"
TypeError: The view function did not return a valid response. The function either returned None or ended without a return statement.
[2019-09-28 15:28:54,191] ERROR in app: Exception on /shipu.php [POST]
Traceback (most recent call last):
  File "/home/tom/.local/lib/python3.6/site-packages/flask/app.py", line 2446, in wsgi_app
    response = self.full_dispatch_request()
  File "/home/tom/.local/lib/python3.6/site-packages/flask/app.py", line 1952, in full_dispatch_request
    return self.finalize_request(rv)
  File "/home/tom/.local/lib/python3.6/site-packages/flask/app.py", line 1967, in finalize_request
    response = self.make_response(rv)
  File "/home/tom/.local/lib/python3.6/site-packages/flask/app.py", line 2097, in make_response
    "The view function did not return a valid response. The"
TypeError: The view function did not return a valid response. The function either returned None or ended without a return statement.
[2019-09-28 15:28:54,646] ERROR in app: Exception on /fantao.php [POST]
Traceback (most recent call last):
  File "/home/tom/.local/lib/python3.6/site-packages/flask/app.py", line 2446, in wsgi_app
    response = self.full_dispatch_request()
  File "/home/tom/.local/lib/python3.6/site-packages/flask/app.py", line 1952, in full_dispatch_request
    return self.finalize_request(rv)
  File "/home/tom/.local/lib/python3.6/site-packages/flask/app.py", line 1967, in finalize_request
    response = self.make_response(rv)
  File "/home/tom/.local/lib/python3.6/site-packages/flask/app.py", line 2097, in make_response
    "The view function did not return a valid response. The"
TypeError: The view function did not return a valid response. The function either returned None or ended without a return statement.
[2019-09-28 15:28:55,099] ERROR in app: Exception on /config.php [POST]
Traceback (most recent call last):
  File "/home/tom/.local/lib/python3.6/site-packages/flask/app.py", line 2446, in wsgi_app
    response = self.full_dispatch_request()
  File "/home/tom/.local/lib/python3.6/site-packages/flask/app.py", line 1952, in full_dispatch_request
    return self.finalize_request(rv)
  File "/home/tom/.local/lib/python3.6/site-packages/flask/app.py", line 1967, in finalize_request
    response = self.make_response(rv)
  File "/home/tom/.local/lib/python3.6/site-packages/flask/app.py", line 2097, in make_response
    "The view function did not return a valid response. The"
TypeError: The view function did not return a valid response. The function either returned None or ended without a return statement.
[2019-09-28 15:28:56,833] ERROR in app: Exception on /Config_Shell.php [POST]
Traceback (most recent call last):
  File "/home/tom/.local/lib/python3.6/site-packages/flask/app.py", line 2446, in wsgi_app
    response = self.full_dispatch_request()
  File "/home/tom/.local/lib/python3.6/site-packages/flask/app.py", line 1952, in full_dispatch_request
    return self.finalize_request(rv)
  File "/home/tom/.local/lib/python3.6/site-packages/flask/app.py", line 1967, in finalize_request
    response = self.make_response(rv)
  File "/home/tom/.local/lib/python3.6/site-packages/flask/app.py", line 2097, in make_response
    "The view function did not return a valid response. The"
TypeError: The view function did not return a valid response. The function either returned None or ended without a return statement.
[2019-09-28 15:28:57,291] ERROR in app: Exception on /fdgq.php [POST]
Traceback (most recent call last):
  File "/home/tom/.local/lib/python3.6/site-packages/flask/app.py", line 2446, in wsgi_app
    response = self.full_dispatch_request()
  File "/home/tom/.local/lib/python3.6/site-packages/flask/app.py", line 1952, in full_dispatch_request
    return self.finalize_request(rv)
  File "/home/tom/.local/lib/python3.6/site-packages/flask/app.py", line 1967, in finalize_request
    response = self.make_response(rv)
  File "/home/tom/.local/lib/python3.6/site-packages/flask/app.py", line 2097, in make_response
    "The view function did not return a valid response. The"
TypeError: The view function did not return a valid response. The function either returned None or ended without a return statement.
[2019-09-28 15:28:57,744] ERROR in app: Exception on /info.php [POST]
Traceback (most recent call last):
  File "/home/tom/.local/lib/python3.6/site-packages/flask/app.py", line 2446, in wsgi_app
    response = self.full_dispatch_request()
  File "/home/tom/.local/lib/python3.6/site-packages/flask/app.py", line 1952, in full_dispatch_request
    return self.finalize_request(rv)
  File "/home/tom/.local/lib/python3.6/site-packages/flask/app.py", line 1967, in finalize_request
    response = self.make_response(rv)
  File "/home/tom/.local/lib/python3.6/site-packages/flask/app.py", line 2097, in make_response
    "The view function did not return a valid response. The"
TypeError: The view function did not return a valid response. The function either returned None or ended without a return statement.
[2019-09-28 15:28:58,205] ERROR in app: Exception on /51.php [POST]
Traceback (most recent call last):
  File "/home/tom/.local/lib/python3.6/site-packages/flask/app.py", line 2446, in wsgi_app
    response = self.full_dispatch_request()
  File "/home/tom/.local/lib/python3.6/site-packages/flask/app.py", line 1952, in full_dispatch_request
    return self.finalize_request(rv)
  File "/home/tom/.local/lib/python3.6/site-packages/flask/app.py", line 1967, in finalize_request
    response = self.make_response(rv)
  File "/home/tom/.local/lib/python3.6/site-packages/flask/app.py", line 2097, in make_response
    "The view function did not return a valid response. The"
TypeError: The view function did not return a valid response. The function either returned None or ended without a return statement.
[2019-09-28 15:28:58,669] ERROR in app: Exception on /cadre.php [POST]
Traceback (most recent call last):
  File "/home/tom/.local/lib/python3.6/site-packages/flask/app.py", line 2446, in wsgi_app
    response = self.full_dispatch_request()
  File "/home/tom/.local/lib/python3.6/site-packages/flask/app.py", line 1952, in full_dispatch_request
    return self.finalize_request(rv)
  File "/home/tom/.local/lib/python3.6/site-packages/flask/app.py", line 1967, in finalize_request
    response = self.make_response(rv)
  File "/home/tom/.local/lib/python3.6/site-packages/flask/app.py", line 2097, in make_response
    "The view function did not return a valid response. The"
TypeError: The view function did not return a valid response. The function either returned None or ended without a return statement.
[2019-09-28 15:28:59,145] ERROR in app: Exception on /mm.php [POST]
Traceback (most recent call last):
  File "/home/tom/.local/lib/python3.6/site-packages/flask/app.py", line 2446, in wsgi_app
    response = self.full_dispatch_request()
  File "/home/tom/.local/lib/python3.6/site-packages/flask/app.py", line 1952, in full_dispatch_request
    return self.finalize_request(rv)
  File "/home/tom/.local/lib/python3.6/site-packages/flask/app.py", line 1967, in finalize_request
    response = self.make_response(rv)
  File "/home/tom/.local/lib/python3.6/site-packages/flask/app.py", line 2097, in make_response
    "The view function did not return a valid response. The"
TypeError: The view function did not return a valid response. The function either returned None or ended without a return statement.
[2019-09-28 15:29:00,867] ERROR in app: Exception on /test.php [POST]
Traceback (most recent call last):
  File "/home/tom/.local/lib/python3.6/site-packages/flask/app.py", line 2446, in wsgi_app
    response = self.full_dispatch_request()
  File "/home/tom/.local/lib/python3.6/site-packages/flask/app.py", line 1952, in full_dispatch_request
    return self.finalize_request(rv)
  File "/home/tom/.local/lib/python3.6/site-packages/flask/app.py", line 1967, in finalize_request
    response = self.make_response(rv)
  File "/home/tom/.local/lib/python3.6/site-packages/flask/app.py", line 2097, in make_response
    "The view function did not return a valid response. The"
TypeError: The view function did not return a valid response. The function either returned None or ended without a return statement.
[2019-09-28 15:29:01,332] ERROR in app: Exception on /1q.php [POST]
Traceback (most recent call last):
  File "/home/tom/.local/lib/python3.6/site-packages/flask/app.py", line 2446, in wsgi_app
    response = self.full_dispatch_request()
  File "/home/tom/.local/lib/python3.6/site-packages/flask/app.py", line 1952, in full_dispatch_request
    return self.finalize_request(rv)
  File "/home/tom/.local/lib/python3.6/site-packages/flask/app.py", line 1967, in finalize_request
    response = self.make_response(rv)
  File "/home/tom/.local/lib/python3.6/site-packages/flask/app.py", line 2097, in make_response
    "The view function did not return a valid response. The"
TypeError: The view function did not return a valid response. The function either returned None or ended without a return statement.
[2019-09-28 15:29:01,805] ERROR in app: Exception on /1111.php [POST]
Traceback (most recent call last):
  File "/home/tom/.local/lib/python3.6/site-packages/flask/app.py", line 2446, in wsgi_app
    response = self.full_dispatch_request()
  File "/home/tom/.local/lib/python3.6/site-packages/flask/app.py", line 1952, in full_dispatch_request
    return self.finalize_request(rv)
  File "/home/tom/.local/lib/python3.6/site-packages/flask/app.py", line 1967, in finalize_request
    response = self.make_response(rv)
  File "/home/tom/.local/lib/python3.6/site-packages/flask/app.py", line 2097, in make_response
    "The view function did not return a valid response. The"
TypeError: The view function did not return a valid response. The function either returned None or ended without a return statement.
[2019-09-28 15:29:02,261] ERROR in app: Exception on /errors.php [POST]
Traceback (most recent call last):
  File "/home/tom/.local/lib/python3.6/site-packages/flask/app.py", line 2446, in wsgi_app
    response = self.full_dispatch_request()
  File "/home/tom/.local/lib/python3.6/site-packages/flask/app.py", line 1952, in full_dispatch_request
    return self.finalize_request(rv)
  File "/home/tom/.local/lib/python3.6/site-packages/flask/app.py", line 1967, in finalize_request
    response = self.make_response(rv)
  File "/home/tom/.local/lib/python3.6/site-packages/flask/app.py", line 2097, in make_response
    "The view function did not return a valid response. The"
TypeError: The view function did not return a valid response. The function either returned None or ended without a return statement.
[2019-09-28 15:29:03,401] ERROR in app: Exception on /q.php [POST]
Traceback (most recent call last):
  File "/home/tom/.local/lib/python3.6/site-packages/flask/app.py", line 2446, in wsgi_app
    response = self.full_dispatch_request()
  File "/home/tom/.local/lib/python3.6/site-packages/flask/app.py", line 1952, in full_dispatch_request
    return self.finalize_request(rv)
  File "/home/tom/.local/lib/python3.6/site-packages/flask/app.py", line 1967, in finalize_request
    response = self.make_response(rv)
  File "/home/tom/.local/lib/python3.6/site-packages/flask/app.py", line 2097, in make_response
    "The view function did not return a valid response. The"
TypeError: The view function did not return a valid response. The function either returned None or ended without a return statement.
[2019-09-28 15:29:04,813] ERROR in app: Exception on /lanyecn.php [POST]
Traceback (most recent call last):
  File "/home/tom/.local/lib/python3.6/site-packages/flask/app.py", line 2446, in wsgi_app
    response = self.full_dispatch_request()
  File "/home/tom/.local/lib/python3.6/site-packages/flask/app.py", line 1952, in full_dispatch_request
    return self.finalize_request(rv)
  File "/home/tom/.local/lib/python3.6/site-packages/flask/app.py", line 1967, in finalize_request
    response = self.make_response(rv)
  File "/home/tom/.local/lib/python3.6/site-packages/flask/app.py", line 2097, in make_response
    "The view function did not return a valid response. The"
TypeError: The view function did not return a valid response. The function either returned None or ended without a return statement.
[2019-09-28 15:29:05,274] ERROR in app: Exception on /lanyecn.php [POST]
Traceback (most recent call last):
  File "/home/tom/.local/lib/python3.6/site-packages/flask/app.py", line 2446, in wsgi_app
    response = self.full_dispatch_request()
  File "/home/tom/.local/lib/python3.6/site-packages/flask/app.py", line 1952, in full_dispatch_request
    return self.finalize_request(rv)
  File "/home/tom/.local/lib/python3.6/site-packages/flask/app.py", line 1967, in finalize_request
    response = self.make_response(rv)
  File "/home/tom/.local/lib/python3.6/site-packages/flask/app.py", line 2097, in make_response
    "The view function did not return a valid response. The"
TypeError: The view function did not return a valid response. The function either returned None or ended without a return statement.
[2019-09-28 15:29:05,748] ERROR in app: Exception on /mybestloves.php [POST]
Traceback (most recent call last):
  File "/home/tom/.local/lib/python3.6/site-packages/flask/app.py", line 2446, in wsgi_app
    response = self.full_dispatch_request()
  File "/home/tom/.local/lib/python3.6/site-packages/flask/app.py", line 1952, in full_dispatch_request
    return self.finalize_request(rv)
  File "/home/tom/.local/lib/python3.6/site-packages/flask/app.py", line 1967, in finalize_request
    response = self.make_response(rv)
  File "/home/tom/.local/lib/python3.6/site-packages/flask/app.py", line 2097, in make_response
    "The view function did not return a valid response. The"
TypeError: The view function did not return a valid response. The function either returned None or ended without a return statement.
[2019-09-28 15:29:06,203] ERROR in app: Exception on /xiaoxi.php [POST]
Traceback (most recent call last):
  File "/home/tom/.local/lib/python3.6/site-packages/flask/app.py", line 2446, in wsgi_app
    response = self.full_dispatch_request()
  File "/home/tom/.local/lib/python3.6/site-packages/flask/app.py", line 1952, in full_dispatch_request
    return self.finalize_request(rv)
  File "/home/tom/.local/lib/python3.6/site-packages/flask/app.py", line 1967, in finalize_request
    response = self.make_response(rv)
  File "/home/tom/.local/lib/python3.6/site-packages/flask/app.py", line 2097, in make_response
    "The view function did not return a valid response. The"
TypeError: The view function did not return a valid response. The function either returned None or ended without a return statement.
[2019-09-28 15:29:07,324] ERROR in app: Exception on /xiaoxi.php [POST]
Traceback (most recent call last):
  File "/home/tom/.local/lib/python3.6/site-packages/flask/app.py", line 2446, in wsgi_app
    response = self.full_dispatch_request()
  File "/home/tom/.local/lib/python3.6/site-packages/flask/app.py", line 1952, in full_dispatch_request
    return self.finalize_request(rv)
  File "/home/tom/.local/lib/python3.6/site-packages/flask/app.py", line 1967, in finalize_request
    response = self.make_response(rv)
  File "/home/tom/.local/lib/python3.6/site-packages/flask/app.py", line 2097, in make_response
    "The view function did not return a valid response. The"
TypeError: The view function did not return a valid response. The function either returned None or ended without a return statement.
[2019-09-28 15:29:08,829] ERROR in app: Exception on /ww.php [POST]
Traceback (most recent call last):
  File "/home/tom/.local/lib/python3.6/site-packages/flask/app.py", line 2446, in wsgi_app
    response = self.full_dispatch_request()
  File "/home/tom/.local/lib/python3.6/site-packages/flask/app.py", line 1952, in full_dispatch_request
    return self.finalize_request(rv)
  File "/home/tom/.local/lib/python3.6/site-packages/flask/app.py", line 1967, in finalize_request
    response = self.make_response(rv)
  File "/home/tom/.local/lib/python3.6/site-packages/flask/app.py", line 2097, in make_response
    "The view function did not return a valid response. The"
TypeError: The view function did not return a valid response. The function either returned None or ended without a return statement.
[2019-09-28 15:29:09,301] ERROR in app: Exception on /pop.php [POST]
Traceback (most recent call last):
  File "/home/tom/.local/lib/python3.6/site-packages/flask/app.py", line 2446, in wsgi_app
    response = self.full_dispatch_request()
  File "/home/tom/.local/lib/python3.6/site-packages/flask/app.py", line 1952, in full_dispatch_request
    return self.finalize_request(rv)
  File "/home/tom/.local/lib/python3.6/site-packages/flask/app.py", line 1967, in finalize_request
    response = self.make_response(rv)
  File "/home/tom/.local/lib/python3.6/site-packages/flask/app.py", line 2097, in make_response
    "The view function did not return a valid response. The"
TypeError: The view function did not return a valid response. The function either returned None or ended without a return statement.
[2019-09-28 15:29:09,771] ERROR in app: Exception on /ok.php [POST]
Traceback (most recent call last):
  File "/home/tom/.local/lib/python3.6/site-packages/flask/app.py", line 2446, in wsgi_app
    response = self.full_dispatch_request()
  File "/home/tom/.local/lib/python3.6/site-packages/flask/app.py", line 1952, in full_dispatch_request
    return self.finalize_request(rv)
  File "/home/tom/.local/lib/python3.6/site-packages/flask/app.py", line 1967, in finalize_request
    response = self.make_response(rv)
  File "/home/tom/.local/lib/python3.6/site-packages/flask/app.py", line 2097, in make_response
    "The view function did not return a valid response. The"
TypeError: The view function did not return a valid response. The function either returned None or ended without a return statement.
[2019-09-28 15:29:10,887] ERROR in app: Exception on /test.php [POST]
Traceback (most recent call last):
  File "/home/tom/.local/lib/python3.6/site-packages/flask/app.py", line 2446, in wsgi_app
    response = self.full_dispatch_request()
  File "/home/tom/.local/lib/python3.6/site-packages/flask/app.py", line 1952, in full_dispatch_request
    return self.finalize_request(rv)
  File "/home/tom/.local/lib/python3.6/site-packages/flask/app.py", line 1967, in finalize_request
    response = self.make_response(rv)
  File "/home/tom/.local/lib/python3.6/site-packages/flask/app.py", line 2097, in make_response
    "The view function did not return a valid response. The"
TypeError: The view function did not return a valid response. The function either returned None or ended without a return statement.
[2019-09-28 15:29:11,367] ERROR in app: Exception on /conf.php [POST]
Traceback (most recent call last):
  File "/home/tom/.local/lib/python3.6/site-packages/flask/app.py", line 2446, in wsgi_app
    response = self.full_dispatch_request()
  File "/home/tom/.local/lib/python3.6/site-packages/flask/app.py", line 1952, in full_dispatch_request
    return self.finalize_request(rv)
  File "/home/tom/.local/lib/python3.6/site-packages/flask/app.py", line 1967, in finalize_request
    response = self.make_response(rv)
  File "/home/tom/.local/lib/python3.6/site-packages/flask/app.py", line 2097, in make_response
    "The view function did not return a valid response. The"
TypeError: The view function did not return a valid response. The function either returned None or ended without a return statement.
[2019-09-28 15:29:11,844] ERROR in app: Exception on /dashu.php [POST]
Traceback (most recent call last):
  File "/home/tom/.local/lib/python3.6/site-packages/flask/app.py", line 2446, in wsgi_app
    response = self.full_dispatch_request()
  File "/home/tom/.local/lib/python3.6/site-packages/flask/app.py", line 1952, in full_dispatch_request
    return self.finalize_request(rv)
  File "/home/tom/.local/lib/python3.6/site-packages/flask/app.py", line 1967, in finalize_request
    response = self.make_response(rv)
  File "/home/tom/.local/lib/python3.6/site-packages/flask/app.py", line 2097, in make_response
    "The view function did not return a valid response. The"
TypeError: The view function did not return a valid response. The function either returned None or ended without a return statement.
[2019-09-28 15:29:12,300] ERROR in app: Exception on /shell.php [POST]
Traceback (most recent call last):
  File "/home/tom/.local/lib/python3.6/site-packages/flask/app.py", line 2446, in wsgi_app
    response = self.full_dispatch_request()
  File "/home/tom/.local/lib/python3.6/site-packages/flask/app.py", line 1952, in full_dispatch_request
    return self.finalize_request(rv)
  File "/home/tom/.local/lib/python3.6/site-packages/flask/app.py", line 1967, in finalize_request
    response = self.make_response(rv)
  File "/home/tom/.local/lib/python3.6/site-packages/flask/app.py", line 2097, in make_response
    "The view function did not return a valid response. The"
TypeError: The view function did not return a valid response. The function either returned None or ended without a return statement.
[2019-09-28 15:29:12,814] ERROR in app: Exception on /queqiao.php [POST]
Traceback (most recent call last):
  File "/home/tom/.local/lib/python3.6/site-packages/flask/app.py", line 2446, in wsgi_app
    response = self.full_dispatch_request()
  File "/home/tom/.local/lib/python3.6/site-packages/flask/app.py", line 1952, in full_dispatch_request
    return self.finalize_request(rv)
  File "/home/tom/.local/lib/python3.6/site-packages/flask/app.py", line 1967, in finalize_request
    response = self.make_response(rv)
  File "/home/tom/.local/lib/python3.6/site-packages/flask/app.py", line 2097, in make_response
    "The view function did not return a valid response. The"
TypeError: The view function did not return a valid response. The function either returned None or ended without a return statement.
[2019-09-28 15:29:13,265] ERROR in app: Exception on /12345.php [POST]
Traceback (most recent call last):
  File "/home/tom/.local/lib/python3.6/site-packages/flask/app.py", line 2446, in wsgi_app
    response = self.full_dispatch_request()
  File "/home/tom/.local/lib/python3.6/site-packages/flask/app.py", line 1952, in full_dispatch_request
    return self.finalize_request(rv)
  File "/home/tom/.local/lib/python3.6/site-packages/flask/app.py", line 1967, in finalize_request
    response = self.make_response(rv)
  File "/home/tom/.local/lib/python3.6/site-packages/flask/app.py", line 2097, in make_response
    "The view function did not return a valid response. The"
TypeError: The view function did not return a valid response. The function either returned None or ended without a return statement.
[2019-09-28 15:29:13,718] ERROR in app: Exception on /qqq.php [POST]
Traceback (most recent call last):
  File "/home/tom/.local/lib/python3.6/site-packages/flask/app.py", line 2446, in wsgi_app
    response = self.full_dispatch_request()
  File "/home/tom/.local/lib/python3.6/site-packages/flask/app.py", line 1952, in full_dispatch_request
    return self.finalize_request(rv)
  File "/home/tom/.local/lib/python3.6/site-packages/flask/app.py", line 1967, in finalize_request
    response = self.make_response(rv)
  File "/home/tom/.local/lib/python3.6/site-packages/flask/app.py", line 2097, in make_response
    "The view function did not return a valid response. The"
TypeError: The view function did not return a valid response. The function either returned None or ended without a return statement.
[2019-09-28 15:29:14,168] ERROR in app: Exception on /15.php [POST]
Traceback (most recent call last):
  File "/home/tom/.local/lib/python3.6/site-packages/flask/app.py", line 2446, in wsgi_app
    response = self.full_dispatch_request()
  File "/home/tom/.local/lib/python3.6/site-packages/flask/app.py", line 1952, in full_dispatch_request
    return self.finalize_request(rv)
  File "/home/tom/.local/lib/python3.6/site-packages/flask/app.py", line 1967, in finalize_request
    response = self.make_response(rv)
  File "/home/tom/.local/lib/python3.6/site-packages/flask/app.py", line 2097, in make_response
    "The view function did not return a valid response. The"
TypeError: The view function did not return a valid response. The function either returned None or ended without a return statement.
[2019-09-28 15:29:14,635] ERROR in app: Exception on /slider.php [POST]
Traceback (most recent call last):
  File "/home/tom/.local/lib/python3.6/site-packages/flask/app.py", line 2446, in wsgi_app
    response = self.full_dispatch_request()
  File "/home/tom/.local/lib/python3.6/site-packages/flask/app.py", line 1952, in full_dispatch_request
    return self.finalize_request(rv)
  File "/home/tom/.local/lib/python3.6/site-packages/flask/app.py", line 1967, in finalize_request
    response = self.make_response(rv)
  File "/home/tom/.local/lib/python3.6/site-packages/flask/app.py", line 2097, in make_response
    "The view function did not return a valid response. The"
TypeError: The view function did not return a valid response. The function either returned None or ended without a return statement.
[2019-09-28 15:29:15,087] ERROR in app: Exception on /qunhuang.php [POST]
Traceback (most recent call last):
  File "/home/tom/.local/lib/python3.6/site-packages/flask/app.py", line 2446, in wsgi_app
    response = self.full_dispatch_request()
  File "/home/tom/.local/lib/python3.6/site-packages/flask/app.py", line 1952, in full_dispatch_request
    return self.finalize_request(rv)
  File "/home/tom/.local/lib/python3.6/site-packages/flask/app.py", line 1967, in finalize_request
    response = self.make_response(rv)
  File "/home/tom/.local/lib/python3.6/site-packages/flask/app.py", line 2097, in make_response
    "The view function did not return a valid response. The"
TypeError: The view function did not return a valid response. The function either returned None or ended without a return statement.
[2019-09-28 15:29:15,548] ERROR in app: Exception on /hannan.php [POST]
Traceback (most recent call last):
  File "/home/tom/.local/lib/python3.6/site-packages/flask/app.py", line 2446, in wsgi_app
    response = self.full_dispatch_request()
  File "/home/tom/.local/lib/python3.6/site-packages/flask/app.py", line 1952, in full_dispatch_request
    return self.finalize_request(rv)
  File "/home/tom/.local/lib/python3.6/site-packages/flask/app.py", line 1967, in finalize_request
    response = self.make_response(rv)
  File "/home/tom/.local/lib/python3.6/site-packages/flask/app.py", line 2097, in make_response
    "The view function did not return a valid response. The"
TypeError: The view function did not return a valid response. The function either returned None or ended without a return statement.
[2019-09-28 15:29:17,346] ERROR in app: Exception on /confie.php [POST]
Traceback (most recent call last):
  File "/home/tom/.local/lib/python3.6/site-packages/flask/app.py", line 2446, in wsgi_app
    response = self.full_dispatch_request()
  File "/home/tom/.local/lib/python3.6/site-packages/flask/app.py", line 1952, in full_dispatch_request
    return self.finalize_request(rv)
  File "/home/tom/.local/lib/python3.6/site-packages/flask/app.py", line 1967, in finalize_request
    response = self.make_response(rv)
  File "/home/tom/.local/lib/python3.6/site-packages/flask/app.py", line 2097, in make_response
    "The view function did not return a valid response. The"
TypeError: The view function did not return a valid response. The function either returned None or ended without a return statement.
[2019-09-28 15:29:20,876] ERROR in app: Exception on /igo.php [POST]
Traceback (most recent call last):
  File "/home/tom/.local/lib/python3.6/site-packages/flask/app.py", line 2446, in wsgi_app
    response = self.full_dispatch_request()
  File "/home/tom/.local/lib/python3.6/site-packages/flask/app.py", line 1952, in full_dispatch_request
    return self.finalize_request(rv)
  File "/home/tom/.local/lib/python3.6/site-packages/flask/app.py", line 1967, in finalize_request
    response = self.make_response(rv)
  File "/home/tom/.local/lib/python3.6/site-packages/flask/app.py", line 2097, in make_response
    "The view function did not return a valid response. The"
TypeError: The view function did not return a valid response. The function either returned None or ended without a return statement.
[2019-09-28 15:29:21,329] ERROR in app: Exception on /code.php [POST]
Traceback (most recent call last):
  File "/home/tom/.local/lib/python3.6/site-packages/flask/app.py", line 2446, in wsgi_app
    response = self.full_dispatch_request()
  File "/home/tom/.local/lib/python3.6/site-packages/flask/app.py", line 1952, in full_dispatch_request
    return self.finalize_request(rv)
  File "/home/tom/.local/lib/python3.6/site-packages/flask/app.py", line 1967, in finalize_request
    response = self.make_response(rv)
  File "/home/tom/.local/lib/python3.6/site-packages/flask/app.py", line 2097, in make_response
    "The view function did not return a valid response. The"
TypeError: The view function did not return a valid response. The function either returned None or ended without a return statement.
[2019-09-28 15:29:24,209] ERROR in app: Exception on /ss.php [POST]
Traceback (most recent call last):
  File "/home/tom/.local/lib/python3.6/site-packages/flask/app.py", line 2446, in wsgi_app
    response = self.full_dispatch_request()
  File "/home/tom/.local/lib/python3.6/site-packages/flask/app.py", line 1952, in full_dispatch_request
    return self.finalize_request(rv)
  File "/home/tom/.local/lib/python3.6/site-packages/flask/app.py", line 1967, in finalize_request
    response = self.make_response(rv)
  File "/home/tom/.local/lib/python3.6/site-packages/flask/app.py", line 2097, in make_response
    "The view function did not return a valid response. The"
TypeError: The view function did not return a valid response. The function either returned None or ended without a return statement.
[2019-09-28 15:29:24,843] ERROR in app: Exception on /php.php [POST]
Traceback (most recent call last):
  File "/home/tom/.local/lib/python3.6/site-packages/flask/app.py", line 2446, in wsgi_app
    response = self.full_dispatch_request()
  File "/home/tom/.local/lib/python3.6/site-packages/flask/app.py", line 1952, in full_dispatch_request
    return self.finalize_request(rv)
  File "/home/tom/.local/lib/python3.6/site-packages/flask/app.py", line 1967, in finalize_request
    response = self.make_response(rv)
  File "/home/tom/.local/lib/python3.6/site-packages/flask/app.py", line 2097, in make_response
    "The view function did not return a valid response. The"
TypeError: The view function did not return a valid response. The function either returned None or ended without a return statement.
[2019-09-28 15:29:25,302] ERROR in app: Exception on /about.php [POST]
Traceback (most recent call last):
  File "/home/tom/.local/lib/python3.6/site-packages/flask/app.py", line 2446, in wsgi_app
    response = self.full_dispatch_request()
  File "/home/tom/.local/lib/python3.6/site-packages/flask/app.py", line 1952, in full_dispatch_request
    return self.finalize_request(rv)
  File "/home/tom/.local/lib/python3.6/site-packages/flask/app.py", line 1967, in finalize_request
    response = self.make_response(rv)
  File "/home/tom/.local/lib/python3.6/site-packages/flask/app.py", line 2097, in make_response
    "The view function did not return a valid response. The"
TypeError: The view function did not return a valid response. The function either returned None or ended without a return statement.
[2019-09-28 15:29:28,848] ERROR in app: Exception on /incs.php [POST]
Traceback (most recent call last):
  File "/home/tom/.local/lib/python3.6/site-packages/flask/app.py", line 2446, in wsgi_app
    response = self.full_dispatch_request()
  File "/home/tom/.local/lib/python3.6/site-packages/flask/app.py", line 1952, in full_dispatch_request
    return self.finalize_request(rv)
  File "/home/tom/.local/lib/python3.6/site-packages/flask/app.py", line 1967, in finalize_request
    response = self.make_response(rv)
  File "/home/tom/.local/lib/python3.6/site-packages/flask/app.py", line 2097, in make_response
    "The view function did not return a valid response. The"
TypeError: The view function did not return a valid response. The function either returned None or ended without a return statement.
[2019-09-28 15:29:29,318] ERROR in app: Exception on /159.php [POST]
Traceback (most recent call last):
  File "/home/tom/.local/lib/python3.6/site-packages/flask/app.py", line 2446, in wsgi_app
    response = self.full_dispatch_request()
  File "/home/tom/.local/lib/python3.6/site-packages/flask/app.py", line 1952, in full_dispatch_request
    return self.finalize_request(rv)
  File "/home/tom/.local/lib/python3.6/site-packages/flask/app.py", line 1967, in finalize_request
    response = self.make_response(rv)
  File "/home/tom/.local/lib/python3.6/site-packages/flask/app.py", line 2097, in make_response
    "The view function did not return a valid response. The"
TypeError: The view function did not return a valid response. The function either returned None or ended without a return statement.
[2019-09-28 15:29:29,782] ERROR in app: Exception on /test.php [POST]
Traceback (most recent call last):
  File "/home/tom/.local/lib/python3.6/site-packages/flask/app.py", line 2446, in wsgi_app
    response = self.full_dispatch_request()
  File "/home/tom/.local/lib/python3.6/site-packages/flask/app.py", line 1952, in full_dispatch_request
    return self.finalize_request(rv)
  File "/home/tom/.local/lib/python3.6/site-packages/flask/app.py", line 1967, in finalize_request
    response = self.make_response(rv)
  File "/home/tom/.local/lib/python3.6/site-packages/flask/app.py", line 2097, in make_response
    "The view function did not return a valid response. The"
TypeError: The view function did not return a valid response. The function either returned None or ended without a return statement.
[2019-09-28 15:29:30,237] ERROR in app: Exception on /test1.php [POST]
Traceback (most recent call last):
  File "/home/tom/.local/lib/python3.6/site-packages/flask/app.py", line 2446, in wsgi_app
    response = self.full_dispatch_request()
  File "/home/tom/.local/lib/python3.6/site-packages/flask/app.py", line 1952, in full_dispatch_request
    return self.finalize_request(rv)
  File "/home/tom/.local/lib/python3.6/site-packages/flask/app.py", line 1967, in finalize_request
    response = self.make_response(rv)
  File "/home/tom/.local/lib/python3.6/site-packages/flask/app.py", line 2097, in make_response
    "The view function did not return a valid response. The"
TypeError: The view function did not return a valid response. The function either returned None or ended without a return statement.
[2019-09-28 15:29:32,671] ERROR in app: Exception on /images/1.php [POST]
Traceback (most recent call last):
  File "/home/tom/.local/lib/python3.6/site-packages/flask/app.py", line 2446, in wsgi_app
    response = self.full_dispatch_request()
  File "/home/tom/.local/lib/python3.6/site-packages/flask/app.py", line 1952, in full_dispatch_request
    return self.finalize_request(rv)
  File "/home/tom/.local/lib/python3.6/site-packages/flask/app.py", line 1967, in finalize_request
    response = self.make_response(rv)
  File "/home/tom/.local/lib/python3.6/site-packages/flask/app.py", line 2097, in make_response
    "The view function did not return a valid response. The"
TypeError: The view function did not return a valid response. The function either returned None or ended without a return statement.
[2019-09-28 15:29:33,128] ERROR in app: Exception on /images/asp.php [POST]
Traceback (most recent call last):
  File "/home/tom/.local/lib/python3.6/site-packages/flask/app.py", line 2446, in wsgi_app
    response = self.full_dispatch_request()
  File "/home/tom/.local/lib/python3.6/site-packages/flask/app.py", line 1952, in full_dispatch_request
    return self.finalize_request(rv)
  File "/home/tom/.local/lib/python3.6/site-packages/flask/app.py", line 1967, in finalize_request
    response = self.make_response(rv)
  File "/home/tom/.local/lib/python3.6/site-packages/flask/app.py", line 2097, in make_response
    "The view function did not return a valid response. The"
TypeError: The view function did not return a valid response. The function either returned None or ended without a return statement.
[2019-09-28 15:29:33,603] ERROR in app: Exception on /images/entyy.php [POST]
Traceback (most recent call last):
  File "/home/tom/.local/lib/python3.6/site-packages/flask/app.py", line 2446, in wsgi_app
    response = self.full_dispatch_request()
  File "/home/tom/.local/lib/python3.6/site-packages/flask/app.py", line 1952, in full_dispatch_request
    return self.finalize_request(rv)
  File "/home/tom/.local/lib/python3.6/site-packages/flask/app.py", line 1967, in finalize_request
    response = self.make_response(rv)
  File "/home/tom/.local/lib/python3.6/site-packages/flask/app.py", line 2097, in make_response
    "The view function did not return a valid response. The"
TypeError: The view function did not return a valid response. The function either returned None or ended without a return statement.
[2019-09-28 15:29:34,078] ERROR in app: Exception on /images/1ndex.php [POST]
Traceback (most recent call last):
  File "/home/tom/.local/lib/python3.6/site-packages/flask/app.py", line 2446, in wsgi_app
    response = self.full_dispatch_request()
  File "/home/tom/.local/lib/python3.6/site-packages/flask/app.py", line 1952, in full_dispatch_request
    return self.finalize_request(rv)
  File "/home/tom/.local/lib/python3.6/site-packages/flask/app.py", line 1967, in finalize_request
    response = self.make_response(rv)
  File "/home/tom/.local/lib/python3.6/site-packages/flask/app.py", line 2097, in make_response
    "The view function did not return a valid response. The"
TypeError: The view function did not return a valid response. The function either returned None or ended without a return statement.
[2019-09-28 15:29:34,550] ERROR in app: Exception on /images/defau1t.php [POST]
Traceback (most recent call last):
  File "/home/tom/.local/lib/python3.6/site-packages/flask/app.py", line 2446, in wsgi_app
    response = self.full_dispatch_request()
  File "/home/tom/.local/lib/python3.6/site-packages/flask/app.py", line 1952, in full_dispatch_request
    return self.finalize_request(rv)
  File "/home/tom/.local/lib/python3.6/site-packages/flask/app.py", line 1967, in finalize_request
    response = self.make_response(rv)
  File "/home/tom/.local/lib/python3.6/site-packages/flask/app.py", line 2097, in make_response
    "The view function did not return a valid response. The"
TypeError: The view function did not return a valid response. The function either returned None or ended without a return statement.
[2019-09-28 15:29:36,743] ERROR in app: Exception on /webconfig.txt.php [POST]
Traceback (most recent call last):
  File "/home/tom/.local/lib/python3.6/site-packages/flask/app.py", line 2446, in wsgi_app
    response = self.full_dispatch_request()
  File "/home/tom/.local/lib/python3.6/site-packages/flask/app.py", line 1952, in full_dispatch_request
    return self.finalize_request(rv)
  File "/home/tom/.local/lib/python3.6/site-packages/flask/app.py", line 1967, in finalize_request
    response = self.make_response(rv)
  File "/home/tom/.local/lib/python3.6/site-packages/flask/app.py", line 2097, in make_response
    "The view function did not return a valid response. The"
TypeError: The view function did not return a valid response. The function either returned None or ended without a return statement.
[2019-09-28 15:29:37,218] ERROR in app: Exception on /administrator/webconfig.txt.php [POST]
Traceback (most recent call last):
  File "/home/tom/.local/lib/python3.6/site-packages/flask/app.py", line 2446, in wsgi_app
    response = self.full_dispatch_request()
  File "/home/tom/.local/lib/python3.6/site-packages/flask/app.py", line 1952, in full_dispatch_request
    return self.finalize_request(rv)
  File "/home/tom/.local/lib/python3.6/site-packages/flask/app.py", line 1967, in finalize_request
    response = self.make_response(rv)
  File "/home/tom/.local/lib/python3.6/site-packages/flask/app.py", line 2097, in make_response
    "The view function did not return a valid response. The"
TypeError: The view function did not return a valid response. The function either returned None or ended without a return statement.
[2019-09-28 15:29:37,676] ERROR in app: Exception on /api.php [POST]
Traceback (most recent call last):
  File "/home/tom/.local/lib/python3.6/site-packages/flask/app.py", line 2446, in wsgi_app
    response = self.full_dispatch_request()
  File "/home/tom/.local/lib/python3.6/site-packages/flask/app.py", line 1952, in full_dispatch_request
    return self.finalize_request(rv)
  File "/home/tom/.local/lib/python3.6/site-packages/flask/app.py", line 1967, in finalize_request
    response = self.make_response(rv)
  File "/home/tom/.local/lib/python3.6/site-packages/flask/app.py", line 2097, in make_response
    "The view function did not return a valid response. The"
TypeError: The view function did not return a valid response. The function either returned None or ended without a return statement.
[2019-09-28 15:29:41,246] ERROR in app: Exception on /luso.php [POST]
Traceback (most recent call last):
  File "/home/tom/.local/lib/python3.6/site-packages/flask/app.py", line 2446, in wsgi_app
    response = self.full_dispatch_request()
  File "/home/tom/.local/lib/python3.6/site-packages/flask/app.py", line 1952, in full_dispatch_request
    return self.finalize_request(rv)
  File "/home/tom/.local/lib/python3.6/site-packages/flask/app.py", line 1967, in finalize_request
    response = self.make_response(rv)
  File "/home/tom/.local/lib/python3.6/site-packages/flask/app.py", line 2097, in make_response
    "The view function did not return a valid response. The"
TypeError: The view function did not return a valid response. The function either returned None or ended without a return statement.
[2019-09-28 15:29:41,705] ERROR in app: Exception on /1ndex.php [POST]
Traceback (most recent call last):
  File "/home/tom/.local/lib/python3.6/site-packages/flask/app.py", line 2446, in wsgi_app
    response = self.full_dispatch_request()
  File "/home/tom/.local/lib/python3.6/site-packages/flask/app.py", line 1952, in full_dispatch_request
    return self.finalize_request(rv)
  File "/home/tom/.local/lib/python3.6/site-packages/flask/app.py", line 1967, in finalize_request
    response = self.make_response(rv)
  File "/home/tom/.local/lib/python3.6/site-packages/flask/app.py", line 2097, in make_response
    "The view function did not return a valid response. The"
TypeError: The view function did not return a valid response. The function either returned None or ended without a return statement.
[2019-09-28 15:29:42,156] ERROR in app: Exception on /indexbak.php [POST]
Traceback (most recent call last):
  File "/home/tom/.local/lib/python3.6/site-packages/flask/app.py", line 2446, in wsgi_app
    response = self.full_dispatch_request()
  File "/home/tom/.local/lib/python3.6/site-packages/flask/app.py", line 1952, in full_dispatch_request
    return self.finalize_request(rv)
  File "/home/tom/.local/lib/python3.6/site-packages/flask/app.py", line 1967, in finalize_request
    response = self.make_response(rv)
  File "/home/tom/.local/lib/python3.6/site-packages/flask/app.py", line 2097, in make_response
    "The view function did not return a valid response. The"
TypeError: The view function did not return a valid response. The function either returned None or ended without a return statement.
[2019-09-28 15:29:45,296] ERROR in app: Exception on /xmlrpc.php [POST]
Traceback (most recent call last):
  File "/home/tom/.local/lib/python3.6/site-packages/flask/app.py", line 2446, in wsgi_app
    response = self.full_dispatch_request()
  File "/home/tom/.local/lib/python3.6/site-packages/flask/app.py", line 1952, in full_dispatch_request
    return self.finalize_request(rv)
  File "/home/tom/.local/lib/python3.6/site-packages/flask/app.py", line 1967, in finalize_request
    response = self.make_response(rv)
  File "/home/tom/.local/lib/python3.6/site-packages/flask/app.py", line 2097, in make_response
    "The view function did not return a valid response. The"
TypeError: The view function did not return a valid response. The function either returned None or ended without a return statement.
[2019-09-28 15:29:45,756] ERROR in app: Exception on /blog/xmlrpc.php [POST]
Traceback (most recent call last):
  File "/home/tom/.local/lib/python3.6/site-packages/flask/app.py", line 2446, in wsgi_app
    response = self.full_dispatch_request()
  File "/home/tom/.local/lib/python3.6/site-packages/flask/app.py", line 1952, in full_dispatch_request
    return self.finalize_request(rv)
  File "/home/tom/.local/lib/python3.6/site-packages/flask/app.py", line 1967, in finalize_request
    response = self.make_response(rv)
  File "/home/tom/.local/lib/python3.6/site-packages/flask/app.py", line 2097, in make_response
    "The view function did not return a valid response. The"
TypeError: The view function did not return a valid response. The function either returned None or ended without a return statement.
[2019-09-28 15:29:48,812] ERROR in app: Exception on /errors/processor.php [POST]
Traceback (most recent call last):
  File "/home/tom/.local/lib/python3.6/site-packages/flask/app.py", line 2446, in wsgi_app
    response = self.full_dispatch_request()
  File "/home/tom/.local/lib/python3.6/site-packages/flask/app.py", line 1952, in full_dispatch_request
    return self.finalize_request(rv)
  File "/home/tom/.local/lib/python3.6/site-packages/flask/app.py", line 1967, in finalize_request
    response = self.make_response(rv)
  File "/home/tom/.local/lib/python3.6/site-packages/flask/app.py", line 2097, in make_response
    "The view function did not return a valid response. The"
TypeError: The view function did not return a valid response. The function either returned None or ended without a return statement.
[2019-09-28 15:29:49,276] ERROR in app: Exception on /vendor/phpunit/phpunit/src/Util/PHP/eval-stdin.php [POST]
Traceback (most recent call last):
  File "/home/tom/.local/lib/python3.6/site-packages/flask/app.py", line 2446, in wsgi_app
    response = self.full_dispatch_request()
  File "/home/tom/.local/lib/python3.6/site-packages/flask/app.py", line 1952, in full_dispatch_request
    return self.finalize_request(rv)
  File "/home/tom/.local/lib/python3.6/site-packages/flask/app.py", line 1967, in finalize_request
    response = self.make_response(rv)
  File "/home/tom/.local/lib/python3.6/site-packages/flask/app.py", line 2097, in make_response
    "The view function did not return a valid response. The"
TypeError: The view function did not return a valid response. The function either returned None or ended without a return statement.
[2019-09-28 15:29:49,746] ERROR in app: Exception on /plus/90sec.php [POST]
Traceback (most recent call last):
  File "/home/tom/.local/lib/python3.6/site-packages/flask/app.py", line 2446, in wsgi_app
    response = self.full_dispatch_request()
  File "/home/tom/.local/lib/python3.6/site-packages/flask/app.py", line 1952, in full_dispatch_request
    return self.finalize_request(rv)
  File "/home/tom/.local/lib/python3.6/site-packages/flask/app.py", line 1967, in finalize_request
    response = self.make_response(rv)
  File "/home/tom/.local/lib/python3.6/site-packages/flask/app.py", line 2097, in make_response
    "The view function did not return a valid response. The"
TypeError: The view function did not return a valid response. The function either returned None or ended without a return statement.
[2019-09-28 15:29:50,207] ERROR in app: Exception on /plus/read.php [POST]
Traceback (most recent call last):
  File "/home/tom/.local/lib/python3.6/site-packages/flask/app.py", line 2446, in wsgi_app
    response = self.full_dispatch_request()
  File "/home/tom/.local/lib/python3.6/site-packages/flask/app.py", line 1952, in full_dispatch_request
    return self.finalize_request(rv)
  File "/home/tom/.local/lib/python3.6/site-packages/flask/app.py", line 1967, in finalize_request
    response = self.make_response(rv)
  File "/home/tom/.local/lib/python3.6/site-packages/flask/app.py", line 2097, in make_response
    "The view function did not return a valid response. The"
TypeError: The view function did not return a valid response. The function either returned None or ended without a return statement.
[2019-09-28 15:29:52,835] ERROR in app: Exception on /plus/moon.php [POST]
Traceback (most recent call last):
  File "/home/tom/.local/lib/python3.6/site-packages/flask/app.py", line 2446, in wsgi_app
    response = self.full_dispatch_request()
  File "/home/tom/.local/lib/python3.6/site-packages/flask/app.py", line 1952, in full_dispatch_request
    return self.finalize_request(rv)
  File "/home/tom/.local/lib/python3.6/site-packages/flask/app.py", line 1967, in finalize_request
    response = self.make_response(rv)
  File "/home/tom/.local/lib/python3.6/site-packages/flask/app.py", line 2097, in make_response
    "The view function did not return a valid response. The"
TypeError: The view function did not return a valid response. The function either returned None or ended without a return statement.
[2019-09-28 15:29:53,310] ERROR in app: Exception on /plus/laobiao.php [POST]
Traceback (most recent call last):
  File "/home/tom/.local/lib/python3.6/site-packages/flask/app.py", line 2446, in wsgi_app
    response = self.full_dispatch_request()
  File "/home/tom/.local/lib/python3.6/site-packages/flask/app.py", line 1952, in full_dispatch_request
    return self.finalize_request(rv)
  File "/home/tom/.local/lib/python3.6/site-packages/flask/app.py", line 1967, in finalize_request
    response = self.make_response(rv)
  File "/home/tom/.local/lib/python3.6/site-packages/flask/app.py", line 2097, in make_response
    "The view function did not return a valid response. The"
TypeError: The view function did not return a valid response. The function either returned None or ended without a return statement.
[2019-09-28 15:29:56,833] ERROR in app: Exception on /plus/laobiaoaien.php [POST]
Traceback (most recent call last):
  File "/home/tom/.local/lib/python3.6/site-packages/flask/app.py", line 2446, in wsgi_app
    response = self.full_dispatch_request()
  File "/home/tom/.local/lib/python3.6/site-packages/flask/app.py", line 1952, in full_dispatch_request
    return self.finalize_request(rv)
  File "/home/tom/.local/lib/python3.6/site-packages/flask/app.py", line 1967, in finalize_request
    response = self.make_response(rv)
  File "/home/tom/.local/lib/python3.6/site-packages/flask/app.py", line 2097, in make_response
    "The view function did not return a valid response. The"
TypeError: The view function did not return a valid response. The function either returned None or ended without a return statement.
[2019-09-28 15:29:57,298] ERROR in app: Exception on /plus/e7xue.php [POST]
Traceback (most recent call last):
  File "/home/tom/.local/lib/python3.6/site-packages/flask/app.py", line 2446, in wsgi_app
    response = self.full_dispatch_request()
  File "/home/tom/.local/lib/python3.6/site-packages/flask/app.py", line 1952, in full_dispatch_request
    return self.finalize_request(rv)
  File "/home/tom/.local/lib/python3.6/site-packages/flask/app.py", line 1967, in finalize_request
    response = self.make_response(rv)
  File "/home/tom/.local/lib/python3.6/site-packages/flask/app.py", line 2097, in make_response
    "The view function did not return a valid response. The"
TypeError: The view function did not return a valid response. The function either returned None or ended without a return statement.
[2019-09-28 15:29:59,235] ERROR in app: Exception on /plus/mybak.php [POST]
Traceback (most recent call last):
  File "/home/tom/.local/lib/python3.6/site-packages/flask/app.py", line 2446, in wsgi_app
    response = self.full_dispatch_request()
  File "/home/tom/.local/lib/python3.6/site-packages/flask/app.py", line 1952, in full_dispatch_request
    return self.finalize_request(rv)
  File "/home/tom/.local/lib/python3.6/site-packages/flask/app.py", line 1967, in finalize_request
    response = self.make_response(rv)
  File "/home/tom/.local/lib/python3.6/site-packages/flask/app.py", line 2097, in make_response
    "The view function did not return a valid response. The"
TypeError: The view function did not return a valid response. The function either returned None or ended without a return statement.
[2019-09-28 15:30:00,849] ERROR in app: Exception on /plus/service.php [POST]
Traceback (most recent call last):
  File "/home/tom/.local/lib/python3.6/site-packages/flask/app.py", line 2446, in wsgi_app
    response = self.full_dispatch_request()
  File "/home/tom/.local/lib/python3.6/site-packages/flask/app.py", line 1952, in full_dispatch_request
    return self.finalize_request(rv)
  File "/home/tom/.local/lib/python3.6/site-packages/flask/app.py", line 1967, in finalize_request
    response = self.make_response(rv)
  File "/home/tom/.local/lib/python3.6/site-packages/flask/app.py", line 2097, in make_response
    "The view function did not return a valid response. The"
TypeError: The view function did not return a valid response. The function either returned None or ended without a return statement.
[2019-09-28 15:30:01,317] ERROR in app: Exception on /plus/xsvip.php [POST]
Traceback (most recent call last):
  File "/home/tom/.local/lib/python3.6/site-packages/flask/app.py", line 2446, in wsgi_app
    response = self.full_dispatch_request()
  File "/home/tom/.local/lib/python3.6/site-packages/flask/app.py", line 1952, in full_dispatch_request
    return self.finalize_request(rv)
  File "/home/tom/.local/lib/python3.6/site-packages/flask/app.py", line 1967, in finalize_request
    response = self.make_response(rv)
  File "/home/tom/.local/lib/python3.6/site-packages/flask/app.py", line 2097, in make_response
    "The view function did not return a valid response. The"
TypeError: The view function did not return a valid response. The function either returned None or ended without a return statement.
[2019-09-28 15:30:02,469] ERROR in app: Exception on /plus/bakup.php [POST]
Traceback (most recent call last):
  File "/home/tom/.local/lib/python3.6/site-packages/flask/app.py", line 2446, in wsgi_app
    response = self.full_dispatch_request()
  File "/home/tom/.local/lib/python3.6/site-packages/flask/app.py", line 1952, in full_dispatch_request
    return self.finalize_request(rv)
  File "/home/tom/.local/lib/python3.6/site-packages/flask/app.py", line 1967, in finalize_request
    response = self.make_response(rv)
  File "/home/tom/.local/lib/python3.6/site-packages/flask/app.py", line 2097, in make_response
    "The view function did not return a valid response. The"
TypeError: The view function did not return a valid response. The function either returned None or ended without a return statement.
[2019-09-28 15:30:02,931] ERROR in app: Exception on /include/tags.php [POST]
Traceback (most recent call last):
  File "/home/tom/.local/lib/python3.6/site-packages/flask/app.py", line 2446, in wsgi_app
    response = self.full_dispatch_request()
  File "/home/tom/.local/lib/python3.6/site-packages/flask/app.py", line 1952, in full_dispatch_request
    return self.finalize_request(rv)
  File "/home/tom/.local/lib/python3.6/site-packages/flask/app.py", line 1967, in finalize_request
    response = self.make_response(rv)
  File "/home/tom/.local/lib/python3.6/site-packages/flask/app.py", line 2097, in make_response
    "The view function did not return a valid response. The"
TypeError: The view function did not return a valid response. The function either returned None or ended without a return statement.
[2019-09-28 15:30:03,405] ERROR in app: Exception on /include/data/tags.php [POST]
Traceback (most recent call last):
  File "/home/tom/.local/lib/python3.6/site-packages/flask/app.py", line 2446, in wsgi_app
    response = self.full_dispatch_request()
  File "/home/tom/.local/lib/python3.6/site-packages/flask/app.py", line 1952, in full_dispatch_request
    return self.finalize_request(rv)
  File "/home/tom/.local/lib/python3.6/site-packages/flask/app.py", line 1967, in finalize_request
    response = self.make_response(rv)
  File "/home/tom/.local/lib/python3.6/site-packages/flask/app.py", line 2097, in make_response
    "The view function did not return a valid response. The"
TypeError: The view function did not return a valid response. The function either returned None or ended without a return statement.
[2019-09-28 15:30:03,873] ERROR in app: Exception on /images/swfupload/tags.php [POST]
Traceback (most recent call last):
  File "/home/tom/.local/lib/python3.6/site-packages/flask/app.py", line 2446, in wsgi_app
    response = self.full_dispatch_request()
  File "/home/tom/.local/lib/python3.6/site-packages/flask/app.py", line 1952, in full_dispatch_request
    return self.finalize_request(rv)
  File "/home/tom/.local/lib/python3.6/site-packages/flask/app.py", line 1967, in finalize_request
    response = self.make_response(rv)
  File "/home/tom/.local/lib/python3.6/site-packages/flask/app.py", line 2097, in make_response
    "The view function did not return a valid response. The"
TypeError: The view function did not return a valid response. The function either returned None or ended without a return statement.
[2019-09-28 15:30:05,041] ERROR in app: Exception on /dong.php [POST]
Traceback (most recent call last):
  File "/home/tom/.local/lib/python3.6/site-packages/flask/app.py", line 2446, in wsgi_app
    response = self.full_dispatch_request()
  File "/home/tom/.local/lib/python3.6/site-packages/flask/app.py", line 1952, in full_dispatch_request
    return self.finalize_request(rv)
  File "/home/tom/.local/lib/python3.6/site-packages/flask/app.py", line 1967, in finalize_request
    response = self.make_response(rv)
  File "/home/tom/.local/lib/python3.6/site-packages/flask/app.py", line 2097, in make_response
    "The view function did not return a valid response. The"
TypeError: The view function did not return a valid response. The function either returned None or ended without a return statement.
[2019-09-28 15:30:06,176] ERROR in app: Exception on /xun.php [POST]
Traceback (most recent call last):
  File "/home/tom/.local/lib/python3.6/site-packages/flask/app.py", line 2446, in wsgi_app
    response = self.full_dispatch_request()
  File "/home/tom/.local/lib/python3.6/site-packages/flask/app.py", line 1952, in full_dispatch_request
    return self.finalize_request(rv)
  File "/home/tom/.local/lib/python3.6/site-packages/flask/app.py", line 1967, in finalize_request
    response = self.make_response(rv)
  File "/home/tom/.local/lib/python3.6/site-packages/flask/app.py", line 2097, in make_response
    "The view function did not return a valid response. The"
TypeError: The view function did not return a valid response. The function either returned None or ended without a return statement.
[2019-09-28 15:30:07,726] ERROR in app: Exception on /plus/gu.php [POST]
Traceback (most recent call last):
  File "/home/tom/.local/lib/python3.6/site-packages/flask/app.py", line 2446, in wsgi_app
    response = self.full_dispatch_request()
  File "/home/tom/.local/lib/python3.6/site-packages/flask/app.py", line 1952, in full_dispatch_request
    return self.finalize_request(rv)
  File "/home/tom/.local/lib/python3.6/site-packages/flask/app.py", line 1967, in finalize_request
    response = self.make_response(rv)
  File "/home/tom/.local/lib/python3.6/site-packages/flask/app.py", line 2097, in make_response
    "The view function did not return a valid response. The"
TypeError: The view function did not return a valid response. The function either returned None or ended without a return statement.
[2019-09-28 15:30:08,201] ERROR in app: Exception on /plus/tou.php [POST]
Traceback (most recent call last):
  File "/home/tom/.local/lib/python3.6/site-packages/flask/app.py", line 2446, in wsgi_app
    response = self.full_dispatch_request()
  File "/home/tom/.local/lib/python3.6/site-packages/flask/app.py", line 1952, in full_dispatch_request
    return self.finalize_request(rv)
  File "/home/tom/.local/lib/python3.6/site-packages/flask/app.py", line 1967, in finalize_request
    response = self.make_response(rv)
  File "/home/tom/.local/lib/python3.6/site-packages/flask/app.py", line 2097, in make_response
    "The view function did not return a valid response. The"
TypeError: The view function did not return a valid response. The function either returned None or ended without a return statement.
[2019-09-28 15:30:08,675] ERROR in app: Exception on /plus/ma.php [POST]
Traceback (most recent call last):
  File "/home/tom/.local/lib/python3.6/site-packages/flask/app.py", line 2446, in wsgi_app
    response = self.full_dispatch_request()
  File "/home/tom/.local/lib/python3.6/site-packages/flask/app.py", line 1952, in full_dispatch_request
    return self.finalize_request(rv)
  File "/home/tom/.local/lib/python3.6/site-packages/flask/app.py", line 1967, in finalize_request
    response = self.make_response(rv)
  File "/home/tom/.local/lib/python3.6/site-packages/flask/app.py", line 2097, in make_response
    "The view function did not return a valid response. The"
TypeError: The view function did not return a valid response. The function either returned None or ended without a return statement.
[2019-09-28 15:30:09,130] ERROR in app: Exception on /plus/mytag.php [POST]
Traceback (most recent call last):
  File "/home/tom/.local/lib/python3.6/site-packages/flask/app.py", line 2446, in wsgi_app
    response = self.full_dispatch_request()
  File "/home/tom/.local/lib/python3.6/site-packages/flask/app.py", line 1952, in full_dispatch_request
    return self.finalize_request(rv)
  File "/home/tom/.local/lib/python3.6/site-packages/flask/app.py", line 1967, in finalize_request
    response = self.make_response(rv)
  File "/home/tom/.local/lib/python3.6/site-packages/flask/app.py", line 2097, in make_response
    "The view function did not return a valid response. The"
TypeError: The view function did not return a valid response. The function either returned None or ended without a return statement.
[2019-09-28 15:30:12,880] ERROR in app: Exception on /plus/dajihi.php [POST]
Traceback (most recent call last):
  File "/home/tom/.local/lib/python3.6/site-packages/flask/app.py", line 2446, in wsgi_app
    response = self.full_dispatch_request()
  File "/home/tom/.local/lib/python3.6/site-packages/flask/app.py", line 1952, in full_dispatch_request
    return self.finalize_request(rv)
  File "/home/tom/.local/lib/python3.6/site-packages/flask/app.py", line 1967, in finalize_request
    response = self.make_response(rv)
  File "/home/tom/.local/lib/python3.6/site-packages/flask/app.py", line 2097, in make_response
    "The view function did not return a valid response. The"
TypeError: The view function did not return a valid response. The function either returned None or ended without a return statement.
[2019-09-28 15:30:13,334] ERROR in app: Exception on /plus/shaoyong.php [POST]
Traceback (most recent call last):
  File "/home/tom/.local/lib/python3.6/site-packages/flask/app.py", line 2446, in wsgi_app
    response = self.full_dispatch_request()
  File "/home/tom/.local/lib/python3.6/site-packages/flask/app.py", line 1952, in full_dispatch_request
    return self.finalize_request(rv)
  File "/home/tom/.local/lib/python3.6/site-packages/flask/app.py", line 1967, in finalize_request
    response = self.make_response(rv)
  File "/home/tom/.local/lib/python3.6/site-packages/flask/app.py", line 2097, in make_response
    "The view function did not return a valid response. The"
TypeError: The view function did not return a valid response. The function either returned None or ended without a return statement.
[2019-09-28 15:30:14,237] ERROR in app: Exception on /datas.php [POST]
Traceback (most recent call last):
  File "/home/tom/.local/lib/python3.6/site-packages/flask/app.py", line 2446, in wsgi_app
    response = self.full_dispatch_request()
  File "/home/tom/.local/lib/python3.6/site-packages/flask/app.py", line 1952, in full_dispatch_request
    return self.finalize_request(rv)
  File "/home/tom/.local/lib/python3.6/site-packages/flask/app.py", line 1967, in finalize_request
    response = self.make_response(rv)
  File "/home/tom/.local/lib/python3.6/site-packages/flask/app.py", line 2097, in make_response
    "The view function did not return a valid response. The"
TypeError: The view function did not return a valid response. The function either returned None or ended without a return statement.
[2019-09-28 15:30:15,567] ERROR in app: Exception on /aojiao.php [POST]
Traceback (most recent call last):
  File "/home/tom/.local/lib/python3.6/site-packages/flask/app.py", line 2446, in wsgi_app
    response = self.full_dispatch_request()
  File "/home/tom/.local/lib/python3.6/site-packages/flask/app.py", line 1952, in full_dispatch_request
    return self.finalize_request(rv)
  File "/home/tom/.local/lib/python3.6/site-packages/flask/app.py", line 1967, in finalize_request
    response = self.make_response(rv)
  File "/home/tom/.local/lib/python3.6/site-packages/flask/app.py", line 2097, in make_response
    "The view function did not return a valid response. The"
TypeError: The view function did not return a valid response. The function either returned None or ended without a return statement.
[2019-09-28 15:30:16,302] ERROR in app: Exception on /guipu.php [POST]
Traceback (most recent call last):
  File "/home/tom/.local/lib/python3.6/site-packages/flask/app.py", line 2446, in wsgi_app
    response = self.full_dispatch_request()
  File "/home/tom/.local/lib/python3.6/site-packages/flask/app.py", line 1952, in full_dispatch_request
    return self.finalize_request(rv)
  File "/home/tom/.local/lib/python3.6/site-packages/flask/app.py", line 1967, in finalize_request
    response = self.make_response(rv)
  File "/home/tom/.local/lib/python3.6/site-packages/flask/app.py", line 2097, in make_response
    "The view function did not return a valid response. The"
TypeError: The view function did not return a valid response. The function either returned None or ended without a return statement.
[2019-09-28 15:30:16,811] ERROR in app: Exception on /zhui.php [POST]
Traceback (most recent call last):
  File "/home/tom/.local/lib/python3.6/site-packages/flask/app.py", line 2446, in wsgi_app
    response = self.full_dispatch_request()
  File "/home/tom/.local/lib/python3.6/site-packages/flask/app.py", line 1952, in full_dispatch_request
    return self.finalize_request(rv)
  File "/home/tom/.local/lib/python3.6/site-packages/flask/app.py", line 1967, in finalize_request
    response = self.make_response(rv)
  File "/home/tom/.local/lib/python3.6/site-packages/flask/app.py", line 2097, in make_response
    "The view function did not return a valid response. The"
TypeError: The view function did not return a valid response. The function either returned None or ended without a return statement.
[2019-09-28 15:30:17,263] ERROR in app: Exception on /plus/lucas.php [POST]
Traceback (most recent call last):
  File "/home/tom/.local/lib/python3.6/site-packages/flask/app.py", line 2446, in wsgi_app
    response = self.full_dispatch_request()
  File "/home/tom/.local/lib/python3.6/site-packages/flask/app.py", line 1952, in full_dispatch_request
    return self.finalize_request(rv)
  File "/home/tom/.local/lib/python3.6/site-packages/flask/app.py", line 1967, in finalize_request
    response = self.make_response(rv)
  File "/home/tom/.local/lib/python3.6/site-packages/flask/app.py", line 2097, in make_response
    "The view function did not return a valid response. The"
TypeError: The view function did not return a valid response. The function either returned None or ended without a return statement.
[2019-09-28 15:30:20,812] ERROR in app: Exception on /plus/canshi.php [POST]
Traceback (most recent call last):
  File "/home/tom/.local/lib/python3.6/site-packages/flask/app.py", line 2446, in wsgi_app
    response = self.full_dispatch_request()
  File "/home/tom/.local/lib/python3.6/site-packages/flask/app.py", line 1952, in full_dispatch_request
    return self.finalize_request(rv)
  File "/home/tom/.local/lib/python3.6/site-packages/flask/app.py", line 1967, in finalize_request
    response = self.make_response(rv)
  File "/home/tom/.local/lib/python3.6/site-packages/flask/app.py", line 2097, in make_response
    "The view function did not return a valid response. The"
TypeError: The view function did not return a valid response. The function either returned None or ended without a return statement.
[2019-09-28 15:30:21,258] ERROR in app: Exception on /plus/yunjitan.php [POST]
Traceback (most recent call last):
  File "/home/tom/.local/lib/python3.6/site-packages/flask/app.py", line 2446, in wsgi_app
    response = self.full_dispatch_request()
  File "/home/tom/.local/lib/python3.6/site-packages/flask/app.py", line 1952, in full_dispatch_request
    return self.finalize_request(rv)
  File "/home/tom/.local/lib/python3.6/site-packages/flask/app.py", line 1967, in finalize_request
    response = self.make_response(rv)
  File "/home/tom/.local/lib/python3.6/site-packages/flask/app.py", line 2097, in make_response
    "The view function did not return a valid response. The"
TypeError: The view function did not return a valid response. The function either returned None or ended without a return statement.
[2019-09-28 15:30:21,710] ERROR in app: Exception on /ji.php [POST]
Traceback (most recent call last):
  File "/home/tom/.local/lib/python3.6/site-packages/flask/app.py", line 2446, in wsgi_app
    response = self.full_dispatch_request()
  File "/home/tom/.local/lib/python3.6/site-packages/flask/app.py", line 1952, in full_dispatch_request
    return self.finalize_request(rv)
  File "/home/tom/.local/lib/python3.6/site-packages/flask/app.py", line 1967, in finalize_request
    response = self.make_response(rv)
  File "/home/tom/.local/lib/python3.6/site-packages/flask/app.py", line 2097, in make_response
    "The view function did not return a valid response. The"
TypeError: The view function did not return a valid response. The function either returned None or ended without a return statement.
[2019-09-28 15:30:22,159] ERROR in app: Exception on /xing.php [POST]
Traceback (most recent call last):
  File "/home/tom/.local/lib/python3.6/site-packages/flask/app.py", line 2446, in wsgi_app
    response = self.full_dispatch_request()
  File "/home/tom/.local/lib/python3.6/site-packages/flask/app.py", line 1952, in full_dispatch_request
    return self.finalize_request(rv)
  File "/home/tom/.local/lib/python3.6/site-packages/flask/app.py", line 1967, in finalize_request
    response = self.make_response(rv)
  File "/home/tom/.local/lib/python3.6/site-packages/flask/app.py", line 2097, in make_response
    "The view function did not return a valid response. The"
TypeError: The view function did not return a valid response. The function either returned None or ended without a return statement.
[2019-09-28 15:30:23,186] ERROR in app: Exception on /plus/huai.php [POST]
Traceback (most recent call last):
  File "/home/tom/.local/lib/python3.6/site-packages/flask/app.py", line 2446, in wsgi_app
    response = self.full_dispatch_request()
  File "/home/tom/.local/lib/python3.6/site-packages/flask/app.py", line 1952, in full_dispatch_request
    return self.finalize_request(rv)
  File "/home/tom/.local/lib/python3.6/site-packages/flask/app.py", line 1967, in finalize_request
    response = self.make_response(rv)
  File "/home/tom/.local/lib/python3.6/site-packages/flask/app.py", line 2097, in make_response
    "The view function did not return a valid response. The"
TypeError: The view function did not return a valid response. The function either returned None or ended without a return statement.
[2019-09-28 15:30:24,571] ERROR in app: Exception on /plus/qiang.php [POST]
Traceback (most recent call last):
  File "/home/tom/.local/lib/python3.6/site-packages/flask/app.py", line 2446, in wsgi_app
    response = self.full_dispatch_request()
  File "/home/tom/.local/lib/python3.6/site-packages/flask/app.py", line 1952, in full_dispatch_request
    return self.finalize_request(rv)
  File "/home/tom/.local/lib/python3.6/site-packages/flask/app.py", line 1967, in finalize_request
    response = self.make_response(rv)
  File "/home/tom/.local/lib/python3.6/site-packages/flask/app.py", line 2097, in make_response
    "The view function did not return a valid response. The"
TypeError: The view function did not return a valid response. The function either returned None or ended without a return statement.
[2019-09-28 15:30:25,017] ERROR in app: Exception on /plus/result.php [POST]
Traceback (most recent call last):
  File "/home/tom/.local/lib/python3.6/site-packages/flask/app.py", line 2446, in wsgi_app
    response = self.full_dispatch_request()
  File "/home/tom/.local/lib/python3.6/site-packages/flask/app.py", line 1952, in full_dispatch_request
    return self.finalize_request(rv)
  File "/home/tom/.local/lib/python3.6/site-packages/flask/app.py", line 1967, in finalize_request
    response = self.make_response(rv)
  File "/home/tom/.local/lib/python3.6/site-packages/flask/app.py", line 2097, in make_response
    "The view function did not return a valid response. The"
TypeError: The view function did not return a valid response. The function either returned None or ended without a return statement.
[2019-09-28 15:30:25,472] ERROR in app: Exception on /c.php [POST]
Traceback (most recent call last):
  File "/home/tom/.local/lib/python3.6/site-packages/flask/app.py", line 2446, in wsgi_app
    response = self.full_dispatch_request()
  File "/home/tom/.local/lib/python3.6/site-packages/flask/app.py", line 1952, in full_dispatch_request
    return self.finalize_request(rv)
  File "/home/tom/.local/lib/python3.6/site-packages/flask/app.py", line 1967, in finalize_request
    response = self.make_response(rv)
  File "/home/tom/.local/lib/python3.6/site-packages/flask/app.py", line 2097, in make_response
    "The view function did not return a valid response. The"
TypeError: The view function did not return a valid response. The function either returned None or ended without a return statement.
[2019-09-28 15:30:26,737] ERROR in app: Exception on /c.php [POST]
Traceback (most recent call last):
  File "/home/tom/.local/lib/python3.6/site-packages/flask/app.py", line 2446, in wsgi_app
    response = self.full_dispatch_request()
  File "/home/tom/.local/lib/python3.6/site-packages/flask/app.py", line 1952, in full_dispatch_request
    return self.finalize_request(rv)
  File "/home/tom/.local/lib/python3.6/site-packages/flask/app.py", line 1967, in finalize_request
    response = self.make_response(rv)
  File "/home/tom/.local/lib/python3.6/site-packages/flask/app.py", line 2097, in make_response
    "The view function did not return a valid response. The"
TypeError: The view function did not return a valid response. The function either returned None or ended without a return statement.
[2019-09-28 15:30:27,745] ERROR in app: Exception on /test.php [POST]
Traceback (most recent call last):
  File "/home/tom/.local/lib/python3.6/site-packages/flask/app.py", line 2446, in wsgi_app
    response = self.full_dispatch_request()
  File "/home/tom/.local/lib/python3.6/site-packages/flask/app.py", line 1952, in full_dispatch_request
    return self.finalize_request(rv)
  File "/home/tom/.local/lib/python3.6/site-packages/flask/app.py", line 1967, in finalize_request
    response = self.make_response(rv)
  File "/home/tom/.local/lib/python3.6/site-packages/flask/app.py", line 2097, in make_response
    "The view function did not return a valid response. The"
TypeError: The view function did not return a valid response. The function either returned None or ended without a return statement.
[2019-09-28 15:30:28,811] ERROR in app: Exception on /laobiao.php [POST]
Traceback (most recent call last):
  File "/home/tom/.local/lib/python3.6/site-packages/flask/app.py", line 2446, in wsgi_app
    response = self.full_dispatch_request()
  File "/home/tom/.local/lib/python3.6/site-packages/flask/app.py", line 1952, in full_dispatch_request
    return self.finalize_request(rv)
  File "/home/tom/.local/lib/python3.6/site-packages/flask/app.py", line 1967, in finalize_request
    response = self.make_response(rv)
  File "/home/tom/.local/lib/python3.6/site-packages/flask/app.py", line 2097, in make_response
    "The view function did not return a valid response. The"
TypeError: The view function did not return a valid response. The function either returned None or ended without a return statement.
[2019-09-28 15:30:29,258] ERROR in app: Exception on /sample.php [POST]
Traceback (most recent call last):
  File "/home/tom/.local/lib/python3.6/site-packages/flask/app.py", line 2446, in wsgi_app
    response = self.full_dispatch_request()
  File "/home/tom/.local/lib/python3.6/site-packages/flask/app.py", line 1952, in full_dispatch_request
    return self.finalize_request(rv)
  File "/home/tom/.local/lib/python3.6/site-packages/flask/app.py", line 1967, in finalize_request
    response = self.make_response(rv)
  File "/home/tom/.local/lib/python3.6/site-packages/flask/app.py", line 2097, in make_response
    "The view function did not return a valid response. The"
TypeError: The view function did not return a valid response. The function either returned None or ended without a return statement.
[2019-09-28 15:30:29,709] ERROR in app: Exception on /wp-includes/css/modules.php [POST]
Traceback (most recent call last):
  File "/home/tom/.local/lib/python3.6/site-packages/flask/app.py", line 2446, in wsgi_app
    response = self.full_dispatch_request()
  File "/home/tom/.local/lib/python3.6/site-packages/flask/app.py", line 1952, in full_dispatch_request
    return self.finalize_request(rv)
  File "/home/tom/.local/lib/python3.6/site-packages/flask/app.py", line 1967, in finalize_request
    response = self.make_response(rv)
  File "/home/tom/.local/lib/python3.6/site-packages/flask/app.py", line 2097, in make_response
    "The view function did not return a valid response. The"
TypeError: The view function did not return a valid response. The function either returned None or ended without a return statement.
[2019-09-28 15:30:30,161] ERROR in app: Exception on /wp-includes/css/wp-config.php [POST]
Traceback (most recent call last):
  File "/home/tom/.local/lib/python3.6/site-packages/flask/app.py", line 2446, in wsgi_app
    response = self.full_dispatch_request()
  File "/home/tom/.local/lib/python3.6/site-packages/flask/app.py", line 1952, in full_dispatch_request
    return self.finalize_request(rv)
  File "/home/tom/.local/lib/python3.6/site-packages/flask/app.py", line 1967, in finalize_request
    response = self.make_response(rv)
  File "/home/tom/.local/lib/python3.6/site-packages/flask/app.py", line 2097, in make_response
    "The view function did not return a valid response. The"
TypeError: The view function did not return a valid response. The function either returned None or ended without a return statement.
[2019-09-28 15:30:30,688] ERROR in app: Exception on /wp-includes/css/wp-login.php [POST]
Traceback (most recent call last):
  File "/home/tom/.local/lib/python3.6/site-packages/flask/app.py", line 2446, in wsgi_app
    response = self.full_dispatch_request()
  File "/home/tom/.local/lib/python3.6/site-packages/flask/app.py", line 1952, in full_dispatch_request
    return self.finalize_request(rv)
  File "/home/tom/.local/lib/python3.6/site-packages/flask/app.py", line 1967, in finalize_request
    response = self.make_response(rv)
  File "/home/tom/.local/lib/python3.6/site-packages/flask/app.py", line 2097, in make_response
    "The view function did not return a valid response. The"
TypeError: The view function did not return a valid response. The function either returned None or ended without a return statement.
[2019-09-28 15:30:32,717] ERROR in app: Exception on /wp-includes/fonts/modules.php [POST]
Traceback (most recent call last):
  File "/home/tom/.local/lib/python3.6/site-packages/flask/app.py", line 2446, in wsgi_app
    response = self.full_dispatch_request()
  File "/home/tom/.local/lib/python3.6/site-packages/flask/app.py", line 1952, in full_dispatch_request
    return self.finalize_request(rv)
  File "/home/tom/.local/lib/python3.6/site-packages/flask/app.py", line 1967, in finalize_request
    response = self.make_response(rv)
  File "/home/tom/.local/lib/python3.6/site-packages/flask/app.py", line 2097, in make_response
    "The view function did not return a valid response. The"
TypeError: The view function did not return a valid response. The function either returned None or ended without a return statement.
[2019-09-28 15:30:33,174] ERROR in app: Exception on /wp-includes/fonts/wp-config.php [POST]
Traceback (most recent call last):
  File "/home/tom/.local/lib/python3.6/site-packages/flask/app.py", line 2446, in wsgi_app
    response = self.full_dispatch_request()
  File "/home/tom/.local/lib/python3.6/site-packages/flask/app.py", line 1952, in full_dispatch_request
    return self.finalize_request(rv)
  File "/home/tom/.local/lib/python3.6/site-packages/flask/app.py", line 1967, in finalize_request
    response = self.make_response(rv)
  File "/home/tom/.local/lib/python3.6/site-packages/flask/app.py", line 2097, in make_response
    "The view function did not return a valid response. The"
TypeError: The view function did not return a valid response. The function either returned None or ended without a return statement.
[2019-09-28 15:30:33,625] ERROR in app: Exception on /wp-includes/fonts/wp-login.php [POST]
Traceback (most recent call last):
  File "/home/tom/.local/lib/python3.6/site-packages/flask/app.py", line 2446, in wsgi_app
    response = self.full_dispatch_request()
  File "/home/tom/.local/lib/python3.6/site-packages/flask/app.py", line 1952, in full_dispatch_request
    return self.finalize_request(rv)
  File "/home/tom/.local/lib/python3.6/site-packages/flask/app.py", line 1967, in finalize_request
    response = self.make_response(rv)
  File "/home/tom/.local/lib/python3.6/site-packages/flask/app.py", line 2097, in make_response
    "The view function did not return a valid response. The"
TypeError: The view function did not return a valid response. The function either returned None or ended without a return statement.
[2019-09-28 15:30:34,074] ERROR in app: Exception on /wp-includes/modules/modules.php [POST]
Traceback (most recent call last):
  File "/home/tom/.local/lib/python3.6/site-packages/flask/app.py", line 2446, in wsgi_app
    response = self.full_dispatch_request()
  File "/home/tom/.local/lib/python3.6/site-packages/flask/app.py", line 1952, in full_dispatch_request
    return self.finalize_request(rv)
  File "/home/tom/.local/lib/python3.6/site-packages/flask/app.py", line 1967, in finalize_request
    response = self.make_response(rv)
  File "/home/tom/.local/lib/python3.6/site-packages/flask/app.py", line 2097, in make_response
    "The view function did not return a valid response. The"
TypeError: The view function did not return a valid response. The function either returned None or ended without a return statement.
[2019-09-28 15:30:34,523] ERROR in app: Exception on /wp-includes/modules/wp-config.php [POST]
Traceback (most recent call last):
  File "/home/tom/.local/lib/python3.6/site-packages/flask/app.py", line 2446, in wsgi_app
    response = self.full_dispatch_request()
  File "/home/tom/.local/lib/python3.6/site-packages/flask/app.py", line 1952, in full_dispatch_request
    return self.finalize_request(rv)
  File "/home/tom/.local/lib/python3.6/site-packages/flask/app.py", line 1967, in finalize_request
    response = self.make_response(rv)
  File "/home/tom/.local/lib/python3.6/site-packages/flask/app.py", line 2097, in make_response
    "The view function did not return a valid response. The"
TypeError: The view function did not return a valid response. The function either returned None or ended without a return statement.
[2019-09-28 15:30:34,976] ERROR in app: Exception on /wp-includes/modules/wp-login.php [POST]
Traceback (most recent call last):
  File "/home/tom/.local/lib/python3.6/site-packages/flask/app.py", line 2446, in wsgi_app
    response = self.full_dispatch_request()
  File "/home/tom/.local/lib/python3.6/site-packages/flask/app.py", line 1952, in full_dispatch_request
    return self.finalize_request(rv)
  File "/home/tom/.local/lib/python3.6/site-packages/flask/app.py", line 1967, in finalize_request
    response = self.make_response(rv)
  File "/home/tom/.local/lib/python3.6/site-packages/flask/app.py", line 2097, in make_response
    "The view function did not return a valid response. The"
TypeError: The view function did not return a valid response. The function either returned None or ended without a return statement.
[2019-09-28 15:30:36,453] ERROR in app: Exception on /shell.php [POST]
Traceback (most recent call last):
  File "/home/tom/.local/lib/python3.6/site-packages/flask/app.py", line 2446, in wsgi_app
    response = self.full_dispatch_request()
  File "/home/tom/.local/lib/python3.6/site-packages/flask/app.py", line 1952, in full_dispatch_request
    return self.finalize_request(rv)
  File "/home/tom/.local/lib/python3.6/site-packages/flask/app.py", line 1967, in finalize_request
    response = self.make_response(rv)
  File "/home/tom/.local/lib/python3.6/site-packages/flask/app.py", line 2097, in make_response
    "The view function did not return a valid response. The"
TypeError: The view function did not return a valid response. The function either returned None or ended without a return statement.
[2019-09-28 15:30:37,358] ERROR in app: Exception on /data/admin/help.php [POST]
Traceback (most recent call last):
  File "/home/tom/.local/lib/python3.6/site-packages/flask/app.py", line 2446, in wsgi_app
    response = self.full_dispatch_request()
  File "/home/tom/.local/lib/python3.6/site-packages/flask/app.py", line 1952, in full_dispatch_request
    return self.finalize_request(rv)
  File "/home/tom/.local/lib/python3.6/site-packages/flask/app.py", line 1967, in finalize_request
    response = self.make_response(rv)
  File "/home/tom/.local/lib/python3.6/site-packages/flask/app.py", line 2097, in make_response
    "The view function did not return a valid response. The"
TypeError: The view function did not return a valid response. The function either returned None or ended without a return statement.
[2019-09-28 15:30:37,805] ERROR in app: Exception on /12.php [POST]
Traceback (most recent call last):
  File "/home/tom/.local/lib/python3.6/site-packages/flask/app.py", line 2446, in wsgi_app
    response = self.full_dispatch_request()
  File "/home/tom/.local/lib/python3.6/site-packages/flask/app.py", line 1952, in full_dispatch_request
    return self.finalize_request(rv)
  File "/home/tom/.local/lib/python3.6/site-packages/flask/app.py", line 1967, in finalize_request
    response = self.make_response(rv)
  File "/home/tom/.local/lib/python3.6/site-packages/flask/app.py", line 2097, in make_response
    "The view function did not return a valid response. The"
TypeError: The view function did not return a valid response. The function either returned None or ended without a return statement.
[2019-09-28 15:30:38,256] ERROR in app: Exception on /ecmsmod.php [POST]
Traceback (most recent call last):
  File "/home/tom/.local/lib/python3.6/site-packages/flask/app.py", line 2446, in wsgi_app
    response = self.full_dispatch_request()
  File "/home/tom/.local/lib/python3.6/site-packages/flask/app.py", line 1952, in full_dispatch_request
    return self.finalize_request(rv)
  File "/home/tom/.local/lib/python3.6/site-packages/flask/app.py", line 1967, in finalize_request
    response = self.make_response(rv)
  File "/home/tom/.local/lib/python3.6/site-packages/flask/app.py", line 2097, in make_response
    "The view function did not return a valid response. The"
TypeError: The view function did not return a valid response. The function either returned None or ended without a return statement.
[2019-09-28 15:30:38,714] ERROR in app: Exception on /seeyon/htmlofficeservlet [GET]
Traceback (most recent call last):
  File "/home/tom/.local/lib/python3.6/site-packages/flask/app.py", line 2446, in wsgi_app
    response = self.full_dispatch_request()
  File "/home/tom/.local/lib/python3.6/site-packages/flask/app.py", line 1952, in full_dispatch_request
    return self.finalize_request(rv)
  File "/home/tom/.local/lib/python3.6/site-packages/flask/app.py", line 1967, in finalize_request
    response = self.make_response(rv)
  File "/home/tom/.local/lib/python3.6/site-packages/flask/app.py", line 2097, in make_response
    "The view function did not return a valid response. The"
TypeError: The view function did not return a valid response. The function either returned None or ended without a return statement.
[2019-09-28 15:30:39,158] ERROR in app: Exception on /secure/ContactAdministrators!default.jspa [GET]
Traceback (most recent call last):
  File "/home/tom/.local/lib/python3.6/site-packages/flask/app.py", line 2446, in wsgi_app
    response = self.full_dispatch_request()
  File "/home/tom/.local/lib/python3.6/site-packages/flask/app.py", line 1952, in full_dispatch_request
    return self.finalize_request(rv)
  File "/home/tom/.local/lib/python3.6/site-packages/flask/app.py", line 1967, in finalize_request
    response = self.make_response(rv)
  File "/home/tom/.local/lib/python3.6/site-packages/flask/app.py", line 2097, in make_response
    "The view function did not return a valid response. The"
TypeError: The view function did not return a valid response. The function either returned None or ended without a return statement.
[2019-09-28 15:30:40,731] ERROR in app: Exception on /index.php [POST]
Traceback (most recent call last):
  File "/home/tom/.local/lib/python3.6/site-packages/flask/app.py", line 2446, in wsgi_app
    response = self.full_dispatch_request()
  File "/home/tom/.local/lib/python3.6/site-packages/flask/app.py", line 1952, in full_dispatch_request
    return self.finalize_request(rv)
  File "/home/tom/.local/lib/python3.6/site-packages/flask/app.py", line 1967, in finalize_request
    response = self.make_response(rv)
  File "/home/tom/.local/lib/python3.6/site-packages/flask/app.py", line 2097, in make_response
    "The view function did not return a valid response. The"
TypeError: The view function did not return a valid response. The function either returned None or ended without a return statement.
[2019-09-28 15:30:41,863] ERROR in app: Exception on /user/register [POST]
Traceback (most recent call last):
  File "/home/tom/.local/lib/python3.6/site-packages/flask/app.py", line 2446, in wsgi_app
    response = self.full_dispatch_request()
  File "/home/tom/.local/lib/python3.6/site-packages/flask/app.py", line 1952, in full_dispatch_request
    return self.finalize_request(rv)
  File "/home/tom/.local/lib/python3.6/site-packages/flask/app.py", line 1967, in finalize_request
    response = self.make_response(rv)
  File "/home/tom/.local/lib/python3.6/site-packages/flask/app.py", line 2097, in make_response
    "The view function did not return a valid response. The"
TypeError: The view function did not return a valid response. The function either returned None or ended without a return statement.
[2019-09-28 15:30:51,579] ERROR in app: Exception on /user.php [POST]
Traceback (most recent call last):
  File "/home/tom/.local/lib/python3.6/site-packages/flask/app.py", line 2446, in wsgi_app
    response = self.full_dispatch_request()
  File "/home/tom/.local/lib/python3.6/site-packages/flask/app.py", line 1952, in full_dispatch_request
    return self.finalize_request(rv)
  File "/home/tom/.local/lib/python3.6/site-packages/flask/app.py", line 1967, in finalize_request
    response = self.make_response(rv)
  File "/home/tom/.local/lib/python3.6/site-packages/flask/app.py", line 2097, in make_response
    "The view function did not return a valid response. The"
TypeError: The view function did not return a valid response. The function either returned None or ended without a return statement.
[2019-09-28 15:30:52,022] ERROR in app: Exception on /index.php [GET]
Traceback (most recent call last):
  File "/home/tom/.local/lib/python3.6/site-packages/flask/app.py", line 2446, in wsgi_app
    response = self.full_dispatch_request()
  File "/home/tom/.local/lib/python3.6/site-packages/flask/app.py", line 1952, in full_dispatch_request
    return self.finalize_request(rv)
  File "/home/tom/.local/lib/python3.6/site-packages/flask/app.py", line 1967, in finalize_request
    response = self.make_response(rv)
  File "/home/tom/.local/lib/python3.6/site-packages/flask/app.py", line 2097, in make_response
    "The view function did not return a valid response. The"
TypeError: The view function did not return a valid response. The function either returned None or ended without a return statement.
[2019-09-28 15:30:52,469] ERROR in app: Exception on /phpmyadmin/index.php [GET]
Traceback (most recent call last):
  File "/home/tom/.local/lib/python3.6/site-packages/flask/app.py", line 2446, in wsgi_app
    response = self.full_dispatch_request()
  File "/home/tom/.local/lib/python3.6/site-packages/flask/app.py", line 1952, in full_dispatch_request
    return self.finalize_request(rv)
  File "/home/tom/.local/lib/python3.6/site-packages/flask/app.py", line 1967, in finalize_request
    response = self.make_response(rv)
  File "/home/tom/.local/lib/python3.6/site-packages/flask/app.py", line 2097, in make_response
    "The view function did not return a valid response. The"
TypeError: The view function did not return a valid response. The function either returned None or ended without a return statement.
[2019-09-28 15:30:52,916] ERROR in app: Exception on /phpMyAdmin/index.php [GET]
Traceback (most recent call last):
  File "/home/tom/.local/lib/python3.6/site-packages/flask/app.py", line 2446, in wsgi_app
    response = self.full_dispatch_request()
  File "/home/tom/.local/lib/python3.6/site-packages/flask/app.py", line 1952, in full_dispatch_request
    return self.finalize_request(rv)
  File "/home/tom/.local/lib/python3.6/site-packages/flask/app.py", line 1967, in finalize_request
    response = self.make_response(rv)
  File "/home/tom/.local/lib/python3.6/site-packages/flask/app.py", line 2097, in make_response
    "The view function did not return a valid response. The"
TypeError: The view function did not return a valid response. The function either returned None or ended without a return statement.
[2019-09-28 15:30:53,364] ERROR in app: Exception on /pmd/index.php [GET]
Traceback (most recent call last):
  File "/home/tom/.local/lib/python3.6/site-packages/flask/app.py", line 2446, in wsgi_app
    response = self.full_dispatch_request()
  File "/home/tom/.local/lib/python3.6/site-packages/flask/app.py", line 1952, in full_dispatch_request
    return self.finalize_request(rv)
  File "/home/tom/.local/lib/python3.6/site-packages/flask/app.py", line 1967, in finalize_request
    response = self.make_response(rv)
  File "/home/tom/.local/lib/python3.6/site-packages/flask/app.py", line 2097, in make_response
    "The view function did not return a valid response. The"
TypeError: The view function did not return a valid response. The function either returned None or ended without a return statement.
[2019-09-28 15:30:54,574] ERROR in app: Exception on /pma/index.php [GET]
Traceback (most recent call last):
  File "/home/tom/.local/lib/python3.6/site-packages/flask/app.py", line 2446, in wsgi_app
    response = self.full_dispatch_request()
  File "/home/tom/.local/lib/python3.6/site-packages/flask/app.py", line 1952, in full_dispatch_request
    return self.finalize_request(rv)
  File "/home/tom/.local/lib/python3.6/site-packages/flask/app.py", line 1967, in finalize_request
    response = self.make_response(rv)
  File "/home/tom/.local/lib/python3.6/site-packages/flask/app.py", line 2097, in make_response
    "The view function did not return a valid response. The"
TypeError: The view function did not return a valid response. The function either returned None or ended without a return statement.
[2019-09-28 15:30:55,447] ERROR in app: Exception on /PMA/index.php [GET]
Traceback (most recent call last):
  File "/home/tom/.local/lib/python3.6/site-packages/flask/app.py", line 2446, in wsgi_app
    response = self.full_dispatch_request()
  File "/home/tom/.local/lib/python3.6/site-packages/flask/app.py", line 1952, in full_dispatch_request
    return self.finalize_request(rv)
  File "/home/tom/.local/lib/python3.6/site-packages/flask/app.py", line 1967, in finalize_request
    response = self.make_response(rv)
  File "/home/tom/.local/lib/python3.6/site-packages/flask/app.py", line 2097, in make_response
    "The view function did not return a valid response. The"
TypeError: The view function did not return a valid response. The function either returned None or ended without a return statement.
[2019-09-28 15:30:56,383] ERROR in app: Exception on /PMA2/index.php [GET]
Traceback (most recent call last):
  File "/home/tom/.local/lib/python3.6/site-packages/flask/app.py", line 2446, in wsgi_app
    response = self.full_dispatch_request()
  File "/home/tom/.local/lib/python3.6/site-packages/flask/app.py", line 1952, in full_dispatch_request
    return self.finalize_request(rv)
  File "/home/tom/.local/lib/python3.6/site-packages/flask/app.py", line 1967, in finalize_request
    response = self.make_response(rv)
  File "/home/tom/.local/lib/python3.6/site-packages/flask/app.py", line 2097, in make_response
    "The view function did not return a valid response. The"
TypeError: The view function did not return a valid response. The function either returned None or ended without a return statement.
[2019-09-28 15:30:57,487] ERROR in app: Exception on /pmamy/index.php [GET]
Traceback (most recent call last):
  File "/home/tom/.local/lib/python3.6/site-packages/flask/app.py", line 2446, in wsgi_app
    response = self.full_dispatch_request()
  File "/home/tom/.local/lib/python3.6/site-packages/flask/app.py", line 1952, in full_dispatch_request
    return self.finalize_request(rv)
  File "/home/tom/.local/lib/python3.6/site-packages/flask/app.py", line 1967, in finalize_request
    response = self.make_response(rv)
  File "/home/tom/.local/lib/python3.6/site-packages/flask/app.py", line 2097, in make_response
    "The view function did not return a valid response. The"
TypeError: The view function did not return a valid response. The function either returned None or ended without a return statement.
[2019-09-28 15:30:58,165] ERROR in app: Exception on /pmamy2/index.php [GET]
Traceback (most recent call last):
  File "/home/tom/.local/lib/python3.6/site-packages/flask/app.py", line 2446, in wsgi_app
    response = self.full_dispatch_request()
  File "/home/tom/.local/lib/python3.6/site-packages/flask/app.py", line 1952, in full_dispatch_request
    return self.finalize_request(rv)
  File "/home/tom/.local/lib/python3.6/site-packages/flask/app.py", line 1967, in finalize_request
    response = self.make_response(rv)
  File "/home/tom/.local/lib/python3.6/site-packages/flask/app.py", line 2097, in make_response
    "The view function did not return a valid response. The"
TypeError: The view function did not return a valid response. The function either returned None or ended without a return statement.
[2019-09-28 15:30:58,674] ERROR in app: Exception on /mysql/index.php [GET]
Traceback (most recent call last):
  File "/home/tom/.local/lib/python3.6/site-packages/flask/app.py", line 2446, in wsgi_app
    response = self.full_dispatch_request()
  File "/home/tom/.local/lib/python3.6/site-packages/flask/app.py", line 1952, in full_dispatch_request
    return self.finalize_request(rv)
  File "/home/tom/.local/lib/python3.6/site-packages/flask/app.py", line 1967, in finalize_request
    response = self.make_response(rv)
  File "/home/tom/.local/lib/python3.6/site-packages/flask/app.py", line 2097, in make_response
    "The view function did not return a valid response. The"
TypeError: The view function did not return a valid response. The function either returned None or ended without a return statement.
[2019-09-28 15:30:59,224] ERROR in app: Exception on /admin/index.php [GET]
Traceback (most recent call last):
  File "/home/tom/.local/lib/python3.6/site-packages/flask/app.py", line 2446, in wsgi_app
    response = self.full_dispatch_request()
  File "/home/tom/.local/lib/python3.6/site-packages/flask/app.py", line 1952, in full_dispatch_request
    return self.finalize_request(rv)
  File "/home/tom/.local/lib/python3.6/site-packages/flask/app.py", line 1967, in finalize_request
    response = self.make_response(rv)
  File "/home/tom/.local/lib/python3.6/site-packages/flask/app.py", line 2097, in make_response
    "The view function did not return a valid response. The"
TypeError: The view function did not return a valid response. The function either returned None or ended without a return statement.
[2019-09-28 15:30:59,727] ERROR in app: Exception on /db/index.php [GET]
Traceback (most recent call last):
  File "/home/tom/.local/lib/python3.6/site-packages/flask/app.py", line 2446, in wsgi_app
    response = self.full_dispatch_request()
  File "/home/tom/.local/lib/python3.6/site-packages/flask/app.py", line 1952, in full_dispatch_request
    return self.finalize_request(rv)
  File "/home/tom/.local/lib/python3.6/site-packages/flask/app.py", line 1967, in finalize_request
    response = self.make_response(rv)
  File "/home/tom/.local/lib/python3.6/site-packages/flask/app.py", line 2097, in make_response
    "The view function did not return a valid response. The"
TypeError: The view function did not return a valid response. The function either returned None or ended without a return statement.
[2019-09-28 15:31:00,846] ERROR in app: Exception on /dbadmin/index.php [GET]
Traceback (most recent call last):
  File "/home/tom/.local/lib/python3.6/site-packages/flask/app.py", line 2446, in wsgi_app
    response = self.full_dispatch_request()
  File "/home/tom/.local/lib/python3.6/site-packages/flask/app.py", line 1952, in full_dispatch_request
    return self.finalize_request(rv)
  File "/home/tom/.local/lib/python3.6/site-packages/flask/app.py", line 1967, in finalize_request
    response = self.make_response(rv)
  File "/home/tom/.local/lib/python3.6/site-packages/flask/app.py", line 2097, in make_response
    "The view function did not return a valid response. The"
TypeError: The view function did not return a valid response. The function either returned None or ended without a return statement.
[2019-09-28 15:31:01,296] ERROR in app: Exception on /web/phpMyAdmin/index.php [GET]
Traceback (most recent call last):
  File "/home/tom/.local/lib/python3.6/site-packages/flask/app.py", line 2446, in wsgi_app
    response = self.full_dispatch_request()
  File "/home/tom/.local/lib/python3.6/site-packages/flask/app.py", line 1952, in full_dispatch_request
    return self.finalize_request(rv)
  File "/home/tom/.local/lib/python3.6/site-packages/flask/app.py", line 1967, in finalize_request
    response = self.make_response(rv)
  File "/home/tom/.local/lib/python3.6/site-packages/flask/app.py", line 2097, in make_response
    "The view function did not return a valid response. The"
TypeError: The view function did not return a valid response. The function either returned None or ended without a return statement.
[2019-09-28 15:31:02,997] ERROR in app: Exception on /admin/pma/index.php [GET]
Traceback (most recent call last):
  File "/home/tom/.local/lib/python3.6/site-packages/flask/app.py", line 2446, in wsgi_app
    response = self.full_dispatch_request()
  File "/home/tom/.local/lib/python3.6/site-packages/flask/app.py", line 1952, in full_dispatch_request
    return self.finalize_request(rv)
  File "/home/tom/.local/lib/python3.6/site-packages/flask/app.py", line 1967, in finalize_request
    response = self.make_response(rv)
  File "/home/tom/.local/lib/python3.6/site-packages/flask/app.py", line 2097, in make_response
    "The view function did not return a valid response. The"
TypeError: The view function did not return a valid response. The function either returned None or ended without a return statement.
[2019-09-28 15:31:03,541] ERROR in app: Exception on /admin/PMA/index.php [GET]
Traceback (most recent call last):
  File "/home/tom/.local/lib/python3.6/site-packages/flask/app.py", line 2446, in wsgi_app
    response = self.full_dispatch_request()
  File "/home/tom/.local/lib/python3.6/site-packages/flask/app.py", line 1952, in full_dispatch_request
    return self.finalize_request(rv)
  File "/home/tom/.local/lib/python3.6/site-packages/flask/app.py", line 1967, in finalize_request
    response = self.make_response(rv)
  File "/home/tom/.local/lib/python3.6/site-packages/flask/app.py", line 2097, in make_response
    "The view function did not return a valid response. The"
TypeError: The view function did not return a valid response. The function either returned None or ended without a return statement.
[2019-09-28 15:31:04,806] ERROR in app: Exception on /admin/mysql/index.php [GET]
Traceback (most recent call last):
  File "/home/tom/.local/lib/python3.6/site-packages/flask/app.py", line 2446, in wsgi_app
    response = self.full_dispatch_request()
  File "/home/tom/.local/lib/python3.6/site-packages/flask/app.py", line 1952, in full_dispatch_request
    return self.finalize_request(rv)
  File "/home/tom/.local/lib/python3.6/site-packages/flask/app.py", line 1967, in finalize_request
    response = self.make_response(rv)
  File "/home/tom/.local/lib/python3.6/site-packages/flask/app.py", line 2097, in make_response
    "The view function did not return a valid response. The"
TypeError: The view function did not return a valid response. The function either returned None or ended without a return statement.
[2019-09-28 15:31:05,254] ERROR in app: Exception on /admin/mysql2/index.php [GET]
Traceback (most recent call last):
  File "/home/tom/.local/lib/python3.6/site-packages/flask/app.py", line 2446, in wsgi_app
    response = self.full_dispatch_request()
  File "/home/tom/.local/lib/python3.6/site-packages/flask/app.py", line 1952, in full_dispatch_request
    return self.finalize_request(rv)
  File "/home/tom/.local/lib/python3.6/site-packages/flask/app.py", line 1967, in finalize_request
    response = self.make_response(rv)
  File "/home/tom/.local/lib/python3.6/site-packages/flask/app.py", line 2097, in make_response
    "The view function did not return a valid response. The"
TypeError: The view function did not return a valid response. The function either returned None or ended without a return statement.
[2019-09-28 15:31:05,702] ERROR in app: Exception on /admin/phpmyadmin/index.php [GET]
Traceback (most recent call last):
  File "/home/tom/.local/lib/python3.6/site-packages/flask/app.py", line 2446, in wsgi_app
    response = self.full_dispatch_request()
  File "/home/tom/.local/lib/python3.6/site-packages/flask/app.py", line 1952, in full_dispatch_request
    return self.finalize_request(rv)
  File "/home/tom/.local/lib/python3.6/site-packages/flask/app.py", line 1967, in finalize_request
    response = self.make_response(rv)
  File "/home/tom/.local/lib/python3.6/site-packages/flask/app.py", line 2097, in make_response
    "The view function did not return a valid response. The"
TypeError: The view function did not return a valid response. The function either returned None or ended without a return statement.
[2019-09-28 15:31:06,179] ERROR in app: Exception on /admin/phpMyAdmin/index.php [GET]
Traceback (most recent call last):
  File "/home/tom/.local/lib/python3.6/site-packages/flask/app.py", line 2446, in wsgi_app
    response = self.full_dispatch_request()
  File "/home/tom/.local/lib/python3.6/site-packages/flask/app.py", line 1952, in full_dispatch_request
    return self.finalize_request(rv)
  File "/home/tom/.local/lib/python3.6/site-packages/flask/app.py", line 1967, in finalize_request
    response = self.make_response(rv)
  File "/home/tom/.local/lib/python3.6/site-packages/flask/app.py", line 2097, in make_response
    "The view function did not return a valid response. The"
TypeError: The view function did not return a valid response. The function either returned None or ended without a return statement.
[2019-09-28 15:31:06,686] ERROR in app: Exception on /admin/phpmyadmin2/index.php [GET]
Traceback (most recent call last):
  File "/home/tom/.local/lib/python3.6/site-packages/flask/app.py", line 2446, in wsgi_app
    response = self.full_dispatch_request()
  File "/home/tom/.local/lib/python3.6/site-packages/flask/app.py", line 1952, in full_dispatch_request
    return self.finalize_request(rv)
  File "/home/tom/.local/lib/python3.6/site-packages/flask/app.py", line 1967, in finalize_request
    response = self.make_response(rv)
  File "/home/tom/.local/lib/python3.6/site-packages/flask/app.py", line 2097, in make_response
    "The view function did not return a valid response. The"
TypeError: The view function did not return a valid response. The function either returned None or ended without a return statement.
[2019-09-28 15:31:07,207] ERROR in app: Exception on /mysqladmin/index.php [GET]
Traceback (most recent call last):
  File "/home/tom/.local/lib/python3.6/site-packages/flask/app.py", line 2446, in wsgi_app
    response = self.full_dispatch_request()
  File "/home/tom/.local/lib/python3.6/site-packages/flask/app.py", line 1952, in full_dispatch_request
    return self.finalize_request(rv)
  File "/home/tom/.local/lib/python3.6/site-packages/flask/app.py", line 1967, in finalize_request
    response = self.make_response(rv)
  File "/home/tom/.local/lib/python3.6/site-packages/flask/app.py", line 2097, in make_response
    "The view function did not return a valid response. The"
TypeError: The view function did not return a valid response. The function either returned None or ended without a return statement.
[2019-09-28 15:31:07,727] ERROR in app: Exception on /mysql-admin/index.php [GET]
Traceback (most recent call last):
  File "/home/tom/.local/lib/python3.6/site-packages/flask/app.py", line 2446, in wsgi_app
    response = self.full_dispatch_request()
  File "/home/tom/.local/lib/python3.6/site-packages/flask/app.py", line 1952, in full_dispatch_request
    return self.finalize_request(rv)
  File "/home/tom/.local/lib/python3.6/site-packages/flask/app.py", line 1967, in finalize_request
    response = self.make_response(rv)
  File "/home/tom/.local/lib/python3.6/site-packages/flask/app.py", line 2097, in make_response
    "The view function did not return a valid response. The"
TypeError: The view function did not return a valid response. The function either returned None or ended without a return statement.
[2019-09-28 15:31:08,879] ERROR in app: Exception on /mysql_admin/index.php [GET]
Traceback (most recent call last):
  File "/home/tom/.local/lib/python3.6/site-packages/flask/app.py", line 2446, in wsgi_app
    response = self.full_dispatch_request()
  File "/home/tom/.local/lib/python3.6/site-packages/flask/app.py", line 1952, in full_dispatch_request
    return self.finalize_request(rv)
  File "/home/tom/.local/lib/python3.6/site-packages/flask/app.py", line 1967, in finalize_request
    response = self.make_response(rv)
  File "/home/tom/.local/lib/python3.6/site-packages/flask/app.py", line 2097, in make_response
    "The view function did not return a valid response. The"
TypeError: The view function did not return a valid response. The function either returned None or ended without a return statement.
[2019-09-28 15:31:09,325] ERROR in app: Exception on /phpadmin/index.php [GET]
Traceback (most recent call last):
  File "/home/tom/.local/lib/python3.6/site-packages/flask/app.py", line 2446, in wsgi_app
    response = self.full_dispatch_request()
  File "/home/tom/.local/lib/python3.6/site-packages/flask/app.py", line 1952, in full_dispatch_request
    return self.finalize_request(rv)
  File "/home/tom/.local/lib/python3.6/site-packages/flask/app.py", line 1967, in finalize_request
    response = self.make_response(rv)
  File "/home/tom/.local/lib/python3.6/site-packages/flask/app.py", line 2097, in make_response
    "The view function did not return a valid response. The"
TypeError: The view function did not return a valid response. The function either returned None or ended without a return statement.
[2019-09-28 15:31:09,771] ERROR in app: Exception on /phpAdmin/index.php [GET]
Traceback (most recent call last):
  File "/home/tom/.local/lib/python3.6/site-packages/flask/app.py", line 2446, in wsgi_app
    response = self.full_dispatch_request()
  File "/home/tom/.local/lib/python3.6/site-packages/flask/app.py", line 1952, in full_dispatch_request
    return self.finalize_request(rv)
  File "/home/tom/.local/lib/python3.6/site-packages/flask/app.py", line 1967, in finalize_request
    response = self.make_response(rv)
  File "/home/tom/.local/lib/python3.6/site-packages/flask/app.py", line 2097, in make_response
    "The view function did not return a valid response. The"
TypeError: The view function did not return a valid response. The function either returned None or ended without a return statement.
[2019-09-28 15:31:10,215] ERROR in app: Exception on /phpmyadmin0/index.php [GET]
Traceback (most recent call last):
  File "/home/tom/.local/lib/python3.6/site-packages/flask/app.py", line 2446, in wsgi_app
    response = self.full_dispatch_request()
  File "/home/tom/.local/lib/python3.6/site-packages/flask/app.py", line 1952, in full_dispatch_request
    return self.finalize_request(rv)
  File "/home/tom/.local/lib/python3.6/site-packages/flask/app.py", line 1967, in finalize_request
    response = self.make_response(rv)
  File "/home/tom/.local/lib/python3.6/site-packages/flask/app.py", line 2097, in make_response
    "The view function did not return a valid response. The"
TypeError: The view function did not return a valid response. The function either returned None or ended without a return statement.
[2019-09-28 15:31:10,723] ERROR in app: Exception on /phpmyadmin1/index.php [GET]
Traceback (most recent call last):
  File "/home/tom/.local/lib/python3.6/site-packages/flask/app.py", line 2446, in wsgi_app
    response = self.full_dispatch_request()
  File "/home/tom/.local/lib/python3.6/site-packages/flask/app.py", line 1952, in full_dispatch_request
    return self.finalize_request(rv)
  File "/home/tom/.local/lib/python3.6/site-packages/flask/app.py", line 1967, in finalize_request
    response = self.make_response(rv)
  File "/home/tom/.local/lib/python3.6/site-packages/flask/app.py", line 2097, in make_response
    "The view function did not return a valid response. The"
TypeError: The view function did not return a valid response. The function either returned None or ended without a return statement.
[2019-09-28 15:31:11,348] ERROR in app: Exception on /phpmyadmin2/index.php [GET]
Traceback (most recent call last):
  File "/home/tom/.local/lib/python3.6/site-packages/flask/app.py", line 2446, in wsgi_app
    response = self.full_dispatch_request()
  File "/home/tom/.local/lib/python3.6/site-packages/flask/app.py", line 1952, in full_dispatch_request
    return self.finalize_request(rv)
  File "/home/tom/.local/lib/python3.6/site-packages/flask/app.py", line 1967, in finalize_request
    response = self.make_response(rv)
  File "/home/tom/.local/lib/python3.6/site-packages/flask/app.py", line 2097, in make_response
    "The view function did not return a valid response. The"
TypeError: The view function did not return a valid response. The function either returned None or ended without a return statement.
[2019-09-28 15:31:12,680] ERROR in app: Exception on /phpMyAdmin-4.4.0/index.php [GET]
Traceback (most recent call last):
  File "/home/tom/.local/lib/python3.6/site-packages/flask/app.py", line 2446, in wsgi_app
    response = self.full_dispatch_request()
  File "/home/tom/.local/lib/python3.6/site-packages/flask/app.py", line 1952, in full_dispatch_request
    return self.finalize_request(rv)
  File "/home/tom/.local/lib/python3.6/site-packages/flask/app.py", line 1967, in finalize_request
    response = self.make_response(rv)
  File "/home/tom/.local/lib/python3.6/site-packages/flask/app.py", line 2097, in make_response
    "The view function did not return a valid response. The"
TypeError: The view function did not return a valid response. The function either returned None or ended without a return statement.
[2019-09-28 15:31:13,127] ERROR in app: Exception on /phpMyAdmin4.8.5/index.php [GET]
Traceback (most recent call last):
  File "/home/tom/.local/lib/python3.6/site-packages/flask/app.py", line 2446, in wsgi_app
    response = self.full_dispatch_request()
  File "/home/tom/.local/lib/python3.6/site-packages/flask/app.py", line 1952, in full_dispatch_request
    return self.finalize_request(rv)
  File "/home/tom/.local/lib/python3.6/site-packages/flask/app.py", line 1967, in finalize_request
    response = self.make_response(rv)
  File "/home/tom/.local/lib/python3.6/site-packages/flask/app.py", line 2097, in make_response
    "The view function did not return a valid response. The"
TypeError: The view function did not return a valid response. The function either returned None or ended without a return statement.
[2019-09-28 15:31:14,221] ERROR in app: Exception on /myadmin/index.php [GET]
Traceback (most recent call last):
  File "/home/tom/.local/lib/python3.6/site-packages/flask/app.py", line 2446, in wsgi_app
    response = self.full_dispatch_request()
  File "/home/tom/.local/lib/python3.6/site-packages/flask/app.py", line 1952, in full_dispatch_request
    return self.finalize_request(rv)
  File "/home/tom/.local/lib/python3.6/site-packages/flask/app.py", line 1967, in finalize_request
    response = self.make_response(rv)
  File "/home/tom/.local/lib/python3.6/site-packages/flask/app.py", line 2097, in make_response
    "The view function did not return a valid response. The"
TypeError: The view function did not return a valid response. The function either returned None or ended without a return statement.
[2019-09-28 15:31:14,693] ERROR in app: Exception on /myadmin2/index.php [GET]
Traceback (most recent call last):
  File "/home/tom/.local/lib/python3.6/site-packages/flask/app.py", line 2446, in wsgi_app
    response = self.full_dispatch_request()
  File "/home/tom/.local/lib/python3.6/site-packages/flask/app.py", line 1952, in full_dispatch_request
    return self.finalize_request(rv)
  File "/home/tom/.local/lib/python3.6/site-packages/flask/app.py", line 1967, in finalize_request
    response = self.make_response(rv)
  File "/home/tom/.local/lib/python3.6/site-packages/flask/app.py", line 2097, in make_response
    "The view function did not return a valid response. The"
TypeError: The view function did not return a valid response. The function either returned None or ended without a return statement.
[2019-09-28 15:31:15,165] ERROR in app: Exception on /xampp/phpmyadmin/index.php [GET]
Traceback (most recent call last):
  File "/home/tom/.local/lib/python3.6/site-packages/flask/app.py", line 2446, in wsgi_app
    response = self.full_dispatch_request()
  File "/home/tom/.local/lib/python3.6/site-packages/flask/app.py", line 1952, in full_dispatch_request
    return self.finalize_request(rv)
  File "/home/tom/.local/lib/python3.6/site-packages/flask/app.py", line 1967, in finalize_request
    response = self.make_response(rv)
  File "/home/tom/.local/lib/python3.6/site-packages/flask/app.py", line 2097, in make_response
    "The view function did not return a valid response. The"
TypeError: The view function did not return a valid response. The function either returned None or ended without a return statement.
[2019-09-28 15:31:21,255] ERROR in app: Exception on /www/phpMyAdmin/index.php [GET]
Traceback (most recent call last):
  File "/home/tom/.local/lib/python3.6/site-packages/flask/app.py", line 2446, in wsgi_app
    response = self.full_dispatch_request()
  File "/home/tom/.local/lib/python3.6/site-packages/flask/app.py", line 1952, in full_dispatch_request
    return self.finalize_request(rv)
  File "/home/tom/.local/lib/python3.6/site-packages/flask/app.py", line 1967, in finalize_request
    response = self.make_response(rv)
  File "/home/tom/.local/lib/python3.6/site-packages/flask/app.py", line 2097, in make_response
    "The view function did not return a valid response. The"
TypeError: The view function did not return a valid response. The function either returned None or ended without a return statement.
[2019-09-28 15:31:21,709] ERROR in app: Exception on /tools/phpMyAdmin/index.php [GET]
Traceback (most recent call last):
  File "/home/tom/.local/lib/python3.6/site-packages/flask/app.py", line 2446, in wsgi_app
    response = self.full_dispatch_request()
  File "/home/tom/.local/lib/python3.6/site-packages/flask/app.py", line 1952, in full_dispatch_request
    return self.finalize_request(rv)
  File "/home/tom/.local/lib/python3.6/site-packages/flask/app.py", line 1967, in finalize_request
    response = self.make_response(rv)
  File "/home/tom/.local/lib/python3.6/site-packages/flask/app.py", line 2097, in make_response
    "The view function did not return a valid response. The"
TypeError: The view function did not return a valid response. The function either returned None or ended without a return statement.
[2019-09-28 15:31:22,152] ERROR in app: Exception on /phpmyadmin-old/index.php [GET]
Traceback (most recent call last):
  File "/home/tom/.local/lib/python3.6/site-packages/flask/app.py", line 2446, in wsgi_app
    response = self.full_dispatch_request()
  File "/home/tom/.local/lib/python3.6/site-packages/flask/app.py", line 1952, in full_dispatch_request
    return self.finalize_request(rv)
  File "/home/tom/.local/lib/python3.6/site-packages/flask/app.py", line 1967, in finalize_request
    response = self.make_response(rv)
  File "/home/tom/.local/lib/python3.6/site-packages/flask/app.py", line 2097, in make_response
    "The view function did not return a valid response. The"
TypeError: The view function did not return a valid response. The function either returned None or ended without a return statement.
[2019-09-28 15:31:22,871] ERROR in app: Exception on /phpMyAdminold/index.php [GET]
Traceback (most recent call last):
  File "/home/tom/.local/lib/python3.6/site-packages/flask/app.py", line 2446, in wsgi_app
    response = self.full_dispatch_request()
  File "/home/tom/.local/lib/python3.6/site-packages/flask/app.py", line 1952, in full_dispatch_request
    return self.finalize_request(rv)
  File "/home/tom/.local/lib/python3.6/site-packages/flask/app.py", line 1967, in finalize_request
    response = self.make_response(rv)
  File "/home/tom/.local/lib/python3.6/site-packages/flask/app.py", line 2097, in make_response
    "The view function did not return a valid response. The"
TypeError: The view function did not return a valid response. The function either returned None or ended without a return statement.
[2019-09-28 15:31:23,360] ERROR in app: Exception on /phpMyAdmin.old/index.php [GET]
Traceback (most recent call last):
  File "/home/tom/.local/lib/python3.6/site-packages/flask/app.py", line 2446, in wsgi_app
    response = self.full_dispatch_request()
  File "/home/tom/.local/lib/python3.6/site-packages/flask/app.py", line 1952, in full_dispatch_request
    return self.finalize_request(rv)
  File "/home/tom/.local/lib/python3.6/site-packages/flask/app.py", line 1967, in finalize_request
    response = self.make_response(rv)
  File "/home/tom/.local/lib/python3.6/site-packages/flask/app.py", line 2097, in make_response
    "The view function did not return a valid response. The"
TypeError: The view function did not return a valid response. The function either returned None or ended without a return statement.
[2019-09-28 15:31:23,884] ERROR in app: Exception on /pma-old/index.php [GET]
Traceback (most recent call last):
  File "/home/tom/.local/lib/python3.6/site-packages/flask/app.py", line 2446, in wsgi_app
    response = self.full_dispatch_request()
  File "/home/tom/.local/lib/python3.6/site-packages/flask/app.py", line 1952, in full_dispatch_request
    return self.finalize_request(rv)
  File "/home/tom/.local/lib/python3.6/site-packages/flask/app.py", line 1967, in finalize_request
    response = self.make_response(rv)
  File "/home/tom/.local/lib/python3.6/site-packages/flask/app.py", line 2097, in make_response
    "The view function did not return a valid response. The"
TypeError: The view function did not return a valid response. The function either returned None or ended without a return statement.
[2019-09-28 15:31:24,390] ERROR in app: Exception on /claroline/phpMyAdmin/index.php [GET]
Traceback (most recent call last):
  File "/home/tom/.local/lib/python3.6/site-packages/flask/app.py", line 2446, in wsgi_app
    response = self.full_dispatch_request()
  File "/home/tom/.local/lib/python3.6/site-packages/flask/app.py", line 1952, in full_dispatch_request
    return self.finalize_request(rv)
  File "/home/tom/.local/lib/python3.6/site-packages/flask/app.py", line 1967, in finalize_request
    response = self.make_response(rv)
  File "/home/tom/.local/lib/python3.6/site-packages/flask/app.py", line 2097, in make_response
    "The view function did not return a valid response. The"
TypeError: The view function did not return a valid response. The function either returned None or ended without a return statement.
[2019-09-28 15:31:24,845] ERROR in app: Exception on /typo3/phpmyadmin/index.php [GET]
Traceback (most recent call last):
  File "/home/tom/.local/lib/python3.6/site-packages/flask/app.py", line 2446, in wsgi_app
    response = self.full_dispatch_request()
  File "/home/tom/.local/lib/python3.6/site-packages/flask/app.py", line 1952, in full_dispatch_request
    return self.finalize_request(rv)
  File "/home/tom/.local/lib/python3.6/site-packages/flask/app.py", line 1967, in finalize_request
    response = self.make_response(rv)
  File "/home/tom/.local/lib/python3.6/site-packages/flask/app.py", line 2097, in make_response
    "The view function did not return a valid response. The"
TypeError: The view function did not return a valid response. The function either returned None or ended without a return statement.
[2019-09-28 15:31:25,300] ERROR in app: Exception on /phpma/index.php [GET]
Traceback (most recent call last):
  File "/home/tom/.local/lib/python3.6/site-packages/flask/app.py", line 2446, in wsgi_app
    response = self.full_dispatch_request()
  File "/home/tom/.local/lib/python3.6/site-packages/flask/app.py", line 1952, in full_dispatch_request
    return self.finalize_request(rv)
  File "/home/tom/.local/lib/python3.6/site-packages/flask/app.py", line 1967, in finalize_request
    response = self.make_response(rv)
  File "/home/tom/.local/lib/python3.6/site-packages/flask/app.py", line 2097, in make_response
    "The view function did not return a valid response. The"
TypeError: The view function did not return a valid response. The function either returned None or ended without a return statement.
[2019-09-28 15:31:25,751] ERROR in app: Exception on /phpmyadmin/phpmyadmin/index.php [GET]
Traceback (most recent call last):
  File "/home/tom/.local/lib/python3.6/site-packages/flask/app.py", line 2446, in wsgi_app
    response = self.full_dispatch_request()
  File "/home/tom/.local/lib/python3.6/site-packages/flask/app.py", line 1952, in full_dispatch_request
    return self.finalize_request(rv)
  File "/home/tom/.local/lib/python3.6/site-packages/flask/app.py", line 1967, in finalize_request
    response = self.make_response(rv)
  File "/home/tom/.local/lib/python3.6/site-packages/flask/app.py", line 2097, in make_response
    "The view function did not return a valid response. The"
TypeError: The view function did not return a valid response. The function either returned None or ended without a return statement.
[2019-09-28 15:31:27,884] ERROR in app: Exception on /phpMyAdmin/phpMyAdmin/index.php [GET]
Traceback (most recent call last):
  File "/home/tom/.local/lib/python3.6/site-packages/flask/app.py", line 2446, in wsgi_app
    response = self.full_dispatch_request()
  File "/home/tom/.local/lib/python3.6/site-packages/flask/app.py", line 1952, in full_dispatch_request
    return self.finalize_request(rv)
  File "/home/tom/.local/lib/python3.6/site-packages/flask/app.py", line 1967, in finalize_request
    response = self.make_response(rv)
  File "/home/tom/.local/lib/python3.6/site-packages/flask/app.py", line 2097, in make_response
    "The view function did not return a valid response. The"
TypeError: The view function did not return a valid response. The function either returned None or ended without a return statement.
[2019-09-28 15:31:28,387] ERROR in app: Exception on /phpMyAbmin/index.php [GET]
Traceback (most recent call last):
  File "/home/tom/.local/lib/python3.6/site-packages/flask/app.py", line 2446, in wsgi_app
    response = self.full_dispatch_request()
  File "/home/tom/.local/lib/python3.6/site-packages/flask/app.py", line 1952, in full_dispatch_request
    return self.finalize_request(rv)
  File "/home/tom/.local/lib/python3.6/site-packages/flask/app.py", line 1967, in finalize_request
    response = self.make_response(rv)
  File "/home/tom/.local/lib/python3.6/site-packages/flask/app.py", line 2097, in make_response
    "The view function did not return a valid response. The"
TypeError: The view function did not return a valid response. The function either returned None or ended without a return statement.
[2019-09-28 15:31:28,837] ERROR in app: Exception on /phpMyAdmin__/index.php [GET]
Traceback (most recent call last):
  File "/home/tom/.local/lib/python3.6/site-packages/flask/app.py", line 2446, in wsgi_app
    response = self.full_dispatch_request()
  File "/home/tom/.local/lib/python3.6/site-packages/flask/app.py", line 1952, in full_dispatch_request
    return self.finalize_request(rv)
  File "/home/tom/.local/lib/python3.6/site-packages/flask/app.py", line 1967, in finalize_request
    response = self.make_response(rv)
  File "/home/tom/.local/lib/python3.6/site-packages/flask/app.py", line 2097, in make_response
    "The view function did not return a valid response. The"
TypeError: The view function did not return a valid response. The function either returned None or ended without a return statement.
[2019-09-28 15:31:29,287] ERROR in app: Exception on /phpMyAdmin+++---/index.php [GET]
Traceback (most recent call last):
  File "/home/tom/.local/lib/python3.6/site-packages/flask/app.py", line 2446, in wsgi_app
    response = self.full_dispatch_request()
  File "/home/tom/.local/lib/python3.6/site-packages/flask/app.py", line 1952, in full_dispatch_request
    return self.finalize_request(rv)
  File "/home/tom/.local/lib/python3.6/site-packages/flask/app.py", line 1967, in finalize_request
    response = self.make_response(rv)
  File "/home/tom/.local/lib/python3.6/site-packages/flask/app.py", line 2097, in make_response
    "The view function did not return a valid response. The"
TypeError: The view function did not return a valid response. The function either returned None or ended without a return statement.
[2019-09-28 15:31:29,737] ERROR in app: Exception on /v/index.php [GET]
Traceback (most recent call last):
  File "/home/tom/.local/lib/python3.6/site-packages/flask/app.py", line 2446, in wsgi_app
    response = self.full_dispatch_request()
  File "/home/tom/.local/lib/python3.6/site-packages/flask/app.py", line 1952, in full_dispatch_request
    return self.finalize_request(rv)
  File "/home/tom/.local/lib/python3.6/site-packages/flask/app.py", line 1967, in finalize_request
    response = self.make_response(rv)
  File "/home/tom/.local/lib/python3.6/site-packages/flask/app.py", line 2097, in make_response
    "The view function did not return a valid response. The"
TypeError: The view function did not return a valid response. The function either returned None or ended without a return statement.
[2019-09-28 15:31:32,826] ERROR in app: Exception on /phpmyadm1n/index.php [GET]
Traceback (most recent call last):
  File "/home/tom/.local/lib/python3.6/site-packages/flask/app.py", line 2446, in wsgi_app
    response = self.full_dispatch_request()
  File "/home/tom/.local/lib/python3.6/site-packages/flask/app.py", line 1952, in full_dispatch_request
    return self.finalize_request(rv)
  File "/home/tom/.local/lib/python3.6/site-packages/flask/app.py", line 1967, in finalize_request
    response = self.make_response(rv)
  File "/home/tom/.local/lib/python3.6/site-packages/flask/app.py", line 2097, in make_response
    "The view function did not return a valid response. The"
TypeError: The view function did not return a valid response. The function either returned None or ended without a return statement.
[2019-09-28 15:31:33,277] ERROR in app: Exception on /phpMyAdm1n/index.php [GET]
Traceback (most recent call last):
  File "/home/tom/.local/lib/python3.6/site-packages/flask/app.py", line 2446, in wsgi_app
    response = self.full_dispatch_request()
  File "/home/tom/.local/lib/python3.6/site-packages/flask/app.py", line 1952, in full_dispatch_request
    return self.finalize_request(rv)
  File "/home/tom/.local/lib/python3.6/site-packages/flask/app.py", line 1967, in finalize_request
    response = self.make_response(rv)
  File "/home/tom/.local/lib/python3.6/site-packages/flask/app.py", line 2097, in make_response
    "The view function did not return a valid response. The"
TypeError: The view function did not return a valid response. The function either returned None or ended without a return statement.
[2019-09-28 15:31:33,730] ERROR in app: Exception on /shaAdmin/index.php [GET]
Traceback (most recent call last):
  File "/home/tom/.local/lib/python3.6/site-packages/flask/app.py", line 2446, in wsgi_app
    response = self.full_dispatch_request()
  File "/home/tom/.local/lib/python3.6/site-packages/flask/app.py", line 1952, in full_dispatch_request
    return self.finalize_request(rv)
  File "/home/tom/.local/lib/python3.6/site-packages/flask/app.py", line 1967, in finalize_request
    response = self.make_response(rv)
  File "/home/tom/.local/lib/python3.6/site-packages/flask/app.py", line 2097, in make_response
    "The view function did not return a valid response. The"
TypeError: The view function did not return a valid response. The function either returned None or ended without a return statement.
[2019-09-28 15:31:34,183] ERROR in app: Exception on /phpMyadmi/index.php [GET]
Traceback (most recent call last):
  File "/home/tom/.local/lib/python3.6/site-packages/flask/app.py", line 2446, in wsgi_app
    response = self.full_dispatch_request()
  File "/home/tom/.local/lib/python3.6/site-packages/flask/app.py", line 1952, in full_dispatch_request
    return self.finalize_request(rv)
  File "/home/tom/.local/lib/python3.6/site-packages/flask/app.py", line 1967, in finalize_request
    response = self.make_response(rv)
  File "/home/tom/.local/lib/python3.6/site-packages/flask/app.py", line 2097, in make_response
    "The view function did not return a valid response. The"
TypeError: The view function did not return a valid response. The function either returned None or ended without a return statement.
[2019-09-28 15:31:34,711] ERROR in app: Exception on /phpMyAdmion/index.php [GET]
Traceback (most recent call last):
  File "/home/tom/.local/lib/python3.6/site-packages/flask/app.py", line 2446, in wsgi_app
    response = self.full_dispatch_request()
  File "/home/tom/.local/lib/python3.6/site-packages/flask/app.py", line 1952, in full_dispatch_request
    return self.finalize_request(rv)
  File "/home/tom/.local/lib/python3.6/site-packages/flask/app.py", line 1967, in finalize_request
    response = self.make_response(rv)
  File "/home/tom/.local/lib/python3.6/site-packages/flask/app.py", line 2097, in make_response
    "The view function did not return a valid response. The"
TypeError: The view function did not return a valid response. The function either returned None or ended without a return statement.
[2019-09-28 15:31:35,255] ERROR in app: Exception on /s/index.php [GET]
Traceback (most recent call last):
  File "/home/tom/.local/lib/python3.6/site-packages/flask/app.py", line 2446, in wsgi_app
    response = self.full_dispatch_request()
  File "/home/tom/.local/lib/python3.6/site-packages/flask/app.py", line 1952, in full_dispatch_request
    return self.finalize_request(rv)
  File "/home/tom/.local/lib/python3.6/site-packages/flask/app.py", line 1967, in finalize_request
    response = self.make_response(rv)
  File "/home/tom/.local/lib/python3.6/site-packages/flask/app.py", line 2097, in make_response
    "The view function did not return a valid response. The"
TypeError: The view function did not return a valid response. The function either returned None or ended without a return statement.
[2019-09-28 15:31:35,727] ERROR in app: Exception on /MyAdmin/index.php [GET]
Traceback (most recent call last):
  File "/home/tom/.local/lib/python3.6/site-packages/flask/app.py", line 2446, in wsgi_app
    response = self.full_dispatch_request()
  File "/home/tom/.local/lib/python3.6/site-packages/flask/app.py", line 1952, in full_dispatch_request
    return self.finalize_request(rv)
  File "/home/tom/.local/lib/python3.6/site-packages/flask/app.py", line 1967, in finalize_request
    response = self.make_response(rv)
  File "/home/tom/.local/lib/python3.6/site-packages/flask/app.py", line 2097, in make_response
    "The view function did not return a valid response. The"
TypeError: The view function did not return a valid response. The function either returned None or ended without a return statement.
[2019-09-28 15:31:36,212] ERROR in app: Exception on /phpMyAdmin1/index.php [GET]
Traceback (most recent call last):
  File "/home/tom/.local/lib/python3.6/site-packages/flask/app.py", line 2446, in wsgi_app
    response = self.full_dispatch_request()
  File "/home/tom/.local/lib/python3.6/site-packages/flask/app.py", line 1952, in full_dispatch_request
    return self.finalize_request(rv)
  File "/home/tom/.local/lib/python3.6/site-packages/flask/app.py", line 1967, in finalize_request
    response = self.make_response(rv)
  File "/home/tom/.local/lib/python3.6/site-packages/flask/app.py", line 2097, in make_response
    "The view function did not return a valid response. The"
TypeError: The view function did not return a valid response. The function either returned None or ended without a return statement.
[2019-09-28 15:31:36,782] ERROR in app: Exception on /phpMyAdmin123/index.php [GET]
Traceback (most recent call last):
  File "/home/tom/.local/lib/python3.6/site-packages/flask/app.py", line 2446, in wsgi_app
    response = self.full_dispatch_request()
  File "/home/tom/.local/lib/python3.6/site-packages/flask/app.py", line 1952, in full_dispatch_request
    return self.finalize_request(rv)
  File "/home/tom/.local/lib/python3.6/site-packages/flask/app.py", line 1967, in finalize_request
    response = self.make_response(rv)
  File "/home/tom/.local/lib/python3.6/site-packages/flask/app.py", line 2097, in make_response
    "The view function did not return a valid response. The"
TypeError: The view function did not return a valid response. The function either returned None or ended without a return statement.
[2019-09-28 15:31:37,229] ERROR in app: Exception on /pwd/index.php [GET]
Traceback (most recent call last):
  File "/home/tom/.local/lib/python3.6/site-packages/flask/app.py", line 2446, in wsgi_app
    response = self.full_dispatch_request()
  File "/home/tom/.local/lib/python3.6/site-packages/flask/app.py", line 1952, in full_dispatch_request
    return self.finalize_request(rv)
  File "/home/tom/.local/lib/python3.6/site-packages/flask/app.py", line 1967, in finalize_request
    response = self.make_response(rv)
  File "/home/tom/.local/lib/python3.6/site-packages/flask/app.py", line 2097, in make_response
    "The view function did not return a valid response. The"
TypeError: The view function did not return a valid response. The function either returned None or ended without a return statement.
[2019-09-28 15:31:38,355] ERROR in app: Exception on /phpMyAdmina/index.php [GET]
Traceback (most recent call last):
  File "/home/tom/.local/lib/python3.6/site-packages/flask/app.py", line 2446, in wsgi_app
    response = self.full_dispatch_request()
  File "/home/tom/.local/lib/python3.6/site-packages/flask/app.py", line 1952, in full_dispatch_request
    return self.finalize_request(rv)
  File "/home/tom/.local/lib/python3.6/site-packages/flask/app.py", line 1967, in finalize_request
    response = self.make_response(rv)
  File "/home/tom/.local/lib/python3.6/site-packages/flask/app.py", line 2097, in make_response
    "The view function did not return a valid response. The"
TypeError: The view function did not return a valid response. The function either returned None or ended without a return statement.
[2019-09-28 15:31:39,073] ERROR in app: Exception on /phpMydmin/index.php [GET]
Traceback (most recent call last):
  File "/home/tom/.local/lib/python3.6/site-packages/flask/app.py", line 2446, in wsgi_app
    response = self.full_dispatch_request()
  File "/home/tom/.local/lib/python3.6/site-packages/flask/app.py", line 1952, in full_dispatch_request
    return self.finalize_request(rv)
  File "/home/tom/.local/lib/python3.6/site-packages/flask/app.py", line 1967, in finalize_request
    response = self.make_response(rv)
  File "/home/tom/.local/lib/python3.6/site-packages/flask/app.py", line 2097, in make_response
    "The view function did not return a valid response. The"
TypeError: The view function did not return a valid response. The function either returned None or ended without a return statement.
[2019-09-28 15:31:39,638] ERROR in app: Exception on /phpMyAdmins/index.php [GET]
Traceback (most recent call last):
  File "/home/tom/.local/lib/python3.6/site-packages/flask/app.py", line 2446, in wsgi_app
    response = self.full_dispatch_request()
  File "/home/tom/.local/lib/python3.6/site-packages/flask/app.py", line 1952, in full_dispatch_request
    return self.finalize_request(rv)
  File "/home/tom/.local/lib/python3.6/site-packages/flask/app.py", line 1967, in finalize_request
    response = self.make_response(rv)
  File "/home/tom/.local/lib/python3.6/site-packages/flask/app.py", line 2097, in make_response
    "The view function did not return a valid response. The"
TypeError: The view function did not return a valid response. The function either returned None or ended without a return statement.
[2019-09-28 15:31:40,302] ERROR in app: Exception on /phpMyAdmin._/index.php [GET]
Traceback (most recent call last):
  File "/home/tom/.local/lib/python3.6/site-packages/flask/app.py", line 2446, in wsgi_app
    response = self.full_dispatch_request()
  File "/home/tom/.local/lib/python3.6/site-packages/flask/app.py", line 1952, in full_dispatch_request
    return self.finalize_request(rv)
  File "/home/tom/.local/lib/python3.6/site-packages/flask/app.py", line 1967, in finalize_request
    response = self.make_response(rv)
  File "/home/tom/.local/lib/python3.6/site-packages/flask/app.py", line 2097, in make_response
    "The view function did not return a valid response. The"
TypeError: The view function did not return a valid response. The function either returned None or ended without a return statement.
[2019-09-28 15:31:40,808] ERROR in app: Exception on /phpMyAdmin._2/index.php [GET]
Traceback (most recent call last):
  File "/home/tom/.local/lib/python3.6/site-packages/flask/app.py", line 2446, in wsgi_app
    response = self.full_dispatch_request()
  File "/home/tom/.local/lib/python3.6/site-packages/flask/app.py", line 1952, in full_dispatch_request
    return self.finalize_request(rv)
  File "/home/tom/.local/lib/python3.6/site-packages/flask/app.py", line 1967, in finalize_request
    response = self.make_response(rv)
  File "/home/tom/.local/lib/python3.6/site-packages/flask/app.py", line 2097, in make_response
    "The view function did not return a valid response. The"
TypeError: The view function did not return a valid response. The function either returned None or ended without a return statement.
[2019-09-28 15:31:41,245] ERROR in app: Exception on /phpmyadmin2222/index.php [GET]
Traceback (most recent call last):
  File "/home/tom/.local/lib/python3.6/site-packages/flask/app.py", line 2446, in wsgi_app
    response = self.full_dispatch_request()
  File "/home/tom/.local/lib/python3.6/site-packages/flask/app.py", line 1952, in full_dispatch_request
    return self.finalize_request(rv)
  File "/home/tom/.local/lib/python3.6/site-packages/flask/app.py", line 1967, in finalize_request
    response = self.make_response(rv)
  File "/home/tom/.local/lib/python3.6/site-packages/flask/app.py", line 2097, in make_response
    "The view function did not return a valid response. The"
TypeError: The view function did not return a valid response. The function either returned None or ended without a return statement.
[2019-09-28 15:31:41,671] ERROR in app: Exception on /phpmyadmin3333/index.php [GET]
Traceback (most recent call last):
  File "/home/tom/.local/lib/python3.6/site-packages/flask/app.py", line 2446, in wsgi_app
    response = self.full_dispatch_request()
  File "/home/tom/.local/lib/python3.6/site-packages/flask/app.py", line 1952, in full_dispatch_request
    return self.finalize_request(rv)
  File "/home/tom/.local/lib/python3.6/site-packages/flask/app.py", line 1967, in finalize_request
    response = self.make_response(rv)
  File "/home/tom/.local/lib/python3.6/site-packages/flask/app.py", line 2097, in make_response
    "The view function did not return a valid response. The"
TypeError: The view function did not return a valid response. The function either returned None or ended without a return statement.
[2019-09-28 15:31:42,103] ERROR in app: Exception on /php2MyAdmin/index.php [GET]
Traceback (most recent call last):
  File "/home/tom/.local/lib/python3.6/site-packages/flask/app.py", line 2446, in wsgi_app
    response = self.full_dispatch_request()
  File "/home/tom/.local/lib/python3.6/site-packages/flask/app.py", line 1952, in full_dispatch_request
    return self.finalize_request(rv)
  File "/home/tom/.local/lib/python3.6/site-packages/flask/app.py", line 1967, in finalize_request
    response = self.make_response(rv)
  File "/home/tom/.local/lib/python3.6/site-packages/flask/app.py", line 2097, in make_response
    "The view function did not return a valid response. The"
TypeError: The view function did not return a valid response. The function either returned None or ended without a return statement.
[2019-09-28 15:31:42,530] ERROR in app: Exception on /phpiMyAdmin/index.php [GET]
Traceback (most recent call last):
  File "/home/tom/.local/lib/python3.6/site-packages/flask/app.py", line 2446, in wsgi_app
    response = self.full_dispatch_request()
  File "/home/tom/.local/lib/python3.6/site-packages/flask/app.py", line 1952, in full_dispatch_request
    return self.finalize_request(rv)
  File "/home/tom/.local/lib/python3.6/site-packages/flask/app.py", line 1967, in finalize_request
    response = self.make_response(rv)
  File "/home/tom/.local/lib/python3.6/site-packages/flask/app.py", line 2097, in make_response
    "The view function did not return a valid response. The"
TypeError: The view function did not return a valid response. The function either returned None or ended without a return statement.
[2019-09-28 15:31:44,870] ERROR in app: Exception on /phpNyAdmin/index.php [GET]
Traceback (most recent call last):
  File "/home/tom/.local/lib/python3.6/site-packages/flask/app.py", line 2446, in wsgi_app
    response = self.full_dispatch_request()
  File "/home/tom/.local/lib/python3.6/site-packages/flask/app.py", line 1952, in full_dispatch_request
    return self.finalize_request(rv)
  File "/home/tom/.local/lib/python3.6/site-packages/flask/app.py", line 1967, in finalize_request
    response = self.make_response(rv)
  File "/home/tom/.local/lib/python3.6/site-packages/flask/app.py", line 2097, in make_response
    "The view function did not return a valid response. The"
TypeError: The view function did not return a valid response. The function either returned None or ended without a return statement.
[2019-09-28 15:31:45,304] ERROR in app: Exception on /1/index.php [GET]
Traceback (most recent call last):
  File "/home/tom/.local/lib/python3.6/site-packages/flask/app.py", line 2446, in wsgi_app
    response = self.full_dispatch_request()
  File "/home/tom/.local/lib/python3.6/site-packages/flask/app.py", line 1952, in full_dispatch_request
    return self.finalize_request(rv)
  File "/home/tom/.local/lib/python3.6/site-packages/flask/app.py", line 1967, in finalize_request
    response = self.make_response(rv)
  File "/home/tom/.local/lib/python3.6/site-packages/flask/app.py", line 2097, in make_response
    "The view function did not return a valid response. The"
TypeError: The view function did not return a valid response. The function either returned None or ended without a return statement.
[2019-09-28 15:31:45,734] ERROR in app: Exception on /download/index.php [GET]
Traceback (most recent call last):
  File "/home/tom/.local/lib/python3.6/site-packages/flask/app.py", line 2446, in wsgi_app
    response = self.full_dispatch_request()
  File "/home/tom/.local/lib/python3.6/site-packages/flask/app.py", line 1952, in full_dispatch_request
    return self.finalize_request(rv)
  File "/home/tom/.local/lib/python3.6/site-packages/flask/app.py", line 1967, in finalize_request
    response = self.make_response(rv)
  File "/home/tom/.local/lib/python3.6/site-packages/flask/app.py", line 2097, in make_response
    "The view function did not return a valid response. The"
TypeError: The view function did not return a valid response. The function either returned None or ended without a return statement.
[2019-09-28 15:31:46,171] ERROR in app: Exception on /phpMyAdmin_111/index.php [GET]
Traceback (most recent call last):
  File "/home/tom/.local/lib/python3.6/site-packages/flask/app.py", line 2446, in wsgi_app
    response = self.full_dispatch_request()
  File "/home/tom/.local/lib/python3.6/site-packages/flask/app.py", line 1952, in full_dispatch_request
    return self.finalize_request(rv)
  File "/home/tom/.local/lib/python3.6/site-packages/flask/app.py", line 1967, in finalize_request
    response = self.make_response(rv)
  File "/home/tom/.local/lib/python3.6/site-packages/flask/app.py", line 2097, in make_response
    "The view function did not return a valid response. The"
TypeError: The view function did not return a valid response. The function either returned None or ended without a return statement.
[2019-09-28 15:31:46,614] ERROR in app: Exception on /phpmadmin/index.php [GET]
Traceback (most recent call last):
  File "/home/tom/.local/lib/python3.6/site-packages/flask/app.py", line 2446, in wsgi_app
    response = self.full_dispatch_request()
  File "/home/tom/.local/lib/python3.6/site-packages/flask/app.py", line 1952, in full_dispatch_request
    return self.finalize_request(rv)
  File "/home/tom/.local/lib/python3.6/site-packages/flask/app.py", line 1967, in finalize_request
    response = self.make_response(rv)
  File "/home/tom/.local/lib/python3.6/site-packages/flask/app.py", line 2097, in make_response
    "The view function did not return a valid response. The"
TypeError: The view function did not return a valid response. The function either returned None or ended without a return statement.
[2019-09-28 15:31:47,065] ERROR in app: Exception on /321/index.php [GET]
Traceback (most recent call last):
  File "/home/tom/.local/lib/python3.6/site-packages/flask/app.py", line 2446, in wsgi_app
    response = self.full_dispatch_request()
  File "/home/tom/.local/lib/python3.6/site-packages/flask/app.py", line 1952, in full_dispatch_request
    return self.finalize_request(rv)
  File "/home/tom/.local/lib/python3.6/site-packages/flask/app.py", line 1967, in finalize_request
    response = self.make_response(rv)
  File "/home/tom/.local/lib/python3.6/site-packages/flask/app.py", line 2097, in make_response
    "The view function did not return a valid response. The"
TypeError: The view function did not return a valid response. The function either returned None or ended without a return statement.
[2019-09-28 15:31:48,265] ERROR in app: Exception on /123131/index.php [GET]
Traceback (most recent call last):
  File "/home/tom/.local/lib/python3.6/site-packages/flask/app.py", line 2446, in wsgi_app
    response = self.full_dispatch_request()
  File "/home/tom/.local/lib/python3.6/site-packages/flask/app.py", line 1952, in full_dispatch_request
    return self.finalize_request(rv)
  File "/home/tom/.local/lib/python3.6/site-packages/flask/app.py", line 1967, in finalize_request
    response = self.make_response(rv)
  File "/home/tom/.local/lib/python3.6/site-packages/flask/app.py", line 2097, in make_response
    "The view function did not return a valid response. The"
TypeError: The view function did not return a valid response. The function either returned None or ended without a return statement.
[2019-09-28 15:31:48,806] ERROR in app: Exception on /phpMyAdminn/index.php [GET]
Traceback (most recent call last):
  File "/home/tom/.local/lib/python3.6/site-packages/flask/app.py", line 2446, in wsgi_app
    response = self.full_dispatch_request()
  File "/home/tom/.local/lib/python3.6/site-packages/flask/app.py", line 1952, in full_dispatch_request
    return self.finalize_request(rv)
  File "/home/tom/.local/lib/python3.6/site-packages/flask/app.py", line 1967, in finalize_request
    response = self.make_response(rv)
  File "/home/tom/.local/lib/python3.6/site-packages/flask/app.py", line 2097, in make_response
    "The view function did not return a valid response. The"
TypeError: The view function did not return a valid response. The function either returned None or ended without a return statement.
[2019-09-28 15:31:49,259] ERROR in app: Exception on /phpMyAdminhf/index.php [GET]
Traceback (most recent call last):
  File "/home/tom/.local/lib/python3.6/site-packages/flask/app.py", line 2446, in wsgi_app
    response = self.full_dispatch_request()
  File "/home/tom/.local/lib/python3.6/site-packages/flask/app.py", line 1952, in full_dispatch_request
    return self.finalize_request(rv)
  File "/home/tom/.local/lib/python3.6/site-packages/flask/app.py", line 1967, in finalize_request
    response = self.make_response(rv)
  File "/home/tom/.local/lib/python3.6/site-packages/flask/app.py", line 2097, in make_response
    "The view function did not return a valid response. The"
TypeError: The view function did not return a valid response. The function either returned None or ended without a return statement.
[2019-09-28 15:31:49,711] ERROR in app: Exception on /sbb/index.php [GET]
Traceback (most recent call last):
  File "/home/tom/.local/lib/python3.6/site-packages/flask/app.py", line 2446, in wsgi_app
    response = self.full_dispatch_request()
  File "/home/tom/.local/lib/python3.6/site-packages/flask/app.py", line 1952, in full_dispatch_request
    return self.finalize_request(rv)
  File "/home/tom/.local/lib/python3.6/site-packages/flask/app.py", line 1967, in finalize_request
    response = self.make_response(rv)
  File "/home/tom/.local/lib/python3.6/site-packages/flask/app.py", line 2097, in make_response
    "The view function did not return a valid response. The"
TypeError: The view function did not return a valid response. The function either returned None or ended without a return statement.
[2019-09-28 15:31:50,163] ERROR in app: Exception on /WWW/phpMyAdmin/index.php [GET]
Traceback (most recent call last):
  File "/home/tom/.local/lib/python3.6/site-packages/flask/app.py", line 2446, in wsgi_app
    response = self.full_dispatch_request()
  File "/home/tom/.local/lib/python3.6/site-packages/flask/app.py", line 1952, in full_dispatch_request
    return self.finalize_request(rv)
  File "/home/tom/.local/lib/python3.6/site-packages/flask/app.py", line 1967, in finalize_request
    response = self.make_response(rv)
  File "/home/tom/.local/lib/python3.6/site-packages/flask/app.py", line 2097, in make_response
    "The view function did not return a valid response. The"
TypeError: The view function did not return a valid response. The function either returned None or ended without a return statement.
[2019-09-28 15:31:50,616] ERROR in app: Exception on /phpMyAdmln/index.php [GET]
Traceback (most recent call last):
  File "/home/tom/.local/lib/python3.6/site-packages/flask/app.py", line 2446, in wsgi_app
    response = self.full_dispatch_request()
  File "/home/tom/.local/lib/python3.6/site-packages/flask/app.py", line 1952, in full_dispatch_request
    return self.finalize_request(rv)
  File "/home/tom/.local/lib/python3.6/site-packages/flask/app.py", line 1967, in finalize_request
    response = self.make_response(rv)
  File "/home/tom/.local/lib/python3.6/site-packages/flask/app.py", line 2097, in make_response
    "The view function did not return a valid response. The"
TypeError: The view function did not return a valid response. The function either returned None or ended without a return statement.
[2019-09-28 15:31:51,068] ERROR in app: Exception on /phpMyAdmin_ai/index.php [GET]
Traceback (most recent call last):
  File "/home/tom/.local/lib/python3.6/site-packages/flask/app.py", line 2446, in wsgi_app
    response = self.full_dispatch_request()
  File "/home/tom/.local/lib/python3.6/site-packages/flask/app.py", line 1952, in full_dispatch_request
    return self.finalize_request(rv)
  File "/home/tom/.local/lib/python3.6/site-packages/flask/app.py", line 1967, in finalize_request
    response = self.make_response(rv)
  File "/home/tom/.local/lib/python3.6/site-packages/flask/app.py", line 2097, in make_response
    "The view function did not return a valid response. The"
TypeError: The view function did not return a valid response. The function either returned None or ended without a return statement.
[2019-09-28 15:31:51,521] ERROR in app: Exception on /program/index.php [GET]
Traceback (most recent call last):
  File "/home/tom/.local/lib/python3.6/site-packages/flask/app.py", line 2446, in wsgi_app
    response = self.full_dispatch_request()
  File "/home/tom/.local/lib/python3.6/site-packages/flask/app.py", line 1952, in full_dispatch_request
    return self.finalize_request(rv)
  File "/home/tom/.local/lib/python3.6/site-packages/flask/app.py", line 1967, in finalize_request
    response = self.make_response(rv)
  File "/home/tom/.local/lib/python3.6/site-packages/flask/app.py", line 2097, in make_response
    "The view function did not return a valid response. The"
TypeError: The view function did not return a valid response. The function either returned None or ended without a return statement.
[2019-09-28 15:31:52,808] ERROR in app: Exception on /shopdb/index.php [GET]
Traceback (most recent call last):
  File "/home/tom/.local/lib/python3.6/site-packages/flask/app.py", line 2446, in wsgi_app
    response = self.full_dispatch_request()
  File "/home/tom/.local/lib/python3.6/site-packages/flask/app.py", line 1952, in full_dispatch_request
    return self.finalize_request(rv)
  File "/home/tom/.local/lib/python3.6/site-packages/flask/app.py", line 1967, in finalize_request
    response = self.make_response(rv)
  File "/home/tom/.local/lib/python3.6/site-packages/flask/app.py", line 2097, in make_response
    "The view function did not return a valid response. The"
TypeError: The view function did not return a valid response. The function either returned None or ended without a return statement.
[2019-09-28 15:31:53,914] ERROR in app: Exception on /phppma/index.php [GET]
Traceback (most recent call last):
  File "/home/tom/.local/lib/python3.6/site-packages/flask/app.py", line 2446, in wsgi_app
    response = self.full_dispatch_request()
  File "/home/tom/.local/lib/python3.6/site-packages/flask/app.py", line 1952, in full_dispatch_request
    return self.finalize_request(rv)
  File "/home/tom/.local/lib/python3.6/site-packages/flask/app.py", line 1967, in finalize_request
    response = self.make_response(rv)
  File "/home/tom/.local/lib/python3.6/site-packages/flask/app.py", line 2097, in make_response
    "The view function did not return a valid response. The"
TypeError: The view function did not return a valid response. The function either returned None or ended without a return statement.
[2019-09-28 15:31:55,444] ERROR in app: Exception on /phpmy/index.php [GET]
Traceback (most recent call last):
  File "/home/tom/.local/lib/python3.6/site-packages/flask/app.py", line 2446, in wsgi_app
    response = self.full_dispatch_request()
  File "/home/tom/.local/lib/python3.6/site-packages/flask/app.py", line 1952, in full_dispatch_request
    return self.finalize_request(rv)
  File "/home/tom/.local/lib/python3.6/site-packages/flask/app.py", line 1967, in finalize_request
    response = self.make_response(rv)
  File "/home/tom/.local/lib/python3.6/site-packages/flask/app.py", line 2097, in make_response
    "The view function did not return a valid response. The"
TypeError: The view function did not return a valid response. The function either returned None or ended without a return statement.
[2019-09-28 15:31:55,898] ERROR in app: Exception on /mysql/admin/index.php [GET]
Traceback (most recent call last):
  File "/home/tom/.local/lib/python3.6/site-packages/flask/app.py", line 2446, in wsgi_app
    response = self.full_dispatch_request()
  File "/home/tom/.local/lib/python3.6/site-packages/flask/app.py", line 1952, in full_dispatch_request
    return self.finalize_request(rv)
  File "/home/tom/.local/lib/python3.6/site-packages/flask/app.py", line 1967, in finalize_request
    response = self.make_response(rv)
  File "/home/tom/.local/lib/python3.6/site-packages/flask/app.py", line 2097, in make_response
    "The view function did not return a valid response. The"
TypeError: The view function did not return a valid response. The function either returned None or ended without a return statement.
[2019-09-28 15:31:57,682] ERROR in app: Exception on /mysql/dbadmin/index.php [GET]
Traceback (most recent call last):
  File "/home/tom/.local/lib/python3.6/site-packages/flask/app.py", line 2446, in wsgi_app
    response = self.full_dispatch_request()
  File "/home/tom/.local/lib/python3.6/site-packages/flask/app.py", line 1952, in full_dispatch_request
    return self.finalize_request(rv)
  File "/home/tom/.local/lib/python3.6/site-packages/flask/app.py", line 1967, in finalize_request
    response = self.make_response(rv)
  File "/home/tom/.local/lib/python3.6/site-packages/flask/app.py", line 2097, in make_response
    "The view function did not return a valid response. The"
TypeError: The view function did not return a valid response. The function either returned None or ended without a return statement.
[2019-09-28 15:31:58,130] ERROR in app: Exception on /mysql/sqlmanager/index.php [GET]
Traceback (most recent call last):
  File "/home/tom/.local/lib/python3.6/site-packages/flask/app.py", line 2446, in wsgi_app
    response = self.full_dispatch_request()
  File "/home/tom/.local/lib/python3.6/site-packages/flask/app.py", line 1952, in full_dispatch_request
    return self.finalize_request(rv)
  File "/home/tom/.local/lib/python3.6/site-packages/flask/app.py", line 1967, in finalize_request
    response = self.make_response(rv)
  File "/home/tom/.local/lib/python3.6/site-packages/flask/app.py", line 2097, in make_response
    "The view function did not return a valid response. The"
TypeError: The view function did not return a valid response. The function either returned None or ended without a return statement.
[2019-09-28 15:31:58,585] ERROR in app: Exception on /mysql/mysqlmanager/index.php [GET]
Traceback (most recent call last):
  File "/home/tom/.local/lib/python3.6/site-packages/flask/app.py", line 2446, in wsgi_app
    response = self.full_dispatch_request()
  File "/home/tom/.local/lib/python3.6/site-packages/flask/app.py", line 1952, in full_dispatch_request
    return self.finalize_request(rv)
  File "/home/tom/.local/lib/python3.6/site-packages/flask/app.py", line 1967, in finalize_request
    response = self.make_response(rv)
  File "/home/tom/.local/lib/python3.6/site-packages/flask/app.py", line 2097, in make_response
    "The view function did not return a valid response. The"
TypeError: The view function did not return a valid response. The function either returned None or ended without a return statement.
[2019-09-28 15:31:59,035] ERROR in app: Exception on /wp-content/plugins/portable-phpmyadmin/wp-pma-mod/index.php [GET]
Traceback (most recent call last):
  File "/home/tom/.local/lib/python3.6/site-packages/flask/app.py", line 2446, in wsgi_app
    response = self.full_dispatch_request()
  File "/home/tom/.local/lib/python3.6/site-packages/flask/app.py", line 1952, in full_dispatch_request
    return self.finalize_request(rv)
  File "/home/tom/.local/lib/python3.6/site-packages/flask/app.py", line 1967, in finalize_request
    response = self.make_response(rv)
  File "/home/tom/.local/lib/python3.6/site-packages/flask/app.py", line 2097, in make_response
    "The view function did not return a valid response. The"
TypeError: The view function did not return a valid response. The function either returned None or ended without a return statement.
[2019-09-28 15:31:59,487] ERROR in app: Exception on /sqladmin/index.php [GET]
Traceback (most recent call last):
  File "/home/tom/.local/lib/python3.6/site-packages/flask/app.py", line 2446, in wsgi_app
    response = self.full_dispatch_request()
  File "/home/tom/.local/lib/python3.6/site-packages/flask/app.py", line 1952, in full_dispatch_request
    return self.finalize_request(rv)
  File "/home/tom/.local/lib/python3.6/site-packages/flask/app.py", line 1967, in finalize_request
    response = self.make_response(rv)
  File "/home/tom/.local/lib/python3.6/site-packages/flask/app.py", line 2097, in make_response
    "The view function did not return a valid response. The"
TypeError: The view function did not return a valid response. The function either returned None or ended without a return statement.
[2019-09-28 15:32:01,267] ERROR in app: Exception on /sql/index.php [GET]
Traceback (most recent call last):
  File "/home/tom/.local/lib/python3.6/site-packages/flask/app.py", line 2446, in wsgi_app
    response = self.full_dispatch_request()
  File "/home/tom/.local/lib/python3.6/site-packages/flask/app.py", line 1952, in full_dispatch_request
    return self.finalize_request(rv)
  File "/home/tom/.local/lib/python3.6/site-packages/flask/app.py", line 1967, in finalize_request
    response = self.make_response(rv)
  File "/home/tom/.local/lib/python3.6/site-packages/flask/app.py", line 2097, in make_response
    "The view function did not return a valid response. The"
TypeError: The view function did not return a valid response. The function either returned None or ended without a return statement.
[2019-09-28 15:32:01,719] ERROR in app: Exception on /SQL/index.php [GET]
Traceback (most recent call last):
  File "/home/tom/.local/lib/python3.6/site-packages/flask/app.py", line 2446, in wsgi_app
    response = self.full_dispatch_request()
  File "/home/tom/.local/lib/python3.6/site-packages/flask/app.py", line 1952, in full_dispatch_request
    return self.finalize_request(rv)
  File "/home/tom/.local/lib/python3.6/site-packages/flask/app.py", line 1967, in finalize_request
    response = self.make_response(rv)
  File "/home/tom/.local/lib/python3.6/site-packages/flask/app.py", line 2097, in make_response
    "The view function did not return a valid response. The"
TypeError: The view function did not return a valid response. The function either returned None or ended without a return statement.
[2019-09-28 15:32:02,171] ERROR in app: Exception on /websql/index.php [GET]
Traceback (most recent call last):
  File "/home/tom/.local/lib/python3.6/site-packages/flask/app.py", line 2446, in wsgi_app
    response = self.full_dispatch_request()
  File "/home/tom/.local/lib/python3.6/site-packages/flask/app.py", line 1952, in full_dispatch_request
    return self.finalize_request(rv)
  File "/home/tom/.local/lib/python3.6/site-packages/flask/app.py", line 1967, in finalize_request
    response = self.make_response(rv)
  File "/home/tom/.local/lib/python3.6/site-packages/flask/app.py", line 2097, in make_response
    "The view function did not return a valid response. The"
TypeError: The view function did not return a valid response. The function either returned None or ended without a return statement.
[2019-09-28 15:32:02,624] ERROR in app: Exception on /MySQLAdmin/index.php [GET]
Traceback (most recent call last):
  File "/home/tom/.local/lib/python3.6/site-packages/flask/app.py", line 2446, in wsgi_app
    response = self.full_dispatch_request()
  File "/home/tom/.local/lib/python3.6/site-packages/flask/app.py", line 1952, in full_dispatch_request
    return self.finalize_request(rv)
  File "/home/tom/.local/lib/python3.6/site-packages/flask/app.py", line 1967, in finalize_request
    response = self.make_response(rv)
  File "/home/tom/.local/lib/python3.6/site-packages/flask/app.py", line 2097, in make_response
    "The view function did not return a valid response. The"
TypeError: The view function did not return a valid response. The function either returned None or ended without a return statement.
[2019-09-28 15:32:03,077] ERROR in app: Exception on /manager/html [GET]
Traceback (most recent call last):
  File "/home/tom/.local/lib/python3.6/site-packages/flask/app.py", line 2446, in wsgi_app
    response = self.full_dispatch_request()
  File "/home/tom/.local/lib/python3.6/site-packages/flask/app.py", line 1952, in full_dispatch_request
    return self.finalize_request(rv)
  File "/home/tom/.local/lib/python3.6/site-packages/flask/app.py", line 1967, in finalize_request
    response = self.make_response(rv)
  File "/home/tom/.local/lib/python3.6/site-packages/flask/app.py", line 2097, in make_response
    "The view function did not return a valid response. The"
TypeError: The view function did not return a valid response. The function either returned None or ended without a return statement.
[2019-09-28 15:37:31 +0000] [28771] [INFO] Handling signal: term
[2019-09-28 15:37:31 +0000] [28783] [INFO] Worker exiting (pid: 28783)
[2019-09-28 15:37:31 +0000] [28782] [INFO] Worker exiting (pid: 28782)
[2019-09-28 15:37:31 +0000] [28785] [INFO] Worker exiting (pid: 28785)
[2019-09-28 15:37:31 +0000] [28786] [INFO] Worker exiting (pid: 28786)
[2019-09-28 15:37:31 +0000] [28784] [INFO] Worker exiting (pid: 28784)
[2019-09-28 15:37:32 +0000] [28771] [INFO] Shutting down: Master
[2019-09-28 15:37:35 +0000] [29539] [INFO] Starting gunicorn 19.9.0
[2019-09-28 15:37:35 +0000] [29539] [INFO] Listening at: unix:pythonapp.sock (29539)
[2019-09-28 15:37:35 +0000] [29539] [INFO] Using worker: sync
[2019-09-28 15:37:35 +0000] [29543] [INFO] Booting worker with pid: 29543
[2019-09-28 15:37:35 +0000] [29544] [INFO] Booting worker with pid: 29544
[2019-09-28 15:37:35 +0000] [29545] [INFO] Booting worker with pid: 29545
[2019-09-28 15:37:35 +0000] [29546] [INFO] Booting worker with pid: 29546
[2019-09-28 15:37:35 +0000] [29547] [INFO] Booting worker with pid: 29547
[2019-09-28 15:46:01,806] ERROR in app: Exception on /notexisting.php [GET]
Traceback (most recent call last):
  File "/home/tom/.local/lib/python3.6/site-packages/flask/app.py", line 2446, in wsgi_app
    response = self.full_dispatch_request()
  File "/home/tom/.local/lib/python3.6/site-packages/flask/app.py", line 1952, in full_dispatch_request
    return self.finalize_request(rv)
  File "/home/tom/.local/lib/python3.6/site-packages/flask/app.py", line 1967, in finalize_request
    response = self.make_response(rv)
  File "/home/tom/.local/lib/python3.6/site-packages/flask/app.py", line 2097, in make_response
    "The view function did not return a valid response. The"
TypeError: The view function did not return a valid response. The function either returned None or ended without a return statement.
[2019-09-28 15:46:03,744] ERROR in app: Exception on /notexisting.php [GET]
Traceback (most recent call last):
  File "/home/tom/.local/lib/python3.6/site-packages/flask/app.py", line 2446, in wsgi_app
    response = self.full_dispatch_request()
  File "/home/tom/.local/lib/python3.6/site-packages/flask/app.py", line 1952, in full_dispatch_request
    return self.finalize_request(rv)
  File "/home/tom/.local/lib/python3.6/site-packages/flask/app.py", line 1967, in finalize_request
    response = self.make_response(rv)
  File "/home/tom/.local/lib/python3.6/site-packages/flask/app.py", line 2097, in make_response
    "The view function did not return a valid response. The"
TypeError: The view function did not return a valid response. The function either returned None or ended without a return statement.
[2019-09-28 15:46:03,998] ERROR in app: Exception on /favicon.ico [GET]
Traceback (most recent call last):
  File "/home/tom/.local/lib/python3.6/site-packages/flask/app.py", line 2446, in wsgi_app
    response = self.full_dispatch_request()
  File "/home/tom/.local/lib/python3.6/site-packages/flask/app.py", line 1952, in full_dispatch_request
    return self.finalize_request(rv)
  File "/home/tom/.local/lib/python3.6/site-packages/flask/app.py", line 1967, in finalize_request
    response = self.make_response(rv)
  File "/home/tom/.local/lib/python3.6/site-packages/flask/app.py", line 2097, in make_response
    "The view function did not return a valid response. The"
TypeError: The view function did not return a valid response. The function either returned None or ended without a return statement.
[2019-09-28 15:46:05,750] ERROR in app: Exception on /notexisting.php [GET]
Traceback (most recent call last):
  File "/home/tom/.local/lib/python3.6/site-packages/flask/app.py", line 2446, in wsgi_app
    response = self.full_dispatch_request()
  File "/home/tom/.local/lib/python3.6/site-packages/flask/app.py", line 1952, in full_dispatch_request
    return self.finalize_request(rv)
  File "/home/tom/.local/lib/python3.6/site-packages/flask/app.py", line 1967, in finalize_request
    response = self.make_response(rv)
  File "/home/tom/.local/lib/python3.6/site-packages/flask/app.py", line 2097, in make_response
    "The view function did not return a valid response. The"
TypeError: The view function did not return a valid response. The function either returned None or ended without a return statement.
[2019-09-28 15:46:06,883] ERROR in app: Exception on /notexisting.php [GET]
Traceback (most recent call last):
  File "/home/tom/.local/lib/python3.6/site-packages/flask/app.py", line 2446, in wsgi_app
    response = self.full_dispatch_request()
  File "/home/tom/.local/lib/python3.6/site-packages/flask/app.py", line 1952, in full_dispatch_request
    return self.finalize_request(rv)
  File "/home/tom/.local/lib/python3.6/site-packages/flask/app.py", line 1967, in finalize_request
    response = self.make_response(rv)
  File "/home/tom/.local/lib/python3.6/site-packages/flask/app.py", line 2097, in make_response
    "The view function did not return a valid response. The"
TypeError: The view function did not return a valid response. The function either returned None or ended without a return statement.
[2019-09-28 15:46:08,034] ERROR in app: Exception on /notexisting.php [GET]
Traceback (most recent call last):
  File "/home/tom/.local/lib/python3.6/site-packages/flask/app.py", line 2446, in wsgi_app
    response = self.full_dispatch_request()
  File "/home/tom/.local/lib/python3.6/site-packages/flask/app.py", line 1952, in full_dispatch_request
    return self.finalize_request(rv)
  File "/home/tom/.local/lib/python3.6/site-packages/flask/app.py", line 1967, in finalize_request
    response = self.make_response(rv)
  File "/home/tom/.local/lib/python3.6/site-packages/flask/app.py", line 2097, in make_response
    "The view function did not return a valid response. The"
TypeError: The view function did not return a valid response. The function either returned None or ended without a return statement.
[2019-09-28 15:46:10,507] ERROR in app: Exception on /notexisting.php [GET]
Traceback (most recent call last):
  File "/home/tom/.local/lib/python3.6/site-packages/flask/app.py", line 2446, in wsgi_app
    response = self.full_dispatch_request()
  File "/home/tom/.local/lib/python3.6/site-packages/flask/app.py", line 1952, in full_dispatch_request
    return self.finalize_request(rv)
  File "/home/tom/.local/lib/python3.6/site-packages/flask/app.py", line 1967, in finalize_request
    response = self.make_response(rv)
  File "/home/tom/.local/lib/python3.6/site-packages/flask/app.py", line 2097, in make_response
    "The view function did not return a valid response. The"
TypeError: The view function did not return a valid response. The function either returned None or ended without a return statement.
[2019-09-28 15:46:10,723] ERROR in app: Exception on /notexisting.php [GET]
Traceback (most recent call last):
  File "/home/tom/.local/lib/python3.6/site-packages/flask/app.py", line 2446, in wsgi_app
    response = self.full_dispatch_request()
  File "/home/tom/.local/lib/python3.6/site-packages/flask/app.py", line 1952, in full_dispatch_request
    return self.finalize_request(rv)
  File "/home/tom/.local/lib/python3.6/site-packages/flask/app.py", line 1967, in finalize_request
    response = self.make_response(rv)
  File "/home/tom/.local/lib/python3.6/site-packages/flask/app.py", line 2097, in make_response
    "The view function did not return a valid response. The"
TypeError: The view function did not return a valid response. The function either returned None or ended without a return statement.
[2019-09-28 15:46:10,852] ERROR in app: Exception on /notexisting.php [GET]
Traceback (most recent call last):
  File "/home/tom/.local/lib/python3.6/site-packages/flask/app.py", line 2446, in wsgi_app
    response = self.full_dispatch_request()
  File "/home/tom/.local/lib/python3.6/site-packages/flask/app.py", line 1952, in full_dispatch_request
    return self.finalize_request(rv)
  File "/home/tom/.local/lib/python3.6/site-packages/flask/app.py", line 1967, in finalize_request
    response = self.make_response(rv)
  File "/home/tom/.local/lib/python3.6/site-packages/flask/app.py", line 2097, in make_response
    "The view function did not return a valid response. The"
TypeError: The view function did not return a valid response. The function either returned None or ended without a return statement.
[2019-09-28 15:46:10,999] ERROR in app: Exception on /notexisting.php [GET]
Traceback (most recent call last):
  File "/home/tom/.local/lib/python3.6/site-packages/flask/app.py", line 2446, in wsgi_app
    response = self.full_dispatch_request()
  File "/home/tom/.local/lib/python3.6/site-packages/flask/app.py", line 1952, in full_dispatch_request
    return self.finalize_request(rv)
  File "/home/tom/.local/lib/python3.6/site-packages/flask/app.py", line 1967, in finalize_request
    response = self.make_response(rv)
  File "/home/tom/.local/lib/python3.6/site-packages/flask/app.py", line 2097, in make_response
    "The view function did not return a valid response. The"
TypeError: The view function did not return a valid response. The function either returned None or ended without a return statement.
[2019-09-28 15:46:11,165] ERROR in app: Exception on /notexisting.php [GET]
Traceback (most recent call last):
  File "/home/tom/.local/lib/python3.6/site-packages/flask/app.py", line 2446, in wsgi_app
    response = self.full_dispatch_request()
  File "/home/tom/.local/lib/python3.6/site-packages/flask/app.py", line 1952, in full_dispatch_request
    return self.finalize_request(rv)
  File "/home/tom/.local/lib/python3.6/site-packages/flask/app.py", line 1967, in finalize_request
    response = self.make_response(rv)
  File "/home/tom/.local/lib/python3.6/site-packages/flask/app.py", line 2097, in make_response
    "The view function did not return a valid response. The"
TypeError: The view function did not return a valid response. The function either returned None or ended without a return statement.
[2019-09-28 15:46:11,284] ERROR in app: Exception on /notexisting.php [GET]
Traceback (most recent call last):
  File "/home/tom/.local/lib/python3.6/site-packages/flask/app.py", line 2446, in wsgi_app
    response = self.full_dispatch_request()
  File "/home/tom/.local/lib/python3.6/site-packages/flask/app.py", line 1952, in full_dispatch_request
    return self.finalize_request(rv)
  File "/home/tom/.local/lib/python3.6/site-packages/flask/app.py", line 1967, in finalize_request
    response = self.make_response(rv)
  File "/home/tom/.local/lib/python3.6/site-packages/flask/app.py", line 2097, in make_response
    "The view function did not return a valid response. The"
TypeError: The view function did not return a valid response. The function either returned None or ended without a return statement.
[2019-09-28 15:46:11,461] ERROR in app: Exception on /notexisting.php [GET]
Traceback (most recent call last):
  File "/home/tom/.local/lib/python3.6/site-packages/flask/app.py", line 2446, in wsgi_app
    response = self.full_dispatch_request()
  File "/home/tom/.local/lib/python3.6/site-packages/flask/app.py", line 1952, in full_dispatch_request
    return self.finalize_request(rv)
  File "/home/tom/.local/lib/python3.6/site-packages/flask/app.py", line 1967, in finalize_request
    response = self.make_response(rv)
  File "/home/tom/.local/lib/python3.6/site-packages/flask/app.py", line 2097, in make_response
    "The view function did not return a valid response. The"
TypeError: The view function did not return a valid response. The function either returned None or ended without a return statement.
[2019-09-28 15:46:12,324] ERROR in app: Exception on /notexisting.php [GET]
Traceback (most recent call last):
  File "/home/tom/.local/lib/python3.6/site-packages/flask/app.py", line 2446, in wsgi_app
    response = self.full_dispatch_request()
  File "/home/tom/.local/lib/python3.6/site-packages/flask/app.py", line 1952, in full_dispatch_request
    return self.finalize_request(rv)
  File "/home/tom/.local/lib/python3.6/site-packages/flask/app.py", line 1967, in finalize_request
    response = self.make_response(rv)
  File "/home/tom/.local/lib/python3.6/site-packages/flask/app.py", line 2097, in make_response
    "The view function did not return a valid response. The"
TypeError: The view function did not return a valid response. The function either returned None or ended without a return statement.
[2019-09-28 15:46:13,170] ERROR in app: Exception on /notexisting.php [GET]
Traceback (most recent call last):
  File "/home/tom/.local/lib/python3.6/site-packages/flask/app.py", line 2446, in wsgi_app
    response = self.full_dispatch_request()
  File "/home/tom/.local/lib/python3.6/site-packages/flask/app.py", line 1952, in full_dispatch_request
    return self.finalize_request(rv)
  File "/home/tom/.local/lib/python3.6/site-packages/flask/app.py", line 1967, in finalize_request
    response = self.make_response(rv)
  File "/home/tom/.local/lib/python3.6/site-packages/flask/app.py", line 2097, in make_response
    "The view function did not return a valid response. The"
TypeError: The view function did not return a valid response. The function either returned None or ended without a return statement.
[2019-09-28 16:19:18 +0000] [29539] [INFO] Handling signal: term
[2019-09-28 16:19:18 +0000] [29543] [INFO] Worker exiting (pid: 29543)
[2019-09-28 16:19:18 +0000] [29545] [INFO] Worker exiting (pid: 29545)
[2019-09-28 16:19:18 +0000] [29546] [INFO] Worker exiting (pid: 29546)
[2019-09-28 16:19:18 +0000] [29547] [INFO] Worker exiting (pid: 29547)
[2019-09-28 16:19:18 +0000] [29544] [INFO] Worker exiting (pid: 29544)
[2019-09-28 16:19:19 +0000] [29539] [INFO] Shutting down: Master
[2019-09-28 16:19:21 +0000] [30015] [INFO] Starting gunicorn 19.9.0
[2019-09-28 16:19:21 +0000] [30015] [INFO] Listening at: unix:pythonapp.sock (30015)
[2019-09-28 16:19:21 +0000] [30015] [INFO] Using worker: sync
[2019-09-28 16:19:21 +0000] [30019] [INFO] Booting worker with pid: 30019
[2019-09-28 16:19:21 +0000] [30020] [INFO] Booting worker with pid: 30020
[2019-09-28 16:19:21 +0000] [30021] [INFO] Booting worker with pid: 30021
[2019-09-28 16:19:21 +0000] [30022] [INFO] Booting worker with pid: 30022
[2019-09-28 16:19:22 +0000] [30023] [INFO] Booting worker with pid: 30023
[2019-09-28 16:21:39 +0000] [30015] [INFO] Handling signal: term
[2019-09-28 16:21:39 +0000] [30020] [INFO] Worker exiting (pid: 30020)
[2019-09-28 16:21:39 +0000] [30019] [INFO] Worker exiting (pid: 30019)
[2019-09-28 16:21:39 +0000] [30021] [INFO] Worker exiting (pid: 30021)
[2019-09-28 16:21:39 +0000] [30023] [INFO] Worker exiting (pid: 30023)
[2019-09-28 16:21:39 +0000] [30022] [INFO] Worker exiting (pid: 30022)
[2019-09-28 16:21:40 +0000] [30015] [INFO] Shutting down: Master
[2019-09-28 16:21:43 +0000] [30162] [INFO] Starting gunicorn 19.9.0
[2019-09-28 16:21:43 +0000] [30162] [INFO] Listening at: unix:pythonapp.sock (30162)
[2019-09-28 16:21:43 +0000] [30162] [INFO] Using worker: sync
[2019-09-28 16:21:43 +0000] [30166] [INFO] Booting worker with pid: 30166
[2019-09-28 16:21:43 +0000] [30167] [INFO] Booting worker with pid: 30167
[2019-09-28 16:21:43 +0000] [30168] [INFO] Booting worker with pid: 30168
[2019-09-28 16:21:43 +0000] [30169] [INFO] Booting worker with pid: 30169
[2019-09-28 16:21:43 +0000] [30170] [INFO] Booting worker with pid: 30170
[2019-09-28 16:26:39,620] ERROR in app: Exception on /v1/agent/self [GET]
Traceback (most recent call last):
  File "/home/tom/.local/lib/python3.6/site-packages/flask/app.py", line 2446, in wsgi_app
    response = self.full_dispatch_request()
  File "/home/tom/.local/lib/python3.6/site-packages/flask/app.py", line 1952, in full_dispatch_request
    return self.finalize_request(rv)
  File "/home/tom/.local/lib/python3.6/site-packages/flask/app.py", line 1967, in finalize_request
    response = self.make_response(rv)
  File "/home/tom/.local/lib/python3.6/site-packages/flask/app.py", line 2097, in make_response
    "The view function did not return a valid response. The"
TypeError: The view function did not return a valid response. The function either returned None or ended without a return statement.
[2019-09-28 16:28:32 +0000] [30162] [INFO] Handling signal: term
[2019-09-28 16:28:32 +0000] [30167] [INFO] Worker exiting (pid: 30167)
[2019-09-28 16:28:32 +0000] [30166] [INFO] Worker exiting (pid: 30166)
[2019-09-28 16:28:32 +0000] [30168] [INFO] Worker exiting (pid: 30168)
[2019-09-28 16:28:32 +0000] [30169] [INFO] Worker exiting (pid: 30169)
[2019-09-28 16:28:32 +0000] [30170] [INFO] Worker exiting (pid: 30170)
[2019-09-28 16:28:33 +0000] [30162] [INFO] Shutting down: Master
[2019-09-28 16:28:36 +0000] [30255] [INFO] Starting gunicorn 19.9.0
[2019-09-28 16:28:36 +0000] [30255] [INFO] Listening at: unix:pythonapp.sock (30255)
[2019-09-28 16:28:36 +0000] [30255] [INFO] Using worker: sync
[2019-09-28 16:28:36 +0000] [30258] [INFO] Booting worker with pid: 30258
[2019-09-28 16:28:36 +0000] [30259] [INFO] Booting worker with pid: 30259
[2019-09-28 16:28:36 +0000] [30260] [INFO] Booting worker with pid: 30260
[2019-09-28 16:28:36 +0000] [30261] [INFO] Booting worker with pid: 30261
[2019-09-28 16:28:36 +0000] [30262] [INFO] Booting worker with pid: 30262
[2019-09-28 16:44:05 +0000] [30255] [INFO] Handling signal: term
[2019-09-28 16:44:05 +0000] [30258] [INFO] Worker exiting (pid: 30258)
[2019-09-28 16:44:05 +0000] [30259] [INFO] Worker exiting (pid: 30259)
[2019-09-28 16:44:05 +0000] [30261] [INFO] Worker exiting (pid: 30261)
[2019-09-28 16:44:05 +0000] [30262] [INFO] Worker exiting (pid: 30262)
[2019-09-28 16:44:05 +0000] [30260] [INFO] Worker exiting (pid: 30260)
[2019-09-28 16:44:06 +0000] [30255] [INFO] Shutting down: Master
[2019-09-28 16:44:09 +0000] [30394] [INFO] Starting gunicorn 19.9.0
[2019-09-28 16:44:09 +0000] [30394] [INFO] Listening at: unix:pythonapp.sock (30394)
[2019-09-28 16:44:09 +0000] [30394] [INFO] Using worker: sync
[2019-09-28 16:44:09 +0000] [30400] [INFO] Booting worker with pid: 30400
[2019-09-28 16:44:09 +0000] [30401] [INFO] Booting worker with pid: 30401
[2019-09-28 16:44:09 +0000] [30402] [INFO] Booting worker with pid: 30402
[2019-09-28 16:44:09 +0000] [30403] [INFO] Booting worker with pid: 30403
[2019-09-28 16:44:09 +0000] [30404] [INFO] Booting worker with pid: 30404
[2019-09-28 16:44:51,157] ERROR in app: Exception on /games/leaderboard/ [POST]
Traceback (most recent call last):
  File "/home/tom/.local/lib/python3.6/site-packages/flask/app.py", line 2446, in wsgi_app
    response = self.full_dispatch_request()
  File "/home/tom/.local/lib/python3.6/site-packages/flask/app.py", line 1951, in full_dispatch_request
    rv = self.handle_user_exception(e)
  File "/home/tom/.local/lib/python3.6/site-packages/flask/app.py", line 1820, in handle_user_exception
    reraise(exc_type, exc_value, tb)
  File "/home/tom/.local/lib/python3.6/site-packages/flask/_compat.py", line 39, in reraise
    raise value
  File "/home/tom/.local/lib/python3.6/site-packages/flask/app.py", line 1949, in full_dispatch_request
    rv = self.dispatch_request()
  File "/home/tom/.local/lib/python3.6/site-packages/flask/app.py", line 1935, in dispatch_request
    return self.view_functions[rule.endpoint](**req.view_args)
  File "/home/tom/pythonapp/app.py", line 58, in leaderboard
    flask.redirect("/games/leaderboard.html")
NameError: name 'flask' is not defined
[2019-09-28 16:45:45 +0000] [30394] [INFO] Handling signal: term
[2019-09-28 16:45:45 +0000] [30401] [INFO] Worker exiting (pid: 30401)
[2019-09-28 16:45:45 +0000] [30400] [INFO] Worker exiting (pid: 30400)
[2019-09-28 16:45:45 +0000] [30403] [INFO] Worker exiting (pid: 30403)
[2019-09-28 16:45:45 +0000] [30402] [INFO] Worker exiting (pid: 30402)
[2019-09-28 16:45:45 +0000] [30404] [INFO] Worker exiting (pid: 30404)
[2019-09-28 16:45:46 +0000] [30394] [INFO] Shutting down: Master
[2019-09-28 16:45:48 +0000] [30442] [INFO] Starting gunicorn 19.9.0
[2019-09-28 16:45:48 +0000] [30442] [INFO] Listening at: unix:pythonapp.sock (30442)
[2019-09-28 16:45:48 +0000] [30442] [INFO] Using worker: sync
[2019-09-28 16:45:48 +0000] [30445] [INFO] Booting worker with pid: 30445
[2019-09-28 16:45:48 +0000] [30446] [INFO] Booting worker with pid: 30446
[2019-09-28 16:45:49 +0000] [30447] [INFO] Booting worker with pid: 30447
[2019-09-28 16:45:49 +0000] [30448] [INFO] Booting worker with pid: 30448
[2019-09-28 16:45:49 +0000] [30449] [INFO] Booting worker with pid: 30449
[2019-09-28 16:45:50,525] ERROR in app: Exception on /games/leaderboard/ [POST]
Traceback (most recent call last):
  File "/home/tom/.local/lib/python3.6/site-packages/flask/app.py", line 2446, in wsgi_app
    response = self.full_dispatch_request()
  File "/home/tom/.local/lib/python3.6/site-packages/flask/app.py", line 1951, in full_dispatch_request
    rv = self.handle_user_exception(e)
  File "/home/tom/.local/lib/python3.6/site-packages/flask/app.py", line 1820, in handle_user_exception
    reraise(exc_type, exc_value, tb)
  File "/home/tom/.local/lib/python3.6/site-packages/flask/_compat.py", line 39, in reraise
    raise value
  File "/home/tom/.local/lib/python3.6/site-packages/flask/app.py", line 1949, in full_dispatch_request
    rv = self.dispatch_request()
  File "/home/tom/.local/lib/python3.6/site-packages/flask/app.py", line 1935, in dispatch_request
    return self.view_functions[rule.endpoint](**req.view_args)
  File "/home/tom/pythonapp/app.py", line 58, in leaderboard
    redirect("/games/leaderboard.html")
NameError: name 'redirect' is not defined
[2019-09-28 16:46:29,112] ERROR in app: Exception on /games/leaderboard/ [POST]
Traceback (most recent call last):
  File "/home/tom/.local/lib/python3.6/site-packages/flask/app.py", line 2446, in wsgi_app
    response = self.full_dispatch_request()
  File "/home/tom/.local/lib/python3.6/site-packages/flask/app.py", line 1951, in full_dispatch_request
    rv = self.handle_user_exception(e)
  File "/home/tom/.local/lib/python3.6/site-packages/flask/app.py", line 1820, in handle_user_exception
    reraise(exc_type, exc_value, tb)
  File "/home/tom/.local/lib/python3.6/site-packages/flask/_compat.py", line 39, in reraise
    raise value
  File "/home/tom/.local/lib/python3.6/site-packages/flask/app.py", line 1949, in full_dispatch_request
    rv = self.dispatch_request()
  File "/home/tom/.local/lib/python3.6/site-packages/flask/app.py", line 1935, in dispatch_request
    return self.view_functions[rule.endpoint](**req.view_args)
  File "/home/tom/pythonapp/app.py", line 58, in leaderboard
    redirect("/games/leaderboard.html")
NameError: name 'redirect' is not defined
[2019-09-28 16:46:38,419] ERROR in app: Exception on /HNAP1/ [GET]
Traceback (most recent call last):
  File "/home/tom/.local/lib/python3.6/site-packages/flask/app.py", line 2446, in wsgi_app
    response = self.full_dispatch_request()
  File "/home/tom/.local/lib/python3.6/site-packages/flask/app.py", line 1952, in full_dispatch_request
    return self.finalize_request(rv)
  File "/home/tom/.local/lib/python3.6/site-packages/flask/app.py", line 1967, in finalize_request
    response = self.make_response(rv)
  File "/home/tom/.local/lib/python3.6/site-packages/flask/app.py", line 2097, in make_response
    "The view function did not return a valid response. The"
TypeError: The view function did not return a valid response. The function either returned None or ended without a return statement.
[2019-09-28 16:47:25 +0000] [30442] [INFO] Handling signal: term
[2019-09-28 16:47:25 +0000] [30447] [INFO] Worker exiting (pid: 30447)
[2019-09-28 16:47:25 +0000] [30445] [INFO] Worker exiting (pid: 30445)
[2019-09-28 16:47:25 +0000] [30446] [INFO] Worker exiting (pid: 30446)
[2019-09-28 16:47:25 +0000] [30448] [INFO] Worker exiting (pid: 30448)
[2019-09-28 16:47:25 +0000] [30449] [INFO] Worker exiting (pid: 30449)
[2019-09-28 16:47:25 +0000] [30442] [INFO] Shutting down: Master
[2019-09-28 16:47:28 +0000] [30476] [INFO] Starting gunicorn 19.9.0
[2019-09-28 16:47:28 +0000] [30476] [INFO] Listening at: unix:pythonapp.sock (30476)
[2019-09-28 16:47:28 +0000] [30476] [INFO] Using worker: sync
[2019-09-28 16:47:28 +0000] [30480] [INFO] Booting worker with pid: 30480
[2019-09-28 16:47:28 +0000] [30481] [INFO] Booting worker with pid: 30481
[2019-09-28 16:47:28 +0000] [30482] [INFO] Booting worker with pid: 30482
[2019-09-28 16:47:28 +0000] [30483] [INFO] Booting worker with pid: 30483
[2019-09-28 16:47:28 +0000] [30484] [INFO] Booting worker with pid: 30484
[2019-09-28 16:47:31,674] ERROR in app: Exception on /games/leaderboard.html [GET]
Traceback (most recent call last):
  File "/home/tom/.local/lib/python3.6/site-packages/flask/app.py", line 2446, in wsgi_app
    response = self.full_dispatch_request()
  File "/home/tom/.local/lib/python3.6/site-packages/flask/app.py", line 1952, in full_dispatch_request
    return self.finalize_request(rv)
  File "/home/tom/.local/lib/python3.6/site-packages/flask/app.py", line 1967, in finalize_request
    response = self.make_response(rv)
  File "/home/tom/.local/lib/python3.6/site-packages/flask/app.py", line 2097, in make_response
    "The view function did not return a valid response. The"
TypeError: The view function did not return a valid response. The function either returned None or ended without a return statement.
[2019-09-28 16:47:36,310] ERROR in app: Exception on /games/leaderboard.html [GET]
Traceback (most recent call last):
  File "/home/tom/.local/lib/python3.6/site-packages/flask/app.py", line 2446, in wsgi_app
    response = self.full_dispatch_request()
  File "/home/tom/.local/lib/python3.6/site-packages/flask/app.py", line 1952, in full_dispatch_request
    return self.finalize_request(rv)
  File "/home/tom/.local/lib/python3.6/site-packages/flask/app.py", line 1967, in finalize_request
    response = self.make_response(rv)
  File "/home/tom/.local/lib/python3.6/site-packages/flask/app.py", line 2097, in make_response
    "The view function did not return a valid response. The"
TypeError: The view function did not return a valid response. The function either returned None or ended without a return statement.
[2019-09-28 16:48:12,000] ERROR in app: Exception on /games/leaderboard.html [GET]
Traceback (most recent call last):
  File "/home/tom/.local/lib/python3.6/site-packages/flask/app.py", line 2446, in wsgi_app
    response = self.full_dispatch_request()
  File "/home/tom/.local/lib/python3.6/site-packages/flask/app.py", line 1952, in full_dispatch_request
    return self.finalize_request(rv)
  File "/home/tom/.local/lib/python3.6/site-packages/flask/app.py", line 1967, in finalize_request
    response = self.make_response(rv)
  File "/home/tom/.local/lib/python3.6/site-packages/flask/app.py", line 2097, in make_response
    "The view function did not return a valid response. The"
TypeError: The view function did not return a valid response. The function either returned None or ended without a return statement.
[2019-09-28 16:49:04,696] ERROR in app: Exception on /games/leaderboard/uhfsgdua [GET]
Traceback (most recent call last):
  File "/home/tom/.local/lib/python3.6/site-packages/flask/app.py", line 2446, in wsgi_app
    response = self.full_dispatch_request()
  File "/home/tom/.local/lib/python3.6/site-packages/flask/app.py", line 1952, in full_dispatch_request
    return self.finalize_request(rv)
  File "/home/tom/.local/lib/python3.6/site-packages/flask/app.py", line 1967, in finalize_request
    response = self.make_response(rv)
  File "/home/tom/.local/lib/python3.6/site-packages/flask/app.py", line 2097, in make_response
    "The view function did not return a valid response. The"
TypeError: The view function did not return a valid response. The function either returned None or ended without a return statement.
[2019-09-28 16:49:10,875] ERROR in app: Exception on /asff [GET]
Traceback (most recent call last):
  File "/home/tom/.local/lib/python3.6/site-packages/flask/app.py", line 2446, in wsgi_app
    response = self.full_dispatch_request()
  File "/home/tom/.local/lib/python3.6/site-packages/flask/app.py", line 1952, in full_dispatch_request
    return self.finalize_request(rv)
  File "/home/tom/.local/lib/python3.6/site-packages/flask/app.py", line 1967, in finalize_request
    response = self.make_response(rv)
  File "/home/tom/.local/lib/python3.6/site-packages/flask/app.py", line 2097, in make_response
    "The view function did not return a valid response. The"
TypeError: The view function did not return a valid response. The function either returned None or ended without a return statement.
[2019-09-28 16:49:14,606] ERROR in app: Exception on /sdkmkmasf [GET]
Traceback (most recent call last):
  File "/home/tom/.local/lib/python3.6/site-packages/flask/app.py", line 2446, in wsgi_app
    response = self.full_dispatch_request()
  File "/home/tom/.local/lib/python3.6/site-packages/flask/app.py", line 1952, in full_dispatch_request
    return self.finalize_request(rv)
  File "/home/tom/.local/lib/python3.6/site-packages/flask/app.py", line 1967, in finalize_request
    response = self.make_response(rv)
  File "/home/tom/.local/lib/python3.6/site-packages/flask/app.py", line 2097, in make_response
    "The view function did not return a valid response. The"
TypeError: The view function did not return a valid response. The function either returned None or ended without a return statement.
[2019-09-28 16:51:06 +0000] [30476] [INFO] Handling signal: term
[2019-09-28 16:51:06 +0000] [30480] [INFO] Worker exiting (pid: 30480)
[2019-09-28 16:51:06 +0000] [30481] [INFO] Worker exiting (pid: 30481)
[2019-09-28 16:51:06 +0000] [30482] [INFO] Worker exiting (pid: 30482)
[2019-09-28 16:51:06 +0000] [30483] [INFO] Worker exiting (pid: 30483)
[2019-09-28 16:51:06 +0000] [30484] [INFO] Worker exiting (pid: 30484)
[2019-09-28 16:51:07 +0000] [30476] [INFO] Shutting down: Master
[2019-09-28 16:51:09 +0000] [30518] [INFO] Starting gunicorn 19.9.0
[2019-09-28 16:51:09 +0000] [30518] [INFO] Listening at: unix:pythonapp.sock (30518)
[2019-09-28 16:51:09 +0000] [30518] [INFO] Using worker: sync
[2019-09-28 16:51:09 +0000] [30521] [INFO] Booting worker with pid: 30521
[2019-09-28 16:51:10 +0000] [30522] [INFO] Booting worker with pid: 30522
[2019-09-28 16:51:10 +0000] [30523] [INFO] Booting worker with pid: 30523
[2019-09-28 16:51:10 +0000] [30524] [INFO] Booting worker with pid: 30524
[2019-09-28 16:51:10 +0000] [30525] [INFO] Booting worker with pid: 30525
[2019-09-28 16:55:36 +0000] [30523] [INFO] Worker exiting (pid: 30523)
[2019-09-28 16:55:36 +0000] [30521] [INFO] Worker exiting (pid: 30521)
[2019-09-28 16:55:36 +0000] [30522] [INFO] Worker exiting (pid: 30522)
[2019-09-28 16:55:36 +0000] [30525] [INFO] Worker exiting (pid: 30525)
[2019-09-28 16:55:36 +0000] [30518] [INFO] Handling signal: term
[2019-09-28 16:55:36 +0000] [30524] [INFO] Worker exiting (pid: 30524)
[2019-09-28 16:55:36 +0000] [30518] [INFO] Shutting down: Master
[2019-09-28 16:55:39 +0000] [30668] [INFO] Starting gunicorn 19.9.0
[2019-09-28 16:55:39 +0000] [30668] [INFO] Listening at: unix:pythonapp.sock (30668)
[2019-09-28 16:55:39 +0000] [30668] [INFO] Using worker: sync
[2019-09-28 16:55:39 +0000] [30671] [INFO] Booting worker with pid: 30671
[2019-09-28 16:55:39 +0000] [30672] [INFO] Booting worker with pid: 30672
[2019-09-28 16:55:39 +0000] [30673] [INFO] Booting worker with pid: 30673
[2019-09-28 16:55:39 +0000] [30674] [INFO] Booting worker with pid: 30674
[2019-09-28 16:55:39 +0000] [30675] [INFO] Booting worker with pid: 30675
[2019-09-28 16:56:23 +0000] [30668] [INFO] Handling signal: term
[2019-09-28 16:56:23 +0000] [30671] [INFO] Worker exiting (pid: 30671)
[2019-09-28 16:56:23 +0000] [30673] [INFO] Worker exiting (pid: 30673)
[2019-09-28 16:56:23 +0000] [30675] [INFO] Worker exiting (pid: 30675)
[2019-09-28 16:56:23 +0000] [30672] [INFO] Worker exiting (pid: 30672)
[2019-09-28 16:56:23 +0000] [30674] [INFO] Worker exiting (pid: 30674)
[2019-09-28 16:56:24 +0000] [30668] [INFO] Shutting down: Master
[2019-09-28 16:56:27 +0000] [30706] [INFO] Starting gunicorn 19.9.0
[2019-09-28 16:56:27 +0000] [30706] [INFO] Listening at: unix:pythonapp.sock (30706)
[2019-09-28 16:56:27 +0000] [30706] [INFO] Using worker: sync
[2019-09-28 16:56:27 +0000] [30710] [INFO] Booting worker with pid: 30710
[2019-09-28 16:56:27 +0000] [30711] [INFO] Booting worker with pid: 30711
[2019-09-28 16:56:27 +0000] [30712] [INFO] Booting worker with pid: 30712
[2019-09-28 16:56:27 +0000] [30713] [INFO] Booting worker with pid: 30713
[2019-09-28 16:56:27 +0000] [30714] [INFO] Booting worker with pid: 30714
[2019-09-28 16:57:11 +0000] [30710] [INFO] Worker exiting (pid: 30710)
[2019-09-28 16:57:11 +0000] [30712] [INFO] Worker exiting (pid: 30712)
[2019-09-28 16:57:11 +0000] [30713] [INFO] Worker exiting (pid: 30713)
[2019-09-28 16:57:11 +0000] [30711] [INFO] Worker exiting (pid: 30711)
[2019-09-28 16:57:11 +0000] [30714] [INFO] Worker exiting (pid: 30714)
[2019-09-28 16:57:11 +0000] [30706] [INFO] Handling signal: term
[2019-09-28 16:57:11 +0000] [30706] [INFO] Shutting down: Master
[2019-09-28 16:57:14 +0000] [30744] [INFO] Starting gunicorn 19.9.0
[2019-09-28 16:57:14 +0000] [30744] [INFO] Listening at: unix:pythonapp.sock (30744)
[2019-09-28 16:57:14 +0000] [30744] [INFO] Using worker: sync
[2019-09-28 16:57:14 +0000] [30747] [INFO] Booting worker with pid: 30747
[2019-09-28 16:57:14 +0000] [30748] [INFO] Booting worker with pid: 30748
[2019-09-28 16:57:14 +0000] [30749] [INFO] Booting worker with pid: 30749
[2019-09-28 16:57:14 +0000] [30750] [INFO] Booting worker with pid: 30750
[2019-09-28 16:57:14 +0000] [30751] [INFO] Booting worker with pid: 30751
[2019-09-28 16:58:15 +0000] [30744] [INFO] Handling signal: term
[2019-09-28 16:58:15 +0000] [30749] [INFO] Worker exiting (pid: 30749)
[2019-09-28 16:58:15 +0000] [30748] [INFO] Worker exiting (pid: 30748)
[2019-09-28 16:58:15 +0000] [30747] [INFO] Worker exiting (pid: 30747)
[2019-09-28 16:58:15 +0000] [30750] [INFO] Worker exiting (pid: 30750)
[2019-09-28 16:58:15 +0000] [30751] [INFO] Worker exiting (pid: 30751)
[2019-09-28 16:58:15 +0000] [30744] [INFO] Shutting down: Master
[2019-09-28 16:58:18 +0000] [30783] [INFO] Starting gunicorn 19.9.0
[2019-09-28 16:58:18 +0000] [30783] [INFO] Listening at: unix:pythonapp.sock (30783)
[2019-09-28 16:58:18 +0000] [30783] [INFO] Using worker: sync
[2019-09-28 16:58:18 +0000] [30787] [INFO] Booting worker with pid: 30787
[2019-09-28 16:58:18 +0000] [30788] [INFO] Booting worker with pid: 30788
[2019-09-28 16:58:18 +0000] [30789] [INFO] Booting worker with pid: 30789
[2019-09-28 16:58:18 +0000] [30790] [INFO] Booting worker with pid: 30790
[2019-09-28 16:58:18 +0000] [30791] [INFO] Booting worker with pid: 30791
[2019-09-28 16:58:45,796] ERROR in app: Exception on /games/leaderboard.html [GET]
Traceback (most recent call last):
  File "/home/tom/.local/lib/python3.6/site-packages/flask/app.py", line 2446, in wsgi_app
    response = self.full_dispatch_request()
  File "/home/tom/.local/lib/python3.6/site-packages/flask/app.py", line 1952, in full_dispatch_request
    return self.finalize_request(rv)
  File "/home/tom/.local/lib/python3.6/site-packages/flask/app.py", line 1967, in finalize_request
    response = self.make_response(rv)
  File "/home/tom/.local/lib/python3.6/site-packages/flask/app.py", line 2097, in make_response
    "The view function did not return a valid response. The"
TypeError: The view function did not return a valid response. The function either returned None or ended without a return statement.
[2019-09-28 17:00:07 +0000] [30783] [INFO] Handling signal: term
[2019-09-28 17:00:07 +0000] [30790] [INFO] Worker exiting (pid: 30790)
[2019-09-28 17:00:07 +0000] [30788] [INFO] Worker exiting (pid: 30788)
[2019-09-28 17:00:07 +0000] [30787] [INFO] Worker exiting (pid: 30787)
[2019-09-28 17:00:07 +0000] [30791] [INFO] Worker exiting (pid: 30791)
[2019-09-28 17:00:07 +0000] [30789] [INFO] Worker exiting (pid: 30789)
[2019-09-28 17:00:07 +0000] [30783] [INFO] Shutting down: Master
[2019-09-28 17:00:10 +0000] [30816] [INFO] Starting gunicorn 19.9.0
[2019-09-28 17:00:10 +0000] [30816] [INFO] Listening at: unix:pythonapp.sock (30816)
[2019-09-28 17:00:10 +0000] [30816] [INFO] Using worker: sync
[2019-09-28 17:00:10 +0000] [30820] [INFO] Booting worker with pid: 30820
[2019-09-28 17:00:10 +0000] [30821] [INFO] Booting worker with pid: 30821
[2019-09-28 17:00:10 +0000] [30822] [INFO] Booting worker with pid: 30822
[2019-09-28 17:00:10 +0000] [30823] [INFO] Booting worker with pid: 30823
[2019-09-28 17:00:10 +0000] [30824] [INFO] Booting worker with pid: 30824
[2019-09-28 17:00:12,156] ERROR in app: Exception on /games/leaderboard.html [GET]
Traceback (most recent call last):
  File "/home/tom/.local/lib/python3.6/site-packages/flask/app.py", line 2446, in wsgi_app
    response = self.full_dispatch_request()
  File "/home/tom/.local/lib/python3.6/site-packages/flask/app.py", line 1952, in full_dispatch_request
    return self.finalize_request(rv)
  File "/home/tom/.local/lib/python3.6/site-packages/flask/app.py", line 1967, in finalize_request
    response = self.make_response(rv)
  File "/home/tom/.local/lib/python3.6/site-packages/flask/app.py", line 2097, in make_response
    "The view function did not return a valid response. The"
TypeError: The view function did not return a valid response. The function either returned None or ended without a return statement.
[2019-09-28 17:00:41,603] ERROR in app: Exception on /static/hello/ [GET]
Traceback (most recent call last):
  File "/home/tom/.local/lib/python3.6/site-packages/flask/app.py", line 2446, in wsgi_app
    response = self.full_dispatch_request()
  File "/home/tom/.local/lib/python3.6/site-packages/flask/app.py", line 1952, in full_dispatch_request
    return self.finalize_request(rv)
  File "/home/tom/.local/lib/python3.6/site-packages/flask/app.py", line 1967, in finalize_request
    response = self.make_response(rv)
  File "/home/tom/.local/lib/python3.6/site-packages/flask/app.py", line 2097, in make_response
    "The view function did not return a valid response. The"
TypeError: The view function did not return a valid response. The function either returned None or ended without a return statement.
[2019-09-28 17:00:44,688] ERROR in app: Exception on /static/ [GET]
Traceback (most recent call last):
  File "/home/tom/.local/lib/python3.6/site-packages/flask/app.py", line 2446, in wsgi_app
    response = self.full_dispatch_request()
  File "/home/tom/.local/lib/python3.6/site-packages/flask/app.py", line 1952, in full_dispatch_request
    return self.finalize_request(rv)
  File "/home/tom/.local/lib/python3.6/site-packages/flask/app.py", line 1967, in finalize_request
    response = self.make_response(rv)
  File "/home/tom/.local/lib/python3.6/site-packages/flask/app.py", line 2097, in make_response
    "The view function did not return a valid response. The"
TypeError: The view function did not return a valid response. The function either returned None or ended without a return statement.
[2019-09-28 17:02:08,472] ERROR in app: Exception on /games/leaderboard.html [GET]
Traceback (most recent call last):
  File "/home/tom/.local/lib/python3.6/site-packages/flask/app.py", line 2446, in wsgi_app
    response = self.full_dispatch_request()
  File "/home/tom/.local/lib/python3.6/site-packages/flask/app.py", line 1952, in full_dispatch_request
    return self.finalize_request(rv)
  File "/home/tom/.local/lib/python3.6/site-packages/flask/app.py", line 1967, in finalize_request
    response = self.make_response(rv)
  File "/home/tom/.local/lib/python3.6/site-packages/flask/app.py", line 2097, in make_response
    "The view function did not return a valid response. The"
TypeError: The view function did not return a valid response. The function either returned None or ended without a return statement.
[2019-09-28 17:02:18,717] ERROR in app: Exception on /games/leaderboard.html [GET]
Traceback (most recent call last):
  File "/home/tom/.local/lib/python3.6/site-packages/flask/app.py", line 2446, in wsgi_app
    response = self.full_dispatch_request()
  File "/home/tom/.local/lib/python3.6/site-packages/flask/app.py", line 1952, in full_dispatch_request
    return self.finalize_request(rv)
  File "/home/tom/.local/lib/python3.6/site-packages/flask/app.py", line 1967, in finalize_request
    response = self.make_response(rv)
  File "/home/tom/.local/lib/python3.6/site-packages/flask/app.py", line 2097, in make_response
    "The view function did not return a valid response. The"
TypeError: The view function did not return a valid response. The function either returned None or ended without a return statement.
[2019-09-28 17:02:26,468] ERROR in app: Exception on /games/leaderboard.html [GET]
Traceback (most recent call last):
  File "/home/tom/.local/lib/python3.6/site-packages/flask/app.py", line 2446, in wsgi_app
    response = self.full_dispatch_request()
  File "/home/tom/.local/lib/python3.6/site-packages/flask/app.py", line 1952, in full_dispatch_request
    return self.finalize_request(rv)
  File "/home/tom/.local/lib/python3.6/site-packages/flask/app.py", line 1967, in finalize_request
    response = self.make_response(rv)
  File "/home/tom/.local/lib/python3.6/site-packages/flask/app.py", line 2097, in make_response
    "The view function did not return a valid response. The"
TypeError: The view function did not return a valid response. The function either returned None or ended without a return statement.
[2019-09-28 17:02:58 +0000] [30824] [INFO] Worker exiting (pid: 30824)
[2019-09-28 17:02:58 +0000] [30822] [INFO] Worker exiting (pid: 30822)
[2019-09-28 17:02:58 +0000] [30821] [INFO] Worker exiting (pid: 30821)
[2019-09-28 17:02:58 +0000] [30816] [INFO] Handling signal: term
[2019-09-28 17:02:58 +0000] [30823] [INFO] Worker exiting (pid: 30823)
[2019-09-28 17:02:58 +0000] [30820] [INFO] Worker exiting (pid: 30820)
[2019-09-28 17:02:58 +0000] [30816] [INFO] Shutting down: Master
[2019-09-28 17:03:01 +0000] [30881] [INFO] Starting gunicorn 19.9.0
[2019-09-28 17:03:01 +0000] [30881] [INFO] Listening at: unix:pythonapp.sock (30881)
[2019-09-28 17:03:01 +0000] [30881] [INFO] Using worker: sync
[2019-09-28 17:03:01 +0000] [30885] [INFO] Booting worker with pid: 30885
[2019-09-28 17:03:01 +0000] [30886] [INFO] Booting worker with pid: 30886
[2019-09-28 17:03:01 +0000] [30887] [INFO] Booting worker with pid: 30887
[2019-09-28 17:03:01 +0000] [30888] [INFO] Booting worker with pid: 30888
[2019-09-28 17:03:02 +0000] [30889] [INFO] Booting worker with pid: 30889
[2019-09-28 17:03:03,173] ERROR in app: Exception on /games/leaderboard.html [GET]
Traceback (most recent call last):
  File "/home/tom/.local/lib/python3.6/site-packages/flask/app.py", line 2446, in wsgi_app
    response = self.full_dispatch_request()
  File "/home/tom/.local/lib/python3.6/site-packages/flask/app.py", line 1952, in full_dispatch_request
    return self.finalize_request(rv)
  File "/home/tom/.local/lib/python3.6/site-packages/flask/app.py", line 1967, in finalize_request
    response = self.make_response(rv)
  File "/home/tom/.local/lib/python3.6/site-packages/flask/app.py", line 2097, in make_response
    "The view function did not return a valid response. The"
TypeError: The view function did not return a valid response. The function either returned None or ended without a return statement.
[2019-09-28 17:07:12 +0000] [30881] [INFO] Handling signal: term
[2019-09-28 17:07:12 +0000] [30886] [INFO] Worker exiting (pid: 30886)
[2019-09-28 17:07:12 +0000] [30885] [INFO] Worker exiting (pid: 30885)
[2019-09-28 17:07:12 +0000] [30887] [INFO] Worker exiting (pid: 30887)
[2019-09-28 17:07:12 +0000] [30888] [INFO] Worker exiting (pid: 30888)
[2019-09-28 17:07:12 +0000] [30889] [INFO] Worker exiting (pid: 30889)
[2019-09-28 17:07:12 +0000] [30881] [INFO] Shutting down: Master
[2019-09-28 17:07:15 +0000] [30944] [INFO] Starting gunicorn 19.9.0
[2019-09-28 17:07:15 +0000] [30944] [INFO] Listening at: unix:pythonapp.sock (30944)
[2019-09-28 17:07:15 +0000] [30944] [INFO] Using worker: sync
[2019-09-28 17:07:15 +0000] [30947] [INFO] Booting worker with pid: 30947
[2019-09-28 17:07:15 +0000] [30948] [INFO] Booting worker with pid: 30948
[2019-09-28 17:07:15 +0000] [30949] [INFO] Booting worker with pid: 30949
[2019-09-28 17:07:15 +0000] [30950] [INFO] Booting worker with pid: 30950
[2019-09-28 17:07:15 +0000] [30951] [INFO] Booting worker with pid: 30951
[2019-09-28 17:10:44 +0000] [30948] [INFO] Worker exiting (pid: 30948)
[2019-09-28 17:10:44 +0000] [30947] [INFO] Worker exiting (pid: 30947)
[2019-09-28 17:10:44 +0000] [30949] [INFO] Worker exiting (pid: 30949)
[2019-09-28 17:10:44 +0000] [30951] [INFO] Worker exiting (pid: 30951)
[2019-09-28 17:10:44 +0000] [30944] [INFO] Handling signal: term
[2019-09-28 17:10:44 +0000] [30950] [INFO] Worker exiting (pid: 30950)
[2019-09-28 17:10:44 +0000] [30944] [INFO] Shutting down: Master
[2019-09-28 17:10:47 +0000] [31182] [INFO] Starting gunicorn 19.9.0
[2019-09-28 17:10:47 +0000] [31182] [INFO] Listening at: unix:pythonapp.sock (31182)
[2019-09-28 17:10:47 +0000] [31182] [INFO] Using worker: sync
[2019-09-28 17:10:47 +0000] [31186] [INFO] Booting worker with pid: 31186
[2019-09-28 17:10:47 +0000] [31187] [INFO] Booting worker with pid: 31187
[2019-09-28 17:10:47 +0000] [31188] [INFO] Booting worker with pid: 31188
[2019-09-28 17:10:47 +0000] [31189] [INFO] Booting worker with pid: 31189
[2019-09-28 17:10:47 +0000] [31190] [INFO] Booting worker with pid: 31190
[2019-09-28 17:14:55 +0000] [31182] [INFO] Handling signal: term
[2019-09-28 17:14:55 +0000] [31187] [INFO] Worker exiting (pid: 31187)
[2019-09-28 17:14:55 +0000] [31186] [INFO] Worker exiting (pid: 31186)
[2019-09-28 17:14:55 +0000] [31189] [INFO] Worker exiting (pid: 31189)
[2019-09-28 17:14:55 +0000] [31188] [INFO] Worker exiting (pid: 31188)
[2019-09-28 17:14:55 +0000] [31190] [INFO] Worker exiting (pid: 31190)
[2019-09-28 17:14:56 +0000] [31182] [INFO] Shutting down: Master
[2019-09-28 17:14:58 +0000] [31221] [INFO] Starting gunicorn 19.9.0
[2019-09-28 17:14:58 +0000] [31221] [INFO] Listening at: unix:pythonapp.sock (31221)
[2019-09-28 17:14:58 +0000] [31221] [INFO] Using worker: sync
[2019-09-28 17:14:58 +0000] [31224] [INFO] Booting worker with pid: 31224
[2019-09-28 17:14:58 +0000] [31225] [INFO] Booting worker with pid: 31225
[2019-09-28 17:14:58 +0000] [31226] [INFO] Booting worker with pid: 31226
[2019-09-28 17:14:58 +0000] [31227] [INFO] Booting worker with pid: 31227
[2019-09-28 17:14:59 +0000] [31228] [INFO] Booting worker with pid: 31228
[2019-09-28 17:26:58 +0000] [31221] [INFO] Handling signal: term
[2019-09-28 17:26:58 +0000] [31225] [INFO] Worker exiting (pid: 31225)
[2019-09-28 17:26:58 +0000] [31224] [INFO] Worker exiting (pid: 31224)
[2019-09-28 17:26:58 +0000] [31226] [INFO] Worker exiting (pid: 31226)
[2019-09-28 17:26:58 +0000] [31227] [INFO] Worker exiting (pid: 31227)
[2019-09-28 17:26:58 +0000] [31228] [INFO] Worker exiting (pid: 31228)
[2019-09-28 17:26:58 +0000] [31221] [INFO] Shutting down: Master
[2019-09-28 17:27:01 +0000] [31329] [INFO] Starting gunicorn 19.9.0
[2019-09-28 17:27:01 +0000] [31329] [INFO] Listening at: unix:pythonapp.sock (31329)
[2019-09-28 17:27:01 +0000] [31329] [INFO] Using worker: sync
[2019-09-28 17:27:01 +0000] [31333] [INFO] Booting worker with pid: 31333
[2019-09-28 17:27:01 +0000] [31334] [INFO] Booting worker with pid: 31334
[2019-09-28 17:27:01 +0000] [31335] [INFO] Booting worker with pid: 31335
[2019-09-28 17:27:01 +0000] [31336] [INFO] Booting worker with pid: 31336
[2019-09-28 17:27:01 +0000] [31337] [INFO] Booting worker with pid: 31337
[2019-09-28 17:28:49 +0000] [31333] [INFO] Worker exiting (pid: 31333)
[2019-09-28 17:28:49 +0000] [31337] [INFO] Worker exiting (pid: 31337)
[2019-09-28 17:28:49 +0000] [31334] [INFO] Worker exiting (pid: 31334)
[2019-09-28 17:28:49 +0000] [31335] [INFO] Worker exiting (pid: 31335)
[2019-09-28 17:28:49 +0000] [31329] [INFO] Handling signal: term
[2019-09-28 17:28:49 +0000] [31336] [INFO] Worker exiting (pid: 31336)
[2019-09-28 17:28:49 +0000] [31329] [INFO] Shutting down: Master
[2019-09-28 17:28:52 +0000] [31413] [INFO] Starting gunicorn 19.9.0
[2019-09-28 17:28:52 +0000] [31413] [INFO] Listening at: unix:pythonapp.sock (31413)
[2019-09-28 17:28:52 +0000] [31413] [INFO] Using worker: sync
[2019-09-28 17:28:52 +0000] [31417] [INFO] Booting worker with pid: 31417
[2019-09-28 17:28:52 +0000] [31418] [INFO] Booting worker with pid: 31418
[2019-09-28 17:28:52 +0000] [31419] [INFO] Booting worker with pid: 31419
[2019-09-28 17:28:52 +0000] [31420] [INFO] Booting worker with pid: 31420
[2019-09-28 17:28:52 +0000] [31421] [INFO] Booting worker with pid: 31421
[2019-09-28 17:29:22 +0000] [31413] [INFO] Handling signal: term
[2019-09-28 17:29:22 +0000] [31419] [INFO] Worker exiting (pid: 31419)
[2019-09-28 17:29:22 +0000] [31417] [INFO] Worker exiting (pid: 31417)
[2019-09-28 17:29:22 +0000] [31420] [INFO] Worker exiting (pid: 31420)
[2019-09-28 17:29:22 +0000] [31421] [INFO] Worker exiting (pid: 31421)
[2019-09-28 17:29:22 +0000] [31418] [INFO] Worker exiting (pid: 31418)
[2019-09-28 17:29:23 +0000] [31413] [INFO] Shutting down: Master
[2019-09-28 17:29:26 +0000] [31436] [INFO] Starting gunicorn 19.9.0
[2019-09-28 17:29:26 +0000] [31436] [INFO] Listening at: unix:pythonapp.sock (31436)
[2019-09-28 17:29:26 +0000] [31436] [INFO] Using worker: sync
[2019-09-28 17:29:26 +0000] [31441] [INFO] Booting worker with pid: 31441
[2019-09-28 17:29:26 +0000] [31442] [INFO] Booting worker with pid: 31442
[2019-09-28 17:29:26 +0000] [31443] [INFO] Booting worker with pid: 31443
[2019-09-28 17:29:26 +0000] [31444] [INFO] Booting worker with pid: 31444
[2019-09-28 17:29:26 +0000] [31445] [INFO] Booting worker with pid: 31445
[2019-09-28 17:29:41 +0000] [31436] [INFO] Handling signal: term
[2019-09-28 17:29:41 +0000] [31441] [INFO] Worker exiting (pid: 31441)
[2019-09-28 17:29:41 +0000] [31442] [INFO] Worker exiting (pid: 31442)
[2019-09-28 17:29:41 +0000] [31444] [INFO] Worker exiting (pid: 31444)
[2019-09-28 17:29:41 +0000] [31445] [INFO] Worker exiting (pid: 31445)
[2019-09-28 17:29:41 +0000] [31443] [INFO] Worker exiting (pid: 31443)
[2019-09-28 17:29:42 +0000] [31436] [INFO] Shutting down: Master
[2019-09-28 17:29:44 +0000] [31459] [INFO] Starting gunicorn 19.9.0
[2019-09-28 17:29:44 +0000] [31459] [INFO] Listening at: unix:pythonapp.sock (31459)
[2019-09-28 17:29:44 +0000] [31459] [INFO] Using worker: sync
[2019-09-28 17:29:44 +0000] [31463] [INFO] Booting worker with pid: 31463
[2019-09-28 17:29:44 +0000] [31464] [INFO] Booting worker with pid: 31464
[2019-09-28 17:29:45 +0000] [31465] [INFO] Booting worker with pid: 31465
[2019-09-28 17:29:45 +0000] [31466] [INFO] Booting worker with pid: 31466
[2019-09-28 17:29:45 +0000] [31467] [INFO] Booting worker with pid: 31467
[2019-09-28 17:30:57 +0000] [31459] [INFO] Handling signal: term
[2019-09-28 17:30:57 +0000] [31464] [INFO] Worker exiting (pid: 31464)
[2019-09-28 17:30:57 +0000] [31463] [INFO] Worker exiting (pid: 31463)
[2019-09-28 17:30:57 +0000] [31466] [INFO] Worker exiting (pid: 31466)
[2019-09-28 17:30:57 +0000] [31467] [INFO] Worker exiting (pid: 31467)
[2019-09-28 17:30:57 +0000] [31465] [INFO] Worker exiting (pid: 31465)
[2019-09-28 17:30:58 +0000] [31459] [INFO] Shutting down: Master
[2019-09-28 17:31:00 +0000] [31481] [INFO] Starting gunicorn 19.9.0
[2019-09-28 17:31:00 +0000] [31481] [INFO] Listening at: unix:pythonapp.sock (31481)
[2019-09-28 17:31:00 +0000] [31481] [INFO] Using worker: sync
[2019-09-28 17:31:00 +0000] [31484] [INFO] Booting worker with pid: 31484
[2019-09-28 17:31:00 +0000] [31485] [INFO] Booting worker with pid: 31485
[2019-09-28 17:31:00 +0000] [31486] [INFO] Booting worker with pid: 31486
[2019-09-28 17:31:00 +0000] [31487] [INFO] Booting worker with pid: 31487
[2019-09-28 17:31:00 +0000] [31488] [INFO] Booting worker with pid: 31488
[2019-09-28 17:41:10 +0000] [31481] [INFO] Handling signal: term
[2019-09-28 17:41:10 +0000] [31484] [INFO] Worker exiting (pid: 31484)
[2019-09-28 17:41:10 +0000] [31485] [INFO] Worker exiting (pid: 31485)
[2019-09-28 17:41:10 +0000] [31486] [INFO] Worker exiting (pid: 31486)
[2019-09-28 17:41:10 +0000] [31488] [INFO] Worker exiting (pid: 31488)
[2019-09-28 17:41:10 +0000] [31487] [INFO] Worker exiting (pid: 31487)
[2019-09-28 17:41:10 +0000] [31481] [INFO] Shutting down: Master
[2019-09-28 17:41:13 +0000] [31562] [INFO] Starting gunicorn 19.9.0
[2019-09-28 17:41:13 +0000] [31562] [INFO] Listening at: unix:pythonapp.sock (31562)
[2019-09-28 17:41:13 +0000] [31562] [INFO] Using worker: sync
[2019-09-28 17:41:13 +0000] [31565] [INFO] Booting worker with pid: 31565
[2019-09-28 17:41:13 +0000] [31566] [INFO] Booting worker with pid: 31566
[2019-09-28 17:41:13 +0000] [31567] [INFO] Booting worker with pid: 31567
[2019-09-28 17:41:13 +0000] [31568] [INFO] Booting worker with pid: 31568
[2019-09-28 17:41:13 +0000] [31569] [INFO] Booting worker with pid: 31569
[2019-09-28 17:41:15,278] ERROR in app: Exception on /static/scripts/columns/js/columns.min.js [GET]
Traceback (most recent call last):
  File "/home/tom/.local/lib/python3.6/site-packages/flask/app.py", line 2446, in wsgi_app
    response = self.full_dispatch_request()
  File "/home/tom/.local/lib/python3.6/site-packages/flask/app.py", line 1952, in full_dispatch_request
    return self.finalize_request(rv)
  File "/home/tom/.local/lib/python3.6/site-packages/flask/app.py", line 1967, in finalize_request
    response = self.make_response(rv)
  File "/home/tom/.local/lib/python3.6/site-packages/flask/app.py", line 2097, in make_response
    "The view function did not return a valid response. The"
TypeError: The view function did not return a valid response. The function either returned None or ended without a return statement.
[2019-09-28 17:41:15,619] ERROR in app: Exception on /static/scripts/columns/js/columns.min.js [GET]
Traceback (most recent call last):
  File "/home/tom/.local/lib/python3.6/site-packages/flask/app.py", line 2446, in wsgi_app
    response = self.full_dispatch_request()
  File "/home/tom/.local/lib/python3.6/site-packages/flask/app.py", line 1952, in full_dispatch_request
    return self.finalize_request(rv)
  File "/home/tom/.local/lib/python3.6/site-packages/flask/app.py", line 1967, in finalize_request
    response = self.make_response(rv)
  File "/home/tom/.local/lib/python3.6/site-packages/flask/app.py", line 2097, in make_response
    "The view function did not return a valid response. The"
TypeError: The view function did not return a valid response. The function either returned None or ended without a return statement.
[2019-09-28 17:42:08 +0000] [31562] [INFO] Handling signal: term
[2019-09-28 17:42:08 +0000] [31569] [INFO] Worker exiting (pid: 31569)
[2019-09-28 17:42:08 +0000] [31565] [INFO] Worker exiting (pid: 31565)
[2019-09-28 17:42:08 +0000] [31567] [INFO] Worker exiting (pid: 31567)
[2019-09-28 17:42:08 +0000] [31566] [INFO] Worker exiting (pid: 31566)
[2019-09-28 17:42:08 +0000] [31568] [INFO] Worker exiting (pid: 31568)
[2019-09-28 17:42:09 +0000] [31562] [INFO] Shutting down: Master
[2019-09-28 17:42:11 +0000] [31635] [INFO] Starting gunicorn 19.9.0
[2019-09-28 17:42:11 +0000] [31635] [INFO] Listening at: unix:pythonapp.sock (31635)
[2019-09-28 17:42:11 +0000] [31635] [INFO] Using worker: sync
[2019-09-28 17:42:11 +0000] [31638] [INFO] Booting worker with pid: 31638
[2019-09-28 17:42:11 +0000] [31639] [INFO] Booting worker with pid: 31639
[2019-09-28 17:42:12 +0000] [31640] [INFO] Booting worker with pid: 31640
[2019-09-28 17:42:12 +0000] [31641] [INFO] Booting worker with pid: 31641
[2019-09-28 17:42:12 +0000] [31642] [INFO] Booting worker with pid: 31642
[2019-09-28 17:42:14,605] ERROR in app: Exception on /games/leaderboard/images/arrow-left.png [GET]
Traceback (most recent call last):
  File "/home/tom/.local/lib/python3.6/site-packages/flask/app.py", line 2446, in wsgi_app
    response = self.full_dispatch_request()
  File "/home/tom/.local/lib/python3.6/site-packages/flask/app.py", line 1952, in full_dispatch_request
    return self.finalize_request(rv)
  File "/home/tom/.local/lib/python3.6/site-packages/flask/app.py", line 1967, in finalize_request
    response = self.make_response(rv)
  File "/home/tom/.local/lib/python3.6/site-packages/flask/app.py", line 2097, in make_response
    "The view function did not return a valid response. The"
TypeError: The view function did not return a valid response. The function either returned None or ended without a return statement.[2019-09-28 17:42:14,605] ERROR in app: Exception on /games/leaderboard/images/arrow-right.png [GET]
Traceback (most recent call last):
  File "/home/tom/.local/lib/python3.6/site-packages/flask/app.py", line 2446, in wsgi_app
    response = self.full_dispatch_request()
  File "/home/tom/.local/lib/python3.6/site-packages/flask/app.py", line 1952, in full_dispatch_request
    return self.finalize_request(rv)
  File "/home/tom/.local/lib/python3.6/site-packages/flask/app.py", line 1967, in finalize_request
    response = self.make_response(rv)
  File "/home/tom/.local/lib/python3.6/site-packages/flask/app.py", line 2097, in make_response
    "The view function did not return a valid response. The"
TypeError: The view function did not return a valid response. The function either returned None or ended without a return statement.

[2019-09-28 17:42:47 +0000] [31635] [INFO] Handling signal: term
[2019-09-28 17:42:47 +0000] [31638] [INFO] Worker exiting (pid: 31638)
[2019-09-28 17:42:47 +0000] [31640] [INFO] Worker exiting (pid: 31640)
[2019-09-28 17:42:47 +0000] [31639] [INFO] Worker exiting (pid: 31639)
[2019-09-28 17:42:47 +0000] [31641] [INFO] Worker exiting (pid: 31641)
[2019-09-28 17:42:47 +0000] [31642] [INFO] Worker exiting (pid: 31642)
[2019-09-28 17:42:48 +0000] [31635] [INFO] Shutting down: Master
[2019-09-28 17:42:51 +0000] [31655] [INFO] Starting gunicorn 19.9.0
[2019-09-28 17:42:51 +0000] [31655] [INFO] Listening at: unix:pythonapp.sock (31655)
[2019-09-28 17:42:51 +0000] [31655] [INFO] Using worker: sync
[2019-09-28 17:42:51 +0000] [31659] [INFO] Booting worker with pid: 31659
[2019-09-28 17:42:51 +0000] [31660] [INFO] Booting worker with pid: 31660
[2019-09-28 17:42:51 +0000] [31661] [INFO] Booting worker with pid: 31661
[2019-09-28 17:42:51 +0000] [31662] [INFO] Booting worker with pid: 31662
[2019-09-28 17:42:51 +0000] [31663] [INFO] Booting worker with pid: 31663
[2019-09-28 17:42:53,062] ERROR in app: Exception on /games/leaderboard/images/arrow-left.png [GET]
Traceback (most recent call last):
  File "/home/tom/.local/lib/python3.6/site-packages/flask/app.py", line 2446, in wsgi_app
    response = self.full_dispatch_request()
  File "/home/tom/.local/lib/python3.6/site-packages/flask/app.py", line 1952, in full_dispatch_request
    return self.finalize_request(rv)
  File "/home/tom/.local/lib/python3.6/site-packages/flask/app.py", line 1967, in finalize_request
    response = self.make_response(rv)
  File "/home/tom/.local/lib/python3.6/site-packages/flask/app.py", line 2097, in make_response
    "The view function did not return a valid response. The"
TypeError: The view function did not return a valid response. The function either returned None or ended without a return statement.
[2019-09-28 17:42:53,119] ERROR in app: Exception on /games/leaderboard/images/arrow-right.png [GET]
Traceback (most recent call last):
  File "/home/tom/.local/lib/python3.6/site-packages/flask/app.py", line 2446, in wsgi_app
    response = self.full_dispatch_request()
  File "/home/tom/.local/lib/python3.6/site-packages/flask/app.py", line 1952, in full_dispatch_request
    return self.finalize_request(rv)
  File "/home/tom/.local/lib/python3.6/site-packages/flask/app.py", line 1967, in finalize_request
    response = self.make_response(rv)
  File "/home/tom/.local/lib/python3.6/site-packages/flask/app.py", line 2097, in make_response
    "The view function did not return a valid response. The"
TypeError: The view function did not return a valid response. The function either returned None or ended without a return statement.
[2019-09-28 17:43:04,510] ERROR in app: Exception on /games/leaderboard/images/arrow-left.png [GET]
Traceback (most recent call last):
  File "/home/tom/.local/lib/python3.6/site-packages/flask/app.py", line 2446, in wsgi_app
    response = self.full_dispatch_request()
  File "/home/tom/.local/lib/python3.6/site-packages/flask/app.py", line 1952, in full_dispatch_request
    return self.finalize_request(rv)
  File "/home/tom/.local/lib/python3.6/site-packages/flask/app.py", line 1967, in finalize_request
    response = self.make_response(rv)
  File "/home/tom/.local/lib/python3.6/site-packages/flask/app.py", line 2097, in make_response
    "The view function did not return a valid response. The"
TypeError: The view function did not return a valid response. The function either returned None or ended without a return statement.
[2019-09-28 17:43:04,513] ERROR in app: Exception on /games/leaderboard/images/arrow-right.png [GET]
Traceback (most recent call last):
  File "/home/tom/.local/lib/python3.6/site-packages/flask/app.py", line 2446, in wsgi_app
    response = self.full_dispatch_request()
  File "/home/tom/.local/lib/python3.6/site-packages/flask/app.py", line 1952, in full_dispatch_request
    return self.finalize_request(rv)
  File "/home/tom/.local/lib/python3.6/site-packages/flask/app.py", line 1967, in finalize_request
    response = self.make_response(rv)
  File "/home/tom/.local/lib/python3.6/site-packages/flask/app.py", line 2097, in make_response
    "The view function did not return a valid response. The"
TypeError: The view function did not return a valid response. The function either returned None or ended without a return statement.
[2019-09-28 17:43:11,007] ERROR in app: Exception on /games/leaderboard/images/arrow-right.png [GET]
Traceback (most recent call last):
  File "/home/tom/.local/lib/python3.6/site-packages/flask/app.py", line 2446, in wsgi_app
    response = self.full_dispatch_request()
  File "/home/tom/.local/lib/python3.6/site-packages/flask/app.py", line 1952, in full_dispatch_request
    return self.finalize_request(rv)
  File "/home/tom/.local/lib/python3.6/site-packages/flask/app.py", line 1967, in finalize_request
    response = self.make_response(rv)
  File "/home/tom/.local/lib/python3.6/site-packages/flask/app.py", line 2097, in make_response
    "The view function did not return a valid response. The"
TypeError: The view function did not return a valid response. The function either returned None or ended without a return statement.
[2019-09-28 17:43:11,008] ERROR in app: Exception on /games/leaderboard/images/arrow-left.png [GET]
Traceback (most recent call last):
  File "/home/tom/.local/lib/python3.6/site-packages/flask/app.py", line 2446, in wsgi_app
    response = self.full_dispatch_request()
  File "/home/tom/.local/lib/python3.6/site-packages/flask/app.py", line 1952, in full_dispatch_request
    return self.finalize_request(rv)
  File "/home/tom/.local/lib/python3.6/site-packages/flask/app.py", line 1967, in finalize_request
    response = self.make_response(rv)
  File "/home/tom/.local/lib/python3.6/site-packages/flask/app.py", line 2097, in make_response
    "The view function did not return a valid response. The"
TypeError: The view function did not return a valid response. The function either returned None or ended without a return statement.
[2019-09-28 17:43:12,057] ERROR in app: Exception on /games/leaderboard/images/arrow-right.png [GET]
Traceback (most recent call last):
  File "/home/tom/.local/lib/python3.6/site-packages/flask/app.py", line 2446, in wsgi_app
    response = self.full_dispatch_request()
  File "/home/tom/.local/lib/python3.6/site-packages/flask/app.py", line 1952, in full_dispatch_request
    return self.finalize_request(rv)
  File "/home/tom/.local/lib/python3.6/site-packages/flask/app.py", line 1967, in finalize_request
    response = self.make_response(rv)
  File "/home/tom/.local/lib/python3.6/site-packages/flask/app.py", line 2097, in make_response
    "The view function did not return a valid response. The"
TypeError: The view function did not return a valid response. The function either returned None or ended without a return statement.
[2019-09-28 17:43:12,058] ERROR in app: Exception on /games/leaderboard/images/arrow-left.png [GET]
Traceback (most recent call last):
  File "/home/tom/.local/lib/python3.6/site-packages/flask/app.py", line 2446, in wsgi_app
    response = self.full_dispatch_request()
  File "/home/tom/.local/lib/python3.6/site-packages/flask/app.py", line 1952, in full_dispatch_request
    return self.finalize_request(rv)
  File "/home/tom/.local/lib/python3.6/site-packages/flask/app.py", line 1967, in finalize_request
    response = self.make_response(rv)
  File "/home/tom/.local/lib/python3.6/site-packages/flask/app.py", line 2097, in make_response
    "The view function did not return a valid response. The"
TypeError: The view function did not return a valid response. The function either returned None or ended without a return statement.
[2019-09-28 17:43:13,316] ERROR in app: Exception on /games/leaderboard/images/arrow-left.png [GET]
Traceback (most recent call last):
  File "/home/tom/.local/lib/python3.6/site-packages/flask/app.py", line 2446, in wsgi_app
    response = self.full_dispatch_request()
  File "/home/tom/.local/lib/python3.6/site-packages/flask/app.py", line 1952, in full_dispatch_request
    return self.finalize_request(rv)
  File "/home/tom/.local/lib/python3.6/site-packages/flask/app.py", line 1967, in finalize_request
    response = self.make_response(rv)
  File "/home/tom/.local/lib/python3.6/site-packages/flask/app.py", line 2097, in make_response
    "The view function did not return a valid response. The"
TypeError: The view function did not return a valid response. The function either returned None or ended without a return statement.
[2019-09-28 17:43:13,319] ERROR in app: Exception on /games/leaderboard/images/arrow-right.png [GET]
Traceback (most recent call last):
  File "/home/tom/.local/lib/python3.6/site-packages/flask/app.py", line 2446, in wsgi_app
    response = self.full_dispatch_request()
  File "/home/tom/.local/lib/python3.6/site-packages/flask/app.py", line 1952, in full_dispatch_request
    return self.finalize_request(rv)
  File "/home/tom/.local/lib/python3.6/site-packages/flask/app.py", line 1967, in finalize_request
    response = self.make_response(rv)
  File "/home/tom/.local/lib/python3.6/site-packages/flask/app.py", line 2097, in make_response
    "The view function did not return a valid response. The"
TypeError: The view function did not return a valid response. The function either returned None or ended without a return statement.
[2019-09-28 17:43:14,051] ERROR in app: Exception on /games/leaderboard/images/arrow-right.png [GET]
Traceback (most recent call last):
  File "/home/tom/.local/lib/python3.6/site-packages/flask/app.py", line 2446, in wsgi_app
    response = self.full_dispatch_request()
  File "/home/tom/.local/lib/python3.6/site-packages/flask/app.py", line 1952, in full_dispatch_request
    return self.finalize_request(rv)
  File "/home/tom/.local/lib/python3.6/site-packages/flask/app.py", line 1967, in finalize_request
    response = self.make_response(rv)
  File "/home/tom/.local/lib/python3.6/site-packages/flask/app.py", line 2097, in make_response
    "The view function did not return a valid response. The"
TypeError: The view function did not return a valid response. The function either returned None or ended without a return statement.
[2019-09-28 17:43:14,053] ERROR in app: Exception on /games/leaderboard/images/arrow-left.png [GET]
Traceback (most recent call last):
  File "/home/tom/.local/lib/python3.6/site-packages/flask/app.py", line 2446, in wsgi_app
    response = self.full_dispatch_request()
  File "/home/tom/.local/lib/python3.6/site-packages/flask/app.py", line 1952, in full_dispatch_request
    return self.finalize_request(rv)
  File "/home/tom/.local/lib/python3.6/site-packages/flask/app.py", line 1967, in finalize_request
    response = self.make_response(rv)
  File "/home/tom/.local/lib/python3.6/site-packages/flask/app.py", line 2097, in make_response
    "The view function did not return a valid response. The"
TypeError: The view function did not return a valid response. The function either returned None or ended without a return statement.
[2019-09-28 17:43:15,839] ERROR in app: Exception on /games/leaderboard/images/arrow-right.png [GET]
Traceback (most recent call last):
  File "/home/tom/.local/lib/python3.6/site-packages/flask/app.py", line 2446, in wsgi_app
    response = self.full_dispatch_request()
  File "/home/tom/.local/lib/python3.6/site-packages/flask/app.py", line 1952, in full_dispatch_request
    return self.finalize_request(rv)
  File "/home/tom/.local/lib/python3.6/site-packages/flask/app.py", line 1967, in finalize_request
    response = self.make_response(rv)
  File "/home/tom/.local/lib/python3.6/site-packages/flask/app.py", line 2097, in make_response
    "The view function did not return a valid response. The"
TypeError: The view function did not return a valid response. The function either returned None or ended without a return statement.[2019-09-28 17:43:15,867] ERROR in app: Exception on /games/leaderboard/images/arrow-left.png [GET]
Traceback (most recent call last):
  File "/home/tom/.local/lib/python3.6/site-packages/flask/app.py", line 2446, in wsgi_app
    response = self.full_dispatch_request()
  File "/home/tom/.local/lib/python3.6/site-packages/flask/app.py", line 1952, in full_dispatch_request
    return self.finalize_request(rv)
  File "/home/tom/.local/lib/python3.6/site-packages/flask/app.py", line 1967, in finalize_request
    response = self.make_response(rv)
  File "/home/tom/.local/lib/python3.6/site-packages/flask/app.py", line 2097, in make_response
    "The view function did not return a valid response. The"
TypeError: The view function did not return a valid response. The function either returned None or ended without a return statement.

[2019-09-28 17:43:27,137] ERROR in app: Exception on /games/leaderboard/images/arrow-left.png [GET]
Traceback (most recent call last):
  File "/home/tom/.local/lib/python3.6/site-packages/flask/app.py", line 2446, in wsgi_app
    response = self.full_dispatch_request()
  File "/home/tom/.local/lib/python3.6/site-packages/flask/app.py", line 1952, in full_dispatch_request
    return self.finalize_request(rv)
  File "/home/tom/.local/lib/python3.6/site-packages/flask/app.py", line 1967, in finalize_request
    response = self.make_response(rv)
  File "/home/tom/.local/lib/python3.6/site-packages/flask/app.py", line 2097, in make_response
    "The view function did not return a valid response. The"
TypeError: The view function did not return a valid response. The function either returned None or ended without a return statement.
[2019-09-28 17:43:27,167] ERROR in app: Exception on /games/leaderboard/images/arrow-right.png [GET]
Traceback (most recent call last):
  File "/home/tom/.local/lib/python3.6/site-packages/flask/app.py", line 2446, in wsgi_app
    response = self.full_dispatch_request()
  File "/home/tom/.local/lib/python3.6/site-packages/flask/app.py", line 1952, in full_dispatch_request
    return self.finalize_request(rv)
  File "/home/tom/.local/lib/python3.6/site-packages/flask/app.py", line 1967, in finalize_request
    response = self.make_response(rv)
  File "/home/tom/.local/lib/python3.6/site-packages/flask/app.py", line 2097, in make_response
    "The view function did not return a valid response. The"
TypeError: The view function did not return a valid response. The function either returned None or ended without a return statement.
[2019-09-28 17:43:27,888] ERROR in app: Exception on /games/leaderboard/images/arrow-left.png [GET]
Traceback (most recent call last):
  File "/home/tom/.local/lib/python3.6/site-packages/flask/app.py", line 2446, in wsgi_app
    response = self.full_dispatch_request()
  File "/home/tom/.local/lib/python3.6/site-packages/flask/app.py", line 1952, in full_dispatch_request
    return self.finalize_request(rv)
  File "/home/tom/.local/lib/python3.6/site-packages/flask/app.py", line 1967, in finalize_request
    response = self.make_response(rv)
  File "/home/tom/.local/lib/python3.6/site-packages/flask/app.py", line 2097, in make_response
    "The view function did not return a valid response. The"
TypeError: The view function did not return a valid response. The function either returned None or ended without a return statement.
[2019-09-28 17:43:27,894] ERROR in app: Exception on /games/leaderboard/images/arrow-right.png [GET]
Traceback (most recent call last):
  File "/home/tom/.local/lib/python3.6/site-packages/flask/app.py", line 2446, in wsgi_app
    response = self.full_dispatch_request()
  File "/home/tom/.local/lib/python3.6/site-packages/flask/app.py", line 1952, in full_dispatch_request
    return self.finalize_request(rv)
  File "/home/tom/.local/lib/python3.6/site-packages/flask/app.py", line 1967, in finalize_request
    response = self.make_response(rv)
  File "/home/tom/.local/lib/python3.6/site-packages/flask/app.py", line 2097, in make_response
    "The view function did not return a valid response. The"
TypeError: The view function did not return a valid response. The function either returned None or ended without a return statement.
[2019-09-28 17:43:29,719] ERROR in app: Exception on /games/leaderboard/images/arrow-left.png [GET]
Traceback (most recent call last):
  File "/home/tom/.local/lib/python3.6/site-packages/flask/app.py", line 2446, in wsgi_app
    response = self.full_dispatch_request()
  File "/home/tom/.local/lib/python3.6/site-packages/flask/app.py", line 1952, in full_dispatch_request
    return self.finalize_request(rv)
  File "/home/tom/.local/lib/python3.6/site-packages/flask/app.py", line 1967, in finalize_request
    response = self.make_response(rv)
  File "/home/tom/.local/lib/python3.6/site-packages/flask/app.py", line 2097, in make_response
    "The view function did not return a valid response. The"
TypeError: The view function did not return a valid response. The function either returned None or ended without a return statement.[2019-09-28 17:43:29,719] ERROR in app: Exception on /games/leaderboard/images/arrow-right.png [GET]
Traceback (most recent call last):
  File "/home/tom/.local/lib/python3.6/site-packages/flask/app.py", line 2446, in wsgi_app
    response = self.full_dispatch_request()
  File "/home/tom/.local/lib/python3.6/site-packages/flask/app.py", line 1952, in full_dispatch_request
    return self.finalize_request(rv)
  File "/home/tom/.local/lib/python3.6/site-packages/flask/app.py", line 1967, in finalize_request
    response = self.make_response(rv)
  File "/home/tom/.local/lib/python3.6/site-packages/flask/app.py", line 2097, in make_response
    "The view function did not return a valid response. The"
TypeError: The view function did not return a valid response. The function either returned None or ended without a return statement.

[2019-09-28 17:43:32,655] ERROR in app: Exception on /games/leaderboard/images/arrow-left.png [GET]
Traceback (most recent call last):
  File "/home/tom/.local/lib/python3.6/site-packages/flask/app.py", line 2446, in wsgi_app
    response = self.full_dispatch_request()
  File "/home/tom/.local/lib/python3.6/site-packages/flask/app.py", line 1952, in full_dispatch_request
    return self.finalize_request(rv)
  File "/home/tom/.local/lib/python3.6/site-packages/flask/app.py", line 1967, in finalize_request
    response = self.make_response(rv)
  File "/home/tom/.local/lib/python3.6/site-packages/flask/app.py", line 2097, in make_response
    "The view function did not return a valid response. The"
TypeError: The view function did not return a valid response. The function either returned None or ended without a return statement.
[2019-09-28 17:43:32,657] ERROR in app: Exception on /games/leaderboard/images/arrow-right.png [GET]
Traceback (most recent call last):
  File "/home/tom/.local/lib/python3.6/site-packages/flask/app.py", line 2446, in wsgi_app
    response = self.full_dispatch_request()
  File "/home/tom/.local/lib/python3.6/site-packages/flask/app.py", line 1952, in full_dispatch_request
    return self.finalize_request(rv)
  File "/home/tom/.local/lib/python3.6/site-packages/flask/app.py", line 1967, in finalize_request
    response = self.make_response(rv)
  File "/home/tom/.local/lib/python3.6/site-packages/flask/app.py", line 2097, in make_response
    "The view function did not return a valid response. The"
TypeError: The view function did not return a valid response. The function either returned None or ended without a return statement.
[2019-09-28 17:43:41,296] ERROR in app: Exception on /games/leaderboard/images/arrow-left.png [GET]
Traceback (most recent call last):
  File "/home/tom/.local/lib/python3.6/site-packages/flask/app.py", line 2446, in wsgi_app
    response = self.full_dispatch_request()
  File "/home/tom/.local/lib/python3.6/site-packages/flask/app.py", line 1952, in full_dispatch_request
    return self.finalize_request(rv)
  File "/home/tom/.local/lib/python3.6/site-packages/flask/app.py", line 1967, in finalize_request
    response = self.make_response(rv)
  File "/home/tom/.local/lib/python3.6/site-packages/flask/app.py", line 2097, in make_response
    "The view function did not return a valid response. The"
TypeError: The view function did not return a valid response. The function either returned None or ended without a return statement.[2019-09-28 17:43:41,296] ERROR in app: Exception on /games/leaderboard/images/arrow-right.png [GET]
Traceback (most recent call last):
  File "/home/tom/.local/lib/python3.6/site-packages/flask/app.py", line 2446, in wsgi_app
    response = self.full_dispatch_request()
  File "/home/tom/.local/lib/python3.6/site-packages/flask/app.py", line 1952, in full_dispatch_request
    return self.finalize_request(rv)
  File "/home/tom/.local/lib/python3.6/site-packages/flask/app.py", line 1967, in finalize_request
    response = self.make_response(rv)
  File "/home/tom/.local/lib/python3.6/site-packages/flask/app.py", line 2097, in make_response
    "The view function did not return a valid response. The"
TypeError: The view function did not return a valid response. The function either returned None or ended without a return statement.

[2019-09-28 17:43:43,125] ERROR in app: Exception on /games/leaderboard/images/arrow-right.png [GET]
Traceback (most recent call last):
  File "/home/tom/.local/lib/python3.6/site-packages/flask/app.py", line 2446, in wsgi_app
    response = self.full_dispatch_request()
  File "/home/tom/.local/lib/python3.6/site-packages/flask/app.py", line 1952, in full_dispatch_request
    return self.finalize_request(rv)
  File "/home/tom/.local/lib/python3.6/site-packages/flask/app.py", line 1967, in finalize_request
    response = self.make_response(rv)
  File "/home/tom/.local/lib/python3.6/site-packages/flask/app.py", line 2097, in make_response
    "The view function did not return a valid response. The"
TypeError: The view function did not return a valid response. The function either returned None or ended without a return statement.
[2019-09-28 17:43:43,128] ERROR in app: Exception on /games/leaderboard/images/arrow-left.png [GET]
Traceback (most recent call last):
  File "/home/tom/.local/lib/python3.6/site-packages/flask/app.py", line 2446, in wsgi_app
    response = self.full_dispatch_request()
  File "/home/tom/.local/lib/python3.6/site-packages/flask/app.py", line 1952, in full_dispatch_request
    return self.finalize_request(rv)
  File "/home/tom/.local/lib/python3.6/site-packages/flask/app.py", line 1967, in finalize_request
    response = self.make_response(rv)
  File "/home/tom/.local/lib/python3.6/site-packages/flask/app.py", line 2097, in make_response
    "The view function did not return a valid response. The"
TypeError: The view function did not return a valid response. The function either returned None or ended without a return statement.
[2019-09-28 17:44:29 +0000] [31655] [INFO] Handling signal: term
[2019-09-28 17:44:29 +0000] [31661] [INFO] Worker exiting (pid: 31661)
[2019-09-28 17:44:29 +0000] [31663] [INFO] Worker exiting (pid: 31663)
[2019-09-28 17:44:29 +0000] [31660] [INFO] Worker exiting (pid: 31660)
[2019-09-28 17:44:29 +0000] [31659] [INFO] Worker exiting (pid: 31659)
[2019-09-28 17:44:29 +0000] [31662] [INFO] Worker exiting (pid: 31662)
[2019-09-28 17:44:30 +0000] [31655] [INFO] Shutting down: Master
[2019-09-28 17:44:33 +0000] [31749] [INFO] Starting gunicorn 19.9.0
[2019-09-28 17:44:33 +0000] [31749] [INFO] Listening at: unix:pythonapp.sock (31749)
[2019-09-28 17:44:33 +0000] [31749] [INFO] Using worker: sync
[2019-09-28 17:44:33 +0000] [31752] [INFO] Booting worker with pid: 31752
[2019-09-28 17:44:33 +0000] [31753] [INFO] Booting worker with pid: 31753
[2019-09-28 17:44:33 +0000] [31754] [INFO] Booting worker with pid: 31754
[2019-09-28 17:44:33 +0000] [31755] [INFO] Booting worker with pid: 31755
[2019-09-28 17:44:33 +0000] [31756] [INFO] Booting worker with pid: 31756
[2019-09-28 17:44:35,429] ERROR in app: Exception on /games/leaderboard/images/arrow-left.png [GET]
Traceback (most recent call last):
  File "/home/tom/.local/lib/python3.6/site-packages/flask/app.py", line 2446, in wsgi_app
    response = self.full_dispatch_request()
  File "/home/tom/.local/lib/python3.6/site-packages/flask/app.py", line 1952, in full_dispatch_request
    return self.finalize_request(rv)
  File "/home/tom/.local/lib/python3.6/site-packages/flask/app.py", line 1967, in finalize_request
    response = self.make_response(rv)
  File "/home/tom/.local/lib/python3.6/site-packages/flask/app.py", line 2097, in make_response
    "The view function did not return a valid response. The"
TypeError: The view function did not return a valid response. The function either returned None or ended without a return statement.[2019-09-28 17:44:35,429] ERROR in app: Exception on /games/leaderboard/images/arrow-right.png [GET]
Traceback (most recent call last):
  File "/home/tom/.local/lib/python3.6/site-packages/flask/app.py", line 2446, in wsgi_app
    response = self.full_dispatch_request()
  File "/home/tom/.local/lib/python3.6/site-packages/flask/app.py", line 1952, in full_dispatch_request
    return self.finalize_request(rv)
  File "/home/tom/.local/lib/python3.6/site-packages/flask/app.py", line 1967, in finalize_request
    response = self.make_response(rv)
  File "/home/tom/.local/lib/python3.6/site-packages/flask/app.py", line 2097, in make_response
    "The view function did not return a valid response. The"
TypeError: The view function did not return a valid response. The function either returned None or ended without a return statement.

[2019-09-28 17:44:38,916] ERROR in app: Exception on /games/leaderboard/images/arrow-left.png [GET]
Traceback (most recent call last):
  File "/home/tom/.local/lib/python3.6/site-packages/flask/app.py", line 2446, in wsgi_app
    response = self.full_dispatch_request()
  File "/home/tom/.local/lib/python3.6/site-packages/flask/app.py", line 1952, in full_dispatch_request
    return self.finalize_request(rv)
  File "/home/tom/.local/lib/python3.6/site-packages/flask/app.py", line 1967, in finalize_request
    response = self.make_response(rv)
  File "/home/tom/.local/lib/python3.6/site-packages/flask/app.py", line 2097, in make_response
    "The view function did not return a valid response. The"
TypeError: The view function did not return a valid response. The function either returned None or ended without a return statement.
[2019-09-28 17:44:38,942] ERROR in app: Exception on /games/leaderboard/images/arrow-right.png [GET]
Traceback (most recent call last):
  File "/home/tom/.local/lib/python3.6/site-packages/flask/app.py", line 2446, in wsgi_app
    response = self.full_dispatch_request()
  File "/home/tom/.local/lib/python3.6/site-packages/flask/app.py", line 1952, in full_dispatch_request
    return self.finalize_request(rv)
  File "/home/tom/.local/lib/python3.6/site-packages/flask/app.py", line 1967, in finalize_request
    response = self.make_response(rv)
  File "/home/tom/.local/lib/python3.6/site-packages/flask/app.py", line 2097, in make_response
    "The view function did not return a valid response. The"
TypeError: The view function did not return a valid response. The function either returned None or ended without a return statement.
[2019-09-28 17:44:40,948] ERROR in app: Exception on /games/leaderboard/images/arrow-right.png [GET]
Traceback (most recent call last):
  File "/home/tom/.local/lib/python3.6/site-packages/flask/app.py", line 2446, in wsgi_app
    response = self.full_dispatch_request()
  File "/home/tom/.local/lib/python3.6/site-packages/flask/app.py", line 1952, in full_dispatch_request
    return self.finalize_request(rv)
  File "/home/tom/.local/lib/python3.6/site-packages/flask/app.py", line 1967, in finalize_request
    response = self.make_response(rv)
  File "/home/tom/.local/lib/python3.6/site-packages/flask/app.py", line 2097, in make_response
    "The view function did not return a valid response. The"
TypeError: The view function did not return a valid response. The function either returned None or ended without a return statement.
[2019-09-28 17:44:40,949] ERROR in app: Exception on /games/leaderboard/images/arrow-left.png [GET]
Traceback (most recent call last):
  File "/home/tom/.local/lib/python3.6/site-packages/flask/app.py", line 2446, in wsgi_app
    response = self.full_dispatch_request()
  File "/home/tom/.local/lib/python3.6/site-packages/flask/app.py", line 1952, in full_dispatch_request
    return self.finalize_request(rv)
  File "/home/tom/.local/lib/python3.6/site-packages/flask/app.py", line 1967, in finalize_request
    response = self.make_response(rv)
  File "/home/tom/.local/lib/python3.6/site-packages/flask/app.py", line 2097, in make_response
    "The view function did not return a valid response. The"
TypeError: The view function did not return a valid response. The function either returned None or ended without a return statement.
[2019-09-28 17:47:22 +0000] [31749] [INFO] Handling signal: term
[2019-09-28 17:47:22 +0000] [31752] [INFO] Worker exiting (pid: 31752)
[2019-09-28 17:47:22 +0000] [31754] [INFO] Worker exiting (pid: 31754)
[2019-09-28 17:47:22 +0000] [31753] [INFO] Worker exiting (pid: 31753)
[2019-09-28 17:47:22 +0000] [31755] [INFO] Worker exiting (pid: 31755)
[2019-09-28 17:47:22 +0000] [31756] [INFO] Worker exiting (pid: 31756)
[2019-09-28 17:47:23 +0000] [31749] [INFO] Shutting down: Master
[2019-09-28 17:47:25 +0000] [31800] [INFO] Starting gunicorn 19.9.0
[2019-09-28 17:47:25 +0000] [31800] [INFO] Listening at: unix:pythonapp.sock (31800)
[2019-09-28 17:47:25 +0000] [31800] [INFO] Using worker: sync
[2019-09-28 17:47:25 +0000] [31803] [INFO] Booting worker with pid: 31803
[2019-09-28 17:47:25 +0000] [31804] [INFO] Booting worker with pid: 31804
[2019-09-28 17:47:26 +0000] [31805] [INFO] Booting worker with pid: 31805
[2019-09-28 17:47:26 +0000] [31806] [INFO] Booting worker with pid: 31806
[2019-09-28 17:47:26 +0000] [31807] [INFO] Booting worker with pid: 31807
[2019-09-28 17:47:28,347] ERROR in app: Exception on /games/leaderboard/images/arrow-left.png [GET]
Traceback (most recent call last):
  File "/home/tom/.local/lib/python3.6/site-packages/flask/app.py", line 2446, in wsgi_app
    response = self.full_dispatch_request()
  File "/home/tom/.local/lib/python3.6/site-packages/flask/app.py", line 1952, in full_dispatch_request
    return self.finalize_request(rv)
  File "/home/tom/.local/lib/python3.6/site-packages/flask/app.py", line 1967, in finalize_request
    response = self.make_response(rv)
  File "/home/tom/.local/lib/python3.6/site-packages/flask/app.py", line 2097, in make_response
    "The view function did not return a valid response. The"
TypeError: The view function did not return a valid response. The function either returned None or ended without a return statement.
[2019-09-28 17:47:28,400] ERROR in app: Exception on /games/leaderboard/images/arrow-right.png [GET]
Traceback (most recent call last):
  File "/home/tom/.local/lib/python3.6/site-packages/flask/app.py", line 2446, in wsgi_app
    response = self.full_dispatch_request()
  File "/home/tom/.local/lib/python3.6/site-packages/flask/app.py", line 1952, in full_dispatch_request
    return self.finalize_request(rv)
  File "/home/tom/.local/lib/python3.6/site-packages/flask/app.py", line 1967, in finalize_request
    response = self.make_response(rv)
  File "/home/tom/.local/lib/python3.6/site-packages/flask/app.py", line 2097, in make_response
    "The view function did not return a valid response. The"
TypeError: The view function did not return a valid response. The function either returned None or ended without a return statement.
[2019-09-28 17:47:49 +0000] [31800] [INFO] Handling signal: term
[2019-09-28 17:47:49 +0000] [31805] [INFO] Worker exiting (pid: 31805)
[2019-09-28 17:47:49 +0000] [31807] [INFO] Worker exiting (pid: 31807)
[2019-09-28 17:47:49 +0000] [31803] [INFO] Worker exiting (pid: 31803)
[2019-09-28 17:47:49 +0000] [31804] [INFO] Worker exiting (pid: 31804)
[2019-09-28 17:47:49 +0000] [31806] [INFO] Worker exiting (pid: 31806)
[2019-09-28 17:47:50 +0000] [31800] [INFO] Shutting down: Master
[2019-09-28 17:47:52 +0000] [31821] [INFO] Starting gunicorn 19.9.0
[2019-09-28 17:47:52 +0000] [31821] [INFO] Listening at: unix:pythonapp.sock (31821)
[2019-09-28 17:47:52 +0000] [31821] [INFO] Using worker: sync
[2019-09-28 17:47:52 +0000] [31824] [INFO] Booting worker with pid: 31824
[2019-09-28 17:47:52 +0000] [31825] [INFO] Booting worker with pid: 31825
[2019-09-28 17:47:52 +0000] [31826] [INFO] Booting worker with pid: 31826
[2019-09-28 17:47:52 +0000] [31827] [INFO] Booting worker with pid: 31827
[2019-09-28 17:47:53 +0000] [31828] [INFO] Booting worker with pid: 31828
[2019-09-28 17:47:55,203] ERROR in app: Exception on /games/leaderboard/images/arrow-left.png [GET]
Traceback (most recent call last):
  File "/home/tom/.local/lib/python3.6/site-packages/flask/app.py", line 2446, in wsgi_app
    response = self.full_dispatch_request()
  File "/home/tom/.local/lib/python3.6/site-packages/flask/app.py", line 1952, in full_dispatch_request
    return self.finalize_request(rv)
  File "/home/tom/.local/lib/python3.6/site-packages/flask/app.py", line 1967, in finalize_request
    response = self.make_response(rv)
  File "/home/tom/.local/lib/python3.6/site-packages/flask/app.py", line 2097, in make_response
    "The view function did not return a valid response. The"
TypeError: The view function did not return a valid response. The function either returned None or ended without a return statement.
[2019-09-28 17:47:55,222] ERROR in app: Exception on /games/leaderboard/images/arrow-right.png [GET]
Traceback (most recent call last):
  File "/home/tom/.local/lib/python3.6/site-packages/flask/app.py", line 2446, in wsgi_app
    response = self.full_dispatch_request()
  File "/home/tom/.local/lib/python3.6/site-packages/flask/app.py", line 1952, in full_dispatch_request
    return self.finalize_request(rv)
  File "/home/tom/.local/lib/python3.6/site-packages/flask/app.py", line 1967, in finalize_request
    response = self.make_response(rv)
  File "/home/tom/.local/lib/python3.6/site-packages/flask/app.py", line 2097, in make_response
    "The view function did not return a valid response. The"
TypeError: The view function did not return a valid response. The function either returned None or ended without a return statement.
[2019-09-28 17:48:07,628] ERROR in app: Exception on /games/leaderboard/images/arrow-left.png [GET]
Traceback (most recent call last):
  File "/home/tom/.local/lib/python3.6/site-packages/flask/app.py", line 2446, in wsgi_app
    response = self.full_dispatch_request()
  File "/home/tom/.local/lib/python3.6/site-packages/flask/app.py", line 1952, in full_dispatch_request
    return self.finalize_request(rv)
  File "/home/tom/.local/lib/python3.6/site-packages/flask/app.py", line 1967, in finalize_request
    response = self.make_response(rv)
  File "/home/tom/.local/lib/python3.6/site-packages/flask/app.py", line 2097, in make_response
    "The view function did not return a valid response. The"
TypeError: The view function did not return a valid response. The function either returned None or ended without a return statement.
[2019-09-28 17:48:07,629] ERROR in app: Exception on /games/leaderboard/images/arrow-right.png [GET]
Traceback (most recent call last):
  File "/home/tom/.local/lib/python3.6/site-packages/flask/app.py", line 2446, in wsgi_app
    response = self.full_dispatch_request()
  File "/home/tom/.local/lib/python3.6/site-packages/flask/app.py", line 1952, in full_dispatch_request
    return self.finalize_request(rv)
  File "/home/tom/.local/lib/python3.6/site-packages/flask/app.py", line 1967, in finalize_request
    response = self.make_response(rv)
  File "/home/tom/.local/lib/python3.6/site-packages/flask/app.py", line 2097, in make_response
    "The view function did not return a valid response. The"
TypeError: The view function did not return a valid response. The function either returned None or ended without a return statement.
[2019-09-28 17:48:14,119] ERROR in app: Exception on /games/leaderboard/images/arrow-right.png [GET]
Traceback (most recent call last):
  File "/home/tom/.local/lib/python3.6/site-packages/flask/app.py", line 2446, in wsgi_app
    response = self.full_dispatch_request()
  File "/home/tom/.local/lib/python3.6/site-packages/flask/app.py", line 1952, in full_dispatch_request
    return self.finalize_request(rv)
  File "/home/tom/.local/lib/python3.6/site-packages/flask/app.py", line 1967, in finalize_request
    response = self.make_response(rv)
  File "/home/tom/.local/lib/python3.6/site-packages/flask/app.py", line 2097, in make_response
    "The view function did not return a valid response. The"
TypeError: The view function did not return a valid response. The function either returned None or ended without a return statement.
[2019-09-28 17:48:14,150] ERROR in app: Exception on /games/leaderboard/images/arrow-left.png [GET]
Traceback (most recent call last):
  File "/home/tom/.local/lib/python3.6/site-packages/flask/app.py", line 2446, in wsgi_app
    response = self.full_dispatch_request()
  File "/home/tom/.local/lib/python3.6/site-packages/flask/app.py", line 1952, in full_dispatch_request
    return self.finalize_request(rv)
  File "/home/tom/.local/lib/python3.6/site-packages/flask/app.py", line 1967, in finalize_request
    response = self.make_response(rv)
  File "/home/tom/.local/lib/python3.6/site-packages/flask/app.py", line 2097, in make_response
    "The view function did not return a valid response. The"
TypeError: The view function did not return a valid response. The function either returned None or ended without a return statement.
[2019-09-28 17:51:08 +0000] [31821] [INFO] Handling signal: term
[2019-09-28 17:51:08 +0000] [31826] [INFO] Worker exiting (pid: 31826)
[2019-09-28 17:51:08 +0000] [31827] [INFO] Worker exiting (pid: 31827)
[2019-09-28 17:51:08 +0000] [31828] [INFO] Worker exiting (pid: 31828)
[2019-09-28 17:51:08 +0000] [31824] [INFO] Worker exiting (pid: 31824)
[2019-09-28 17:51:08 +0000] [31825] [INFO] Worker exiting (pid: 31825)
[2019-09-28 17:51:09 +0000] [31821] [INFO] Shutting down: Master
[2019-09-28 17:51:11 +0000] [31869] [INFO] Starting gunicorn 19.9.0
[2019-09-28 17:51:11 +0000] [31869] [INFO] Listening at: unix:pythonapp.sock (31869)
[2019-09-28 17:51:11 +0000] [31869] [INFO] Using worker: sync
[2019-09-28 17:51:11 +0000] [31872] [INFO] Booting worker with pid: 31872
[2019-09-28 17:51:11 +0000] [31873] [INFO] Booting worker with pid: 31873
[2019-09-28 17:51:11 +0000] [31874] [INFO] Booting worker with pid: 31874
[2019-09-28 17:51:11 +0000] [31875] [INFO] Booting worker with pid: 31875
[2019-09-28 17:51:11 +0000] [31876] [INFO] Booting worker with pid: 31876
[2019-09-28 17:51:52,910] ERROR in app: Exception on /games/leaderboard/images/arrow-left.png [GET]
Traceback (most recent call last):
  File "/home/tom/.local/lib/python3.6/site-packages/flask/app.py", line 2446, in wsgi_app
    response = self.full_dispatch_request()
  File "/home/tom/.local/lib/python3.6/site-packages/flask/app.py", line 1952, in full_dispatch_request
    return self.finalize_request(rv)
  File "/home/tom/.local/lib/python3.6/site-packages/flask/app.py", line 1967, in finalize_request
    response = self.make_response(rv)
  File "/home/tom/.local/lib/python3.6/site-packages/flask/app.py", line 2097, in make_response
    "The view function did not return a valid response. The"
TypeError: The view function did not return a valid response. The function either returned None or ended without a return statement.[2019-09-28 17:51:52,910] ERROR in app: Exception on /games/leaderboard/images/arrow-right.png [GET]
Traceback (most recent call last):
  File "/home/tom/.local/lib/python3.6/site-packages/flask/app.py", line 2446, in wsgi_app
    response = self.full_dispatch_request()
  File "/home/tom/.local/lib/python3.6/site-packages/flask/app.py", line 1952, in full_dispatch_request
    return self.finalize_request(rv)
  File "/home/tom/.local/lib/python3.6/site-packages/flask/app.py", line 1967, in finalize_request
    response = self.make_response(rv)
  File "/home/tom/.local/lib/python3.6/site-packages/flask/app.py", line 2097, in make_response
    "The view function did not return a valid response. The"
TypeError: The view function did not return a valid response. The function either returned None or ended without a return statement.

[2019-09-28 17:53:00 +0000] [31869] [INFO] Handling signal: term
[2019-09-28 17:53:00 +0000] [31875] [INFO] Worker exiting (pid: 31875)
[2019-09-28 17:53:00 +0000] [31876] [INFO] Worker exiting (pid: 31876)
[2019-09-28 17:53:00 +0000] [31873] [INFO] Worker exiting (pid: 31873)
[2019-09-28 17:53:00 +0000] [31874] [INFO] Worker exiting (pid: 31874)
[2019-09-28 17:53:00 +0000] [31872] [INFO] Worker exiting (pid: 31872)
[2019-09-28 17:53:01 +0000] [31869] [INFO] Shutting down: Master
[2019-09-28 17:53:04 +0000] [31928] [INFO] Starting gunicorn 19.9.0
[2019-09-28 17:53:04 +0000] [31928] [INFO] Listening at: unix:pythonapp.sock (31928)
[2019-09-28 17:53:04 +0000] [31928] [INFO] Using worker: sync
[2019-09-28 17:53:04 +0000] [31932] [INFO] Booting worker with pid: 31932
[2019-09-28 17:53:04 +0000] [31933] [INFO] Booting worker with pid: 31933
[2019-09-28 17:53:04 +0000] [31934] [INFO] Booting worker with pid: 31934
[2019-09-28 17:53:04 +0000] [31935] [INFO] Booting worker with pid: 31935
[2019-09-28 17:53:04 +0000] [31936] [INFO] Booting worker with pid: 31936
[2019-09-28 17:53:29,213] ERROR in app: Exception on /games/leaderboard/images/arrow-left.png [GET]
Traceback (most recent call last):
  File "/home/tom/.local/lib/python3.6/site-packages/flask/app.py", line 2446, in wsgi_app
    response = self.full_dispatch_request()
  File "/home/tom/.local/lib/python3.6/site-packages/flask/app.py", line 1952, in full_dispatch_request
    return self.finalize_request(rv)
  File "/home/tom/.local/lib/python3.6/site-packages/flask/app.py", line 1967, in finalize_request
    response = self.make_response(rv)
  File "/home/tom/.local/lib/python3.6/site-packages/flask/app.py", line 2097, in make_response
    "The view function did not return a valid response. The"
TypeError: The view function did not return a valid response. The function either returned None or ended without a return statement.
[2019-09-28 17:53:29,298] ERROR in app: Exception on /games/leaderboard/images/arrow-right.png [GET]
Traceback (most recent call last):
  File "/home/tom/.local/lib/python3.6/site-packages/flask/app.py", line 2446, in wsgi_app
    response = self.full_dispatch_request()
  File "/home/tom/.local/lib/python3.6/site-packages/flask/app.py", line 1952, in full_dispatch_request
    return self.finalize_request(rv)
  File "/home/tom/.local/lib/python3.6/site-packages/flask/app.py", line 1967, in finalize_request
    response = self.make_response(rv)
  File "/home/tom/.local/lib/python3.6/site-packages/flask/app.py", line 2097, in make_response
    "The view function did not return a valid response. The"
TypeError: The view function did not return a valid response. The function either returned None or ended without a return statement.
[2019-09-28 17:53:40,085] ERROR in app: Exception on /games/leaderboard/images/arrow-left.png [GET]
Traceback (most recent call last):
  File "/home/tom/.local/lib/python3.6/site-packages/flask/app.py", line 2446, in wsgi_app
    response = self.full_dispatch_request()
  File "/home/tom/.local/lib/python3.6/site-packages/flask/app.py", line 1952, in full_dispatch_request
    return self.finalize_request(rv)
  File "/home/tom/.local/lib/python3.6/site-packages/flask/app.py", line 1967, in finalize_request
    response = self.make_response(rv)
  File "/home/tom/.local/lib/python3.6/site-packages/flask/app.py", line 2097, in make_response
    "The view function did not return a valid response. The"
TypeError: The view function did not return a valid response. The function either returned None or ended without a return statement.
[2019-09-28 17:53:40,094] ERROR in app: Exception on /games/leaderboard/images/arrow-right.png [GET]
Traceback (most recent call last):
  File "/home/tom/.local/lib/python3.6/site-packages/flask/app.py", line 2446, in wsgi_app
    response = self.full_dispatch_request()
  File "/home/tom/.local/lib/python3.6/site-packages/flask/app.py", line 1952, in full_dispatch_request
    return self.finalize_request(rv)
  File "/home/tom/.local/lib/python3.6/site-packages/flask/app.py", line 1967, in finalize_request
    response = self.make_response(rv)
  File "/home/tom/.local/lib/python3.6/site-packages/flask/app.py", line 2097, in make_response
    "The view function did not return a valid response. The"
TypeError: The view function did not return a valid response. The function either returned None or ended without a return statement.
[2019-09-28 17:53:55,665] ERROR in app: Exception on /games/leaderboard/images/arrow-left.png [GET]
Traceback (most recent call last):
  File "/home/tom/.local/lib/python3.6/site-packages/flask/app.py", line 2446, in wsgi_app
    response = self.full_dispatch_request()
  File "/home/tom/.local/lib/python3.6/site-packages/flask/app.py", line 1952, in full_dispatch_request
    return self.finalize_request(rv)
  File "/home/tom/.local/lib/python3.6/site-packages/flask/app.py", line 1967, in finalize_request
    response = self.make_response(rv)
  File "/home/tom/.local/lib/python3.6/site-packages/flask/app.py", line 2097, in make_response
    "The view function did not return a valid response. The"
TypeError: The view function did not return a valid response. The function either returned None or ended without a return statement.[2019-09-28 17:53:55,665] ERROR in app: Exception on /games/leaderboard/images/arrow-right.png [GET]
Traceback (most recent call last):
  File "/home/tom/.local/lib/python3.6/site-packages/flask/app.py", line 2446, in wsgi_app
    response = self.full_dispatch_request()
  File "/home/tom/.local/lib/python3.6/site-packages/flask/app.py", line 1952, in full_dispatch_request
    return self.finalize_request(rv)
  File "/home/tom/.local/lib/python3.6/site-packages/flask/app.py", line 1967, in finalize_request
    response = self.make_response(rv)
  File "/home/tom/.local/lib/python3.6/site-packages/flask/app.py", line 2097, in make_response
    "The view function did not return a valid response. The"
TypeError: The view function did not return a valid response. The function either returned None or ended without a return statement.

[2019-09-28 17:53:57,768] ERROR in app: Exception on /games/leaderboard/images/arrow-left.png [GET]
Traceback (most recent call last):
  File "/home/tom/.local/lib/python3.6/site-packages/flask/app.py", line 2446, in wsgi_app
    response = self.full_dispatch_request()
  File "/home/tom/.local/lib/python3.6/site-packages/flask/app.py", line 1952, in full_dispatch_request
    return self.finalize_request(rv)
  File "/home/tom/.local/lib/python3.6/site-packages/flask/app.py", line 1967, in finalize_request
    response = self.make_response(rv)
  File "/home/tom/.local/lib/python3.6/site-packages/flask/app.py", line 2097, in make_response
    "The view function did not return a valid response. The"
TypeError: The view function did not return a valid response. The function either returned None or ended without a return statement.
[2019-09-28 17:53:57,775] ERROR in app: Exception on /games/leaderboard/images/arrow-right.png [GET]
Traceback (most recent call last):
  File "/home/tom/.local/lib/python3.6/site-packages/flask/app.py", line 2446, in wsgi_app
    response = self.full_dispatch_request()
  File "/home/tom/.local/lib/python3.6/site-packages/flask/app.py", line 1952, in full_dispatch_request
    return self.finalize_request(rv)
  File "/home/tom/.local/lib/python3.6/site-packages/flask/app.py", line 1967, in finalize_request
    response = self.make_response(rv)
  File "/home/tom/.local/lib/python3.6/site-packages/flask/app.py", line 2097, in make_response
    "The view function did not return a valid response. The"
TypeError: The view function did not return a valid response. The function either returned None or ended without a return statement.
[2019-09-28 17:53:58,470] ERROR in app: Exception on /games/leaderboard/images/arrow-left.png [GET]
Traceback (most recent call last):
  File "/home/tom/.local/lib/python3.6/site-packages/flask/app.py", line 2446, in wsgi_app
    response = self.full_dispatch_request()
  File "/home/tom/.local/lib/python3.6/site-packages/flask/app.py", line 1952, in full_dispatch_request
    return self.finalize_request(rv)
  File "/home/tom/.local/lib/python3.6/site-packages/flask/app.py", line 1967, in finalize_request
    response = self.make_response(rv)
  File "/home/tom/.local/lib/python3.6/site-packages/flask/app.py", line 2097, in make_response
    "The view function did not return a valid response. The"
TypeError: The view function did not return a valid response. The function either returned None or ended without a return statement.
[2019-09-28 17:53:58,506] ERROR in app: Exception on /games/leaderboard/images/arrow-right.png [GET]
Traceback (most recent call last):
  File "/home/tom/.local/lib/python3.6/site-packages/flask/app.py", line 2446, in wsgi_app
    response = self.full_dispatch_request()
  File "/home/tom/.local/lib/python3.6/site-packages/flask/app.py", line 1952, in full_dispatch_request
    return self.finalize_request(rv)
  File "/home/tom/.local/lib/python3.6/site-packages/flask/app.py", line 1967, in finalize_request
    response = self.make_response(rv)
  File "/home/tom/.local/lib/python3.6/site-packages/flask/app.py", line 2097, in make_response
    "The view function did not return a valid response. The"
TypeError: The view function did not return a valid response. The function either returned None or ended without a return statement.
[2019-09-28 17:53:59,139] ERROR in app: Exception on /games/leaderboard/images/arrow-right.png [GET]
Traceback (most recent call last):
  File "/home/tom/.local/lib/python3.6/site-packages/flask/app.py", line 2446, in wsgi_app
    response = self.full_dispatch_request()
  File "/home/tom/.local/lib/python3.6/site-packages/flask/app.py", line 1952, in full_dispatch_request
    return self.finalize_request(rv)
  File "/home/tom/.local/lib/python3.6/site-packages/flask/app.py", line 1967, in finalize_request
    response = self.make_response(rv)
  File "/home/tom/.local/lib/python3.6/site-packages/flask/app.py", line 2097, in make_response
    "The view function did not return a valid response. The"
TypeError: The view function did not return a valid response. The function either returned None or ended without a return statement.
[2019-09-28 17:53:59,151] ERROR in app: Exception on /games/leaderboard/images/arrow-left.png [GET]
Traceback (most recent call last):
  File "/home/tom/.local/lib/python3.6/site-packages/flask/app.py", line 2446, in wsgi_app
    response = self.full_dispatch_request()
  File "/home/tom/.local/lib/python3.6/site-packages/flask/app.py", line 1952, in full_dispatch_request
    return self.finalize_request(rv)
  File "/home/tom/.local/lib/python3.6/site-packages/flask/app.py", line 1967, in finalize_request
    response = self.make_response(rv)
  File "/home/tom/.local/lib/python3.6/site-packages/flask/app.py", line 2097, in make_response
    "The view function did not return a valid response. The"
TypeError: The view function did not return a valid response. The function either returned None or ended without a return statement.
[2019-09-28 17:53:59,857] ERROR in app: Exception on /games/leaderboard/images/arrow-right.png [GET]
Traceback (most recent call last):
  File "/home/tom/.local/lib/python3.6/site-packages/flask/app.py", line 2446, in wsgi_app
    response = self.full_dispatch_request()
  File "/home/tom/.local/lib/python3.6/site-packages/flask/app.py", line 1952, in full_dispatch_request
    return self.finalize_request(rv)
  File "/home/tom/.local/lib/python3.6/site-packages/flask/app.py", line 1967, in finalize_request
    response = self.make_response(rv)
  File "/home/tom/.local/lib/python3.6/site-packages/flask/app.py", line 2097, in make_response
    "The view function did not return a valid response. The"
TypeError: The view function did not return a valid response. The function either returned None or ended without a return statement.[2019-09-28 17:53:59,857] ERROR in app: Exception on /games/leaderboard/images/arrow-left.png [GET]
Traceback (most recent call last):
  File "/home/tom/.local/lib/python3.6/site-packages/flask/app.py", line 2446, in wsgi_app
    response = self.full_dispatch_request()
  File "/home/tom/.local/lib/python3.6/site-packages/flask/app.py", line 1952, in full_dispatch_request
    return self.finalize_request(rv)
  File "/home/tom/.local/lib/python3.6/site-packages/flask/app.py", line 1967, in finalize_request
    response = self.make_response(rv)
  File "/home/tom/.local/lib/python3.6/site-packages/flask/app.py", line 2097, in make_response
    "The view function did not return a valid response. The"
TypeError: The view function did not return a valid response. The function either returned None or ended without a return statement.

[2019-09-28 17:54:02,843] ERROR in app: Exception on /games/leaderboard/images/arrow-right.png [GET]
Traceback (most recent call last):
  File "/home/tom/.local/lib/python3.6/site-packages/flask/app.py", line 2446, in wsgi_app
    response = self.full_dispatch_request()
  File "/home/tom/.local/lib/python3.6/site-packages/flask/app.py", line 1952, in full_dispatch_request
    return self.finalize_request(rv)
  File "/home/tom/.local/lib/python3.6/site-packages/flask/app.py", line 1967, in finalize_request
    response = self.make_response(rv)
  File "/home/tom/.local/lib/python3.6/site-packages/flask/app.py", line 2097, in make_response
    "The view function did not return a valid response. The"
TypeError: The view function did not return a valid response. The function either returned None or ended without a return statement.
[2019-09-28 17:54:02,844] ERROR in app: Exception on /games/leaderboard/images/arrow-left.png [GET]
Traceback (most recent call last):
  File "/home/tom/.local/lib/python3.6/site-packages/flask/app.py", line 2446, in wsgi_app
    response = self.full_dispatch_request()
  File "/home/tom/.local/lib/python3.6/site-packages/flask/app.py", line 1952, in full_dispatch_request
    return self.finalize_request(rv)
  File "/home/tom/.local/lib/python3.6/site-packages/flask/app.py", line 1967, in finalize_request
    response = self.make_response(rv)
  File "/home/tom/.local/lib/python3.6/site-packages/flask/app.py", line 2097, in make_response
    "The view function did not return a valid response. The"
TypeError: The view function did not return a valid response. The function either returned None or ended without a return statement.
[2019-09-28 17:54:03,387] ERROR in app: Exception on /games/leaderboard/images/arrow-left.png [GET]
Traceback (most recent call last):
  File "/home/tom/.local/lib/python3.6/site-packages/flask/app.py", line 2446, in wsgi_app
    response = self.full_dispatch_request()
  File "/home/tom/.local/lib/python3.6/site-packages/flask/app.py", line 1952, in full_dispatch_request
    return self.finalize_request(rv)
  File "/home/tom/.local/lib/python3.6/site-packages/flask/app.py", line 1967, in finalize_request
    response = self.make_response(rv)
  File "/home/tom/.local/lib/python3.6/site-packages/flask/app.py", line 2097, in make_response
    "The view function did not return a valid response. The"
TypeError: The view function did not return a valid response. The function either returned None or ended without a return statement.[2019-09-28 17:54:03,387] ERROR in app: Exception on /games/leaderboard/images/arrow-right.png [GET]
Traceback (most recent call last):
  File "/home/tom/.local/lib/python3.6/site-packages/flask/app.py", line 2446, in wsgi_app
    response = self.full_dispatch_request()
  File "/home/tom/.local/lib/python3.6/site-packages/flask/app.py", line 1952, in full_dispatch_request
    return self.finalize_request(rv)
  File "/home/tom/.local/lib/python3.6/site-packages/flask/app.py", line 1967, in finalize_request
    response = self.make_response(rv)
  File "/home/tom/.local/lib/python3.6/site-packages/flask/app.py", line 2097, in make_response
    "The view function did not return a valid response. The"
TypeError: The view function did not return a valid response. The function either returned None or ended without a return statement.

[2019-09-28 18:16:45 +0000] [31928] [INFO] Handling signal: term
[2019-09-28 18:16:45 +0000] [31933] [INFO] Worker exiting (pid: 31933)
[2019-09-28 18:16:45 +0000] [31932] [INFO] Worker exiting (pid: 31932)
[2019-09-28 18:16:45 +0000] [31934] [INFO] Worker exiting (pid: 31934)
[2019-09-28 18:16:45 +0000] [31935] [INFO] Worker exiting (pid: 31935)
[2019-09-28 18:16:45 +0000] [31936] [INFO] Worker exiting (pid: 31936)
[2019-09-28 18:16:45 +0000] [31928] [INFO] Shutting down: Master
[2019-09-28 18:16:47 +0000] [32085] [INFO] Starting gunicorn 19.9.0
[2019-09-28 18:16:47 +0000] [32085] [INFO] Listening at: unix:pythonapp.sock (32085)
[2019-09-28 18:16:47 +0000] [32085] [INFO] Using worker: sync
[2019-09-28 18:16:47 +0000] [32093] [INFO] Booting worker with pid: 32093
[2019-09-28 18:16:48 +0000] [32094] [INFO] Booting worker with pid: 32094
[2019-09-28 18:16:48 +0000] [32095] [INFO] Booting worker with pid: 32095
[2019-09-28 18:16:48 +0000] [32096] [INFO] Booting worker with pid: 32096
[2019-09-28 18:16:48 +0000] [32097] [INFO] Booting worker with pid: 32097
[2019-09-28 18:17:43 +0000] [32093] [INFO] Worker exiting (pid: 32093)
[2019-09-28 18:17:43 +0000] [32095] [INFO] Worker exiting (pid: 32095)
[2019-09-28 18:17:43 +0000] [32094] [INFO] Worker exiting (pid: 32094)
[2019-09-28 18:17:43 +0000] [32096] [INFO] Worker exiting (pid: 32096)
[2019-09-28 18:17:43 +0000] [32097] [INFO] Worker exiting (pid: 32097)
[2019-09-28 18:17:43 +0000] [32085] [INFO] Handling signal: term
[2019-09-28 18:17:43 +0000] [32085] [INFO] Shutting down: Master
[2019-09-28 18:17:46 +0000] [32114] [INFO] Starting gunicorn 19.9.0
[2019-09-28 18:17:46 +0000] [32114] [INFO] Listening at: unix:pythonapp.sock (32114)
[2019-09-28 18:17:46 +0000] [32114] [INFO] Using worker: sync
[2019-09-28 18:17:46 +0000] [32118] [INFO] Booting worker with pid: 32118
[2019-09-28 18:17:46 +0000] [32119] [INFO] Booting worker with pid: 32119
[2019-09-28 18:17:46 +0000] [32120] [INFO] Booting worker with pid: 32120
[2019-09-28 18:17:46 +0000] [32121] [INFO] Booting worker with pid: 32121
[2019-09-28 18:17:46 +0000] [32122] [INFO] Booting worker with pid: 32122
[2019-09-28 18:18:19 +0000] [32114] [INFO] Handling signal: term
[2019-09-28 18:18:19 +0000] [32118] [INFO] Worker exiting (pid: 32118)
[2019-09-28 18:18:19 +0000] [32119] [INFO] Worker exiting (pid: 32119)
[2019-09-28 18:18:19 +0000] [32121] [INFO] Worker exiting (pid: 32121)
[2019-09-28 18:18:19 +0000] [32120] [INFO] Worker exiting (pid: 32120)
[2019-09-28 18:18:19 +0000] [32122] [INFO] Worker exiting (pid: 32122)
[2019-09-28 18:18:20 +0000] [32114] [INFO] Shutting down: Master
[2019-09-28 18:18:23 +0000] [32153] [INFO] Starting gunicorn 19.9.0
[2019-09-28 18:18:23 +0000] [32153] [INFO] Listening at: unix:pythonapp.sock (32153)
[2019-09-28 18:18:23 +0000] [32153] [INFO] Using worker: sync
[2019-09-28 18:18:23 +0000] [32156] [INFO] Booting worker with pid: 32156
[2019-09-28 18:18:23 +0000] [32157] [INFO] Booting worker with pid: 32157
[2019-09-28 18:18:23 +0000] [32158] [INFO] Booting worker with pid: 32158
[2019-09-28 18:18:23 +0000] [32159] [INFO] Booting worker with pid: 32159
[2019-09-28 18:18:23 +0000] [32160] [INFO] Booting worker with pid: 32160
[2019-09-28 18:19:32 +0000] [32153] [INFO] Handling signal: term
[2019-09-28 18:19:32 +0000] [32158] [INFO] Worker exiting (pid: 32158)
[2019-09-28 18:19:32 +0000] [32157] [INFO] Worker exiting (pid: 32157)
[2019-09-28 18:19:32 +0000] [32156] [INFO] Worker exiting (pid: 32156)
[2019-09-28 18:19:32 +0000] [32159] [INFO] Worker exiting (pid: 32159)
[2019-09-28 18:19:32 +0000] [32160] [INFO] Worker exiting (pid: 32160)
[2019-09-28 18:19:33 +0000] [32153] [INFO] Shutting down: Master
[2019-09-28 18:19:35 +0000] [32177] [INFO] Starting gunicorn 19.9.0
[2019-09-28 18:19:35 +0000] [32177] [INFO] Listening at: unix:pythonapp.sock (32177)
[2019-09-28 18:19:35 +0000] [32177] [INFO] Using worker: sync
[2019-09-28 18:19:35 +0000] [32180] [INFO] Booting worker with pid: 32180
[2019-09-28 18:19:35 +0000] [32181] [INFO] Booting worker with pid: 32181
[2019-09-28 18:19:35 +0000] [32182] [INFO] Booting worker with pid: 32182
[2019-09-28 18:19:35 +0000] [32183] [INFO] Booting worker with pid: 32183
[2019-09-28 18:19:35 +0000] [32184] [INFO] Booting worker with pid: 32184
[2019-09-28 18:20:22 +0000] [32177] [INFO] Handling signal: term
[2019-09-28 18:20:22 +0000] [32183] [INFO] Worker exiting (pid: 32183)
[2019-09-28 18:20:22 +0000] [32180] [INFO] Worker exiting (pid: 32180)
[2019-09-28 18:20:22 +0000] [32184] [INFO] Worker exiting (pid: 32184)
[2019-09-28 18:20:22 +0000] [32181] [INFO] Worker exiting (pid: 32181)
[2019-09-28 18:20:22 +0000] [32182] [INFO] Worker exiting (pid: 32182)
[2019-09-28 18:20:23 +0000] [32177] [INFO] Shutting down: Master
[2019-09-28 18:20:26 +0000] [32204] [INFO] Starting gunicorn 19.9.0
[2019-09-28 18:20:26 +0000] [32204] [INFO] Listening at: unix:pythonapp.sock (32204)
[2019-09-28 18:20:26 +0000] [32204] [INFO] Using worker: sync
[2019-09-28 18:20:26 +0000] [32207] [INFO] Booting worker with pid: 32207
[2019-09-28 18:20:26 +0000] [32208] [INFO] Booting worker with pid: 32208
[2019-09-28 18:20:26 +0000] [32209] [INFO] Booting worker with pid: 32209
[2019-09-28 18:20:26 +0000] [32210] [INFO] Booting worker with pid: 32210
[2019-09-28 18:20:26 +0000] [32211] [INFO] Booting worker with pid: 32211
[2019-09-28 18:20:27,666] ERROR in app: Exception on /favicon.ico [GET]
Traceback (most recent call last):
  File "/home/tom/.local/lib/python3.6/site-packages/flask/app.py", line 2446, in wsgi_app
    response = self.full_dispatch_request()
  File "/home/tom/.local/lib/python3.6/site-packages/flask/app.py", line 1952, in full_dispatch_request
    return self.finalize_request(rv)
  File "/home/tom/.local/lib/python3.6/site-packages/flask/app.py", line 1967, in finalize_request
    response = self.make_response(rv)
  File "/home/tom/.local/lib/python3.6/site-packages/flask/app.py", line 2097, in make_response
    "The view function did not return a valid response. The"
TypeError: The view function did not return a valid response. The function either returned None or ended without a return statement.
[2019-09-28 18:21:22 +0000] [32204] [INFO] Handling signal: term
[2019-09-28 18:21:22 +0000] [32208] [INFO] Worker exiting (pid: 32208)
[2019-09-28 18:21:22 +0000] [32207] [INFO] Worker exiting (pid: 32207)
[2019-09-28 18:21:22 +0000] [32211] [INFO] Worker exiting (pid: 32211)
[2019-09-28 18:21:22 +0000] [32209] [INFO] Worker exiting (pid: 32209)
[2019-09-28 18:21:22 +0000] [32210] [INFO] Worker exiting (pid: 32210)
[2019-09-28 18:21:23 +0000] [32204] [INFO] Shutting down: Master
[2019-09-28 18:21:26 +0000] [32227] [INFO] Starting gunicorn 19.9.0
[2019-09-28 18:21:26 +0000] [32227] [INFO] Listening at: unix:pythonapp.sock (32227)
[2019-09-28 18:21:26 +0000] [32227] [INFO] Using worker: sync
[2019-09-28 18:21:26 +0000] [32230] [INFO] Booting worker with pid: 32230
[2019-09-28 18:21:26 +0000] [32231] [INFO] Booting worker with pid: 32231
[2019-09-28 18:21:26 +0000] [32232] [INFO] Booting worker with pid: 32232
[2019-09-28 18:21:26 +0000] [32233] [INFO] Booting worker with pid: 32233
[2019-09-28 18:21:26 +0000] [32234] [INFO] Booting worker with pid: 32234
[2019-09-28 18:22:39 +0000] [32227] [INFO] Handling signal: term
[2019-09-28 18:22:39 +0000] [32230] [INFO] Worker exiting (pid: 32230)
[2019-09-28 18:22:39 +0000] [32231] [INFO] Worker exiting (pid: 32231)
[2019-09-28 18:22:39 +0000] [32233] [INFO] Worker exiting (pid: 32233)
[2019-09-28 18:22:39 +0000] [32232] [INFO] Worker exiting (pid: 32232)
[2019-09-28 18:22:39 +0000] [32234] [INFO] Worker exiting (pid: 32234)
[2019-09-28 18:22:40 +0000] [32227] [INFO] Shutting down: Master
[2019-09-28 18:22:42 +0000] [32295] [INFO] Starting gunicorn 19.9.0
[2019-09-28 18:22:42 +0000] [32295] [INFO] Listening at: unix:pythonapp.sock (32295)
[2019-09-28 18:22:42 +0000] [32295] [INFO] Using worker: sync
[2019-09-28 18:22:42 +0000] [32298] [INFO] Booting worker with pid: 32298
[2019-09-28 18:22:42 +0000] [32299] [INFO] Booting worker with pid: 32299
[2019-09-28 18:22:42 +0000] [32300] [INFO] Booting worker with pid: 32300
[2019-09-28 18:22:42 +0000] [32301] [INFO] Booting worker with pid: 32301
[2019-09-28 18:22:43 +0000] [32302] [INFO] Booting worker with pid: 32302
[2019-09-28 18:26:21 +0000] [32295] [INFO] Handling signal: term
[2019-09-28 18:26:21 +0000] [32298] [INFO] Worker exiting (pid: 32298)
[2019-09-28 18:26:21 +0000] [32299] [INFO] Worker exiting (pid: 32299)
[2019-09-28 18:26:21 +0000] [32300] [INFO] Worker exiting (pid: 32300)
[2019-09-28 18:26:21 +0000] [32302] [INFO] Worker exiting (pid: 32302)
[2019-09-28 18:26:21 +0000] [32301] [INFO] Worker exiting (pid: 32301)
[2019-09-28 18:26:22 +0000] [32295] [INFO] Shutting down: Master
[2019-09-28 18:26:24 +0000] [32351] [INFO] Starting gunicorn 19.9.0
[2019-09-28 18:26:24 +0000] [32351] [INFO] Listening at: unix:pythonapp.sock (32351)
[2019-09-28 18:26:24 +0000] [32351] [INFO] Using worker: sync
[2019-09-28 18:26:24 +0000] [32354] [INFO] Booting worker with pid: 32354
[2019-09-28 18:26:25 +0000] [32355] [INFO] Booting worker with pid: 32355
[2019-09-28 18:26:25 +0000] [32356] [INFO] Booting worker with pid: 32356
[2019-09-28 18:26:25 +0000] [32357] [INFO] Booting worker with pid: 32357
[2019-09-28 18:26:25 +0000] [32358] [INFO] Booting worker with pid: 32358
[2019-09-28 18:26:47 +0000] [32351] [INFO] Handling signal: term
[2019-09-28 18:26:47 +0000] [32355] [INFO] Worker exiting (pid: 32355)
[2019-09-28 18:26:47 +0000] [32357] [INFO] Worker exiting (pid: 32357)
[2019-09-28 18:26:47 +0000] [32356] [INFO] Worker exiting (pid: 32356)
[2019-09-28 18:26:47 +0000] [32354] [INFO] Worker exiting (pid: 32354)
[2019-09-28 18:26:47 +0000] [32358] [INFO] Worker exiting (pid: 32358)
[2019-09-28 18:26:48 +0000] [32351] [INFO] Shutting down: Master
[2019-09-28 18:26:51 +0000] [32372] [INFO] Starting gunicorn 19.9.0
[2019-09-28 18:26:51 +0000] [32372] [INFO] Listening at: unix:pythonapp.sock (32372)
[2019-09-28 18:26:51 +0000] [32372] [INFO] Using worker: sync
[2019-09-28 18:26:51 +0000] [32375] [INFO] Booting worker with pid: 32375
[2019-09-28 18:26:51 +0000] [32376] [INFO] Booting worker with pid: 32376
[2019-09-28 18:26:51 +0000] [32377] [INFO] Booting worker with pid: 32377
[2019-09-28 18:26:51 +0000] [32378] [INFO] Booting worker with pid: 32378
[2019-09-28 18:26:51 +0000] [32379] [INFO] Booting worker with pid: 32379
[2019-09-28 18:28:11 +0000] [32372] [INFO] Handling signal: term
[2019-09-28 18:28:11 +0000] [32375] [INFO] Worker exiting (pid: 32375)
[2019-09-28 18:28:11 +0000] [32376] [INFO] Worker exiting (pid: 32376)
[2019-09-28 18:28:11 +0000] [32378] [INFO] Worker exiting (pid: 32378)
[2019-09-28 18:28:11 +0000] [32379] [INFO] Worker exiting (pid: 32379)
[2019-09-28 18:28:11 +0000] [32377] [INFO] Worker exiting (pid: 32377)
[2019-09-28 18:28:12 +0000] [32372] [INFO] Shutting down: Master
[2019-09-28 18:28:15 +0000] [32433] [INFO] Starting gunicorn 19.9.0
[2019-09-28 18:28:15 +0000] [32433] [INFO] Listening at: unix:pythonapp.sock (32433)
[2019-09-28 18:28:15 +0000] [32433] [INFO] Using worker: sync
[2019-09-28 18:28:15 +0000] [32436] [INFO] Booting worker with pid: 32436
[2019-09-28 18:28:15 +0000] [32437] [INFO] Booting worker with pid: 32437
[2019-09-28 18:28:15 +0000] [32438] [INFO] Booting worker with pid: 32438
[2019-09-28 18:28:15 +0000] [32439] [INFO] Booting worker with pid: 32439
[2019-09-28 18:28:15 +0000] [32440] [INFO] Booting worker with pid: 32440
[2019-09-28 18:35:55 +0000] [32433] [INFO] Handling signal: term
[2019-09-28 18:35:55 +0000] [32439] [INFO] Worker exiting (pid: 32439)
[2019-09-28 18:35:55 +0000] [32437] [INFO] Worker exiting (pid: 32437)
[2019-09-28 18:35:55 +0000] [32436] [INFO] Worker exiting (pid: 32436)
[2019-09-28 18:35:55 +0000] [32440] [INFO] Worker exiting (pid: 32440)
[2019-09-28 18:35:55 +0000] [32438] [INFO] Worker exiting (pid: 32438)
[2019-09-28 18:35:55 +0000] [32433] [INFO] Shutting down: Master
[2019-09-28 18:35:58 +0000] [32569] [INFO] Starting gunicorn 19.9.0
[2019-09-28 18:35:58 +0000] [32569] [INFO] Listening at: unix:pythonapp.sock (32569)
[2019-09-28 18:35:58 +0000] [32569] [INFO] Using worker: sync
[2019-09-28 18:35:58 +0000] [32573] [INFO] Booting worker with pid: 32573
[2019-09-28 18:35:58 +0000] [32574] [INFO] Booting worker with pid: 32574
[2019-09-28 18:35:58 +0000] [32575] [INFO] Booting worker with pid: 32575
[2019-09-28 18:35:58 +0000] [32576] [INFO] Booting worker with pid: 32576
[2019-09-28 18:35:58 +0000] [32577] [INFO] Booting worker with pid: 32577
[2019-09-28 18:37:53 +0000] [32569] [INFO] Handling signal: term
[2019-09-28 18:37:53 +0000] [32576] [INFO] Worker exiting (pid: 32576)
[2019-09-28 18:37:53 +0000] [32575] [INFO] Worker exiting (pid: 32575)
[2019-09-28 18:37:53 +0000] [32573] [INFO] Worker exiting (pid: 32573)
[2019-09-28 18:37:53 +0000] [32574] [INFO] Worker exiting (pid: 32574)
[2019-09-28 18:37:53 +0000] [32577] [INFO] Worker exiting (pid: 32577)
[2019-09-28 18:37:54 +0000] [32569] [INFO] Shutting down: Master
[2019-09-28 18:37:56 +0000] [32594] [INFO] Starting gunicorn 19.9.0
[2019-09-28 18:37:56 +0000] [32594] [INFO] Listening at: unix:pythonapp.sock (32594)
[2019-09-28 18:37:56 +0000] [32594] [INFO] Using worker: sync
[2019-09-28 18:37:56 +0000] [32597] [INFO] Booting worker with pid: 32597
[2019-09-28 18:37:56 +0000] [32598] [INFO] Booting worker with pid: 32598
[2019-09-28 18:37:56 +0000] [32599] [INFO] Booting worker with pid: 32599
[2019-09-28 18:37:56 +0000] [32600] [INFO] Booting worker with pid: 32600
[2019-09-28 18:37:56 +0000] [32601] [INFO] Booting worker with pid: 32601
[2019-09-28 18:39:17 +0000] [32594] [INFO] Handling signal: term
[2019-09-28 18:39:17 +0000] [32597] [INFO] Worker exiting (pid: 32597)
[2019-09-28 18:39:17 +0000] [32598] [INFO] Worker exiting (pid: 32598)
[2019-09-28 18:39:17 +0000] [32600] [INFO] Worker exiting (pid: 32600)
[2019-09-28 18:39:17 +0000] [32601] [INFO] Worker exiting (pid: 32601)
[2019-09-28 18:39:17 +0000] [32599] [INFO] Worker exiting (pid: 32599)
[2019-09-28 18:39:17 +0000] [32594] [INFO] Shutting down: Master
[2019-09-28 18:39:20 +0000] [32629] [INFO] Starting gunicorn 19.9.0
[2019-09-28 18:39:20 +0000] [32629] [INFO] Listening at: unix:pythonapp.sock (32629)
[2019-09-28 18:39:20 +0000] [32629] [INFO] Using worker: sync
[2019-09-28 18:39:20 +0000] [32633] [INFO] Booting worker with pid: 32633
[2019-09-28 18:39:20 +0000] [32634] [INFO] Booting worker with pid: 32634
[2019-09-28 18:39:20 +0000] [32635] [INFO] Booting worker with pid: 32635
[2019-09-28 18:39:20 +0000] [32636] [INFO] Booting worker with pid: 32636
[2019-09-28 18:39:20 +0000] [32637] [INFO] Booting worker with pid: 32637
[2019-09-28 18:40:43 +0000] [32629] [INFO] Handling signal: term
[2019-09-28 18:40:43 +0000] [32636] [INFO] Worker exiting (pid: 32636)
[2019-09-28 18:40:43 +0000] [32637] [INFO] Worker exiting (pid: 32637)
[2019-09-28 18:40:43 +0000] [32634] [INFO] Worker exiting (pid: 32634)
[2019-09-28 18:40:43 +0000] [32633] [INFO] Worker exiting (pid: 32633)
[2019-09-28 18:40:43 +0000] [32635] [INFO] Worker exiting (pid: 32635)
[2019-09-28 18:40:43 +0000] [32629] [INFO] Shutting down: Master
[2019-09-28 18:40:46 +0000] [32653] [INFO] Starting gunicorn 19.9.0
[2019-09-28 18:40:46 +0000] [32653] [INFO] Listening at: unix:pythonapp.sock (32653)
[2019-09-28 18:40:46 +0000] [32653] [INFO] Using worker: sync
[2019-09-28 18:40:46 +0000] [32657] [INFO] Booting worker with pid: 32657
[2019-09-28 18:40:46 +0000] [32658] [INFO] Booting worker with pid: 32658
[2019-09-28 18:40:46 +0000] [32659] [INFO] Booting worker with pid: 32659
[2019-09-28 18:40:46 +0000] [32660] [INFO] Booting worker with pid: 32660
[2019-09-28 18:40:46 +0000] [32661] [INFO] Booting worker with pid: 32661
[2019-09-28 18:43:49 +0000] [32653] [INFO] Handling signal: term
[2019-09-28 18:43:49 +0000] [32658] [INFO] Worker exiting (pid: 32658)
[2019-09-28 18:43:49 +0000] [32657] [INFO] Worker exiting (pid: 32657)
[2019-09-28 18:43:49 +0000] [32659] [INFO] Worker exiting (pid: 32659)
[2019-09-28 18:43:49 +0000] [32661] [INFO] Worker exiting (pid: 32661)
[2019-09-28 18:43:49 +0000] [32660] [INFO] Worker exiting (pid: 32660)
[2019-09-28 18:43:49 +0000] [32653] [INFO] Shutting down: Master
[2019-09-28 18:43:52 +0000] [32697] [INFO] Starting gunicorn 19.9.0
[2019-09-28 18:43:52 +0000] [32697] [INFO] Listening at: unix:pythonapp.sock (32697)
[2019-09-28 18:43:52 +0000] [32697] [INFO] Using worker: sync
[2019-09-28 18:43:52 +0000] [32701] [INFO] Booting worker with pid: 32701
[2019-09-28 18:43:52 +0000] [32702] [INFO] Booting worker with pid: 32702
[2019-09-28 18:43:52 +0000] [32703] [INFO] Booting worker with pid: 32703
[2019-09-28 18:43:52 +0000] [32704] [INFO] Booting worker with pid: 32704
[2019-09-28 18:43:52 +0000] [32705] [INFO] Booting worker with pid: 32705
[2019-09-28 18:44:20 +0000] [32702] [INFO] Worker exiting (pid: 32702)
[2019-09-28 18:44:20 +0000] [32701] [INFO] Worker exiting (pid: 32701)
[2019-09-28 18:44:20 +0000] [32705] [INFO] Worker exiting (pid: 32705)
[2019-09-28 18:44:20 +0000] [32704] [INFO] Worker exiting (pid: 32704)
[2019-09-28 18:44:20 +0000] [32697] [INFO] Handling signal: term
[2019-09-28 18:44:20 +0000] [32703] [INFO] Worker exiting (pid: 32703)
[2019-09-28 18:44:20 +0000] [32697] [INFO] Shutting down: Master
[2019-09-28 18:44:23 +0000] [32755] [INFO] Starting gunicorn 19.9.0
[2019-09-28 18:44:23 +0000] [32755] [INFO] Listening at: unix:pythonapp.sock (32755)
[2019-09-28 18:44:23 +0000] [32755] [INFO] Using worker: sync
[2019-09-28 18:44:23 +0000] [32758] [INFO] Booting worker with pid: 32758
[2019-09-28 18:44:23 +0000] [32759] [INFO] Booting worker with pid: 32759
[2019-09-28 18:44:23 +0000] [32760] [INFO] Booting worker with pid: 32760
[2019-09-28 18:44:23 +0000] [32761] [INFO] Booting worker with pid: 32761
[2019-09-28 18:44:23 +0000] [32762] [INFO] Booting worker with pid: 32762
[2019-09-28 18:45:09 +0000] [32755] [INFO] Handling signal: term
[2019-09-28 18:45:09 +0000] [32761] [INFO] Worker exiting (pid: 32761)
[2019-09-28 18:45:09 +0000] [32762] [INFO] Worker exiting (pid: 32762)
[2019-09-28 18:45:09 +0000] [32760] [INFO] Worker exiting (pid: 32760)
[2019-09-28 18:45:09 +0000] [32759] [INFO] Worker exiting (pid: 32759)
[2019-09-28 18:45:09 +0000] [32758] [INFO] Worker exiting (pid: 32758)
[2019-09-28 18:45:09 +0000] [32755] [INFO] Shutting down: Master
[2019-09-28 18:45:12 +0000] [308] [INFO] Starting gunicorn 19.9.0
[2019-09-28 18:45:12 +0000] [308] [INFO] Listening at: unix:pythonapp.sock (308)
[2019-09-28 18:45:12 +0000] [308] [INFO] Using worker: sync
[2019-09-28 18:45:12 +0000] [312] [INFO] Booting worker with pid: 312
[2019-09-28 18:45:12 +0000] [313] [INFO] Booting worker with pid: 313
[2019-09-28 18:45:12 +0000] [314] [INFO] Booting worker with pid: 314
[2019-09-28 18:45:12 +0000] [315] [INFO] Booting worker with pid: 315
[2019-09-28 18:45:12 +0000] [316] [INFO] Booting worker with pid: 316
[2019-09-28 18:46:07,068] ERROR in app: Exception on /HNAP1/ [GET]
Traceback (most recent call last):
  File "/home/tom/.local/lib/python3.6/site-packages/flask/app.py", line 2446, in wsgi_app
    response = self.full_dispatch_request()
  File "/home/tom/.local/lib/python3.6/site-packages/flask/app.py", line 1952, in full_dispatch_request
    return self.finalize_request(rv)
  File "/home/tom/.local/lib/python3.6/site-packages/flask/app.py", line 1967, in finalize_request
    response = self.make_response(rv)
  File "/home/tom/.local/lib/python3.6/site-packages/flask/app.py", line 2097, in make_response
    "The view function did not return a valid response. The"
TypeError: The view function did not return a valid response. The function either returned None or ended without a return statement.
[2019-09-28 18:57:12 +0000] [308] [INFO] Handling signal: term
[2019-09-28 18:57:12 +0000] [312] [INFO] Worker exiting (pid: 312)
[2019-09-28 18:57:12 +0000] [315] [INFO] Worker exiting (pid: 315)
[2019-09-28 18:57:12 +0000] [313] [INFO] Worker exiting (pid: 313)
[2019-09-28 18:57:12 +0000] [314] [INFO] Worker exiting (pid: 314)
[2019-09-28 18:57:13 +0000] [316] [INFO] Worker exiting (pid: 316)
[2019-09-28 18:57:13 +0000] [308] [INFO] Shutting down: Master
[2019-09-28 18:57:16 +0000] [418] [INFO] Starting gunicorn 19.9.0
[2019-09-28 18:57:16 +0000] [418] [INFO] Listening at: unix:pythonapp.sock (418)
[2019-09-28 18:57:16 +0000] [418] [INFO] Using worker: sync
[2019-09-28 18:57:16 +0000] [422] [INFO] Booting worker with pid: 422
[2019-09-28 18:57:16 +0000] [423] [INFO] Booting worker with pid: 423
[2019-09-28 18:57:16 +0000] [424] [INFO] Booting worker with pid: 424
[2019-09-28 18:57:16 +0000] [425] [INFO] Booting worker with pid: 425
[2019-09-28 18:57:16 +0000] [426] [INFO] Booting worker with pid: 426
[2019-09-28 18:57:41 +0000] [422] [INFO] Worker exiting (pid: 422)
[2019-09-28 18:57:41 +0000] [424] [INFO] Worker exiting (pid: 424)
[2019-09-28 18:57:41 +0000] [423] [INFO] Worker exiting (pid: 423)
[2019-09-28 18:57:41 +0000] [426] [INFO] Worker exiting (pid: 426)
[2019-09-28 18:57:41 +0000] [418] [INFO] Handling signal: term
[2019-09-28 18:57:41 +0000] [425] [INFO] Worker exiting (pid: 425)
[2019-09-28 18:57:41 +0000] [418] [INFO] Shutting down: Master
[2019-09-28 18:57:44 +0000] [439] [INFO] Starting gunicorn 19.9.0
[2019-09-28 18:57:44 +0000] [439] [INFO] Listening at: unix:pythonapp.sock (439)
[2019-09-28 18:57:44 +0000] [439] [INFO] Using worker: sync
[2019-09-28 18:57:44 +0000] [445] [INFO] Booting worker with pid: 445
[2019-09-28 18:57:44 +0000] [446] [INFO] Booting worker with pid: 446
[2019-09-28 18:57:44 +0000] [447] [INFO] Booting worker with pid: 447
[2019-09-28 18:57:44 +0000] [448] [INFO] Booting worker with pid: 448
[2019-09-28 18:57:44 +0000] [449] [INFO] Booting worker with pid: 449
[2019-09-28 18:58:15,572] ERROR in app: Exception on /games/leaderboard/ [POST]
Traceback (most recent call last):
  File "/home/tom/.local/lib/python3.6/site-packages/flask/app.py", line 2446, in wsgi_app
    response = self.full_dispatch_request()
  File "/home/tom/.local/lib/python3.6/site-packages/flask/app.py", line 1951, in full_dispatch_request
    rv = self.handle_user_exception(e)
  File "/home/tom/.local/lib/python3.6/site-packages/flask/app.py", line 1820, in handle_user_exception
    reraise(exc_type, exc_value, tb)
  File "/home/tom/.local/lib/python3.6/site-packages/flask/_compat.py", line 39, in reraise
    raise value
  File "/home/tom/.local/lib/python3.6/site-packages/flask/app.py", line 1949, in full_dispatch_request
    rv = self.dispatch_request()
  File "/home/tom/.local/lib/python3.6/site-packages/flask/app.py", line 1935, in dispatch_request
    return self.view_functions[rule.endpoint](**req.view_args)
  File "/home/tom/pythonapp/app.py", line 50, in leaderboard
    if type(score) == int:
NameError: name 'score' is not defined
[2019-09-28 18:58:15,691] ERROR in app: Exception on /favicon.ico [GET]
Traceback (most recent call last):
  File "/home/tom/.local/lib/python3.6/site-packages/flask/app.py", line 2446, in wsgi_app
    response = self.full_dispatch_request()
  File "/home/tom/.local/lib/python3.6/site-packages/flask/app.py", line 1952, in full_dispatch_request
    return self.finalize_request(rv)
  File "/home/tom/.local/lib/python3.6/site-packages/flask/app.py", line 1967, in finalize_request
    response = self.make_response(rv)
  File "/home/tom/.local/lib/python3.6/site-packages/flask/app.py", line 2097, in make_response
    "The view function did not return a valid response. The"
TypeError: The view function did not return a valid response. The function either returned None or ended without a return statement.
[2019-09-28 19:00:42 +0000] [439] [INFO] Handling signal: term
[2019-09-28 19:00:42 +0000] [447] [INFO] Worker exiting (pid: 447)
[2019-09-28 19:00:42 +0000] [445] [INFO] Worker exiting (pid: 445)
[2019-09-28 19:00:42 +0000] [446] [INFO] Worker exiting (pid: 446)
[2019-09-28 19:00:42 +0000] [448] [INFO] Worker exiting (pid: 448)
[2019-09-28 19:00:42 +0000] [449] [INFO] Worker exiting (pid: 449)
[2019-09-28 19:00:43 +0000] [439] [INFO] Shutting down: Master
[2019-09-28 19:00:46 +0000] [480] [INFO] Starting gunicorn 19.9.0
[2019-09-28 19:00:46 +0000] [480] [INFO] Listening at: unix:pythonapp.sock (480)
[2019-09-28 19:00:46 +0000] [480] [INFO] Using worker: sync
[2019-09-28 19:00:46 +0000] [484] [INFO] Booting worker with pid: 484
[2019-09-28 19:00:46 +0000] [484] [ERROR] Exception in worker process
Traceback (most recent call last):
  File "/usr/local/lib/python3.6/dist-packages/gunicorn/arbiter.py", line 583, in spawn_worker
    worker.init_process()
  File "/usr/local/lib/python3.6/dist-packages/gunicorn/workers/base.py", line 129, in init_process
    self.load_wsgi()
  File "/usr/local/lib/python3.6/dist-packages/gunicorn/workers/base.py", line 138, in load_wsgi
    self.wsgi = self.app.wsgi()
  File "/usr/local/lib/python3.6/dist-packages/gunicorn/app/base.py", line 67, in wsgi
    self.callable = self.load()
  File "/usr/local/lib/python3.6/dist-packages/gunicorn/app/wsgiapp.py", line 52, in load
    return self.load_wsgiapp()
  File "/usr/local/lib/python3.6/dist-packages/gunicorn/app/wsgiapp.py", line 41, in load_wsgiapp
    return util.import_app(self.app_uri)
  File "/usr/local/lib/python3.6/dist-packages/gunicorn/util.py", line 350, in import_app
    __import__(module)
  File "/home/tom/pythonapp/wsgi.py", line 1, in <module>
    from app import app
  File "/home/tom/pythonapp/app.py", line 50
    if type(score) == int && username != ("null" or undefined):
                           ^
SyntaxError: invalid syntax
[2019-09-28 19:00:46 +0000] [484] [INFO] Worker exiting (pid: 484)
[2019-09-28 19:00:46 +0000] [485] [INFO] Booting worker with pid: 485
[2019-09-28 19:00:46 +0000] [485] [ERROR] Exception in worker process
Traceback (most recent call last):
  File "/usr/local/lib/python3.6/dist-packages/gunicorn/arbiter.py", line 583, in spawn_worker
    worker.init_process()
  File "/usr/local/lib/python3.6/dist-packages/gunicorn/workers/base.py", line 129, in init_process
    self.load_wsgi()
  File "/usr/local/lib/python3.6/dist-packages/gunicorn/workers/base.py", line 138, in load_wsgi
    self.wsgi = self.app.wsgi()
  File "/usr/local/lib/python3.6/dist-packages/gunicorn/app/base.py", line 67, in wsgi
    self.callable = self.load()
  File "/usr/local/lib/python3.6/dist-packages/gunicorn/app/wsgiapp.py", line 52, in load
    return self.load_wsgiapp()
  File "/usr/local/lib/python3.6/dist-packages/gunicorn/app/wsgiapp.py", line 41, in load_wsgiapp
    return util.import_app(self.app_uri)
  File "/usr/local/lib/python3.6/dist-packages/gunicorn/util.py", line 350, in import_app
    __import__(module)
  File "/home/tom/pythonapp/wsgi.py", line 1, in <module>
    from app import app
  File "/home/tom/pythonapp/app.py", line 50
    if type(score) == int && username != ("null" or undefined):
                           ^
SyntaxError: invalid syntax
[2019-09-28 19:00:46 +0000] [485] [INFO] Worker exiting (pid: 485)
[2019-09-28 19:00:46 +0000] [486] [INFO] Booting worker with pid: 486
[2019-09-28 19:00:46 +0000] [486] [ERROR] Exception in worker process
Traceback (most recent call last):
  File "/usr/local/lib/python3.6/dist-packages/gunicorn/arbiter.py", line 583, in spawn_worker
    worker.init_process()
  File "/usr/local/lib/python3.6/dist-packages/gunicorn/workers/base.py", line 129, in init_process
    self.load_wsgi()
  File "/usr/local/lib/python3.6/dist-packages/gunicorn/workers/base.py", line 138, in load_wsgi
    self.wsgi = self.app.wsgi()
  File "/usr/local/lib/python3.6/dist-packages/gunicorn/app/base.py", line 67, in wsgi
    self.callable = self.load()
  File "/usr/local/lib/python3.6/dist-packages/gunicorn/app/wsgiapp.py", line 52, in load
    return self.load_wsgiapp()
  File "/usr/local/lib/python3.6/dist-packages/gunicorn/app/wsgiapp.py", line 41, in load_wsgiapp
    return util.import_app(self.app_uri)
  File "/usr/local/lib/python3.6/dist-packages/gunicorn/util.py", line 350, in import_app
    __import__(module)
  File "/home/tom/pythonapp/wsgi.py", line 1, in <module>
    from app import app
  File "/home/tom/pythonapp/app.py", line 50
    if type(score) == int && username != ("null" or undefined):
                           ^
SyntaxError: invalid syntax
[2019-09-28 19:00:46 +0000] [486] [INFO] Worker exiting (pid: 486)
[2019-09-28 19:00:46 +0000] [487] [INFO] Booting worker with pid: 487
[2019-09-28 19:00:46 +0000] [487] [ERROR] Exception in worker process
Traceback (most recent call last):
  File "/usr/local/lib/python3.6/dist-packages/gunicorn/arbiter.py", line 583, in spawn_worker
    worker.init_process()
  File "/usr/local/lib/python3.6/dist-packages/gunicorn/workers/base.py", line 129, in init_process
    self.load_wsgi()
  File "/usr/local/lib/python3.6/dist-packages/gunicorn/workers/base.py", line 138, in load_wsgi
    self.wsgi = self.app.wsgi()
  File "/usr/local/lib/python3.6/dist-packages/gunicorn/app/base.py", line 67, in wsgi
    self.callable = self.load()
  File "/usr/local/lib/python3.6/dist-packages/gunicorn/app/wsgiapp.py", line 52, in load
    return self.load_wsgiapp()
  File "/usr/local/lib/python3.6/dist-packages/gunicorn/app/wsgiapp.py", line 41, in load_wsgiapp
    return util.import_app(self.app_uri)
  File "/usr/local/lib/python3.6/dist-packages/gunicorn/util.py", line 350, in import_app
    __import__(module)
  File "/home/tom/pythonapp/wsgi.py", line 1, in <module>
    from app import app
  File "/home/tom/pythonapp/app.py", line 50
    if type(score) == int && username != ("null" or undefined):
                           ^
SyntaxError: invalid syntax
[2019-09-28 19:00:46 +0000] [487] [INFO] Worker exiting (pid: 487)
[2019-09-28 19:00:46 +0000] [488] [INFO] Booting worker with pid: 488
[2019-09-28 19:00:46 +0000] [488] [ERROR] Exception in worker process
Traceback (most recent call last):
  File "/usr/local/lib/python3.6/dist-packages/gunicorn/arbiter.py", line 583, in spawn_worker
    worker.init_process()
  File "/usr/local/lib/python3.6/dist-packages/gunicorn/workers/base.py", line 129, in init_process
    self.load_wsgi()
  File "/usr/local/lib/python3.6/dist-packages/gunicorn/workers/base.py", line 138, in load_wsgi
    self.wsgi = self.app.wsgi()
  File "/usr/local/lib/python3.6/dist-packages/gunicorn/app/base.py", line 67, in wsgi
    self.callable = self.load()
  File "/usr/local/lib/python3.6/dist-packages/gunicorn/app/wsgiapp.py", line 52, in load
    return self.load_wsgiapp()
  File "/usr/local/lib/python3.6/dist-packages/gunicorn/app/wsgiapp.py", line 41, in load_wsgiapp
    return util.import_app(self.app_uri)
  File "/usr/local/lib/python3.6/dist-packages/gunicorn/util.py", line 350, in import_app
    __import__(module)
  File "/home/tom/pythonapp/wsgi.py", line 1, in <module>
    from app import app
  File "/home/tom/pythonapp/app.py", line 50
    if type(score) == int && username != ("null" or undefined):
                           ^
SyntaxError: invalid syntax
[2019-09-28 19:00:46 +0000] [488] [INFO] Worker exiting (pid: 488)
[2019-09-28 19:00:46 +0000] [480] [INFO] Shutting down: Master
[2019-09-28 19:00:46 +0000] [480] [INFO] Reason: Worker failed to boot.
[2019-09-28 19:01:36 +0000] [506] [INFO] Starting gunicorn 19.9.0
[2019-09-28 19:01:36 +0000] [506] [INFO] Listening at: unix:pythonapp.sock (506)
[2019-09-28 19:01:36 +0000] [506] [INFO] Using worker: sync
[2019-09-28 19:01:36 +0000] [510] [INFO] Booting worker with pid: 510
[2019-09-28 19:01:36 +0000] [511] [INFO] Booting worker with pid: 511
[2019-09-28 19:01:36 +0000] [512] [INFO] Booting worker with pid: 512
[2019-09-28 19:01:36 +0000] [513] [INFO] Booting worker with pid: 513
[2019-09-28 19:01:36 +0000] [514] [INFO] Booting worker with pid: 514
[2019-09-28 19:02:04,829] ERROR in app: Exception on /games/leaderboard/ [POST]
Traceback (most recent call last):
  File "/home/tom/.local/lib/python3.6/site-packages/flask/app.py", line 2446, in wsgi_app
    response = self.full_dispatch_request()
  File "/home/tom/.local/lib/python3.6/site-packages/flask/app.py", line 1951, in full_dispatch_request
    rv = self.handle_user_exception(e)
  File "/home/tom/.local/lib/python3.6/site-packages/flask/app.py", line 1820, in handle_user_exception
    reraise(exc_type, exc_value, tb)
  File "/home/tom/.local/lib/python3.6/site-packages/flask/_compat.py", line 39, in reraise
    raise value
  File "/home/tom/.local/lib/python3.6/site-packages/flask/app.py", line 1949, in full_dispatch_request
    rv = self.dispatch_request()
  File "/home/tom/.local/lib/python3.6/site-packages/flask/app.py", line 1935, in dispatch_request
    return self.view_functions[rule.endpoint](**req.view_args)
  File "/home/tom/pythonapp/app.py", line 50, in leaderboard
    if type(score) == int and username != ("null" or undefined):
NameError: name 'score' is not defined
[2019-09-28 19:02:05,007] ERROR in app: Exception on /favicon.ico [GET]
Traceback (most recent call last):
  File "/home/tom/.local/lib/python3.6/site-packages/flask/app.py", line 2446, in wsgi_app
    response = self.full_dispatch_request()
  File "/home/tom/.local/lib/python3.6/site-packages/flask/app.py", line 1952, in full_dispatch_request
    return self.finalize_request(rv)
  File "/home/tom/.local/lib/python3.6/site-packages/flask/app.py", line 1967, in finalize_request
    response = self.make_response(rv)
  File "/home/tom/.local/lib/python3.6/site-packages/flask/app.py", line 2097, in make_response
    "The view function did not return a valid response. The"
TypeError: The view function did not return a valid response. The function either returned None or ended without a return statement.
[2019-09-28 19:05:00 +0000] [506] [INFO] Handling signal: term
[2019-09-28 19:05:00 +0000] [510] [INFO] Worker exiting (pid: 510)
[2019-09-28 19:05:00 +0000] [511] [INFO] Worker exiting (pid: 511)
[2019-09-28 19:05:00 +0000] [513] [INFO] Worker exiting (pid: 513)
[2019-09-28 19:05:00 +0000] [514] [INFO] Worker exiting (pid: 514)
[2019-09-28 19:05:00 +0000] [512] [INFO] Worker exiting (pid: 512)
[2019-09-28 19:05:01 +0000] [506] [INFO] Shutting down: Master
[2019-09-28 19:05:03 +0000] [554] [INFO] Starting gunicorn 19.9.0
[2019-09-28 19:05:03 +0000] [554] [INFO] Listening at: unix:pythonapp.sock (554)
[2019-09-28 19:05:03 +0000] [554] [INFO] Using worker: sync
[2019-09-28 19:05:03 +0000] [558] [INFO] Booting worker with pid: 558
[2019-09-28 19:05:03 +0000] [559] [INFO] Booting worker with pid: 559
[2019-09-28 19:05:04 +0000] [560] [INFO] Booting worker with pid: 560
[2019-09-28 19:05:04 +0000] [561] [INFO] Booting worker with pid: 561
[2019-09-28 19:05:04 +0000] [562] [INFO] Booting worker with pid: 562
[2019-09-28 19:05:06,671] ERROR in app: Exception on /games/leaderboard/ [POST]
Traceback (most recent call last):
  File "/home/tom/.local/lib/python3.6/site-packages/flask/app.py", line 2446, in wsgi_app
    response = self.full_dispatch_request()
  File "/home/tom/.local/lib/python3.6/site-packages/flask/app.py", line 1951, in full_dispatch_request
    rv = self.handle_user_exception(e)
  File "/home/tom/.local/lib/python3.6/site-packages/flask/app.py", line 1820, in handle_user_exception
    reraise(exc_type, exc_value, tb)
  File "/home/tom/.local/lib/python3.6/site-packages/flask/_compat.py", line 39, in reraise
    raise value
  File "/home/tom/.local/lib/python3.6/site-packages/flask/app.py", line 1949, in full_dispatch_request
    rv = self.dispatch_request()
  File "/home/tom/.local/lib/python3.6/site-packages/flask/app.py", line 1935, in dispatch_request
    return self.view_functions[rule.endpoint](**req.view_args)
  File "/home/tom/pythonapp/app.py", line 50, in leaderboard
    if type(score) == int and username != ("null" or undefined):
NameError: name 'score' is not defined
[2019-09-28 19:05:06,946] ERROR in app: Exception on /favicon.ico [GET]
Traceback (most recent call last):
  File "/home/tom/.local/lib/python3.6/site-packages/flask/app.py", line 2446, in wsgi_app
    response = self.full_dispatch_request()
  File "/home/tom/.local/lib/python3.6/site-packages/flask/app.py", line 1952, in full_dispatch_request
    return self.finalize_request(rv)
  File "/home/tom/.local/lib/python3.6/site-packages/flask/app.py", line 1967, in finalize_request
    response = self.make_response(rv)
  File "/home/tom/.local/lib/python3.6/site-packages/flask/app.py", line 2097, in make_response
    "The view function did not return a valid response. The"
TypeError: The view function did not return a valid response. The function either returned None or ended without a return statement.
[2019-09-28 19:05:39,063] ERROR in app: Exception on /games/leaderboard/ [POST]
Traceback (most recent call last):
  File "/home/tom/.local/lib/python3.6/site-packages/flask/app.py", line 2446, in wsgi_app
    response = self.full_dispatch_request()
  File "/home/tom/.local/lib/python3.6/site-packages/flask/app.py", line 1951, in full_dispatch_request
    rv = self.handle_user_exception(e)
  File "/home/tom/.local/lib/python3.6/site-packages/flask/app.py", line 1820, in handle_user_exception
    reraise(exc_type, exc_value, tb)
  File "/home/tom/.local/lib/python3.6/site-packages/flask/_compat.py", line 39, in reraise
    raise value
  File "/home/tom/.local/lib/python3.6/site-packages/flask/app.py", line 1949, in full_dispatch_request
    rv = self.dispatch_request()
  File "/home/tom/.local/lib/python3.6/site-packages/flask/app.py", line 1935, in dispatch_request
    return self.view_functions[rule.endpoint](**req.view_args)
  File "/home/tom/pythonapp/app.py", line 50, in leaderboard
    if type(score) == int and username != ("null" or undefined):
NameError: name 'score' is not defined
[2019-09-28 19:05:39,229] ERROR in app: Exception on /favicon.ico [GET]
Traceback (most recent call last):
  File "/home/tom/.local/lib/python3.6/site-packages/flask/app.py", line 2446, in wsgi_app
    response = self.full_dispatch_request()
  File "/home/tom/.local/lib/python3.6/site-packages/flask/app.py", line 1952, in full_dispatch_request
    return self.finalize_request(rv)
  File "/home/tom/.local/lib/python3.6/site-packages/flask/app.py", line 1967, in finalize_request
    response = self.make_response(rv)
  File "/home/tom/.local/lib/python3.6/site-packages/flask/app.py", line 2097, in make_response
    "The view function did not return a valid response. The"
TypeError: The view function did not return a valid response. The function either returned None or ended without a return statement.
[2019-09-28 19:05:53,538] ERROR in app: Exception on /games/leaderboard/ [POST]
Traceback (most recent call last):
  File "/home/tom/.local/lib/python3.6/site-packages/flask/app.py", line 2446, in wsgi_app
    response = self.full_dispatch_request()
  File "/home/tom/.local/lib/python3.6/site-packages/flask/app.py", line 1951, in full_dispatch_request
    rv = self.handle_user_exception(e)
  File "/home/tom/.local/lib/python3.6/site-packages/flask/app.py", line 1820, in handle_user_exception
    reraise(exc_type, exc_value, tb)
  File "/home/tom/.local/lib/python3.6/site-packages/flask/_compat.py", line 39, in reraise
    raise value
  File "/home/tom/.local/lib/python3.6/site-packages/flask/app.py", line 1949, in full_dispatch_request
    rv = self.dispatch_request()
  File "/home/tom/.local/lib/python3.6/site-packages/flask/app.py", line 1935, in dispatch_request
    return self.view_functions[rule.endpoint](**req.view_args)
  File "/home/tom/pythonapp/app.py", line 50, in leaderboard
    if type(score) == int and username != ("null" or undefined):
NameError: name 'score' is not defined
[2019-09-28 19:05:53,642] ERROR in app: Exception on /favicon.ico [GET]
Traceback (most recent call last):
  File "/home/tom/.local/lib/python3.6/site-packages/flask/app.py", line 2446, in wsgi_app
    response = self.full_dispatch_request()
  File "/home/tom/.local/lib/python3.6/site-packages/flask/app.py", line 1952, in full_dispatch_request
    return self.finalize_request(rv)
  File "/home/tom/.local/lib/python3.6/site-packages/flask/app.py", line 1967, in finalize_request
    response = self.make_response(rv)
  File "/home/tom/.local/lib/python3.6/site-packages/flask/app.py", line 2097, in make_response
    "The view function did not return a valid response. The"
TypeError: The view function did not return a valid response. The function either returned None or ended without a return statement.
[2019-09-28 19:06:51 +0000] [554] [INFO] Handling signal: term
[2019-09-28 19:06:51 +0000] [560] [INFO] Worker exiting (pid: 560)
[2019-09-28 19:06:51 +0000] [559] [INFO] Worker exiting (pid: 559)
[2019-09-28 19:06:51 +0000] [558] [INFO] Worker exiting (pid: 558)
[2019-09-28 19:06:51 +0000] [561] [INFO] Worker exiting (pid: 561)
[2019-09-28 19:06:51 +0000] [562] [INFO] Worker exiting (pid: 562)
[2019-09-28 19:06:52 +0000] [554] [INFO] Shutting down: Master
[2019-09-28 19:06:54 +0000] [606] [INFO] Starting gunicorn 19.9.0
[2019-09-28 19:06:54 +0000] [606] [INFO] Listening at: unix:pythonapp.sock (606)
[2019-09-28 19:06:54 +0000] [606] [INFO] Using worker: sync
[2019-09-28 19:06:54 +0000] [610] [INFO] Booting worker with pid: 610
[2019-09-28 19:06:54 +0000] [611] [INFO] Booting worker with pid: 611
[2019-09-28 19:06:55 +0000] [612] [INFO] Booting worker with pid: 612
[2019-09-28 19:06:55 +0000] [613] [INFO] Booting worker with pid: 613
[2019-09-28 19:06:55 +0000] [614] [INFO] Booting worker with pid: 614
[2019-09-28 19:09:41 +0000] [606] [INFO] Handling signal: term
[2019-09-28 19:09:41 +0000] [610] [INFO] Worker exiting (pid: 610)
[2019-09-28 19:09:41 +0000] [612] [INFO] Worker exiting (pid: 612)
[2019-09-28 19:09:41 +0000] [613] [INFO] Worker exiting (pid: 613)
[2019-09-28 19:09:41 +0000] [611] [INFO] Worker exiting (pid: 611)
[2019-09-28 19:09:41 +0000] [614] [INFO] Worker exiting (pid: 614)
[2019-09-28 19:09:42 +0000] [606] [INFO] Shutting down: Master
[2019-09-28 19:09:45 +0000] [639] [INFO] Starting gunicorn 19.9.0
[2019-09-28 19:09:45 +0000] [639] [INFO] Listening at: unix:pythonapp.sock (639)
[2019-09-28 19:09:45 +0000] [639] [INFO] Using worker: sync
[2019-09-28 19:09:45 +0000] [642] [INFO] Booting worker with pid: 642
[2019-09-28 19:09:45 +0000] [643] [INFO] Booting worker with pid: 643
[2019-09-28 19:09:45 +0000] [645] [INFO] Booting worker with pid: 645
[2019-09-28 19:09:45 +0000] [646] [INFO] Booting worker with pid: 646
[2019-09-28 19:09:45 +0000] [647] [INFO] Booting worker with pid: 647
[2019-09-28 19:10:14,529] ERROR in app: Exception on /games/leaderboard/ [POST]
Traceback (most recent call last):
  File "/home/tom/.local/lib/python3.6/site-packages/flask/app.py", line 2446, in wsgi_app
    response = self.full_dispatch_request()
  File "/home/tom/.local/lib/python3.6/site-packages/flask/app.py", line 1951, in full_dispatch_request
    rv = self.handle_user_exception(e)
  File "/home/tom/.local/lib/python3.6/site-packages/flask/app.py", line 1820, in handle_user_exception
    reraise(exc_type, exc_value, tb)
  File "/home/tom/.local/lib/python3.6/site-packages/flask/_compat.py", line 39, in reraise
    raise value
  File "/home/tom/.local/lib/python3.6/site-packages/flask/app.py", line 1949, in full_dispatch_request
    rv = self.dispatch_request()
  File "/home/tom/.local/lib/python3.6/site-packages/flask/app.py", line 1935, in dispatch_request
    return self.view_functions[rule.endpoint](**req.view_args)
  File "/home/tom/pythonapp/app.py", line 50, in leaderboard
    if type(score) == int and username != "":
NameError: name 'score' is not defined
[2019-09-28 19:10:14,717] ERROR in app: Exception on /favicon.ico [GET]
Traceback (most recent call last):
  File "/home/tom/.local/lib/python3.6/site-packages/flask/app.py", line 2446, in wsgi_app
    response = self.full_dispatch_request()
  File "/home/tom/.local/lib/python3.6/site-packages/flask/app.py", line 1952, in full_dispatch_request
    return self.finalize_request(rv)
  File "/home/tom/.local/lib/python3.6/site-packages/flask/app.py", line 1967, in finalize_request
    response = self.make_response(rv)
  File "/home/tom/.local/lib/python3.6/site-packages/flask/app.py", line 2097, in make_response
    "The view function did not return a valid response. The"
TypeError: The view function did not return a valid response. The function either returned None or ended without a return statement.
[2019-09-28 19:13:05 +0000] [639] [INFO] Handling signal: term
[2019-09-28 19:13:05 +0000] [647] [INFO] Worker exiting (pid: 647)
[2019-09-28 19:13:05 +0000] [643] [INFO] Worker exiting (pid: 643)
[2019-09-28 19:13:05 +0000] [646] [INFO] Worker exiting (pid: 646)
[2019-09-28 19:13:05 +0000] [645] [INFO] Worker exiting (pid: 645)
[2019-09-28 19:13:05 +0000] [642] [INFO] Worker exiting (pid: 642)
[2019-09-28 19:13:06 +0000] [639] [INFO] Shutting down: Master
[2019-09-28 19:13:08 +0000] [683] [INFO] Starting gunicorn 19.9.0
[2019-09-28 19:13:08 +0000] [683] [INFO] Listening at: unix:pythonapp.sock (683)
[2019-09-28 19:13:08 +0000] [683] [INFO] Using worker: sync
[2019-09-28 19:13:08 +0000] [686] [INFO] Booting worker with pid: 686
[2019-09-28 19:13:08 +0000] [687] [INFO] Booting worker with pid: 687
[2019-09-28 19:13:08 +0000] [688] [INFO] Booting worker with pid: 688
[2019-09-28 19:13:09 +0000] [690] [INFO] Booting worker with pid: 690
[2019-09-28 19:13:09 +0000] [691] [INFO] Booting worker with pid: 691
[2019-09-28 19:13:10,276] ERROR in app: Exception on /favicon.ico [GET]
Traceback (most recent call last):
  File "/home/tom/.local/lib/python3.6/site-packages/flask/app.py", line 2446, in wsgi_app
    response = self.full_dispatch_request()
  File "/home/tom/.local/lib/python3.6/site-packages/flask/app.py", line 1952, in full_dispatch_request
    return self.finalize_request(rv)
  File "/home/tom/.local/lib/python3.6/site-packages/flask/app.py", line 1967, in finalize_request
    response = self.make_response(rv)
  File "/home/tom/.local/lib/python3.6/site-packages/flask/app.py", line 2097, in make_response
    "The view function did not return a valid response. The"
TypeError: The view function did not return a valid response. The function either returned None or ended without a return statement.
[2019-09-28 19:13:50,571] ERROR in app: Exception on /games/leaderboard/ [POST]
Traceback (most recent call last):
  File "/home/tom/.local/lib/python3.6/site-packages/flask/app.py", line 2446, in wsgi_app
    response = self.full_dispatch_request()
  File "/home/tom/.local/lib/python3.6/site-packages/flask/app.py", line 1951, in full_dispatch_request
    rv = self.handle_user_exception(e)
  File "/home/tom/.local/lib/python3.6/site-packages/flask/app.py", line 1820, in handle_user_exception
    reraise(exc_type, exc_value, tb)
  File "/home/tom/.local/lib/python3.6/site-packages/flask/_compat.py", line 39, in reraise
    raise value
  File "/home/tom/.local/lib/python3.6/site-packages/flask/app.py", line 1949, in full_dispatch_request
    rv = self.dispatch_request()
  File "/home/tom/.local/lib/python3.6/site-packages/flask/app.py", line 1935, in dispatch_request
    return self.view_functions[rule.endpoint](**req.view_args)
  File "/home/tom/pythonapp/app.py", line 50, in leaderboard
    if type(score) == int and username != "":
NameError: name 'score' is not defined
[2019-09-28 19:13:50,726] ERROR in app: Exception on /favicon.ico [GET]
Traceback (most recent call last):
  File "/home/tom/.local/lib/python3.6/site-packages/flask/app.py", line 2446, in wsgi_app
    response = self.full_dispatch_request()
  File "/home/tom/.local/lib/python3.6/site-packages/flask/app.py", line 1952, in full_dispatch_request
    return self.finalize_request(rv)
  File "/home/tom/.local/lib/python3.6/site-packages/flask/app.py", line 1967, in finalize_request
    response = self.make_response(rv)
  File "/home/tom/.local/lib/python3.6/site-packages/flask/app.py", line 2097, in make_response
    "The view function did not return a valid response. The"
TypeError: The view function did not return a valid response. The function either returned None or ended without a return statement.
[2019-09-28 19:14:25 +0000] [683] [INFO] Handling signal: term
[2019-09-28 19:14:25 +0000] [687] [INFO] Worker exiting (pid: 687)
[2019-09-28 19:14:25 +0000] [686] [INFO] Worker exiting (pid: 686)
[2019-09-28 19:14:25 +0000] [691] [INFO] Worker exiting (pid: 691)
[2019-09-28 19:14:25 +0000] [688] [INFO] Worker exiting (pid: 688)
[2019-09-28 19:14:25 +0000] [690] [INFO] Worker exiting (pid: 690)
[2019-09-28 19:14:26 +0000] [683] [INFO] Shutting down: Master
[2019-09-28 19:14:29 +0000] [717] [INFO] Starting gunicorn 19.9.0
[2019-09-28 19:14:29 +0000] [717] [INFO] Listening at: unix:pythonapp.sock (717)
[2019-09-28 19:14:29 +0000] [717] [INFO] Using worker: sync
[2019-09-28 19:14:29 +0000] [720] [INFO] Booting worker with pid: 720
[2019-09-28 19:14:29 +0000] [721] [INFO] Booting worker with pid: 721
[2019-09-28 19:14:29 +0000] [722] [INFO] Booting worker with pid: 722
[2019-09-28 19:14:29 +0000] [723] [INFO] Booting worker with pid: 723
[2019-09-28 19:14:29 +0000] [724] [INFO] Booting worker with pid: 724
[2019-09-28 19:20:55 +0000] [717] [INFO] Handling signal: term
[2019-09-28 19:20:55 +0000] [722] [INFO] Worker exiting (pid: 722)
[2019-09-28 19:20:55 +0000] [721] [INFO] Worker exiting (pid: 721)
[2019-09-28 19:20:55 +0000] [720] [INFO] Worker exiting (pid: 720)
[2019-09-28 19:20:55 +0000] [724] [INFO] Worker exiting (pid: 724)
[2019-09-28 19:20:55 +0000] [723] [INFO] Worker exiting (pid: 723)
[2019-09-28 19:20:56 +0000] [717] [INFO] Shutting down: Master
[2019-09-28 19:20:59 +0000] [808] [INFO] Starting gunicorn 19.9.0
[2019-09-28 19:20:59 +0000] [808] [INFO] Listening at: unix:pythonapp.sock (808)
[2019-09-28 19:20:59 +0000] [808] [INFO] Using worker: sync
[2019-09-28 19:20:59 +0000] [811] [INFO] Booting worker with pid: 811
[2019-09-28 19:20:59 +0000] [811] [ERROR] Exception in worker process
Traceback (most recent call last):
  File "/usr/local/lib/python3.6/dist-packages/gunicorn/arbiter.py", line 583, in spawn_worker
    worker.init_process()
  File "/usr/local/lib/python3.6/dist-packages/gunicorn/workers/base.py", line 129, in init_process
    self.load_wsgi()
  File "/usr/local/lib/python3.6/dist-packages/gunicorn/workers/base.py", line 138, in load_wsgi
    self.wsgi = self.app.wsgi()
  File "/usr/local/lib/python3.6/dist-packages/gunicorn/app/base.py", line 67, in wsgi
    self.callable = self.load()
  File "/usr/local/lib/python3.6/dist-packages/gunicorn/app/wsgiapp.py", line 52, in load
    return self.load_wsgiapp()
  File "/usr/local/lib/python3.6/dist-packages/gunicorn/app/wsgiapp.py", line 41, in load_wsgiapp
    return util.import_app(self.app_uri)
  File "/usr/local/lib/python3.6/dist-packages/gunicorn/util.py", line 350, in import_app
    __import__(module)
  File "/home/tom/pythonapp/wsgi.py", line 1, in <module>
    from app import app
  File "/home/tom/pythonapp/app.py", line 47
    username = request.form.get("username")
    ^
IndentationError: unexpected indent
[2019-09-28 19:20:59 +0000] [811] [INFO] Worker exiting (pid: 811)
[2019-09-28 19:20:59 +0000] [812] [INFO] Booting worker with pid: 812
[2019-09-28 19:20:59 +0000] [812] [ERROR] Exception in worker process
Traceback (most recent call last):
  File "/usr/local/lib/python3.6/dist-packages/gunicorn/arbiter.py", line 583, in spawn_worker
    worker.init_process()
  File "/usr/local/lib/python3.6/dist-packages/gunicorn/workers/base.py", line 129, in init_process
    self.load_wsgi()
  File "/usr/local/lib/python3.6/dist-packages/gunicorn/workers/base.py", line 138, in load_wsgi
    self.wsgi = self.app.wsgi()
  File "/usr/local/lib/python3.6/dist-packages/gunicorn/app/base.py", line 67, in wsgi
    self.callable = self.load()
  File "/usr/local/lib/python3.6/dist-packages/gunicorn/app/wsgiapp.py", line 52, in load
    return self.load_wsgiapp()
  File "/usr/local/lib/python3.6/dist-packages/gunicorn/app/wsgiapp.py", line 41, in load_wsgiapp
    return util.import_app(self.app_uri)
  File "/usr/local/lib/python3.6/dist-packages/gunicorn/util.py", line 350, in import_app
    __import__(module)
  File "/home/tom/pythonapp/wsgi.py", line 1, in <module>
    from app import app
  File "/home/tom/pythonapp/app.py", line 47
    username = request.form.get("username")
    ^
IndentationError: unexpected indent
[2019-09-28 19:20:59 +0000] [812] [INFO] Worker exiting (pid: 812)
[2019-09-28 19:20:59 +0000] [813] [INFO] Booting worker with pid: 813
[2019-09-28 19:20:59 +0000] [813] [ERROR] Exception in worker process
Traceback (most recent call last):
  File "/usr/local/lib/python3.6/dist-packages/gunicorn/arbiter.py", line 583, in spawn_worker
    worker.init_process()
  File "/usr/local/lib/python3.6/dist-packages/gunicorn/workers/base.py", line 129, in init_process
    self.load_wsgi()
  File "/usr/local/lib/python3.6/dist-packages/gunicorn/workers/base.py", line 138, in load_wsgi
    self.wsgi = self.app.wsgi()
  File "/usr/local/lib/python3.6/dist-packages/gunicorn/app/base.py", line 67, in wsgi
    self.callable = self.load()
  File "/usr/local/lib/python3.6/dist-packages/gunicorn/app/wsgiapp.py", line 52, in load
    return self.load_wsgiapp()
  File "/usr/local/lib/python3.6/dist-packages/gunicorn/app/wsgiapp.py", line 41, in load_wsgiapp
    return util.import_app(self.app_uri)
  File "/usr/local/lib/python3.6/dist-packages/gunicorn/util.py", line 350, in import_app
    __import__(module)
  File "/home/tom/pythonapp/wsgi.py", line 1, in <module>
    from app import app
  File "/home/tom/pythonapp/app.py", line 47
    username = request.form.get("username")
    ^
IndentationError: unexpected indent
[2019-09-28 19:20:59 +0000] [813] [INFO] Worker exiting (pid: 813)
[2019-09-28 19:20:59 +0000] [814] [INFO] Booting worker with pid: 814
[2019-09-28 19:20:59 +0000] [814] [ERROR] Exception in worker process
Traceback (most recent call last):
  File "/usr/local/lib/python3.6/dist-packages/gunicorn/arbiter.py", line 583, in spawn_worker
    worker.init_process()
  File "/usr/local/lib/python3.6/dist-packages/gunicorn/workers/base.py", line 129, in init_process
    self.load_wsgi()
  File "/usr/local/lib/python3.6/dist-packages/gunicorn/workers/base.py", line 138, in load_wsgi
    self.wsgi = self.app.wsgi()
  File "/usr/local/lib/python3.6/dist-packages/gunicorn/app/base.py", line 67, in wsgi
    self.callable = self.load()
  File "/usr/local/lib/python3.6/dist-packages/gunicorn/app/wsgiapp.py", line 52, in load
    return self.load_wsgiapp()
  File "/usr/local/lib/python3.6/dist-packages/gunicorn/app/wsgiapp.py", line 41, in load_wsgiapp
    return util.import_app(self.app_uri)
  File "/usr/local/lib/python3.6/dist-packages/gunicorn/util.py", line 350, in import_app
    __import__(module)
  File "/home/tom/pythonapp/wsgi.py", line 1, in <module>
    from app import app
  File "/home/tom/pythonapp/app.py", line 47
    username = request.form.get("username")
    ^
IndentationError: unexpected indent
[2019-09-28 19:20:59 +0000] [814] [INFO] Worker exiting (pid: 814)
[2019-09-28 19:20:59 +0000] [815] [INFO] Booting worker with pid: 815
[2019-09-28 19:20:59 +0000] [815] [ERROR] Exception in worker process
Traceback (most recent call last):
  File "/usr/local/lib/python3.6/dist-packages/gunicorn/arbiter.py", line 583, in spawn_worker
    worker.init_process()
  File "/usr/local/lib/python3.6/dist-packages/gunicorn/workers/base.py", line 129, in init_process
    self.load_wsgi()
  File "/usr/local/lib/python3.6/dist-packages/gunicorn/workers/base.py", line 138, in load_wsgi
    self.wsgi = self.app.wsgi()
  File "/usr/local/lib/python3.6/dist-packages/gunicorn/app/base.py", line 67, in wsgi
    self.callable = self.load()
  File "/usr/local/lib/python3.6/dist-packages/gunicorn/app/wsgiapp.py", line 52, in load
    return self.load_wsgiapp()
  File "/usr/local/lib/python3.6/dist-packages/gunicorn/app/wsgiapp.py", line 41, in load_wsgiapp
    return util.import_app(self.app_uri)
  File "/usr/local/lib/python3.6/dist-packages/gunicorn/util.py", line 350, in import_app
    __import__(module)
  File "/home/tom/pythonapp/wsgi.py", line 1, in <module>
    from app import app
  File "/home/tom/pythonapp/app.py", line 47
    username = request.form.get("username")
    ^
IndentationError: unexpected indent
[2019-09-28 19:20:59 +0000] [815] [INFO] Worker exiting (pid: 815)
[2019-09-28 19:21:32 +0000] [869] [INFO] Starting gunicorn 19.9.0
[2019-09-28 19:21:32 +0000] [869] [INFO] Listening at: unix:pythonapp.sock (869)
[2019-09-28 19:21:32 +0000] [869] [INFO] Using worker: sync
[2019-09-28 19:21:32 +0000] [874] [INFO] Booting worker with pid: 874
[2019-09-28 19:21:32 +0000] [874] [ERROR] Exception in worker process
Traceback (most recent call last):
  File "/usr/local/lib/python3.6/dist-packages/gunicorn/arbiter.py", line 583, in spawn_worker
    worker.init_process()
  File "/usr/local/lib/python3.6/dist-packages/gunicorn/workers/base.py", line 129, in init_process
    self.load_wsgi()
  File "/usr/local/lib/python3.6/dist-packages/gunicorn/workers/base.py", line 138, in load_wsgi
    self.wsgi = self.app.wsgi()
  File "/usr/local/lib/python3.6/dist-packages/gunicorn/app/base.py", line 67, in wsgi
    self.callable = self.load()
  File "/usr/local/lib/python3.6/dist-packages/gunicorn/app/wsgiapp.py", line 52, in load
    return self.load_wsgiapp()
  File "/usr/local/lib/python3.6/dist-packages/gunicorn/app/wsgiapp.py", line 41, in load_wsgiapp
    return util.import_app(self.app_uri)
  File "/usr/local/lib/python3.6/dist-packages/gunicorn/util.py", line 350, in import_app
    __import__(module)
  File "/home/tom/pythonapp/wsgi.py", line 1, in <module>
    from app import app
  File "/home/tom/pythonapp/app.py", line 47
    username = request.form.get("username")
    ^
IndentationError: unexpected indent
[2019-09-28 19:21:32 +0000] [874] [INFO] Worker exiting (pid: 874)
[2019-09-28 19:21:32 +0000] [875] [INFO] Booting worker with pid: 875
[2019-09-28 19:21:32 +0000] [875] [ERROR] Exception in worker process
Traceback (most recent call last):
  File "/usr/local/lib/python3.6/dist-packages/gunicorn/arbiter.py", line 583, in spawn_worker
    worker.init_process()
  File "/usr/local/lib/python3.6/dist-packages/gunicorn/workers/base.py", line 129, in init_process
    self.load_wsgi()
  File "/usr/local/lib/python3.6/dist-packages/gunicorn/workers/base.py", line 138, in load_wsgi
    self.wsgi = self.app.wsgi()
  File "/usr/local/lib/python3.6/dist-packages/gunicorn/app/base.py", line 67, in wsgi
    self.callable = self.load()
  File "/usr/local/lib/python3.6/dist-packages/gunicorn/app/wsgiapp.py", line 52, in load
    return self.load_wsgiapp()
  File "/usr/local/lib/python3.6/dist-packages/gunicorn/app/wsgiapp.py", line 41, in load_wsgiapp
    return util.import_app(self.app_uri)
  File "/usr/local/lib/python3.6/dist-packages/gunicorn/util.py", line 350, in import_app
    __import__(module)
  File "/home/tom/pythonapp/wsgi.py", line 1, in <module>
    from app import app
  File "/home/tom/pythonapp/app.py", line 47
    username = request.form.get("username")
    ^
IndentationError: unexpected indent
[2019-09-28 19:21:32 +0000] [875] [INFO] Worker exiting (pid: 875)
[2019-09-28 19:21:32 +0000] [876] [INFO] Booting worker with pid: 876
[2019-09-28 19:21:32 +0000] [876] [ERROR] Exception in worker process
Traceback (most recent call last):
  File "/usr/local/lib/python3.6/dist-packages/gunicorn/arbiter.py", line 583, in spawn_worker
    worker.init_process()
  File "/usr/local/lib/python3.6/dist-packages/gunicorn/workers/base.py", line 129, in init_process
    self.load_wsgi()
  File "/usr/local/lib/python3.6/dist-packages/gunicorn/workers/base.py", line 138, in load_wsgi
    self.wsgi = self.app.wsgi()
  File "/usr/local/lib/python3.6/dist-packages/gunicorn/app/base.py", line 67, in wsgi
    self.callable = self.load()
  File "/usr/local/lib/python3.6/dist-packages/gunicorn/app/wsgiapp.py", line 52, in load
    return self.load_wsgiapp()
  File "/usr/local/lib/python3.6/dist-packages/gunicorn/app/wsgiapp.py", line 41, in load_wsgiapp
    return util.import_app(self.app_uri)
  File "/usr/local/lib/python3.6/dist-packages/gunicorn/util.py", line 350, in import_app
    __import__(module)
  File "/home/tom/pythonapp/wsgi.py", line 1, in <module>
    from app import app
  File "/home/tom/pythonapp/app.py", line 47
    username = request.form.get("username")
    ^
IndentationError: unexpected indent
[2019-09-28 19:21:32 +0000] [876] [INFO] Worker exiting (pid: 876)
[2019-09-28 19:21:32 +0000] [877] [INFO] Booting worker with pid: 877
[2019-09-28 19:21:32 +0000] [879] [INFO] Booting worker with pid: 879
[2019-09-28 19:21:32 +0000] [877] [ERROR] Exception in worker process
Traceback (most recent call last):
  File "/usr/local/lib/python3.6/dist-packages/gunicorn/arbiter.py", line 583, in spawn_worker
    worker.init_process()
  File "/usr/local/lib/python3.6/dist-packages/gunicorn/workers/base.py", line 129, in init_process
    self.load_wsgi()
  File "/usr/local/lib/python3.6/dist-packages/gunicorn/workers/base.py", line 138, in load_wsgi
    self.wsgi = self.app.wsgi()
  File "/usr/local/lib/python3.6/dist-packages/gunicorn/app/base.py", line 67, in wsgi
    self.callable = self.load()
  File "/usr/local/lib/python3.6/dist-packages/gunicorn/app/wsgiapp.py", line 52, in load
    return self.load_wsgiapp()
  File "/usr/local/lib/python3.6/dist-packages/gunicorn/app/wsgiapp.py", line 41, in load_wsgiapp
    return util.import_app(self.app_uri)
  File "/usr/local/lib/python3.6/dist-packages/gunicorn/util.py", line 350, in import_app
    __import__(module)
  File "/home/tom/pythonapp/wsgi.py", line 1, in <module>
    from app import app
  File "/home/tom/pythonapp/app.py", line 47
    username = request.form.get("username")
    ^
IndentationError: unexpected indent
[2019-09-28 19:21:32 +0000] [877] [INFO] Worker exiting (pid: 877)
[2019-09-28 19:21:32 +0000] [879] [ERROR] Exception in worker process
Traceback (most recent call last):
  File "/usr/local/lib/python3.6/dist-packages/gunicorn/arbiter.py", line 583, in spawn_worker
    worker.init_process()
  File "/usr/local/lib/python3.6/dist-packages/gunicorn/workers/base.py", line 129, in init_process
    self.load_wsgi()
  File "/usr/local/lib/python3.6/dist-packages/gunicorn/workers/base.py", line 138, in load_wsgi
    self.wsgi = self.app.wsgi()
  File "/usr/local/lib/python3.6/dist-packages/gunicorn/app/base.py", line 67, in wsgi
    self.callable = self.load()
  File "/usr/local/lib/python3.6/dist-packages/gunicorn/app/wsgiapp.py", line 52, in load
    return self.load_wsgiapp()
  File "/usr/local/lib/python3.6/dist-packages/gunicorn/app/wsgiapp.py", line 41, in load_wsgiapp
    return util.import_app(self.app_uri)
  File "/usr/local/lib/python3.6/dist-packages/gunicorn/util.py", line 350, in import_app
    __import__(module)
  File "/home/tom/pythonapp/wsgi.py", line 1, in <module>
    from app import app
  File "/home/tom/pythonapp/app.py", line 47
    username = request.form.get("username")
    ^
IndentationError: unexpected indent
[2019-09-28 19:21:32 +0000] [879] [INFO] Worker exiting (pid: 879)
[2019-09-28 19:22:28 +0000] [910] [INFO] Starting gunicorn 19.9.0
[2019-09-28 19:22:28 +0000] [910] [INFO] Listening at: unix:pythonapp.sock (910)
[2019-09-28 19:22:28 +0000] [910] [INFO] Using worker: sync
[2019-09-28 19:22:28 +0000] [914] [INFO] Booting worker with pid: 914
[2019-09-28 19:22:28 +0000] [915] [INFO] Booting worker with pid: 915
[2019-09-28 19:22:28 +0000] [916] [INFO] Booting worker with pid: 916
[2019-09-28 19:22:28 +0000] [917] [INFO] Booting worker with pid: 917
[2019-09-28 19:22:28 +0000] [918] [INFO] Booting worker with pid: 918
[2019-09-28 19:22:50,385] ERROR in app: Exception on /games/leaderboardsubmission/ [POST]
Traceback (most recent call last):
  File "/home/tom/.local/lib/python3.6/site-packages/flask/app.py", line 2446, in wsgi_app
    response = self.full_dispatch_request()
  File "/home/tom/.local/lib/python3.6/site-packages/flask/app.py", line 1952, in full_dispatch_request
    return self.finalize_request(rv)
  File "/home/tom/.local/lib/python3.6/site-packages/flask/app.py", line 1967, in finalize_request
    response = self.make_response(rv)
  File "/home/tom/.local/lib/python3.6/site-packages/flask/app.py", line 2097, in make_response
    "The view function did not return a valid response. The"
TypeError: The view function did not return a valid response. The function either returned None or ended without a return statement.
[2019-09-28 19:23:35 +0000] [910] [INFO] Handling signal: term
[2019-09-28 19:23:35 +0000] [916] [INFO] Worker exiting (pid: 916)
[2019-09-28 19:23:35 +0000] [914] [INFO] Worker exiting (pid: 914)
[2019-09-28 19:23:35 +0000] [915] [INFO] Worker exiting (pid: 915)
[2019-09-28 19:23:35 +0000] [917] [INFO] Worker exiting (pid: 917)
[2019-09-28 19:23:35 +0000] [918] [INFO] Worker exiting (pid: 918)
[2019-09-28 19:23:36 +0000] [910] [INFO] Shutting down: Master
[2019-09-28 19:23:39 +0000] [956] [INFO] Starting gunicorn 19.9.0
[2019-09-28 19:23:39 +0000] [956] [INFO] Listening at: unix:pythonapp.sock (956)
[2019-09-28 19:23:39 +0000] [956] [INFO] Using worker: sync
[2019-09-28 19:23:39 +0000] [960] [INFO] Booting worker with pid: 960
[2019-09-28 19:23:39 +0000] [961] [INFO] Booting worker with pid: 961
[2019-09-28 19:23:39 +0000] [962] [INFO] Booting worker with pid: 962
[2019-09-28 19:23:39 +0000] [963] [INFO] Booting worker with pid: 963
[2019-09-28 19:23:39 +0000] [964] [INFO] Booting worker with pid: 964
[2019-09-28 19:23:40,698] ERROR in app: Exception on /games/leaderboardsubmission/ [POST]
Traceback (most recent call last):
  File "/home/tom/.local/lib/python3.6/site-packages/flask/app.py", line 2446, in wsgi_app
    response = self.full_dispatch_request()
  File "/home/tom/.local/lib/python3.6/site-packages/flask/app.py", line 1952, in full_dispatch_request
    return self.finalize_request(rv)
  File "/home/tom/.local/lib/python3.6/site-packages/flask/app.py", line 1967, in finalize_request
    response = self.make_response(rv)
  File "/home/tom/.local/lib/python3.6/site-packages/flask/app.py", line 2097, in make_response
    "The view function did not return a valid response. The"
TypeError: The view function did not return a valid response. The function either returned None or ended without a return statement.
[2019-09-28 19:23:41,133] ERROR in app: Exception on /favicon.ico [GET]
Traceback (most recent call last):
  File "/home/tom/.local/lib/python3.6/site-packages/flask/app.py", line 2446, in wsgi_app
    response = self.full_dispatch_request()
  File "/home/tom/.local/lib/python3.6/site-packages/flask/app.py", line 1952, in full_dispatch_request
    return self.finalize_request(rv)
  File "/home/tom/.local/lib/python3.6/site-packages/flask/app.py", line 1967, in finalize_request
    response = self.make_response(rv)
  File "/home/tom/.local/lib/python3.6/site-packages/flask/app.py", line 2097, in make_response
    "The view function did not return a valid response. The"
TypeError: The view function did not return a valid response. The function either returned None or ended without a return statement.
[2019-09-28 19:23:43,706] ERROR in app: Exception on /games/leaderboardsubmission/ [POST]
Traceback (most recent call last):
  File "/home/tom/.local/lib/python3.6/site-packages/flask/app.py", line 2446, in wsgi_app
    response = self.full_dispatch_request()
  File "/home/tom/.local/lib/python3.6/site-packages/flask/app.py", line 1952, in full_dispatch_request
    return self.finalize_request(rv)
  File "/home/tom/.local/lib/python3.6/site-packages/flask/app.py", line 1967, in finalize_request
    response = self.make_response(rv)
  File "/home/tom/.local/lib/python3.6/site-packages/flask/app.py", line 2097, in make_response
    "The view function did not return a valid response. The"
TypeError: The view function did not return a valid response. The function either returned None or ended without a return statement.
[2019-09-28 19:25:26 +0000] [956] [INFO] Handling signal: term
[2019-09-28 19:25:26 +0000] [963] [INFO] Worker exiting (pid: 963)
[2019-09-28 19:25:26 +0000] [961] [INFO] Worker exiting (pid: 961)
[2019-09-28 19:25:26 +0000] [964] [INFO] Worker exiting (pid: 964)
[2019-09-28 19:25:26 +0000] [960] [INFO] Worker exiting (pid: 960)
[2019-09-28 19:25:26 +0000] [962] [INFO] Worker exiting (pid: 962)
[2019-09-28 19:25:27 +0000] [956] [INFO] Shutting down: Master
[2019-09-28 19:25:29 +0000] [993] [INFO] Starting gunicorn 19.9.0
[2019-09-28 19:25:29 +0000] [993] [INFO] Listening at: unix:pythonapp.sock (993)
[2019-09-28 19:25:29 +0000] [993] [INFO] Using worker: sync
[2019-09-28 19:25:29 +0000] [997] [INFO] Booting worker with pid: 997
[2019-09-28 19:25:29 +0000] [998] [INFO] Booting worker with pid: 998
[2019-09-28 19:25:29 +0000] [999] [INFO] Booting worker with pid: 999
[2019-09-28 19:25:29 +0000] [1000] [INFO] Booting worker with pid: 1000
[2019-09-28 19:25:30 +0000] [1001] [INFO] Booting worker with pid: 1001
[2019-09-28 19:25:39,286] ERROR in app: Exception on /games/leaderboardsubmission/ [POST]
Traceback (most recent call last):
  File "/home/tom/.local/lib/python3.6/site-packages/flask/app.py", line 2446, in wsgi_app
    response = self.full_dispatch_request()
  File "/home/tom/.local/lib/python3.6/site-packages/flask/app.py", line 1952, in full_dispatch_request
    return self.finalize_request(rv)
  File "/home/tom/.local/lib/python3.6/site-packages/flask/app.py", line 1967, in finalize_request
    response = self.make_response(rv)
  File "/home/tom/.local/lib/python3.6/site-packages/flask/app.py", line 2097, in make_response
    "The view function did not return a valid response. The"
TypeError: The view function did not return a valid response. The function either returned None or ended without a return statement.
[2019-09-28 19:27:20 +0000] [993] [INFO] Handling signal: term
[2019-09-28 19:27:20 +0000] [997] [INFO] Worker exiting (pid: 997)
[2019-09-28 19:27:20 +0000] [998] [INFO] Worker exiting (pid: 998)
[2019-09-28 19:27:20 +0000] [1000] [INFO] Worker exiting (pid: 1000)
[2019-09-28 19:27:20 +0000] [1001] [INFO] Worker exiting (pid: 1001)
[2019-09-28 19:27:20 +0000] [999] [INFO] Worker exiting (pid: 999)
[2019-09-28 19:27:21 +0000] [993] [INFO] Shutting down: Master
[2019-09-28 19:27:23 +0000] [1029] [INFO] Starting gunicorn 19.9.0
[2019-09-28 19:27:23 +0000] [1029] [INFO] Listening at: unix:pythonapp.sock (1029)
[2019-09-28 19:27:23 +0000] [1029] [INFO] Using worker: sync
[2019-09-28 19:27:23 +0000] [1034] [INFO] Booting worker with pid: 1034
[2019-09-28 19:27:23 +0000] [1035] [INFO] Booting worker with pid: 1035
[2019-09-28 19:27:23 +0000] [1036] [INFO] Booting worker with pid: 1036
[2019-09-28 19:27:23 +0000] [1037] [INFO] Booting worker with pid: 1037
[2019-09-28 19:27:23 +0000] [1038] [INFO] Booting worker with pid: 1038
[2019-09-28 19:27:48,894] ERROR in app: Exception on /games/leaderboardsubmission/ [POST]
Traceback (most recent call last):
  File "/home/tom/.local/lib/python3.6/site-packages/flask/app.py", line 2446, in wsgi_app
    response = self.full_dispatch_request()
  File "/home/tom/.local/lib/python3.6/site-packages/flask/app.py", line 1952, in full_dispatch_request
    return self.finalize_request(rv)
  File "/home/tom/.local/lib/python3.6/site-packages/flask/app.py", line 1967, in finalize_request
    response = self.make_response(rv)
  File "/home/tom/.local/lib/python3.6/site-packages/flask/app.py", line 2097, in make_response
    "The view function did not return a valid response. The"
TypeError: The view function did not return a valid response. The function either returned None or ended without a return statement.
[2019-09-28 19:27:49,079] ERROR in app: Exception on /favicon.ico [GET]
Traceback (most recent call last):
  File "/home/tom/.local/lib/python3.6/site-packages/flask/app.py", line 2446, in wsgi_app
    response = self.full_dispatch_request()
  File "/home/tom/.local/lib/python3.6/site-packages/flask/app.py", line 1952, in full_dispatch_request
    return self.finalize_request(rv)
  File "/home/tom/.local/lib/python3.6/site-packages/flask/app.py", line 1967, in finalize_request
    response = self.make_response(rv)
  File "/home/tom/.local/lib/python3.6/site-packages/flask/app.py", line 2097, in make_response
    "The view function did not return a valid response. The"
TypeError: The view function did not return a valid response. The function either returned None or ended without a return statement.
[2019-09-28 19:29:31 +0000] [1029] [INFO] Handling signal: term
[2019-09-28 19:29:31 +0000] [1034] [INFO] Worker exiting (pid: 1034)
[2019-09-28 19:29:31 +0000] [1037] [INFO] Worker exiting (pid: 1037)
[2019-09-28 19:29:31 +0000] [1035] [INFO] Worker exiting (pid: 1035)
[2019-09-28 19:29:31 +0000] [1038] [INFO] Worker exiting (pid: 1038)
[2019-09-28 19:29:31 +0000] [1036] [INFO] Worker exiting (pid: 1036)
[2019-09-28 19:29:31 +0000] [1029] [INFO] Shutting down: Master
[2019-09-28 19:29:34 +0000] [1067] [INFO] Starting gunicorn 19.9.0
[2019-09-28 19:29:34 +0000] [1067] [INFO] Listening at: unix:pythonapp.sock (1067)
[2019-09-28 19:29:34 +0000] [1067] [INFO] Using worker: sync
[2019-09-28 19:29:34 +0000] [1070] [INFO] Booting worker with pid: 1070
[2019-09-28 19:29:34 +0000] [1071] [INFO] Booting worker with pid: 1071
[2019-09-28 19:29:34 +0000] [1072] [INFO] Booting worker with pid: 1072
[2019-09-28 19:29:34 +0000] [1073] [INFO] Booting worker with pid: 1073
[2019-09-28 19:29:34 +0000] [1074] [INFO] Booting worker with pid: 1074
[2019-09-28 19:29:36,268] ERROR in app: Exception on /games/leaderboardsubmission/ [POST]
Traceback (most recent call last):
  File "/home/tom/.local/lib/python3.6/site-packages/flask/app.py", line 2446, in wsgi_app
    response = self.full_dispatch_request()
  File "/home/tom/.local/lib/python3.6/site-packages/flask/app.py", line 1952, in full_dispatch_request
    return self.finalize_request(rv)
  File "/home/tom/.local/lib/python3.6/site-packages/flask/app.py", line 1967, in finalize_request
    response = self.make_response(rv)
  File "/home/tom/.local/lib/python3.6/site-packages/flask/app.py", line 2097, in make_response
    "The view function did not return a valid response. The"
TypeError: The view function did not return a valid response. The function either returned None or ended without a return statement.
[2019-09-28 19:29:36,557] ERROR in app: Exception on /favicon.ico [GET]
Traceback (most recent call last):
  File "/home/tom/.local/lib/python3.6/site-packages/flask/app.py", line 2446, in wsgi_app
    response = self.full_dispatch_request()
  File "/home/tom/.local/lib/python3.6/site-packages/flask/app.py", line 1952, in full_dispatch_request
    return self.finalize_request(rv)
  File "/home/tom/.local/lib/python3.6/site-packages/flask/app.py", line 1967, in finalize_request
    response = self.make_response(rv)
  File "/home/tom/.local/lib/python3.6/site-packages/flask/app.py", line 2097, in make_response
    "The view function did not return a valid response. The"
TypeError: The view function did not return a valid response. The function either returned None or ended without a return statement.
[2019-09-28 19:29:43,829] ERROR in app: Exception on /games/leaderborad/ [GET]
Traceback (most recent call last):
  File "/home/tom/.local/lib/python3.6/site-packages/flask/app.py", line 2446, in wsgi_app
    response = self.full_dispatch_request()
  File "/home/tom/.local/lib/python3.6/site-packages/flask/app.py", line 1952, in full_dispatch_request
    return self.finalize_request(rv)
  File "/home/tom/.local/lib/python3.6/site-packages/flask/app.py", line 1967, in finalize_request
    response = self.make_response(rv)
  File "/home/tom/.local/lib/python3.6/site-packages/flask/app.py", line 2097, in make_response
    "The view function did not return a valid response. The"
TypeError: The view function did not return a valid response. The function either returned None or ended without a return statement.
[2019-09-28 19:29:43,983] ERROR in app: Exception on /favicon.ico [GET]
Traceback (most recent call last):
  File "/home/tom/.local/lib/python3.6/site-packages/flask/app.py", line 2446, in wsgi_app
    response = self.full_dispatch_request()
  File "/home/tom/.local/lib/python3.6/site-packages/flask/app.py", line 1952, in full_dispatch_request
    return self.finalize_request(rv)
  File "/home/tom/.local/lib/python3.6/site-packages/flask/app.py", line 1967, in finalize_request
    response = self.make_response(rv)
  File "/home/tom/.local/lib/python3.6/site-packages/flask/app.py", line 2097, in make_response
    "The view function did not return a valid response. The"
TypeError: The view function did not return a valid response. The function either returned None or ended without a return statement.
[2019-09-28 19:29:46,537] ERROR in app: Exception on /games/board/ [GET]
Traceback (most recent call last):
  File "/home/tom/.local/lib/python3.6/site-packages/flask/app.py", line 2446, in wsgi_app
    response = self.full_dispatch_request()
  File "/home/tom/.local/lib/python3.6/site-packages/flask/app.py", line 1952, in full_dispatch_request
    return self.finalize_request(rv)
  File "/home/tom/.local/lib/python3.6/site-packages/flask/app.py", line 1967, in finalize_request
    response = self.make_response(rv)
  File "/home/tom/.local/lib/python3.6/site-packages/flask/app.py", line 2097, in make_response
    "The view function did not return a valid response. The"
TypeError: The view function did not return a valid response. The function either returned None or ended without a return statement.
[2019-09-28 19:29:46,749] ERROR in app: Exception on /favicon.ico [GET]
Traceback (most recent call last):
  File "/home/tom/.local/lib/python3.6/site-packages/flask/app.py", line 2446, in wsgi_app
    response = self.full_dispatch_request()
  File "/home/tom/.local/lib/python3.6/site-packages/flask/app.py", line 1952, in full_dispatch_request
    return self.finalize_request(rv)
  File "/home/tom/.local/lib/python3.6/site-packages/flask/app.py", line 1967, in finalize_request
    response = self.make_response(rv)
  File "/home/tom/.local/lib/python3.6/site-packages/flask/app.py", line 2097, in make_response
    "The view function did not return a valid response. The"
TypeError: The view function did not return a valid response. The function either returned None or ended without a return statement.
[2019-09-28 19:30:13 +0000] [1073] [INFO] Worker exiting (pid: 1073)
[2019-09-28 19:30:13 +0000] [1071] [INFO] Worker exiting (pid: 1071)
[2019-09-28 19:30:13 +0000] [1072] [INFO] Worker exiting (pid: 1072)
[2019-09-28 19:30:13 +0000] [1070] [INFO] Worker exiting (pid: 1070)
[2019-09-28 19:30:13 +0000] [1074] [INFO] Worker exiting (pid: 1074)
[2019-09-28 19:30:13 +0000] [1067] [INFO] Handling signal: term
[2019-09-28 19:30:13 +0000] [1067] [INFO] Shutting down: Master
[2019-09-28 19:30:16 +0000] [1090] [INFO] Starting gunicorn 19.9.0
[2019-09-28 19:30:16 +0000] [1090] [INFO] Listening at: unix:pythonapp.sock (1090)
[2019-09-28 19:30:16 +0000] [1090] [INFO] Using worker: sync
[2019-09-28 19:30:16 +0000] [1094] [INFO] Booting worker with pid: 1094
[2019-09-28 19:30:16 +0000] [1094] [ERROR] Exception in worker process
Traceback (most recent call last):
  File "/usr/local/lib/python3.6/dist-packages/gunicorn/arbiter.py", line 583, in spawn_worker
    worker.init_process()
  File "/usr/local/lib/python3.6/dist-packages/gunicorn/workers/base.py", line 129, in init_process
    self.load_wsgi()
  File "/usr/local/lib/python3.6/dist-packages/gunicorn/workers/base.py", line 138, in load_wsgi
    self.wsgi = self.app.wsgi()
  File "/usr/local/lib/python3.6/dist-packages/gunicorn/app/base.py", line 67, in wsgi
    self.callable = self.load()
  File "/usr/local/lib/python3.6/dist-packages/gunicorn/app/wsgiapp.py", line 52, in load
    return self.load_wsgiapp()
  File "/usr/local/lib/python3.6/dist-packages/gunicorn/app/wsgiapp.py", line 41, in load_wsgiapp
    return util.import_app(self.app_uri)
  File "/usr/local/lib/python3.6/dist-packages/gunicorn/util.py", line 350, in import_app
    __import__(module)
  File "/home/tom/pythonapp/wsgi.py", line 1, in <module>
    from app import app
  File "/home/tom/pythonapp/app.py", line 60
    return redirect("/games/leaderboard"), code="302")
                                               ^
SyntaxError: invalid syntax
[2019-09-28 19:30:16 +0000] [1094] [INFO] Worker exiting (pid: 1094)
[2019-09-28 19:30:16 +0000] [1095] [INFO] Booting worker with pid: 1095
[2019-09-28 19:30:16 +0000] [1095] [ERROR] Exception in worker process
Traceback (most recent call last):
  File "/usr/local/lib/python3.6/dist-packages/gunicorn/arbiter.py", line 583, in spawn_worker
    worker.init_process()
  File "/usr/local/lib/python3.6/dist-packages/gunicorn/workers/base.py", line 129, in init_process
    self.load_wsgi()
  File "/usr/local/lib/python3.6/dist-packages/gunicorn/workers/base.py", line 138, in load_wsgi
    self.wsgi = self.app.wsgi()
  File "/usr/local/lib/python3.6/dist-packages/gunicorn/app/base.py", line 67, in wsgi
    self.callable = self.load()
  File "/usr/local/lib/python3.6/dist-packages/gunicorn/app/wsgiapp.py", line 52, in load
    return self.load_wsgiapp()
  File "/usr/local/lib/python3.6/dist-packages/gunicorn/app/wsgiapp.py", line 41, in load_wsgiapp
    return util.import_app(self.app_uri)
  File "/usr/local/lib/python3.6/dist-packages/gunicorn/util.py", line 350, in import_app
    __import__(module)
  File "/home/tom/pythonapp/wsgi.py", line 1, in <module>
    from app import app
  File "/home/tom/pythonapp/app.py", line 60
    return redirect("/games/leaderboard"), code="302")
                                               ^
SyntaxError: invalid syntax
[2019-09-28 19:30:16 +0000] [1095] [INFO] Worker exiting (pid: 1095)
[2019-09-28 19:30:16 +0000] [1096] [INFO] Booting worker with pid: 1096
[2019-09-28 19:30:16 +0000] [1096] [ERROR] Exception in worker process
Traceback (most recent call last):
  File "/usr/local/lib/python3.6/dist-packages/gunicorn/arbiter.py", line 583, in spawn_worker
    worker.init_process()
  File "/usr/local/lib/python3.6/dist-packages/gunicorn/workers/base.py", line 129, in init_process
    self.load_wsgi()
  File "/usr/local/lib/python3.6/dist-packages/gunicorn/workers/base.py", line 138, in load_wsgi
    self.wsgi = self.app.wsgi()
  File "/usr/local/lib/python3.6/dist-packages/gunicorn/app/base.py", line 67, in wsgi
    self.callable = self.load()
  File "/usr/local/lib/python3.6/dist-packages/gunicorn/app/wsgiapp.py", line 52, in load
    return self.load_wsgiapp()
  File "/usr/local/lib/python3.6/dist-packages/gunicorn/app/wsgiapp.py", line 41, in load_wsgiapp
    return util.import_app(self.app_uri)
  File "/usr/local/lib/python3.6/dist-packages/gunicorn/util.py", line 350, in import_app
    __import__(module)
  File "/home/tom/pythonapp/wsgi.py", line 1, in <module>
    from app import app
  File "/home/tom/pythonapp/app.py", line 60
    return redirect("/games/leaderboard"), code="302")
                                               ^
SyntaxError: invalid syntax
[2019-09-28 19:30:16 +0000] [1096] [INFO] Worker exiting (pid: 1096)
[2019-09-28 19:30:16 +0000] [1097] [INFO] Booting worker with pid: 1097
[2019-09-28 19:30:16 +0000] [1098] [INFO] Booting worker with pid: 1098
[2019-09-28 19:30:16 +0000] [1097] [ERROR] Exception in worker process
Traceback (most recent call last):
  File "/usr/local/lib/python3.6/dist-packages/gunicorn/arbiter.py", line 583, in spawn_worker
    worker.init_process()
  File "/usr/local/lib/python3.6/dist-packages/gunicorn/workers/base.py", line 129, in init_process
    self.load_wsgi()
  File "/usr/local/lib/python3.6/dist-packages/gunicorn/workers/base.py", line 138, in load_wsgi
    self.wsgi = self.app.wsgi()
  File "/usr/local/lib/python3.6/dist-packages/gunicorn/app/base.py", line 67, in wsgi
    self.callable = self.load()
  File "/usr/local/lib/python3.6/dist-packages/gunicorn/app/wsgiapp.py", line 52, in load
    return self.load_wsgiapp()
  File "/usr/local/lib/python3.6/dist-packages/gunicorn/app/wsgiapp.py", line 41, in load_wsgiapp
    return util.import_app(self.app_uri)
  File "/usr/local/lib/python3.6/dist-packages/gunicorn/util.py", line 350, in import_app
    __import__(module)
  File "/home/tom/pythonapp/wsgi.py", line 1, in <module>
    from app import app
  File "/home/tom/pythonapp/app.py", line 60
    return redirect("/games/leaderboard"), code="302")
                                               ^
SyntaxError: invalid syntax
[2019-09-28 19:30:16 +0000] [1097] [INFO] Worker exiting (pid: 1097)
[2019-09-28 19:30:16 +0000] [1098] [ERROR] Exception in worker process
Traceback (most recent call last):
  File "/usr/local/lib/python3.6/dist-packages/gunicorn/arbiter.py", line 583, in spawn_worker
    worker.init_process()
  File "/usr/local/lib/python3.6/dist-packages/gunicorn/workers/base.py", line 129, in init_process
    self.load_wsgi()
  File "/usr/local/lib/python3.6/dist-packages/gunicorn/workers/base.py", line 138, in load_wsgi
    self.wsgi = self.app.wsgi()
  File "/usr/local/lib/python3.6/dist-packages/gunicorn/app/base.py", line 67, in wsgi
    self.callable = self.load()
  File "/usr/local/lib/python3.6/dist-packages/gunicorn/app/wsgiapp.py", line 52, in load
    return self.load_wsgiapp()
  File "/usr/local/lib/python3.6/dist-packages/gunicorn/app/wsgiapp.py", line 41, in load_wsgiapp
    return util.import_app(self.app_uri)
  File "/usr/local/lib/python3.6/dist-packages/gunicorn/util.py", line 350, in import_app
    __import__(module)
  File "/home/tom/pythonapp/wsgi.py", line 1, in <module>
    from app import app
  File "/home/tom/pythonapp/app.py", line 60
    return redirect("/games/leaderboard"), code="302")
                                               ^
SyntaxError: invalid syntax
[2019-09-28 19:30:16 +0000] [1098] [INFO] Worker exiting (pid: 1098)
[2019-09-28 19:31:00 +0000] [1124] [INFO] Starting gunicorn 19.9.0
[2019-09-28 19:31:00 +0000] [1124] [INFO] Listening at: unix:pythonapp.sock (1124)
[2019-09-28 19:31:00 +0000] [1124] [INFO] Using worker: sync
[2019-09-28 19:31:00 +0000] [1127] [INFO] Booting worker with pid: 1127
[2019-09-28 19:31:00 +0000] [1128] [INFO] Booting worker with pid: 1128
[2019-09-28 19:31:00 +0000] [1129] [INFO] Booting worker with pid: 1129
[2019-09-28 19:31:00 +0000] [1130] [INFO] Booting worker with pid: 1130
[2019-09-28 19:31:00 +0000] [1131] [INFO] Booting worker with pid: 1131
[2019-09-28 19:31:28,602] ERROR in app: Exception on /games/leaderboardsubmission/ [POST]
Traceback (most recent call last):
  File "/home/tom/.local/lib/python3.6/site-packages/flask/app.py", line 2446, in wsgi_app
    response = self.full_dispatch_request()
  File "/home/tom/.local/lib/python3.6/site-packages/flask/app.py", line 1952, in full_dispatch_request
    return self.finalize_request(rv)
  File "/home/tom/.local/lib/python3.6/site-packages/flask/app.py", line 1967, in finalize_request
    response = self.make_response(rv)
  File "/home/tom/.local/lib/python3.6/site-packages/flask/app.py", line 2097, in make_response
    "The view function did not return a valid response. The"
TypeError: The view function did not return a valid response. The function either returned None or ended without a return statement.
[2019-09-28 19:31:28,758] ERROR in app: Exception on /favicon.ico [GET]
Traceback (most recent call last):
  File "/home/tom/.local/lib/python3.6/site-packages/flask/app.py", line 2446, in wsgi_app
    response = self.full_dispatch_request()
  File "/home/tom/.local/lib/python3.6/site-packages/flask/app.py", line 1952, in full_dispatch_request
    return self.finalize_request(rv)
  File "/home/tom/.local/lib/python3.6/site-packages/flask/app.py", line 1967, in finalize_request
    response = self.make_response(rv)
  File "/home/tom/.local/lib/python3.6/site-packages/flask/app.py", line 2097, in make_response
    "The view function did not return a valid response. The"
TypeError: The view function did not return a valid response. The function either returned None or ended without a return statement.
[2019-09-28 19:32:56,825] ERROR in app: Exception on /games/leaderboardsubmission/ [POST]
Traceback (most recent call last):
  File "/home/tom/.local/lib/python3.6/site-packages/flask/app.py", line 2446, in wsgi_app
    response = self.full_dispatch_request()
  File "/home/tom/.local/lib/python3.6/site-packages/flask/app.py", line 1952, in full_dispatch_request
    return self.finalize_request(rv)
  File "/home/tom/.local/lib/python3.6/site-packages/flask/app.py", line 1967, in finalize_request
    response = self.make_response(rv)
  File "/home/tom/.local/lib/python3.6/site-packages/flask/app.py", line 2097, in make_response
    "The view function did not return a valid response. The"
TypeError: The view function did not return a valid response. The function either returned None or ended without a return statement.
[2019-09-28 19:32:57,005] ERROR in app: Exception on /favicon.ico [GET]
Traceback (most recent call last):
  File "/home/tom/.local/lib/python3.6/site-packages/flask/app.py", line 2446, in wsgi_app
    response = self.full_dispatch_request()
  File "/home/tom/.local/lib/python3.6/site-packages/flask/app.py", line 1952, in full_dispatch_request
    return self.finalize_request(rv)
  File "/home/tom/.local/lib/python3.6/site-packages/flask/app.py", line 1967, in finalize_request
    response = self.make_response(rv)
  File "/home/tom/.local/lib/python3.6/site-packages/flask/app.py", line 2097, in make_response
    "The view function did not return a valid response. The"
TypeError: The view function did not return a valid response. The function either returned None or ended without a return statement.
[2019-09-28 19:33:55 +0000] [1124] [INFO] Handling signal: term
[2019-09-28 19:33:55 +0000] [1128] [INFO] Worker exiting (pid: 1128)
[2019-09-28 19:33:55 +0000] [1127] [INFO] Worker exiting (pid: 1127)
[2019-09-28 19:33:55 +0000] [1129] [INFO] Worker exiting (pid: 1129)
[2019-09-28 19:33:55 +0000] [1131] [INFO] Worker exiting (pid: 1131)
[2019-09-28 19:33:55 +0000] [1130] [INFO] Worker exiting (pid: 1130)
[2019-09-28 19:33:56 +0000] [1124] [INFO] Shutting down: Master
[2019-09-28 19:33:58 +0000] [1169] [INFO] Starting gunicorn 19.9.0
[2019-09-28 19:33:58 +0000] [1169] [INFO] Listening at: unix:pythonapp.sock (1169)
[2019-09-28 19:33:58 +0000] [1169] [INFO] Using worker: sync
[2019-09-28 19:33:58 +0000] [1172] [INFO] Booting worker with pid: 1172
[2019-09-28 19:33:58 +0000] [1173] [INFO] Booting worker with pid: 1173
[2019-09-28 19:33:58 +0000] [1174] [INFO] Booting worker with pid: 1174
[2019-09-28 19:33:58 +0000] [1175] [INFO] Booting worker with pid: 1175
[2019-09-28 19:33:58 +0000] [1176] [INFO] Booting worker with pid: 1176
[2019-09-28 19:34:00,437] ERROR in app: Exception on /games/leaderboardsubmission/ [POST]
Traceback (most recent call last):
  File "/home/tom/.local/lib/python3.6/site-packages/flask/app.py", line 2446, in wsgi_app
    response = self.full_dispatch_request()
  File "/home/tom/.local/lib/python3.6/site-packages/flask/app.py", line 1952, in full_dispatch_request
    return self.finalize_request(rv)
  File "/home/tom/.local/lib/python3.6/site-packages/flask/app.py", line 1967, in finalize_request
    response = self.make_response(rv)
  File "/home/tom/.local/lib/python3.6/site-packages/flask/app.py", line 2097, in make_response
    "The view function did not return a valid response. The"
TypeError: The view function did not return a valid response. The function either returned None or ended without a return statement.
[2019-09-28 19:34:00,736] ERROR in app: Exception on /favicon.ico [GET]
Traceback (most recent call last):
  File "/home/tom/.local/lib/python3.6/site-packages/flask/app.py", line 2446, in wsgi_app
    response = self.full_dispatch_request()
  File "/home/tom/.local/lib/python3.6/site-packages/flask/app.py", line 1952, in full_dispatch_request
    return self.finalize_request(rv)
  File "/home/tom/.local/lib/python3.6/site-packages/flask/app.py", line 1967, in finalize_request
    response = self.make_response(rv)
  File "/home/tom/.local/lib/python3.6/site-packages/flask/app.py", line 2097, in make_response
    "The view function did not return a valid response. The"
TypeError: The view function did not return a valid response. The function either returned None or ended without a return statement.
[2019-09-28 19:34:07,926] ERROR in app: Exception on /games/leaderboardsubmission/ [POST]
Traceback (most recent call last):
  File "/home/tom/.local/lib/python3.6/site-packages/flask/app.py", line 2446, in wsgi_app
    response = self.full_dispatch_request()
  File "/home/tom/.local/lib/python3.6/site-packages/flask/app.py", line 1952, in full_dispatch_request
    return self.finalize_request(rv)
  File "/home/tom/.local/lib/python3.6/site-packages/flask/app.py", line 1967, in finalize_request
    response = self.make_response(rv)
  File "/home/tom/.local/lib/python3.6/site-packages/flask/app.py", line 2097, in make_response
    "The view function did not return a valid response. The"
TypeError: The view function did not return a valid response. The function either returned None or ended without a return statement.
[2019-09-28 19:34:08,077] ERROR in app: Exception on /favicon.ico [GET]
Traceback (most recent call last):
  File "/home/tom/.local/lib/python3.6/site-packages/flask/app.py", line 2446, in wsgi_app
    response = self.full_dispatch_request()
  File "/home/tom/.local/lib/python3.6/site-packages/flask/app.py", line 1952, in full_dispatch_request
    return self.finalize_request(rv)
  File "/home/tom/.local/lib/python3.6/site-packages/flask/app.py", line 1967, in finalize_request
    response = self.make_response(rv)
  File "/home/tom/.local/lib/python3.6/site-packages/flask/app.py", line 2097, in make_response
    "The view function did not return a valid response. The"
TypeError: The view function did not return a valid response. The function either returned None or ended without a return statement.
[2019-09-28 19:35:34,235] ERROR in app: Exception on /games/leaderboardsubmission/ [POST]
Traceback (most recent call last):
  File "/home/tom/.local/lib/python3.6/site-packages/flask/app.py", line 2446, in wsgi_app
    response = self.full_dispatch_request()
  File "/home/tom/.local/lib/python3.6/site-packages/flask/app.py", line 1952, in full_dispatch_request
    return self.finalize_request(rv)
  File "/home/tom/.local/lib/python3.6/site-packages/flask/app.py", line 1967, in finalize_request
    response = self.make_response(rv)
  File "/home/tom/.local/lib/python3.6/site-packages/flask/app.py", line 2097, in make_response
    "The view function did not return a valid response. The"
TypeError: The view function did not return a valid response. The function either returned None or ended without a return statement.
[2019-09-28 19:35:34,387] ERROR in app: Exception on /favicon.ico [GET]
Traceback (most recent call last):
  File "/home/tom/.local/lib/python3.6/site-packages/flask/app.py", line 2446, in wsgi_app
    response = self.full_dispatch_request()
  File "/home/tom/.local/lib/python3.6/site-packages/flask/app.py", line 1952, in full_dispatch_request
    return self.finalize_request(rv)
  File "/home/tom/.local/lib/python3.6/site-packages/flask/app.py", line 1967, in finalize_request
    response = self.make_response(rv)
  File "/home/tom/.local/lib/python3.6/site-packages/flask/app.py", line 2097, in make_response
    "The view function did not return a valid response. The"
TypeError: The view function did not return a valid response. The function either returned None or ended without a return statement.
[2019-09-28 19:35:41 +0000] [1173] [INFO] Worker exiting (pid: 1173)
[2019-09-28 19:35:41 +0000] [1172] [INFO] Worker exiting (pid: 1172)
[2019-09-28 19:35:41 +0000] [1175] [INFO] Worker exiting (pid: 1175)
[2019-09-28 19:35:41 +0000] [1169] [INFO] Handling signal: term
[2019-09-28 19:35:41 +0000] [1176] [INFO] Worker exiting (pid: 1176)
[2019-09-28 19:35:41 +0000] [1174] [INFO] Worker exiting (pid: 1174)
[2019-09-28 19:35:42 +0000] [1169] [INFO] Shutting down: Master
[2019-09-28 19:35:45 +0000] [1195] [INFO] Starting gunicorn 19.9.0
[2019-09-28 19:35:45 +0000] [1195] [INFO] Listening at: unix:pythonapp.sock (1195)
[2019-09-28 19:35:45 +0000] [1195] [INFO] Using worker: sync
[2019-09-28 19:35:45 +0000] [1199] [INFO] Booting worker with pid: 1199
[2019-09-28 19:35:45 +0000] [1200] [INFO] Booting worker with pid: 1200
[2019-09-28 19:35:45 +0000] [1201] [INFO] Booting worker with pid: 1201
[2019-09-28 19:35:45 +0000] [1202] [INFO] Booting worker with pid: 1202
[2019-09-28 19:35:45 +0000] [1204] [INFO] Booting worker with pid: 1204
[2019-09-28 19:35:47,202] ERROR in app: Exception on /games/leaderboardsubmission/ [POST]
Traceback (most recent call last):
  File "/home/tom/.local/lib/python3.6/site-packages/flask/app.py", line 2446, in wsgi_app
    response = self.full_dispatch_request()
  File "/home/tom/.local/lib/python3.6/site-packages/flask/app.py", line 1952, in full_dispatch_request
    return self.finalize_request(rv)
  File "/home/tom/.local/lib/python3.6/site-packages/flask/app.py", line 1967, in finalize_request
    response = self.make_response(rv)
  File "/home/tom/.local/lib/python3.6/site-packages/flask/app.py", line 2097, in make_response
    "The view function did not return a valid response. The"
TypeError: The view function did not return a valid response. The function either returned None or ended without a return statement.
[2019-09-28 19:35:47,418] ERROR in app: Exception on /favicon.ico [GET]
Traceback (most recent call last):
  File "/home/tom/.local/lib/python3.6/site-packages/flask/app.py", line 2446, in wsgi_app
    response = self.full_dispatch_request()
  File "/home/tom/.local/lib/python3.6/site-packages/flask/app.py", line 1952, in full_dispatch_request
    return self.finalize_request(rv)
  File "/home/tom/.local/lib/python3.6/site-packages/flask/app.py", line 1967, in finalize_request
    response = self.make_response(rv)
  File "/home/tom/.local/lib/python3.6/site-packages/flask/app.py", line 2097, in make_response
    "The view function did not return a valid response. The"
TypeError: The view function did not return a valid response. The function either returned None or ended without a return statement.
[2019-09-28 19:35:50,141] ERROR in app: Exception on /games/leaderboardsubmission/ [POST]
Traceback (most recent call last):
  File "/home/tom/.local/lib/python3.6/site-packages/flask/app.py", line 2446, in wsgi_app
    response = self.full_dispatch_request()
  File "/home/tom/.local/lib/python3.6/site-packages/flask/app.py", line 1952, in full_dispatch_request
    return self.finalize_request(rv)
  File "/home/tom/.local/lib/python3.6/site-packages/flask/app.py", line 1967, in finalize_request
    response = self.make_response(rv)
  File "/home/tom/.local/lib/python3.6/site-packages/flask/app.py", line 2097, in make_response
    "The view function did not return a valid response. The"
TypeError: The view function did not return a valid response. The function either returned None or ended without a return statement.
[2019-09-28 19:35:50,279] ERROR in app: Exception on /favicon.ico [GET]
Traceback (most recent call last):
  File "/home/tom/.local/lib/python3.6/site-packages/flask/app.py", line 2446, in wsgi_app
    response = self.full_dispatch_request()
  File "/home/tom/.local/lib/python3.6/site-packages/flask/app.py", line 1952, in full_dispatch_request
    return self.finalize_request(rv)
  File "/home/tom/.local/lib/python3.6/site-packages/flask/app.py", line 1967, in finalize_request
    response = self.make_response(rv)
  File "/home/tom/.local/lib/python3.6/site-packages/flask/app.py", line 2097, in make_response
    "The view function did not return a valid response. The"
TypeError: The view function did not return a valid response. The function either returned None or ended without a return statement.
[2019-09-28 19:36:07,346] ERROR in app: Exception on /games/leaderboardsubmission/ [GET]
Traceback (most recent call last):
  File "/home/tom/.local/lib/python3.6/site-packages/flask/app.py", line 2446, in wsgi_app
    response = self.full_dispatch_request()
  File "/home/tom/.local/lib/python3.6/site-packages/flask/app.py", line 1952, in full_dispatch_request
    return self.finalize_request(rv)
  File "/home/tom/.local/lib/python3.6/site-packages/flask/app.py", line 1967, in finalize_request
    response = self.make_response(rv)
  File "/home/tom/.local/lib/python3.6/site-packages/flask/app.py", line 2097, in make_response
    "The view function did not return a valid response. The"
TypeError: The view function did not return a valid response. The function either returned None or ended without a return statement.
[2019-09-28 19:36:07,501] ERROR in app: Exception on /favicon.ico [GET]
Traceback (most recent call last):
  File "/home/tom/.local/lib/python3.6/site-packages/flask/app.py", line 2446, in wsgi_app
    response = self.full_dispatch_request()
  File "/home/tom/.local/lib/python3.6/site-packages/flask/app.py", line 1952, in full_dispatch_request
    return self.finalize_request(rv)
  File "/home/tom/.local/lib/python3.6/site-packages/flask/app.py", line 1967, in finalize_request
    response = self.make_response(rv)
  File "/home/tom/.local/lib/python3.6/site-packages/flask/app.py", line 2097, in make_response
    "The view function did not return a valid response. The"
TypeError: The view function did not return a valid response. The function either returned None or ended without a return statement.
[2019-09-28 19:36:21,452] ERROR in app: Exception on /favicon.ico [GET]
Traceback (most recent call last):
  File "/home/tom/.local/lib/python3.6/site-packages/flask/app.py", line 2446, in wsgi_app
    response = self.full_dispatch_request()
  File "/home/tom/.local/lib/python3.6/site-packages/flask/app.py", line 1952, in full_dispatch_request
    return self.finalize_request(rv)
  File "/home/tom/.local/lib/python3.6/site-packages/flask/app.py", line 1967, in finalize_request
    response = self.make_response(rv)
  File "/home/tom/.local/lib/python3.6/site-packages/flask/app.py", line 2097, in make_response
    "The view function did not return a valid response. The"
TypeError: The view function did not return a valid response. The function either returned None or ended without a return statement.
[2019-09-28 19:37:13,487] ERROR in app: Exception on /games/leaderboardsubmission/ [POST]
Traceback (most recent call last):
  File "/home/tom/.local/lib/python3.6/site-packages/flask/app.py", line 2446, in wsgi_app
    response = self.full_dispatch_request()
  File "/home/tom/.local/lib/python3.6/site-packages/flask/app.py", line 1952, in full_dispatch_request
    return self.finalize_request(rv)
  File "/home/tom/.local/lib/python3.6/site-packages/flask/app.py", line 1967, in finalize_request
    response = self.make_response(rv)
  File "/home/tom/.local/lib/python3.6/site-packages/flask/app.py", line 2097, in make_response
    "The view function did not return a valid response. The"
TypeError: The view function did not return a valid response. The function either returned None or ended without a return statement.
[2019-09-28 19:37:13,590] ERROR in app: Exception on /favicon.ico [GET]
Traceback (most recent call last):
  File "/home/tom/.local/lib/python3.6/site-packages/flask/app.py", line 2446, in wsgi_app
    response = self.full_dispatch_request()
  File "/home/tom/.local/lib/python3.6/site-packages/flask/app.py", line 1952, in full_dispatch_request
    return self.finalize_request(rv)
  File "/home/tom/.local/lib/python3.6/site-packages/flask/app.py", line 1967, in finalize_request
    response = self.make_response(rv)
  File "/home/tom/.local/lib/python3.6/site-packages/flask/app.py", line 2097, in make_response
    "The view function did not return a valid response. The"
TypeError: The view function did not return a valid response. The function either returned None or ended without a return statement.
[2019-09-28 19:37:18 +0000] [1195] [INFO] Handling signal: term
[2019-09-28 19:37:18 +0000] [1200] [INFO] Worker exiting (pid: 1200)
[2019-09-28 19:37:18 +0000] [1201] [INFO] Worker exiting (pid: 1201)
[2019-09-28 19:37:18 +0000] [1202] [INFO] Worker exiting (pid: 1202)
[2019-09-28 19:37:18 +0000] [1204] [INFO] Worker exiting (pid: 1204)
[2019-09-28 19:37:18 +0000] [1199] [INFO] Worker exiting (pid: 1199)
[2019-09-28 19:37:18 +0000] [1195] [INFO] Shutting down: Master
[2019-09-28 19:37:21 +0000] [1246] [INFO] Starting gunicorn 19.9.0
[2019-09-28 19:37:21 +0000] [1246] [INFO] Listening at: unix:pythonapp.sock (1246)
[2019-09-28 19:37:21 +0000] [1246] [INFO] Using worker: sync
[2019-09-28 19:37:21 +0000] [1250] [INFO] Booting worker with pid: 1250
[2019-09-28 19:37:21 +0000] [1251] [INFO] Booting worker with pid: 1251
[2019-09-28 19:37:21 +0000] [1252] [INFO] Booting worker with pid: 1252
[2019-09-28 19:37:21 +0000] [1253] [INFO] Booting worker with pid: 1253
[2019-09-28 19:37:21 +0000] [1254] [INFO] Booting worker with pid: 1254
[2019-09-28 19:37:34,576] ERROR in app: Exception on /favicon.ico [GET]
Traceback (most recent call last):
  File "/home/tom/.local/lib/python3.6/site-packages/flask/app.py", line 2446, in wsgi_app
    response = self.full_dispatch_request()
  File "/home/tom/.local/lib/python3.6/site-packages/flask/app.py", line 1952, in full_dispatch_request
    return self.finalize_request(rv)
  File "/home/tom/.local/lib/python3.6/site-packages/flask/app.py", line 1967, in finalize_request
    response = self.make_response(rv)
  File "/home/tom/.local/lib/python3.6/site-packages/flask/app.py", line 2097, in make_response
    "The view function did not return a valid response. The"
TypeError: The view function did not return a valid response. The function either returned None or ended without a return statement.
[2019-09-28 19:39:20 +0000] [1246] [INFO] Handling signal: term
[2019-09-28 19:39:20 +0000] [1251] [INFO] Worker exiting (pid: 1251)
[2019-09-28 19:39:20 +0000] [1250] [INFO] Worker exiting (pid: 1250)
[2019-09-28 19:39:20 +0000] [1252] [INFO] Worker exiting (pid: 1252)
[2019-09-28 19:39:20 +0000] [1254] [INFO] Worker exiting (pid: 1254)
[2019-09-28 19:39:20 +0000] [1253] [INFO] Worker exiting (pid: 1253)
[2019-09-28 19:39:21 +0000] [1246] [INFO] Shutting down: Master
[2019-09-28 19:39:23 +0000] [1333] [INFO] Starting gunicorn 19.9.0
[2019-09-28 19:39:23 +0000] [1333] [INFO] Listening at: unix:pythonapp.sock (1333)
[2019-09-28 19:39:23 +0000] [1333] [INFO] Using worker: sync
[2019-09-28 19:39:23 +0000] [1336] [INFO] Booting worker with pid: 1336
[2019-09-28 19:39:23 +0000] [1337] [INFO] Booting worker with pid: 1337
[2019-09-28 19:39:24 +0000] [1338] [INFO] Booting worker with pid: 1338
[2019-09-28 19:39:24 +0000] [1339] [INFO] Booting worker with pid: 1339
[2019-09-28 19:39:24 +0000] [1340] [INFO] Booting worker with pid: 1340
[2019-09-28 19:39:41 +0000] [1333] [INFO] Handling signal: term
[2019-09-28 19:39:41 +0000] [1337] [INFO] Worker exiting (pid: 1337)
[2019-09-28 19:39:41 +0000] [1340] [INFO] Worker exiting (pid: 1340)
[2019-09-28 19:39:41 +0000] [1338] [INFO] Worker exiting (pid: 1338)
[2019-09-28 19:39:41 +0000] [1339] [INFO] Worker exiting (pid: 1339)
[2019-09-28 19:39:41 +0000] [1336] [INFO] Worker exiting (pid: 1336)
[2019-09-28 19:39:41 +0000] [1333] [INFO] Shutting down: Master
[2019-09-28 19:39:44 +0000] [1358] [INFO] Starting gunicorn 19.9.0
[2019-09-28 19:39:44 +0000] [1358] [INFO] Listening at: unix:pythonapp.sock (1358)
[2019-09-28 19:39:44 +0000] [1358] [INFO] Using worker: sync
[2019-09-28 19:39:44 +0000] [1362] [INFO] Booting worker with pid: 1362
[2019-09-28 19:39:44 +0000] [1363] [INFO] Booting worker with pid: 1363
[2019-09-28 19:39:44 +0000] [1364] [INFO] Booting worker with pid: 1364
[2019-09-28 19:39:44 +0000] [1365] [INFO] Booting worker with pid: 1365
[2019-09-28 19:39:44 +0000] [1366] [INFO] Booting worker with pid: 1366
[2019-09-28 20:55:50,556] ERROR in app: Exception on /robots.txt [GET]
Traceback (most recent call last):
  File "/home/tom/.local/lib/python3.6/site-packages/flask/app.py", line 2446, in wsgi_app
    response = self.full_dispatch_request()
  File "/home/tom/.local/lib/python3.6/site-packages/flask/app.py", line 1952, in full_dispatch_request
    return self.finalize_request(rv)
  File "/home/tom/.local/lib/python3.6/site-packages/flask/app.py", line 1967, in finalize_request
    response = self.make_response(rv)
  File "/home/tom/.local/lib/python3.6/site-packages/flask/app.py", line 2097, in make_response
    "The view function did not return a valid response. The"
TypeError: The view function did not return a valid response. The function either returned None or ended without a return statement.
[2019-09-28 20:55:50,924] ERROR in app: Exception on /admin/Token81b1073a.asp [POST]
Traceback (most recent call last):
  File "/home/tom/.local/lib/python3.6/site-packages/flask/app.py", line 2446, in wsgi_app
    response = self.full_dispatch_request()
  File "/home/tom/.local/lib/python3.6/site-packages/flask/app.py", line 1952, in full_dispatch_request
    return self.finalize_request(rv)
  File "/home/tom/.local/lib/python3.6/site-packages/flask/app.py", line 1967, in finalize_request
    response = self.make_response(rv)
  File "/home/tom/.local/lib/python3.6/site-packages/flask/app.py", line 2097, in make_response
    "The view function did not return a valid response. The"
TypeError: The view function did not return a valid response. The function either returned None or ended without a return statement.
[2019-09-28 20:55:51,630] ERROR in app: Exception on /l.php [GET]
Traceback (most recent call last):
  File "/home/tom/.local/lib/python3.6/site-packages/flask/app.py", line 2446, in wsgi_app
    response = self.full_dispatch_request()
  File "/home/tom/.local/lib/python3.6/site-packages/flask/app.py", line 1952, in full_dispatch_request
    return self.finalize_request(rv)
  File "/home/tom/.local/lib/python3.6/site-packages/flask/app.py", line 1967, in finalize_request
    response = self.make_response(rv)
  File "/home/tom/.local/lib/python3.6/site-packages/flask/app.py", line 2097, in make_response
    "The view function did not return a valid response. The"
TypeError: The view function did not return a valid response. The function either returned None or ended without a return statement.
[2019-09-28 20:55:51,995] ERROR in app: Exception on /phpinfo.php [GET]
Traceback (most recent call last):
  File "/home/tom/.local/lib/python3.6/site-packages/flask/app.py", line 2446, in wsgi_app
    response = self.full_dispatch_request()
  File "/home/tom/.local/lib/python3.6/site-packages/flask/app.py", line 1952, in full_dispatch_request
    return self.finalize_request(rv)
  File "/home/tom/.local/lib/python3.6/site-packages/flask/app.py", line 1967, in finalize_request
    response = self.make_response(rv)
  File "/home/tom/.local/lib/python3.6/site-packages/flask/app.py", line 2097, in make_response
    "The view function did not return a valid response. The"
TypeError: The view function did not return a valid response. The function either returned None or ended without a return statement.
[2019-09-28 20:55:53,042] ERROR in app: Exception on /test.php [GET]
Traceback (most recent call last):
  File "/home/tom/.local/lib/python3.6/site-packages/flask/app.py", line 2446, in wsgi_app
    response = self.full_dispatch_request()
  File "/home/tom/.local/lib/python3.6/site-packages/flask/app.py", line 1952, in full_dispatch_request
    return self.finalize_request(rv)
  File "/home/tom/.local/lib/python3.6/site-packages/flask/app.py", line 1967, in finalize_request
    response = self.make_response(rv)
  File "/home/tom/.local/lib/python3.6/site-packages/flask/app.py", line 2097, in make_response
    "The view function did not return a valid response. The"
TypeError: The view function did not return a valid response. The function either returned None or ended without a return statement.
[2019-09-28 20:55:53,405] ERROR in app: Exception on /index.php [POST]
Traceback (most recent call last):
  File "/home/tom/.local/lib/python3.6/site-packages/flask/app.py", line 2446, in wsgi_app
    response = self.full_dispatch_request()
  File "/home/tom/.local/lib/python3.6/site-packages/flask/app.py", line 1952, in full_dispatch_request
    return self.finalize_request(rv)
  File "/home/tom/.local/lib/python3.6/site-packages/flask/app.py", line 1967, in finalize_request
    response = self.make_response(rv)
  File "/home/tom/.local/lib/python3.6/site-packages/flask/app.py", line 2097, in make_response
    "The view function did not return a valid response. The"
TypeError: The view function did not return a valid response. The function either returned None or ended without a return statement.
[2019-09-28 20:55:54,413] ERROR in app: Exception on /bbs.php [POST]
Traceback (most recent call last):
  File "/home/tom/.local/lib/python3.6/site-packages/flask/app.py", line 2446, in wsgi_app
    response = self.full_dispatch_request()
  File "/home/tom/.local/lib/python3.6/site-packages/flask/app.py", line 1952, in full_dispatch_request
    return self.finalize_request(rv)
  File "/home/tom/.local/lib/python3.6/site-packages/flask/app.py", line 1967, in finalize_request
    response = self.make_response(rv)
  File "/home/tom/.local/lib/python3.6/site-packages/flask/app.py", line 2097, in make_response
    "The view function did not return a valid response. The"
TypeError: The view function did not return a valid response. The function either returned None or ended without a return statement.
[2019-09-28 20:55:54,729] ERROR in app: Exception on /forum.php [POST]
Traceback (most recent call last):
  File "/home/tom/.local/lib/python3.6/site-packages/flask/app.py", line 2446, in wsgi_app
    response = self.full_dispatch_request()
  File "/home/tom/.local/lib/python3.6/site-packages/flask/app.py", line 1952, in full_dispatch_request
    return self.finalize_request(rv)
  File "/home/tom/.local/lib/python3.6/site-packages/flask/app.py", line 1967, in finalize_request
    response = self.make_response(rv)
  File "/home/tom/.local/lib/python3.6/site-packages/flask/app.py", line 2097, in make_response
    "The view function did not return a valid response. The"
TypeError: The view function did not return a valid response. The function either returned None or ended without a return statement.
[2019-09-28 20:55:55,045] ERROR in app: Exception on /forums.php [POST]
Traceback (most recent call last):
  File "/home/tom/.local/lib/python3.6/site-packages/flask/app.py", line 2446, in wsgi_app
    response = self.full_dispatch_request()
  File "/home/tom/.local/lib/python3.6/site-packages/flask/app.py", line 1952, in full_dispatch_request
    return self.finalize_request(rv)
  File "/home/tom/.local/lib/python3.6/site-packages/flask/app.py", line 1967, in finalize_request
    response = self.make_response(rv)
  File "/home/tom/.local/lib/python3.6/site-packages/flask/app.py", line 2097, in make_response
    "The view function did not return a valid response. The"
TypeError: The view function did not return a valid response. The function either returned None or ended without a return statement.
[2019-09-28 20:55:55,362] ERROR in app: Exception on /bbs/index.php [POST]
Traceback (most recent call last):
  File "/home/tom/.local/lib/python3.6/site-packages/flask/app.py", line 2446, in wsgi_app
    response = self.full_dispatch_request()
  File "/home/tom/.local/lib/python3.6/site-packages/flask/app.py", line 1952, in full_dispatch_request
    return self.finalize_request(rv)
  File "/home/tom/.local/lib/python3.6/site-packages/flask/app.py", line 1967, in finalize_request
    response = self.make_response(rv)
  File "/home/tom/.local/lib/python3.6/site-packages/flask/app.py", line 2097, in make_response
    "The view function did not return a valid response. The"
TypeError: The view function did not return a valid response. The function either returned None or ended without a return statement.
[2019-09-28 20:55:57,804] ERROR in app: Exception on /forum/index.php [POST]
Traceback (most recent call last):
  File "/home/tom/.local/lib/python3.6/site-packages/flask/app.py", line 2446, in wsgi_app
    response = self.full_dispatch_request()
  File "/home/tom/.local/lib/python3.6/site-packages/flask/app.py", line 1952, in full_dispatch_request
    return self.finalize_request(rv)
  File "/home/tom/.local/lib/python3.6/site-packages/flask/app.py", line 1967, in finalize_request
    response = self.make_response(rv)
  File "/home/tom/.local/lib/python3.6/site-packages/flask/app.py", line 2097, in make_response
    "The view function did not return a valid response. The"
TypeError: The view function did not return a valid response. The function either returned None or ended without a return statement.
[2019-09-28 20:55:58,955] ERROR in app: Exception on /forums/index.php [POST]
Traceback (most recent call last):
  File "/home/tom/.local/lib/python3.6/site-packages/flask/app.py", line 2446, in wsgi_app
    response = self.full_dispatch_request()
  File "/home/tom/.local/lib/python3.6/site-packages/flask/app.py", line 1952, in full_dispatch_request
    return self.finalize_request(rv)
  File "/home/tom/.local/lib/python3.6/site-packages/flask/app.py", line 1967, in finalize_request
    response = self.make_response(rv)
  File "/home/tom/.local/lib/python3.6/site-packages/flask/app.py", line 2097, in make_response
    "The view function did not return a valid response. The"
TypeError: The view function did not return a valid response. The function either returned None or ended without a return statement.
[2019-09-28 20:56:04,569] ERROR in app: Exception on /help.php [GET]
Traceback (most recent call last):
  File "/home/tom/.local/lib/python3.6/site-packages/flask/app.py", line 2446, in wsgi_app
    response = self.full_dispatch_request()
  File "/home/tom/.local/lib/python3.6/site-packages/flask/app.py", line 1952, in full_dispatch_request
    return self.finalize_request(rv)
  File "/home/tom/.local/lib/python3.6/site-packages/flask/app.py", line 1967, in finalize_request
    response = self.make_response(rv)
  File "/home/tom/.local/lib/python3.6/site-packages/flask/app.py", line 2097, in make_response
    "The view function did not return a valid response. The"
TypeError: The view function did not return a valid response. The function either returned None or ended without a return statement.
[2019-09-28 20:56:05,708] ERROR in app: Exception on /java.php [GET]
Traceback (most recent call last):
  File "/home/tom/.local/lib/python3.6/site-packages/flask/app.py", line 2446, in wsgi_app
    response = self.full_dispatch_request()
  File "/home/tom/.local/lib/python3.6/site-packages/flask/app.py", line 1952, in full_dispatch_request
    return self.finalize_request(rv)
  File "/home/tom/.local/lib/python3.6/site-packages/flask/app.py", line 1967, in finalize_request
    response = self.make_response(rv)
  File "/home/tom/.local/lib/python3.6/site-packages/flask/app.py", line 2097, in make_response
    "The view function did not return a valid response. The"
TypeError: The view function did not return a valid response. The function either returned None or ended without a return statement.
[2019-09-28 20:56:06,023] ERROR in app: Exception on /_query.php [GET]
Traceback (most recent call last):
  File "/home/tom/.local/lib/python3.6/site-packages/flask/app.py", line 2446, in wsgi_app
    response = self.full_dispatch_request()
  File "/home/tom/.local/lib/python3.6/site-packages/flask/app.py", line 1952, in full_dispatch_request
    return self.finalize_request(rv)
  File "/home/tom/.local/lib/python3.6/site-packages/flask/app.py", line 1967, in finalize_request
    response = self.make_response(rv)
  File "/home/tom/.local/lib/python3.6/site-packages/flask/app.py", line 2097, in make_response
    "The view function did not return a valid response. The"
TypeError: The view function did not return a valid response. The function either returned None or ended without a return statement.
[2019-09-28 20:56:06,341] ERROR in app: Exception on /test.php [GET]
Traceback (most recent call last):
  File "/home/tom/.local/lib/python3.6/site-packages/flask/app.py", line 2446, in wsgi_app
    response = self.full_dispatch_request()
  File "/home/tom/.local/lib/python3.6/site-packages/flask/app.py", line 1952, in full_dispatch_request
    return self.finalize_request(rv)
  File "/home/tom/.local/lib/python3.6/site-packages/flask/app.py", line 1967, in finalize_request
    response = self.make_response(rv)
  File "/home/tom/.local/lib/python3.6/site-packages/flask/app.py", line 2097, in make_response
    "The view function did not return a valid response. The"
TypeError: The view function did not return a valid response. The function either returned None or ended without a return statement.
[2019-09-28 20:56:06,657] ERROR in app: Exception on /db_cts.php [GET]
Traceback (most recent call last):
  File "/home/tom/.local/lib/python3.6/site-packages/flask/app.py", line 2446, in wsgi_app
    response = self.full_dispatch_request()
  File "/home/tom/.local/lib/python3.6/site-packages/flask/app.py", line 1952, in full_dispatch_request
    return self.finalize_request(rv)
  File "/home/tom/.local/lib/python3.6/site-packages/flask/app.py", line 1967, in finalize_request
    response = self.make_response(rv)
  File "/home/tom/.local/lib/python3.6/site-packages/flask/app.py", line 2097, in make_response
    "The view function did not return a valid response. The"
TypeError: The view function did not return a valid response. The function either returned None or ended without a return statement.
[2019-09-28 20:56:06,975] ERROR in app: Exception on /db_pma.php [GET]
Traceback (most recent call last):
  File "/home/tom/.local/lib/python3.6/site-packages/flask/app.py", line 2446, in wsgi_app
    response = self.full_dispatch_request()
  File "/home/tom/.local/lib/python3.6/site-packages/flask/app.py", line 1952, in full_dispatch_request
    return self.finalize_request(rv)
  File "/home/tom/.local/lib/python3.6/site-packages/flask/app.py", line 1967, in finalize_request
    response = self.make_response(rv)
  File "/home/tom/.local/lib/python3.6/site-packages/flask/app.py", line 2097, in make_response
    "The view function did not return a valid response. The"
TypeError: The view function did not return a valid response. The function either returned None or ended without a return statement.
[2019-09-28 20:56:07,291] ERROR in app: Exception on /logon.php [GET]
Traceback (most recent call last):
  File "/home/tom/.local/lib/python3.6/site-packages/flask/app.py", line 2446, in wsgi_app
    response = self.full_dispatch_request()
  File "/home/tom/.local/lib/python3.6/site-packages/flask/app.py", line 1952, in full_dispatch_request
    return self.finalize_request(rv)
  File "/home/tom/.local/lib/python3.6/site-packages/flask/app.py", line 1967, in finalize_request
    response = self.make_response(rv)
  File "/home/tom/.local/lib/python3.6/site-packages/flask/app.py", line 2097, in make_response
    "The view function did not return a valid response. The"
TypeError: The view function did not return a valid response. The function either returned None or ended without a return statement.
[2019-09-28 20:56:07,610] ERROR in app: Exception on /help-e.php [GET]
Traceback (most recent call last):
  File "/home/tom/.local/lib/python3.6/site-packages/flask/app.py", line 2446, in wsgi_app
    response = self.full_dispatch_request()
  File "/home/tom/.local/lib/python3.6/site-packages/flask/app.py", line 1952, in full_dispatch_request
    return self.finalize_request(rv)
  File "/home/tom/.local/lib/python3.6/site-packages/flask/app.py", line 1967, in finalize_request
    response = self.make_response(rv)
  File "/home/tom/.local/lib/python3.6/site-packages/flask/app.py", line 2097, in make_response
    "The view function did not return a valid response. The"
TypeError: The view function did not return a valid response. The function either returned None or ended without a return statement.
[2019-09-28 20:56:07,930] ERROR in app: Exception on /license.php [GET]
Traceback (most recent call last):
  File "/home/tom/.local/lib/python3.6/site-packages/flask/app.py", line 2446, in wsgi_app
    response = self.full_dispatch_request()
  File "/home/tom/.local/lib/python3.6/site-packages/flask/app.py", line 1952, in full_dispatch_request
    return self.finalize_request(rv)
  File "/home/tom/.local/lib/python3.6/site-packages/flask/app.py", line 1967, in finalize_request
    response = self.make_response(rv)
  File "/home/tom/.local/lib/python3.6/site-packages/flask/app.py", line 2097, in make_response
    "The view function did not return a valid response. The"
TypeError: The view function did not return a valid response. The function either returned None or ended without a return statement.
[2019-09-28 20:56:08,246] ERROR in app: Exception on /log.php [GET]
Traceback (most recent call last):
  File "/home/tom/.local/lib/python3.6/site-packages/flask/app.py", line 2446, in wsgi_app
    response = self.full_dispatch_request()
  File "/home/tom/.local/lib/python3.6/site-packages/flask/app.py", line 1952, in full_dispatch_request
    return self.finalize_request(rv)
  File "/home/tom/.local/lib/python3.6/site-packages/flask/app.py", line 1967, in finalize_request
    response = self.make_response(rv)
  File "/home/tom/.local/lib/python3.6/site-packages/flask/app.py", line 2097, in make_response
    "The view function did not return a valid response. The"
TypeError: The view function did not return a valid response. The function either returned None or ended without a return statement.
[2019-09-28 20:56:08,562] ERROR in app: Exception on /hell.php [GET]
Traceback (most recent call last):
  File "/home/tom/.local/lib/python3.6/site-packages/flask/app.py", line 2446, in wsgi_app
    response = self.full_dispatch_request()
  File "/home/tom/.local/lib/python3.6/site-packages/flask/app.py", line 1952, in full_dispatch_request
    return self.finalize_request(rv)
  File "/home/tom/.local/lib/python3.6/site-packages/flask/app.py", line 1967, in finalize_request
    response = self.make_response(rv)
  File "/home/tom/.local/lib/python3.6/site-packages/flask/app.py", line 2097, in make_response
    "The view function did not return a valid response. The"
TypeError: The view function did not return a valid response. The function either returned None or ended without a return statement.
[2019-09-28 20:56:08,879] ERROR in app: Exception on /pmd_online.php [GET]
Traceback (most recent call last):
  File "/home/tom/.local/lib/python3.6/site-packages/flask/app.py", line 2446, in wsgi_app
    response = self.full_dispatch_request()
  File "/home/tom/.local/lib/python3.6/site-packages/flask/app.py", line 1952, in full_dispatch_request
    return self.finalize_request(rv)
  File "/home/tom/.local/lib/python3.6/site-packages/flask/app.py", line 1967, in finalize_request
    response = self.make_response(rv)
  File "/home/tom/.local/lib/python3.6/site-packages/flask/app.py", line 2097, in make_response
    "The view function did not return a valid response. The"
TypeError: The view function did not return a valid response. The function either returned None or ended without a return statement.
[2019-09-28 20:56:09,196] ERROR in app: Exception on /x.php [GET]
Traceback (most recent call last):
  File "/home/tom/.local/lib/python3.6/site-packages/flask/app.py", line 2446, in wsgi_app
    response = self.full_dispatch_request()
  File "/home/tom/.local/lib/python3.6/site-packages/flask/app.py", line 1952, in full_dispatch_request
    return self.finalize_request(rv)
  File "/home/tom/.local/lib/python3.6/site-packages/flask/app.py", line 1967, in finalize_request
    response = self.make_response(rv)
  File "/home/tom/.local/lib/python3.6/site-packages/flask/app.py", line 2097, in make_response
    "The view function did not return a valid response. The"
TypeError: The view function did not return a valid response. The function either returned None or ended without a return statement.
[2019-09-28 20:56:09,512] ERROR in app: Exception on /shell.php [GET]
Traceback (most recent call last):
  File "/home/tom/.local/lib/python3.6/site-packages/flask/app.py", line 2446, in wsgi_app
    response = self.full_dispatch_request()
  File "/home/tom/.local/lib/python3.6/site-packages/flask/app.py", line 1952, in full_dispatch_request
    return self.finalize_request(rv)
  File "/home/tom/.local/lib/python3.6/site-packages/flask/app.py", line 1967, in finalize_request
    response = self.make_response(rv)
  File "/home/tom/.local/lib/python3.6/site-packages/flask/app.py", line 2097, in make_response
    "The view function did not return a valid response. The"
TypeError: The view function did not return a valid response. The function either returned None or ended without a return statement.
[2019-09-28 20:56:09,830] ERROR in app: Exception on /htdocs.php [GET]
Traceback (most recent call last):
  File "/home/tom/.local/lib/python3.6/site-packages/flask/app.py", line 2446, in wsgi_app
    response = self.full_dispatch_request()
  File "/home/tom/.local/lib/python3.6/site-packages/flask/app.py", line 1952, in full_dispatch_request
    return self.finalize_request(rv)
  File "/home/tom/.local/lib/python3.6/site-packages/flask/app.py", line 1967, in finalize_request
    response = self.make_response(rv)
  File "/home/tom/.local/lib/python3.6/site-packages/flask/app.py", line 2097, in make_response
    "The view function did not return a valid response. The"
TypeError: The view function did not return a valid response. The function either returned None or ended without a return statement.
[2019-09-28 20:56:10,166] ERROR in app: Exception on /b.php [GET]
Traceback (most recent call last):
  File "/home/tom/.local/lib/python3.6/site-packages/flask/app.py", line 2446, in wsgi_app
    response = self.full_dispatch_request()
  File "/home/tom/.local/lib/python3.6/site-packages/flask/app.py", line 1952, in full_dispatch_request
    return self.finalize_request(rv)
  File "/home/tom/.local/lib/python3.6/site-packages/flask/app.py", line 1967, in finalize_request
    response = self.make_response(rv)
  File "/home/tom/.local/lib/python3.6/site-packages/flask/app.py", line 2097, in make_response
    "The view function did not return a valid response. The"
TypeError: The view function did not return a valid response. The function either returned None or ended without a return statement.
[2019-09-28 20:56:11,304] ERROR in app: Exception on /sane.php [GET]
Traceback (most recent call last):
  File "/home/tom/.local/lib/python3.6/site-packages/flask/app.py", line 2446, in wsgi_app
    response = self.full_dispatch_request()
  File "/home/tom/.local/lib/python3.6/site-packages/flask/app.py", line 1952, in full_dispatch_request
    return self.finalize_request(rv)
  File "/home/tom/.local/lib/python3.6/site-packages/flask/app.py", line 1967, in finalize_request
    response = self.make_response(rv)
  File "/home/tom/.local/lib/python3.6/site-packages/flask/app.py", line 2097, in make_response
    "The view function did not return a valid response. The"
TypeError: The view function did not return a valid response. The function either returned None or ended without a return statement.
[2019-09-28 20:56:11,621] ERROR in app: Exception on /desktop.ini.php [GET]
Traceback (most recent call last):
  File "/home/tom/.local/lib/python3.6/site-packages/flask/app.py", line 2446, in wsgi_app
    response = self.full_dispatch_request()
  File "/home/tom/.local/lib/python3.6/site-packages/flask/app.py", line 1952, in full_dispatch_request
    return self.finalize_request(rv)
  File "/home/tom/.local/lib/python3.6/site-packages/flask/app.py", line 1967, in finalize_request
    response = self.make_response(rv)
  File "/home/tom/.local/lib/python3.6/site-packages/flask/app.py", line 2097, in make_response
    "The view function did not return a valid response. The"
TypeError: The view function did not return a valid response. The function either returned None or ended without a return statement.
[2019-09-28 20:56:11,936] ERROR in app: Exception on /z.php [GET]
Traceback (most recent call last):
  File "/home/tom/.local/lib/python3.6/site-packages/flask/app.py", line 2446, in wsgi_app
    response = self.full_dispatch_request()
  File "/home/tom/.local/lib/python3.6/site-packages/flask/app.py", line 1952, in full_dispatch_request
    return self.finalize_request(rv)
  File "/home/tom/.local/lib/python3.6/site-packages/flask/app.py", line 1967, in finalize_request
    response = self.make_response(rv)
  File "/home/tom/.local/lib/python3.6/site-packages/flask/app.py", line 2097, in make_response
    "The view function did not return a valid response. The"
TypeError: The view function did not return a valid response. The function either returned None or ended without a return statement.
[2019-09-28 20:56:12,259] ERROR in app: Exception on /lala.php [GET]
Traceback (most recent call last):
  File "/home/tom/.local/lib/python3.6/site-packages/flask/app.py", line 2446, in wsgi_app
    response = self.full_dispatch_request()
  File "/home/tom/.local/lib/python3.6/site-packages/flask/app.py", line 1952, in full_dispatch_request
    return self.finalize_request(rv)
  File "/home/tom/.local/lib/python3.6/site-packages/flask/app.py", line 1967, in finalize_request
    response = self.make_response(rv)
  File "/home/tom/.local/lib/python3.6/site-packages/flask/app.py", line 2097, in make_response
    "The view function did not return a valid response. The"
TypeError: The view function did not return a valid response. The function either returned None or ended without a return statement.
[2019-09-28 20:56:12,625] ERROR in app: Exception on /lala-dpr.php [GET]
Traceback (most recent call last):
  File "/home/tom/.local/lib/python3.6/site-packages/flask/app.py", line 2446, in wsgi_app
    response = self.full_dispatch_request()
  File "/home/tom/.local/lib/python3.6/site-packages/flask/app.py", line 1952, in full_dispatch_request
    return self.finalize_request(rv)
  File "/home/tom/.local/lib/python3.6/site-packages/flask/app.py", line 1967, in finalize_request
    response = self.make_response(rv)
  File "/home/tom/.local/lib/python3.6/site-packages/flask/app.py", line 2097, in make_response
    "The view function did not return a valid response. The"
TypeError: The view function did not return a valid response. The function either returned None or ended without a return statement.
[2019-09-28 20:56:12,940] ERROR in app: Exception on /wpc.php [GET]
Traceback (most recent call last):
  File "/home/tom/.local/lib/python3.6/site-packages/flask/app.py", line 2446, in wsgi_app
    response = self.full_dispatch_request()
  File "/home/tom/.local/lib/python3.6/site-packages/flask/app.py", line 1952, in full_dispatch_request
    return self.finalize_request(rv)
  File "/home/tom/.local/lib/python3.6/site-packages/flask/app.py", line 1967, in finalize_request
    response = self.make_response(rv)
  File "/home/tom/.local/lib/python3.6/site-packages/flask/app.py", line 2097, in make_response
    "The view function did not return a valid response. The"
TypeError: The view function did not return a valid response. The function either returned None or ended without a return statement.
[2019-09-28 20:56:13,256] ERROR in app: Exception on /wpo.php [GET]
Traceback (most recent call last):
  File "/home/tom/.local/lib/python3.6/site-packages/flask/app.py", line 2446, in wsgi_app
    response = self.full_dispatch_request()
  File "/home/tom/.local/lib/python3.6/site-packages/flask/app.py", line 1952, in full_dispatch_request
    return self.finalize_request(rv)
  File "/home/tom/.local/lib/python3.6/site-packages/flask/app.py", line 1967, in finalize_request
    response = self.make_response(rv)
  File "/home/tom/.local/lib/python3.6/site-packages/flask/app.py", line 2097, in make_response
    "The view function did not return a valid response. The"
TypeError: The view function did not return a valid response. The function either returned None or ended without a return statement.
[2019-09-28 20:56:13,572] ERROR in app: Exception on /t6nv.php [GET]
Traceback (most recent call last):
  File "/home/tom/.local/lib/python3.6/site-packages/flask/app.py", line 2446, in wsgi_app
    response = self.full_dispatch_request()
  File "/home/tom/.local/lib/python3.6/site-packages/flask/app.py", line 1952, in full_dispatch_request
    return self.finalize_request(rv)
  File "/home/tom/.local/lib/python3.6/site-packages/flask/app.py", line 1967, in finalize_request
    response = self.make_response(rv)
  File "/home/tom/.local/lib/python3.6/site-packages/flask/app.py", line 2097, in make_response
    "The view function did not return a valid response. The"
TypeError: The view function did not return a valid response. The function either returned None or ended without a return statement.
[2019-09-28 20:56:14,600] ERROR in app: Exception on /muhstik.php [GET]
Traceback (most recent call last):
  File "/home/tom/.local/lib/python3.6/site-packages/flask/app.py", line 2446, in wsgi_app
    response = self.full_dispatch_request()
  File "/home/tom/.local/lib/python3.6/site-packages/flask/app.py", line 1952, in full_dispatch_request
    return self.finalize_request(rv)
  File "/home/tom/.local/lib/python3.6/site-packages/flask/app.py", line 1967, in finalize_request
    response = self.make_response(rv)
  File "/home/tom/.local/lib/python3.6/site-packages/flask/app.py", line 2097, in make_response
    "The view function did not return a valid response. The"
TypeError: The view function did not return a valid response. The function either returned None or ended without a return statement.
[2019-09-28 20:56:14,916] ERROR in app: Exception on /text.php [GET]
Traceback (most recent call last):
  File "/home/tom/.local/lib/python3.6/site-packages/flask/app.py", line 2446, in wsgi_app
    response = self.full_dispatch_request()
  File "/home/tom/.local/lib/python3.6/site-packages/flask/app.py", line 1952, in full_dispatch_request
    return self.finalize_request(rv)
  File "/home/tom/.local/lib/python3.6/site-packages/flask/app.py", line 1967, in finalize_request
    response = self.make_response(rv)
  File "/home/tom/.local/lib/python3.6/site-packages/flask/app.py", line 2097, in make_response
    "The view function did not return a valid response. The"
TypeError: The view function did not return a valid response. The function either returned None or ended without a return statement.
[2019-09-28 20:56:15,234] ERROR in app: Exception on /wp-config.php [GET]
Traceback (most recent call last):
  File "/home/tom/.local/lib/python3.6/site-packages/flask/app.py", line 2446, in wsgi_app
    response = self.full_dispatch_request()
  File "/home/tom/.local/lib/python3.6/site-packages/flask/app.py", line 1952, in full_dispatch_request
    return self.finalize_request(rv)
  File "/home/tom/.local/lib/python3.6/site-packages/flask/app.py", line 1967, in finalize_request
    response = self.make_response(rv)
  File "/home/tom/.local/lib/python3.6/site-packages/flask/app.py", line 2097, in make_response
    "The view function did not return a valid response. The"
TypeError: The view function did not return a valid response. The function either returned None or ended without a return statement.
[2019-09-28 20:56:15,548] ERROR in app: Exception on /muhstik.php [GET]
Traceback (most recent call last):
  File "/home/tom/.local/lib/python3.6/site-packages/flask/app.py", line 2446, in wsgi_app
    response = self.full_dispatch_request()
  File "/home/tom/.local/lib/python3.6/site-packages/flask/app.py", line 1952, in full_dispatch_request
    return self.finalize_request(rv)
  File "/home/tom/.local/lib/python3.6/site-packages/flask/app.py", line 1967, in finalize_request
    response = self.make_response(rv)
  File "/home/tom/.local/lib/python3.6/site-packages/flask/app.py", line 2097, in make_response
    "The view function did not return a valid response. The"
TypeError: The view function did not return a valid response. The function either returned None or ended without a return statement.
[2019-09-28 20:56:16,599] ERROR in app: Exception on /muhstik2.php [GET]
Traceback (most recent call last):
  File "/home/tom/.local/lib/python3.6/site-packages/flask/app.py", line 2446, in wsgi_app
    response = self.full_dispatch_request()
  File "/home/tom/.local/lib/python3.6/site-packages/flask/app.py", line 1952, in full_dispatch_request
    return self.finalize_request(rv)
  File "/home/tom/.local/lib/python3.6/site-packages/flask/app.py", line 1967, in finalize_request
    response = self.make_response(rv)
  File "/home/tom/.local/lib/python3.6/site-packages/flask/app.py", line 2097, in make_response
    "The view function did not return a valid response. The"
TypeError: The view function did not return a valid response. The function either returned None or ended without a return statement.
[2019-09-28 20:56:16,914] ERROR in app: Exception on /muhstiks.php [GET]
Traceback (most recent call last):
  File "/home/tom/.local/lib/python3.6/site-packages/flask/app.py", line 2446, in wsgi_app
    response = self.full_dispatch_request()
  File "/home/tom/.local/lib/python3.6/site-packages/flask/app.py", line 1952, in full_dispatch_request
    return self.finalize_request(rv)
  File "/home/tom/.local/lib/python3.6/site-packages/flask/app.py", line 1967, in finalize_request
    response = self.make_response(rv)
  File "/home/tom/.local/lib/python3.6/site-packages/flask/app.py", line 2097, in make_response
    "The view function did not return a valid response. The"
TypeError: The view function did not return a valid response. The function either returned None or ended without a return statement.
[2019-09-28 20:56:17,230] ERROR in app: Exception on /muhstik-dpr.php [GET]
Traceback (most recent call last):
  File "/home/tom/.local/lib/python3.6/site-packages/flask/app.py", line 2446, in wsgi_app
    response = self.full_dispatch_request()
  File "/home/tom/.local/lib/python3.6/site-packages/flask/app.py", line 1952, in full_dispatch_request
    return self.finalize_request(rv)
  File "/home/tom/.local/lib/python3.6/site-packages/flask/app.py", line 1967, in finalize_request
    response = self.make_response(rv)
  File "/home/tom/.local/lib/python3.6/site-packages/flask/app.py", line 2097, in make_response
    "The view function did not return a valid response. The"
TypeError: The view function did not return a valid response. The function either returned None or ended without a return statement.
[2019-09-28 20:56:17,546] ERROR in app: Exception on /lol.php [GET]
Traceback (most recent call last):
  File "/home/tom/.local/lib/python3.6/site-packages/flask/app.py", line 2446, in wsgi_app
    response = self.full_dispatch_request()
  File "/home/tom/.local/lib/python3.6/site-packages/flask/app.py", line 1952, in full_dispatch_request
    return self.finalize_request(rv)
  File "/home/tom/.local/lib/python3.6/site-packages/flask/app.py", line 1967, in finalize_request
    response = self.make_response(rv)
  File "/home/tom/.local/lib/python3.6/site-packages/flask/app.py", line 2097, in make_response
    "The view function did not return a valid response. The"
TypeError: The view function did not return a valid response. The function either returned None or ended without a return statement.
[2019-09-28 20:56:17,862] ERROR in app: Exception on /uploader.php [GET]
Traceback (most recent call last):
  File "/home/tom/.local/lib/python3.6/site-packages/flask/app.py", line 2446, in wsgi_app
    response = self.full_dispatch_request()
  File "/home/tom/.local/lib/python3.6/site-packages/flask/app.py", line 1952, in full_dispatch_request
    return self.finalize_request(rv)
  File "/home/tom/.local/lib/python3.6/site-packages/flask/app.py", line 1967, in finalize_request
    response = self.make_response(rv)
  File "/home/tom/.local/lib/python3.6/site-packages/flask/app.py", line 2097, in make_response
    "The view function did not return a valid response. The"
TypeError: The view function did not return a valid response. The function either returned None or ended without a return statement.
[2019-09-28 20:56:18,178] ERROR in app: Exception on /cmd.php [GET]
Traceback (most recent call last):
  File "/home/tom/.local/lib/python3.6/site-packages/flask/app.py", line 2446, in wsgi_app
    response = self.full_dispatch_request()
  File "/home/tom/.local/lib/python3.6/site-packages/flask/app.py", line 1952, in full_dispatch_request
    return self.finalize_request(rv)
  File "/home/tom/.local/lib/python3.6/site-packages/flask/app.py", line 1967, in finalize_request
    response = self.make_response(rv)
  File "/home/tom/.local/lib/python3.6/site-packages/flask/app.py", line 2097, in make_response
    "The view function did not return a valid response. The"
TypeError: The view function did not return a valid response. The function either returned None or ended without a return statement.
[2019-09-28 20:56:18,494] ERROR in app: Exception on /cmv.php [GET]
Traceback (most recent call last):
  File "/home/tom/.local/lib/python3.6/site-packages/flask/app.py", line 2446, in wsgi_app
    response = self.full_dispatch_request()
  File "/home/tom/.local/lib/python3.6/site-packages/flask/app.py", line 1952, in full_dispatch_request
    return self.finalize_request(rv)
  File "/home/tom/.local/lib/python3.6/site-packages/flask/app.py", line 1967, in finalize_request
    response = self.make_response(rv)
  File "/home/tom/.local/lib/python3.6/site-packages/flask/app.py", line 2097, in make_response
    "The view function did not return a valid response. The"
TypeError: The view function did not return a valid response. The function either returned None or ended without a return statement.
[2019-09-28 20:56:18,810] ERROR in app: Exception on /cmdd.php [GET]
Traceback (most recent call last):
  File "/home/tom/.local/lib/python3.6/site-packages/flask/app.py", line 2446, in wsgi_app
    response = self.full_dispatch_request()
  File "/home/tom/.local/lib/python3.6/site-packages/flask/app.py", line 1952, in full_dispatch_request
    return self.finalize_request(rv)
  File "/home/tom/.local/lib/python3.6/site-packages/flask/app.py", line 1967, in finalize_request
    response = self.make_response(rv)
  File "/home/tom/.local/lib/python3.6/site-packages/flask/app.py", line 2097, in make_response
    "The view function did not return a valid response. The"
TypeError: The view function did not return a valid response. The function either returned None or ended without a return statement.
[2019-09-28 20:56:19,125] ERROR in app: Exception on /knal.php [GET]
Traceback (most recent call last):
  File "/home/tom/.local/lib/python3.6/site-packages/flask/app.py", line 2446, in wsgi_app
    response = self.full_dispatch_request()
  File "/home/tom/.local/lib/python3.6/site-packages/flask/app.py", line 1952, in full_dispatch_request
    return self.finalize_request(rv)
  File "/home/tom/.local/lib/python3.6/site-packages/flask/app.py", line 1967, in finalize_request
    response = self.make_response(rv)
  File "/home/tom/.local/lib/python3.6/site-packages/flask/app.py", line 2097, in make_response
    "The view function did not return a valid response. The"
TypeError: The view function did not return a valid response. The function either returned None or ended without a return statement.
[2019-09-28 20:56:19,441] ERROR in app: Exception on /cmd.php [GET]
Traceback (most recent call last):
  File "/home/tom/.local/lib/python3.6/site-packages/flask/app.py", line 2446, in wsgi_app
    response = self.full_dispatch_request()
  File "/home/tom/.local/lib/python3.6/site-packages/flask/app.py", line 1952, in full_dispatch_request
    return self.finalize_request(rv)
  File "/home/tom/.local/lib/python3.6/site-packages/flask/app.py", line 1967, in finalize_request
    response = self.make_response(rv)
  File "/home/tom/.local/lib/python3.6/site-packages/flask/app.py", line 2097, in make_response
    "The view function did not return a valid response. The"
TypeError: The view function did not return a valid response. The function either returned None or ended without a return statement.
[2019-09-28 20:56:19,759] ERROR in app: Exception on /shell.php [GET]
Traceback (most recent call last):
  File "/home/tom/.local/lib/python3.6/site-packages/flask/app.py", line 2446, in wsgi_app
    response = self.full_dispatch_request()
  File "/home/tom/.local/lib/python3.6/site-packages/flask/app.py", line 1952, in full_dispatch_request
    return self.finalize_request(rv)
  File "/home/tom/.local/lib/python3.6/site-packages/flask/app.py", line 1967, in finalize_request
    response = self.make_response(rv)
  File "/home/tom/.local/lib/python3.6/site-packages/flask/app.py", line 2097, in make_response
    "The view function did not return a valid response. The"
TypeError: The view function did not return a valid response. The function either returned None or ended without a return statement.
[2019-09-28 20:56:20,709] ERROR in app: Exception on /appserv.php [GET]
Traceback (most recent call last):
  File "/home/tom/.local/lib/python3.6/site-packages/flask/app.py", line 2446, in wsgi_app
    response = self.full_dispatch_request()
  File "/home/tom/.local/lib/python3.6/site-packages/flask/app.py", line 1952, in full_dispatch_request
    return self.finalize_request(rv)
  File "/home/tom/.local/lib/python3.6/site-packages/flask/app.py", line 1967, in finalize_request
    response = self.make_response(rv)
  File "/home/tom/.local/lib/python3.6/site-packages/flask/app.py", line 2097, in make_response
    "The view function did not return a valid response. The"
TypeError: The view function did not return a valid response. The function either returned None or ended without a return statement.
[2019-09-28 20:56:22,415] ERROR in app: Exception on /scripts/setup.php [GET]
Traceback (most recent call last):
  File "/home/tom/.local/lib/python3.6/site-packages/flask/app.py", line 2446, in wsgi_app
    response = self.full_dispatch_request()
  File "/home/tom/.local/lib/python3.6/site-packages/flask/app.py", line 1952, in full_dispatch_request
    return self.finalize_request(rv)
  File "/home/tom/.local/lib/python3.6/site-packages/flask/app.py", line 1967, in finalize_request
    response = self.make_response(rv)
  File "/home/tom/.local/lib/python3.6/site-packages/flask/app.py", line 2097, in make_response
    "The view function did not return a valid response. The"
TypeError: The view function did not return a valid response. The function either returned None or ended without a return statement.
[2019-09-28 20:56:22,731] ERROR in app: Exception on /phpmyadmin/scripts/setup.php [GET]
Traceback (most recent call last):
  File "/home/tom/.local/lib/python3.6/site-packages/flask/app.py", line 2446, in wsgi_app
    response = self.full_dispatch_request()
  File "/home/tom/.local/lib/python3.6/site-packages/flask/app.py", line 1952, in full_dispatch_request
    return self.finalize_request(rv)
  File "/home/tom/.local/lib/python3.6/site-packages/flask/app.py", line 1967, in finalize_request
    response = self.make_response(rv)
  File "/home/tom/.local/lib/python3.6/site-packages/flask/app.py", line 2097, in make_response
    "The view function did not return a valid response. The"
TypeError: The view function did not return a valid response. The function either returned None or ended without a return statement.
[2019-09-28 20:56:23,047] ERROR in app: Exception on /phpMyAdmin/scripts/setup.php [GET]
Traceback (most recent call last):
  File "/home/tom/.local/lib/python3.6/site-packages/flask/app.py", line 2446, in wsgi_app
    response = self.full_dispatch_request()
  File "/home/tom/.local/lib/python3.6/site-packages/flask/app.py", line 1952, in full_dispatch_request
    return self.finalize_request(rv)
  File "/home/tom/.local/lib/python3.6/site-packages/flask/app.py", line 1967, in finalize_request
    response = self.make_response(rv)
  File "/home/tom/.local/lib/python3.6/site-packages/flask/app.py", line 2097, in make_response
    "The view function did not return a valid response. The"
TypeError: The view function did not return a valid response. The function either returned None or ended without a return statement.
[2019-09-28 20:56:23,367] ERROR in app: Exception on /scripts/db___.init.php [GET]
Traceback (most recent call last):
  File "/home/tom/.local/lib/python3.6/site-packages/flask/app.py", line 2446, in wsgi_app
    response = self.full_dispatch_request()
  File "/home/tom/.local/lib/python3.6/site-packages/flask/app.py", line 1952, in full_dispatch_request
    return self.finalize_request(rv)
  File "/home/tom/.local/lib/python3.6/site-packages/flask/app.py", line 1967, in finalize_request
    response = self.make_response(rv)
  File "/home/tom/.local/lib/python3.6/site-packages/flask/app.py", line 2097, in make_response
    "The view function did not return a valid response. The"
TypeError: The view function did not return a valid response. The function either returned None or ended without a return statement.
[2019-09-28 20:56:23,682] ERROR in app: Exception on /phpmyadmin/scripts/db___.init.php [GET]
Traceback (most recent call last):
  File "/home/tom/.local/lib/python3.6/site-packages/flask/app.py", line 2446, in wsgi_app
    response = self.full_dispatch_request()
  File "/home/tom/.local/lib/python3.6/site-packages/flask/app.py", line 1952, in full_dispatch_request
    return self.finalize_request(rv)
  File "/home/tom/.local/lib/python3.6/site-packages/flask/app.py", line 1967, in finalize_request
    response = self.make_response(rv)
  File "/home/tom/.local/lib/python3.6/site-packages/flask/app.py", line 2097, in make_response
    "The view function did not return a valid response. The"
TypeError: The view function did not return a valid response. The function either returned None or ended without a return statement.
[2019-09-28 20:56:23,997] ERROR in app: Exception on /phpMyAdmin/scripts/db___.init.php [GET]
Traceback (most recent call last):
  File "/home/tom/.local/lib/python3.6/site-packages/flask/app.py", line 2446, in wsgi_app
    response = self.full_dispatch_request()
  File "/home/tom/.local/lib/python3.6/site-packages/flask/app.py", line 1952, in full_dispatch_request
    return self.finalize_request(rv)
  File "/home/tom/.local/lib/python3.6/site-packages/flask/app.py", line 1967, in finalize_request
    response = self.make_response(rv)
  File "/home/tom/.local/lib/python3.6/site-packages/flask/app.py", line 2097, in make_response
    "The view function did not return a valid response. The"
TypeError: The view function did not return a valid response. The function either returned None or ended without a return statement.
[2019-09-28 20:56:24,324] ERROR in app: Exception on /pma/scripts/setup.php [GET]
Traceback (most recent call last):
  File "/home/tom/.local/lib/python3.6/site-packages/flask/app.py", line 2446, in wsgi_app
    response = self.full_dispatch_request()
  File "/home/tom/.local/lib/python3.6/site-packages/flask/app.py", line 1952, in full_dispatch_request
    return self.finalize_request(rv)
  File "/home/tom/.local/lib/python3.6/site-packages/flask/app.py", line 1967, in finalize_request
    response = self.make_response(rv)
  File "/home/tom/.local/lib/python3.6/site-packages/flask/app.py", line 2097, in make_response
    "The view function did not return a valid response. The"
TypeError: The view function did not return a valid response. The function either returned None or ended without a return statement.
[2019-09-28 20:56:24,639] ERROR in app: Exception on /PMA/scripts/setup.php [GET]
Traceback (most recent call last):
  File "/home/tom/.local/lib/python3.6/site-packages/flask/app.py", line 2446, in wsgi_app
    response = self.full_dispatch_request()
  File "/home/tom/.local/lib/python3.6/site-packages/flask/app.py", line 1952, in full_dispatch_request
    return self.finalize_request(rv)
  File "/home/tom/.local/lib/python3.6/site-packages/flask/app.py", line 1967, in finalize_request
    response = self.make_response(rv)
  File "/home/tom/.local/lib/python3.6/site-packages/flask/app.py", line 2097, in make_response
    "The view function did not return a valid response. The"
TypeError: The view function did not return a valid response. The function either returned None or ended without a return statement.
[2019-09-28 20:56:24,954] ERROR in app: Exception on /myadmin/scripts/setup.php [GET]
Traceback (most recent call last):
  File "/home/tom/.local/lib/python3.6/site-packages/flask/app.py", line 2446, in wsgi_app
    response = self.full_dispatch_request()
  File "/home/tom/.local/lib/python3.6/site-packages/flask/app.py", line 1952, in full_dispatch_request
    return self.finalize_request(rv)
  File "/home/tom/.local/lib/python3.6/site-packages/flask/app.py", line 1967, in finalize_request
    response = self.make_response(rv)
  File "/home/tom/.local/lib/python3.6/site-packages/flask/app.py", line 2097, in make_response
    "The view function did not return a valid response. The"
TypeError: The view function did not return a valid response. The function either returned None or ended without a return statement.
[2019-09-28 20:56:25,270] ERROR in app: Exception on /MyAdmin/scripts/setup.php [GET]
Traceback (most recent call last):
  File "/home/tom/.local/lib/python3.6/site-packages/flask/app.py", line 2446, in wsgi_app
    response = self.full_dispatch_request()
  File "/home/tom/.local/lib/python3.6/site-packages/flask/app.py", line 1952, in full_dispatch_request
    return self.finalize_request(rv)
  File "/home/tom/.local/lib/python3.6/site-packages/flask/app.py", line 1967, in finalize_request
    response = self.make_response(rv)
  File "/home/tom/.local/lib/python3.6/site-packages/flask/app.py", line 2097, in make_response
    "The view function did not return a valid response. The"
TypeError: The view function did not return a valid response. The function either returned None or ended without a return statement.
[2019-09-28 20:56:25,585] ERROR in app: Exception on /pma/scripts/db___.init.php [GET]
Traceback (most recent call last):
  File "/home/tom/.local/lib/python3.6/site-packages/flask/app.py", line 2446, in wsgi_app
    response = self.full_dispatch_request()
  File "/home/tom/.local/lib/python3.6/site-packages/flask/app.py", line 1952, in full_dispatch_request
    return self.finalize_request(rv)
  File "/home/tom/.local/lib/python3.6/site-packages/flask/app.py", line 1967, in finalize_request
    response = self.make_response(rv)
  File "/home/tom/.local/lib/python3.6/site-packages/flask/app.py", line 2097, in make_response
    "The view function did not return a valid response. The"
TypeError: The view function did not return a valid response. The function either returned None or ended without a return statement.
[2019-09-28 20:56:25,901] ERROR in app: Exception on /PMA/scripts/db___.init.php [GET]
Traceback (most recent call last):
  File "/home/tom/.local/lib/python3.6/site-packages/flask/app.py", line 2446, in wsgi_app
    response = self.full_dispatch_request()
  File "/home/tom/.local/lib/python3.6/site-packages/flask/app.py", line 1952, in full_dispatch_request
    return self.finalize_request(rv)
  File "/home/tom/.local/lib/python3.6/site-packages/flask/app.py", line 1967, in finalize_request
    response = self.make_response(rv)
  File "/home/tom/.local/lib/python3.6/site-packages/flask/app.py", line 2097, in make_response
    "The view function did not return a valid response. The"
TypeError: The view function did not return a valid response. The function either returned None or ended without a return statement.
[2019-09-28 20:56:26,216] ERROR in app: Exception on /myadmin/scripts/db___.init.php [GET]
Traceback (most recent call last):
  File "/home/tom/.local/lib/python3.6/site-packages/flask/app.py", line 2446, in wsgi_app
    response = self.full_dispatch_request()
  File "/home/tom/.local/lib/python3.6/site-packages/flask/app.py", line 1952, in full_dispatch_request
    return self.finalize_request(rv)
  File "/home/tom/.local/lib/python3.6/site-packages/flask/app.py", line 1967, in finalize_request
    response = self.make_response(rv)
  File "/home/tom/.local/lib/python3.6/site-packages/flask/app.py", line 2097, in make_response
    "The view function did not return a valid response. The"
TypeError: The view function did not return a valid response. The function either returned None or ended without a return statement.
[2019-09-28 20:56:26,533] ERROR in app: Exception on /MyAdmin/scripts/db___.init.php [GET]
Traceback (most recent call last):
  File "/home/tom/.local/lib/python3.6/site-packages/flask/app.py", line 2446, in wsgi_app
    response = self.full_dispatch_request()
  File "/home/tom/.local/lib/python3.6/site-packages/flask/app.py", line 1952, in full_dispatch_request
    return self.finalize_request(rv)
  File "/home/tom/.local/lib/python3.6/site-packages/flask/app.py", line 1967, in finalize_request
    response = self.make_response(rv)
  File "/home/tom/.local/lib/python3.6/site-packages/flask/app.py", line 2097, in make_response
    "The view function did not return a valid response. The"
TypeError: The view function did not return a valid response. The function either returned None or ended without a return statement.
[2019-09-28 20:56:26,849] ERROR in app: Exception on /plugins/weathermap/editor.php [GET]
Traceback (most recent call last):
  File "/home/tom/.local/lib/python3.6/site-packages/flask/app.py", line 2446, in wsgi_app
    response = self.full_dispatch_request()
  File "/home/tom/.local/lib/python3.6/site-packages/flask/app.py", line 1952, in full_dispatch_request
    return self.finalize_request(rv)
  File "/home/tom/.local/lib/python3.6/site-packages/flask/app.py", line 1967, in finalize_request
    response = self.make_response(rv)
  File "/home/tom/.local/lib/python3.6/site-packages/flask/app.py", line 2097, in make_response
    "The view function did not return a valid response. The"
TypeError: The view function did not return a valid response. The function either returned None or ended without a return statement.
[2019-09-28 20:56:27,165] ERROR in app: Exception on /cacti/plugins/weathermap/editor.php [GET]
Traceback (most recent call last):
  File "/home/tom/.local/lib/python3.6/site-packages/flask/app.py", line 2446, in wsgi_app
    response = self.full_dispatch_request()
  File "/home/tom/.local/lib/python3.6/site-packages/flask/app.py", line 1952, in full_dispatch_request
    return self.finalize_request(rv)
  File "/home/tom/.local/lib/python3.6/site-packages/flask/app.py", line 1967, in finalize_request
    response = self.make_response(rv)
  File "/home/tom/.local/lib/python3.6/site-packages/flask/app.py", line 2097, in make_response
    "The view function did not return a valid response. The"
TypeError: The view function did not return a valid response. The function either returned None or ended without a return statement.
[2019-09-28 20:56:27,481] ERROR in app: Exception on /weathermap/editor.php [GET]
Traceback (most recent call last):
  File "/home/tom/.local/lib/python3.6/site-packages/flask/app.py", line 2446, in wsgi_app
    response = self.full_dispatch_request()
  File "/home/tom/.local/lib/python3.6/site-packages/flask/app.py", line 1952, in full_dispatch_request
    return self.finalize_request(rv)
  File "/home/tom/.local/lib/python3.6/site-packages/flask/app.py", line 1967, in finalize_request
    response = self.make_response(rv)
  File "/home/tom/.local/lib/python3.6/site-packages/flask/app.py", line 2097, in make_response
    "The view function did not return a valid response. The"
TypeError: The view function did not return a valid response. The function either returned None or ended without a return statement.
[2019-09-28 20:56:27,797] ERROR in app: Exception on /index.php [GET]
Traceback (most recent call last):
  File "/home/tom/.local/lib/python3.6/site-packages/flask/app.py", line 2446, in wsgi_app
    response = self.full_dispatch_request()
  File "/home/tom/.local/lib/python3.6/site-packages/flask/app.py", line 1952, in full_dispatch_request
    return self.finalize_request(rv)
  File "/home/tom/.local/lib/python3.6/site-packages/flask/app.py", line 1967, in finalize_request
    response = self.make_response(rv)
  File "/home/tom/.local/lib/python3.6/site-packages/flask/app.py", line 2097, in make_response
    "The view function did not return a valid response. The"
TypeError: The view function did not return a valid response. The function either returned None or ended without a return statement.
[2019-09-28 20:56:28,113] ERROR in app: Exception on /elrekt.php [GET]
Traceback (most recent call last):
  File "/home/tom/.local/lib/python3.6/site-packages/flask/app.py", line 2446, in wsgi_app
    response = self.full_dispatch_request()
  File "/home/tom/.local/lib/python3.6/site-packages/flask/app.py", line 1952, in full_dispatch_request
    return self.finalize_request(rv)
  File "/home/tom/.local/lib/python3.6/site-packages/flask/app.py", line 1967, in finalize_request
    response = self.make_response(rv)
  File "/home/tom/.local/lib/python3.6/site-packages/flask/app.py", line 2097, in make_response
    "The view function did not return a valid response. The"
TypeError: The view function did not return a valid response. The function either returned None or ended without a return statement.
[2019-09-28 20:56:28,428] ERROR in app: Exception on /App/ [GET]
Traceback (most recent call last):
  File "/home/tom/.local/lib/python3.6/site-packages/flask/app.py", line 2446, in wsgi_app
    response = self.full_dispatch_request()
  File "/home/tom/.local/lib/python3.6/site-packages/flask/app.py", line 1952, in full_dispatch_request
    return self.finalize_request(rv)
  File "/home/tom/.local/lib/python3.6/site-packages/flask/app.py", line 1967, in finalize_request
    response = self.make_response(rv)
  File "/home/tom/.local/lib/python3.6/site-packages/flask/app.py", line 2097, in make_response
    "The view function did not return a valid response. The"
TypeError: The view function did not return a valid response. The function either returned None or ended without a return statement.
[2019-09-28 20:56:28,746] ERROR in app: Exception on /index.php/module/action/param1/${@die(md5(HelloThinkPHP))} [GET]
Traceback (most recent call last):
  File "/home/tom/.local/lib/python3.6/site-packages/flask/app.py", line 2446, in wsgi_app
    response = self.full_dispatch_request()
  File "/home/tom/.local/lib/python3.6/site-packages/flask/app.py", line 1952, in full_dispatch_request
    return self.finalize_request(rv)
  File "/home/tom/.local/lib/python3.6/site-packages/flask/app.py", line 1967, in finalize_request
    response = self.make_response(rv)
  File "/home/tom/.local/lib/python3.6/site-packages/flask/app.py", line 2097, in make_response
    "The view function did not return a valid response. The"
TypeError: The view function did not return a valid response. The function either returned None or ended without a return statement.
[2019-09-28 20:56:29,072] ERROR in app: Exception on /index.php [GET]
Traceback (most recent call last):
  File "/home/tom/.local/lib/python3.6/site-packages/flask/app.py", line 2446, in wsgi_app
    response = self.full_dispatch_request()
  File "/home/tom/.local/lib/python3.6/site-packages/flask/app.py", line 1952, in full_dispatch_request
    return self.finalize_request(rv)
  File "/home/tom/.local/lib/python3.6/site-packages/flask/app.py", line 1967, in finalize_request
    response = self.make_response(rv)
  File "/home/tom/.local/lib/python3.6/site-packages/flask/app.py", line 2097, in make_response
    "The view function did not return a valid response. The"
TypeError: The view function did not return a valid response. The function either returned None or ended without a return statement.
[2019-09-28 20:56:29,386] ERROR in app: Exception on /d7.php [GET]
Traceback (most recent call last):
  File "/home/tom/.local/lib/python3.6/site-packages/flask/app.py", line 2446, in wsgi_app
    response = self.full_dispatch_request()
  File "/home/tom/.local/lib/python3.6/site-packages/flask/app.py", line 1952, in full_dispatch_request
    return self.finalize_request(rv)
  File "/home/tom/.local/lib/python3.6/site-packages/flask/app.py", line 1967, in finalize_request
    response = self.make_response(rv)
  File "/home/tom/.local/lib/python3.6/site-packages/flask/app.py", line 2097, in make_response
    "The view function did not return a valid response. The"
TypeError: The view function did not return a valid response. The function either returned None or ended without a return statement.
[2019-09-28 20:56:29,698] ERROR in app: Exception on /rxr.php [GET]
Traceback (most recent call last):
  File "/home/tom/.local/lib/python3.6/site-packages/flask/app.py", line 2446, in wsgi_app
    response = self.full_dispatch_request()
  File "/home/tom/.local/lib/python3.6/site-packages/flask/app.py", line 1952, in full_dispatch_request
    return self.finalize_request(rv)
  File "/home/tom/.local/lib/python3.6/site-packages/flask/app.py", line 1967, in finalize_request
    response = self.make_response(rv)
  File "/home/tom/.local/lib/python3.6/site-packages/flask/app.py", line 2097, in make_response
    "The view function did not return a valid response. The"
TypeError: The view function did not return a valid response. The function either returned None or ended without a return statement.
[2019-09-28 20:56:30,011] ERROR in app: Exception on /1x.php [GET]
Traceback (most recent call last):
  File "/home/tom/.local/lib/python3.6/site-packages/flask/app.py", line 2446, in wsgi_app
    response = self.full_dispatch_request()
  File "/home/tom/.local/lib/python3.6/site-packages/flask/app.py", line 1952, in full_dispatch_request
    return self.finalize_request(rv)
  File "/home/tom/.local/lib/python3.6/site-packages/flask/app.py", line 1967, in finalize_request
    response = self.make_response(rv)
  File "/home/tom/.local/lib/python3.6/site-packages/flask/app.py", line 2097, in make_response
    "The view function did not return a valid response. The"
TypeError: The view function did not return a valid response. The function either returned None or ended without a return statement.
[2019-09-28 20:56:30,327] ERROR in app: Exception on /home.php [GET]
Traceback (most recent call last):
  File "/home/tom/.local/lib/python3.6/site-packages/flask/app.py", line 2446, in wsgi_app
    response = self.full_dispatch_request()
  File "/home/tom/.local/lib/python3.6/site-packages/flask/app.py", line 1952, in full_dispatch_request
    return self.finalize_request(rv)
  File "/home/tom/.local/lib/python3.6/site-packages/flask/app.py", line 1967, in finalize_request
    response = self.make_response(rv)
  File "/home/tom/.local/lib/python3.6/site-packages/flask/app.py", line 2097, in make_response
    "The view function did not return a valid response. The"
TypeError: The view function did not return a valid response. The function either returned None or ended without a return statement.
[2019-09-28 20:56:30,644] ERROR in app: Exception on /undx.php [GET]
Traceback (most recent call last):
  File "/home/tom/.local/lib/python3.6/site-packages/flask/app.py", line 2446, in wsgi_app
    response = self.full_dispatch_request()
  File "/home/tom/.local/lib/python3.6/site-packages/flask/app.py", line 1952, in full_dispatch_request
    return self.finalize_request(rv)
  File "/home/tom/.local/lib/python3.6/site-packages/flask/app.py", line 1967, in finalize_request
    response = self.make_response(rv)
  File "/home/tom/.local/lib/python3.6/site-packages/flask/app.py", line 2097, in make_response
    "The view function did not return a valid response. The"
TypeError: The view function did not return a valid response. The function either returned None or ended without a return statement.
[2019-09-28 20:56:30,974] ERROR in app: Exception on /spider.php [GET]
Traceback (most recent call last):
  File "/home/tom/.local/lib/python3.6/site-packages/flask/app.py", line 2446, in wsgi_app
    response = self.full_dispatch_request()
  File "/home/tom/.local/lib/python3.6/site-packages/flask/app.py", line 1952, in full_dispatch_request
    return self.finalize_request(rv)
  File "/home/tom/.local/lib/python3.6/site-packages/flask/app.py", line 1967, in finalize_request
    response = self.make_response(rv)
  File "/home/tom/.local/lib/python3.6/site-packages/flask/app.py", line 2097, in make_response
    "The view function did not return a valid response. The"
TypeError: The view function did not return a valid response. The function either returned None or ended without a return statement.
[2019-09-28 20:56:31,290] ERROR in app: Exception on /payload.php [GET]
Traceback (most recent call last):
  File "/home/tom/.local/lib/python3.6/site-packages/flask/app.py", line 2446, in wsgi_app
    response = self.full_dispatch_request()
  File "/home/tom/.local/lib/python3.6/site-packages/flask/app.py", line 1952, in full_dispatch_request
    return self.finalize_request(rv)
  File "/home/tom/.local/lib/python3.6/site-packages/flask/app.py", line 1967, in finalize_request
    response = self.make_response(rv)
  File "/home/tom/.local/lib/python3.6/site-packages/flask/app.py", line 2097, in make_response
    "The view function did not return a valid response. The"
TypeError: The view function did not return a valid response. The function either returned None or ended without a return statement.
[2019-09-28 20:56:31,610] ERROR in app: Exception on /composers.php [GET]
Traceback (most recent call last):
  File "/home/tom/.local/lib/python3.6/site-packages/flask/app.py", line 2446, in wsgi_app
    response = self.full_dispatch_request()
  File "/home/tom/.local/lib/python3.6/site-packages/flask/app.py", line 1952, in full_dispatch_request
    return self.finalize_request(rv)
  File "/home/tom/.local/lib/python3.6/site-packages/flask/app.py", line 1967, in finalize_request
    response = self.make_response(rv)
  File "/home/tom/.local/lib/python3.6/site-packages/flask/app.py", line 2097, in make_response
    "The view function did not return a valid response. The"
TypeError: The view function did not return a valid response. The function either returned None or ended without a return statement.
[2019-09-28 20:56:31,927] ERROR in app: Exception on /izom.php [GET]
Traceback (most recent call last):
  File "/home/tom/.local/lib/python3.6/site-packages/flask/app.py", line 2446, in wsgi_app
    response = self.full_dispatch_request()
  File "/home/tom/.local/lib/python3.6/site-packages/flask/app.py", line 1952, in full_dispatch_request
    return self.finalize_request(rv)
  File "/home/tom/.local/lib/python3.6/site-packages/flask/app.py", line 1967, in finalize_request
    response = self.make_response(rv)
  File "/home/tom/.local/lib/python3.6/site-packages/flask/app.py", line 2097, in make_response
    "The view function did not return a valid response. The"
TypeError: The view function did not return a valid response. The function either returned None or ended without a return statement.
[2019-09-28 20:56:32,239] ERROR in app: Exception on /composer.php [GET]
Traceback (most recent call last):
  File "/home/tom/.local/lib/python3.6/site-packages/flask/app.py", line 2446, in wsgi_app
    response = self.full_dispatch_request()
  File "/home/tom/.local/lib/python3.6/site-packages/flask/app.py", line 1952, in full_dispatch_request
    return self.finalize_request(rv)
  File "/home/tom/.local/lib/python3.6/site-packages/flask/app.py", line 1967, in finalize_request
    response = self.make_response(rv)
  File "/home/tom/.local/lib/python3.6/site-packages/flask/app.py", line 2097, in make_response
    "The view function did not return a valid response. The"
TypeError: The view function did not return a valid response. The function either returned None or ended without a return statement.
[2019-09-28 20:56:33,067] ERROR in app: Exception on /hue2.php [GET]
Traceback (most recent call last):
  File "/home/tom/.local/lib/python3.6/site-packages/flask/app.py", line 2446, in wsgi_app
    response = self.full_dispatch_request()
  File "/home/tom/.local/lib/python3.6/site-packages/flask/app.py", line 1952, in full_dispatch_request
    return self.finalize_request(rv)
  File "/home/tom/.local/lib/python3.6/site-packages/flask/app.py", line 1967, in finalize_request
    response = self.make_response(rv)
  File "/home/tom/.local/lib/python3.6/site-packages/flask/app.py", line 2097, in make_response
    "The view function did not return a valid response. The"
TypeError: The view function did not return a valid response. The function either returned None or ended without a return statement.
[2019-09-28 20:56:33,383] ERROR in app: Exception on /Drupal.php [GET]
Traceback (most recent call last):
  File "/home/tom/.local/lib/python3.6/site-packages/flask/app.py", line 2446, in wsgi_app
    response = self.full_dispatch_request()
  File "/home/tom/.local/lib/python3.6/site-packages/flask/app.py", line 1952, in full_dispatch_request
    return self.finalize_request(rv)
  File "/home/tom/.local/lib/python3.6/site-packages/flask/app.py", line 1967, in finalize_request
    response = self.make_response(rv)
  File "/home/tom/.local/lib/python3.6/site-packages/flask/app.py", line 2097, in make_response
    "The view function did not return a valid response. The"
TypeError: The view function did not return a valid response. The function either returned None or ended without a return statement.
[2019-09-28 20:56:33,698] ERROR in app: Exception on /lang.php [GET]
Traceback (most recent call last):
  File "/home/tom/.local/lib/python3.6/site-packages/flask/app.py", line 2446, in wsgi_app
    response = self.full_dispatch_request()
  File "/home/tom/.local/lib/python3.6/site-packages/flask/app.py", line 1952, in full_dispatch_request
    return self.finalize_request(rv)
  File "/home/tom/.local/lib/python3.6/site-packages/flask/app.py", line 1967, in finalize_request
    response = self.make_response(rv)
  File "/home/tom/.local/lib/python3.6/site-packages/flask/app.py", line 2097, in make_response
    "The view function did not return a valid response. The"
TypeError: The view function did not return a valid response. The function either returned None or ended without a return statement.
[2019-09-28 20:56:34,018] ERROR in app: Exception on /izom.php [GET]
Traceback (most recent call last):
  File "/home/tom/.local/lib/python3.6/site-packages/flask/app.py", line 2446, in wsgi_app
    response = self.full_dispatch_request()
  File "/home/tom/.local/lib/python3.6/site-packages/flask/app.py", line 1952, in full_dispatch_request
    return self.finalize_request(rv)
  File "/home/tom/.local/lib/python3.6/site-packages/flask/app.py", line 1967, in finalize_request
    response = self.make_response(rv)
  File "/home/tom/.local/lib/python3.6/site-packages/flask/app.py", line 2097, in make_response
    "The view function did not return a valid response. The"
TypeError: The view function did not return a valid response. The function either returned None or ended without a return statement.
[2019-09-28 20:56:34,335] ERROR in app: Exception on /payload.php [GET]
Traceback (most recent call last):
  File "/home/tom/.local/lib/python3.6/site-packages/flask/app.py", line 2446, in wsgi_app
    response = self.full_dispatch_request()
  File "/home/tom/.local/lib/python3.6/site-packages/flask/app.py", line 1952, in full_dispatch_request
    return self.finalize_request(rv)
  File "/home/tom/.local/lib/python3.6/site-packages/flask/app.py", line 1967, in finalize_request
    response = self.make_response(rv)
  File "/home/tom/.local/lib/python3.6/site-packages/flask/app.py", line 2097, in make_response
    "The view function did not return a valid response. The"
TypeError: The view function did not return a valid response. The function either returned None or ended without a return statement.
[2019-09-28 20:56:34,651] ERROR in app: Exception on /new_license.php [GET]
Traceback (most recent call last):
  File "/home/tom/.local/lib/python3.6/site-packages/flask/app.py", line 2446, in wsgi_app
    response = self.full_dispatch_request()
  File "/home/tom/.local/lib/python3.6/site-packages/flask/app.py", line 1952, in full_dispatch_request
    return self.finalize_request(rv)
  File "/home/tom/.local/lib/python3.6/site-packages/flask/app.py", line 1967, in finalize_request
    response = self.make_response(rv)
  File "/home/tom/.local/lib/python3.6/site-packages/flask/app.py", line 2097, in make_response
    "The view function did not return a valid response. The"
TypeError: The view function did not return a valid response. The function either returned None or ended without a return statement.
[2019-09-28 20:56:35,498] ERROR in app: Exception on /images/!.php [GET]
Traceback (most recent call last):
  File "/home/tom/.local/lib/python3.6/site-packages/flask/app.py", line 2446, in wsgi_app
    response = self.full_dispatch_request()
  File "/home/tom/.local/lib/python3.6/site-packages/flask/app.py", line 1952, in full_dispatch_request
    return self.finalize_request(rv)
  File "/home/tom/.local/lib/python3.6/site-packages/flask/app.py", line 1967, in finalize_request
    response = self.make_response(rv)
  File "/home/tom/.local/lib/python3.6/site-packages/flask/app.py", line 2097, in make_response
    "The view function did not return a valid response. The"
TypeError: The view function did not return a valid response. The function either returned None or ended without a return statement.
[2019-09-28 20:56:35,813] ERROR in app: Exception on /images/vuln.php [GET]
Traceback (most recent call last):
  File "/home/tom/.local/lib/python3.6/site-packages/flask/app.py", line 2446, in wsgi_app
    response = self.full_dispatch_request()
  File "/home/tom/.local/lib/python3.6/site-packages/flask/app.py", line 1952, in full_dispatch_request
    return self.finalize_request(rv)
  File "/home/tom/.local/lib/python3.6/site-packages/flask/app.py", line 1967, in finalize_request
    response = self.make_response(rv)
  File "/home/tom/.local/lib/python3.6/site-packages/flask/app.py", line 2097, in make_response
    "The view function did not return a valid response. The"
TypeError: The view function did not return a valid response. The function either returned None or ended without a return statement.
[2019-09-28 20:56:36,650] ERROR in app: Exception on /hd.php [GET]
Traceback (most recent call last):
  File "/home/tom/.local/lib/python3.6/site-packages/flask/app.py", line 2446, in wsgi_app
    response = self.full_dispatch_request()
  File "/home/tom/.local/lib/python3.6/site-packages/flask/app.py", line 1952, in full_dispatch_request
    return self.finalize_request(rv)
  File "/home/tom/.local/lib/python3.6/site-packages/flask/app.py", line 1967, in finalize_request
    response = self.make_response(rv)
  File "/home/tom/.local/lib/python3.6/site-packages/flask/app.py", line 2097, in make_response
    "The view function did not return a valid response. The"
TypeError: The view function did not return a valid response. The function either returned None or ended without a return statement.
[2019-09-28 20:56:36,966] ERROR in app: Exception on /images/up.php [GET]
Traceback (most recent call last):
  File "/home/tom/.local/lib/python3.6/site-packages/flask/app.py", line 2446, in wsgi_app
    response = self.full_dispatch_request()
  File "/home/tom/.local/lib/python3.6/site-packages/flask/app.py", line 1952, in full_dispatch_request
    return self.finalize_request(rv)
  File "/home/tom/.local/lib/python3.6/site-packages/flask/app.py", line 1967, in finalize_request
    response = self.make_response(rv)
  File "/home/tom/.local/lib/python3.6/site-packages/flask/app.py", line 2097, in make_response
    "The view function did not return a valid response. The"
TypeError: The view function did not return a valid response. The function either returned None or ended without a return statement.
[2019-09-28 20:56:37,282] ERROR in app: Exception on /images/attari.php [GET]
Traceback (most recent call last):
  File "/home/tom/.local/lib/python3.6/site-packages/flask/app.py", line 2446, in wsgi_app
    response = self.full_dispatch_request()
  File "/home/tom/.local/lib/python3.6/site-packages/flask/app.py", line 1952, in full_dispatch_request
    return self.finalize_request(rv)
  File "/home/tom/.local/lib/python3.6/site-packages/flask/app.py", line 1967, in finalize_request
    response = self.make_response(rv)
  File "/home/tom/.local/lib/python3.6/site-packages/flask/app.py", line 2097, in make_response
    "The view function did not return a valid response. The"
TypeError: The view function did not return a valid response. The function either returned None or ended without a return statement.
[2019-09-28 20:56:37,598] ERROR in app: Exception on /images/jsspwneed.php [GET]
Traceback (most recent call last):
  File "/home/tom/.local/lib/python3.6/site-packages/flask/app.py", line 2446, in wsgi_app
    response = self.full_dispatch_request()
  File "/home/tom/.local/lib/python3.6/site-packages/flask/app.py", line 1952, in full_dispatch_request
    return self.finalize_request(rv)
  File "/home/tom/.local/lib/python3.6/site-packages/flask/app.py", line 1967, in finalize_request
    response = self.make_response(rv)
  File "/home/tom/.local/lib/python3.6/site-packages/flask/app.py", line 2097, in make_response
    "The view function did not return a valid response. The"
TypeError: The view function did not return a valid response. The function either returned None or ended without a return statement.
[2019-09-28 20:56:37,915] ERROR in app: Exception on /images/stories/cmd.php [GET]
Traceback (most recent call last):
  File "/home/tom/.local/lib/python3.6/site-packages/flask/app.py", line 2446, in wsgi_app
    response = self.full_dispatch_request()
  File "/home/tom/.local/lib/python3.6/site-packages/flask/app.py", line 1952, in full_dispatch_request
    return self.finalize_request(rv)
  File "/home/tom/.local/lib/python3.6/site-packages/flask/app.py", line 1967, in finalize_request
    response = self.make_response(rv)
  File "/home/tom/.local/lib/python3.6/site-packages/flask/app.py", line 2097, in make_response
    "The view function did not return a valid response. The"
TypeError: The view function did not return a valid response. The function either returned None or ended without a return statement.
[2019-09-28 20:56:38,231] ERROR in app: Exception on /images/stories/filemga.php [GET]
Traceback (most recent call last):
  File "/home/tom/.local/lib/python3.6/site-packages/flask/app.py", line 2446, in wsgi_app
    response = self.full_dispatch_request()
  File "/home/tom/.local/lib/python3.6/site-packages/flask/app.py", line 1952, in full_dispatch_request
    return self.finalize_request(rv)
  File "/home/tom/.local/lib/python3.6/site-packages/flask/app.py", line 1967, in finalize_request
    response = self.make_response(rv)
  File "/home/tom/.local/lib/python3.6/site-packages/flask/app.py", line 2097, in make_response
    "The view function did not return a valid response. The"
TypeError: The view function did not return a valid response. The function either returned None or ended without a return statement.
[2019-09-28 20:56:56,997] ERROR in app: Exception on /ftmabc.php [GET]
Traceback (most recent call last):
  File "/home/tom/.local/lib/python3.6/site-packages/flask/app.py", line 2446, in wsgi_app
    response = self.full_dispatch_request()
  File "/home/tom/.local/lib/python3.6/site-packages/flask/app.py", line 1952, in full_dispatch_request
    return self.finalize_request(rv)
  File "/home/tom/.local/lib/python3.6/site-packages/flask/app.py", line 1967, in finalize_request
    response = self.make_response(rv)
  File "/home/tom/.local/lib/python3.6/site-packages/flask/app.py", line 2097, in make_response
    "The view function did not return a valid response. The"
TypeError: The view function did not return a valid response. The function either returned None or ended without a return statement.
[2019-09-28 20:56:58,306] ERROR in app: Exception on /doudou.php [GET]
Traceback (most recent call last):
  File "/home/tom/.local/lib/python3.6/site-packages/flask/app.py", line 2446, in wsgi_app
    response = self.full_dispatch_request()
  File "/home/tom/.local/lib/python3.6/site-packages/flask/app.py", line 1952, in full_dispatch_request
    return self.finalize_request(rv)
  File "/home/tom/.local/lib/python3.6/site-packages/flask/app.py", line 1967, in finalize_request
    response = self.make_response(rv)
  File "/home/tom/.local/lib/python3.6/site-packages/flask/app.py", line 2097, in make_response
    "The view function did not return a valid response. The"
TypeError: The view function did not return a valid response. The function either returned None or ended without a return statement.
[2019-09-28 20:57:22,146] ERROR in app: Exception on /xiaoxia.php [GET]
Traceback (most recent call last):
  File "/home/tom/.local/lib/python3.6/site-packages/flask/app.py", line 2446, in wsgi_app
    response = self.full_dispatch_request()
  File "/home/tom/.local/lib/python3.6/site-packages/flask/app.py", line 1952, in full_dispatch_request
    return self.finalize_request(rv)
  File "/home/tom/.local/lib/python3.6/site-packages/flask/app.py", line 1967, in finalize_request
    response = self.make_response(rv)
  File "/home/tom/.local/lib/python3.6/site-packages/flask/app.py", line 2097, in make_response
    "The view function did not return a valid response. The"
TypeError: The view function did not return a valid response. The function either returned None or ended without a return statement.
[2019-09-28 20:57:23,271] ERROR in app: Exception on /yuyang.php [GET]
Traceback (most recent call last):
  File "/home/tom/.local/lib/python3.6/site-packages/flask/app.py", line 2446, in wsgi_app
    response = self.full_dispatch_request()
  File "/home/tom/.local/lib/python3.6/site-packages/flask/app.py", line 1952, in full_dispatch_request
    return self.finalize_request(rv)
  File "/home/tom/.local/lib/python3.6/site-packages/flask/app.py", line 1967, in finalize_request
    response = self.make_response(rv)
  File "/home/tom/.local/lib/python3.6/site-packages/flask/app.py", line 2097, in make_response
    "The view function did not return a valid response. The"
TypeError: The view function did not return a valid response. The function either returned None or ended without a return statement.
[2019-09-28 20:57:23,581] ERROR in app: Exception on /zz.php [GET]
Traceback (most recent call last):
  File "/home/tom/.local/lib/python3.6/site-packages/flask/app.py", line 2446, in wsgi_app
    response = self.full_dispatch_request()
  File "/home/tom/.local/lib/python3.6/site-packages/flask/app.py", line 1952, in full_dispatch_request
    return self.finalize_request(rv)
  File "/home/tom/.local/lib/python3.6/site-packages/flask/app.py", line 1967, in finalize_request
    response = self.make_response(rv)
  File "/home/tom/.local/lib/python3.6/site-packages/flask/app.py", line 2097, in make_response
    "The view function did not return a valid response. The"
TypeError: The view function did not return a valid response. The function either returned None or ended without a return statement.
[2019-09-28 20:57:27,461] ERROR in app: Exception on /coonig.php [GET]
Traceback (most recent call last):
  File "/home/tom/.local/lib/python3.6/site-packages/flask/app.py", line 2446, in wsgi_app
    response = self.full_dispatch_request()
  File "/home/tom/.local/lib/python3.6/site-packages/flask/app.py", line 1952, in full_dispatch_request
    return self.finalize_request(rv)
  File "/home/tom/.local/lib/python3.6/site-packages/flask/app.py", line 1967, in finalize_request
    response = self.make_response(rv)
  File "/home/tom/.local/lib/python3.6/site-packages/flask/app.py", line 2097, in make_response
    "The view function did not return a valid response. The"
TypeError: The view function did not return a valid response. The function either returned None or ended without a return statement.
[2019-09-28 20:57:28,581] ERROR in app: Exception on /ak.php [GET]
Traceback (most recent call last):
  File "/home/tom/.local/lib/python3.6/site-packages/flask/app.py", line 2446, in wsgi_app
    response = self.full_dispatch_request()
  File "/home/tom/.local/lib/python3.6/site-packages/flask/app.py", line 1952, in full_dispatch_request
    return self.finalize_request(rv)
  File "/home/tom/.local/lib/python3.6/site-packages/flask/app.py", line 1967, in finalize_request
    response = self.make_response(rv)
  File "/home/tom/.local/lib/python3.6/site-packages/flask/app.py", line 2097, in make_response
    "The view function did not return a valid response. The"
TypeError: The view function did not return a valid response. The function either returned None or ended without a return statement.
[2019-09-28 20:57:28,892] ERROR in app: Exception on /baidoubi.php [GET]
Traceback (most recent call last):
  File "/home/tom/.local/lib/python3.6/site-packages/flask/app.py", line 2446, in wsgi_app
    response = self.full_dispatch_request()
  File "/home/tom/.local/lib/python3.6/site-packages/flask/app.py", line 1952, in full_dispatch_request
    return self.finalize_request(rv)
  File "/home/tom/.local/lib/python3.6/site-packages/flask/app.py", line 1967, in finalize_request
    response = self.make_response(rv)
  File "/home/tom/.local/lib/python3.6/site-packages/flask/app.py", line 2097, in make_response
    "The view function did not return a valid response. The"
TypeError: The view function did not return a valid response. The function either returned None or ended without a return statement.
[2019-09-28 20:57:30,890] ERROR in app: Exception on /hhhhhh.php [GET]
Traceback (most recent call last):
  File "/home/tom/.local/lib/python3.6/site-packages/flask/app.py", line 2446, in wsgi_app
    response = self.full_dispatch_request()
  File "/home/tom/.local/lib/python3.6/site-packages/flask/app.py", line 1952, in full_dispatch_request
    return self.finalize_request(rv)
  File "/home/tom/.local/lib/python3.6/site-packages/flask/app.py", line 1967, in finalize_request
    response = self.make_response(rv)
  File "/home/tom/.local/lib/python3.6/site-packages/flask/app.py", line 2097, in make_response
    "The view function did not return a valid response. The"
TypeError: The view function did not return a valid response. The function either returned None or ended without a return statement.
[2019-09-28 20:57:31,200] ERROR in app: Exception on /meijianxue.php [GET]
Traceback (most recent call last):
  File "/home/tom/.local/lib/python3.6/site-packages/flask/app.py", line 2446, in wsgi_app
    response = self.full_dispatch_request()
  File "/home/tom/.local/lib/python3.6/site-packages/flask/app.py", line 1952, in full_dispatch_request
    return self.finalize_request(rv)
  File "/home/tom/.local/lib/python3.6/site-packages/flask/app.py", line 1967, in finalize_request
    response = self.make_response(rv)
  File "/home/tom/.local/lib/python3.6/site-packages/flask/app.py", line 2097, in make_response
    "The view function did not return a valid response. The"
TypeError: The view function did not return a valid response. The function either returned None or ended without a return statement.
[2019-09-28 20:57:43,909] ERROR in app: Exception on /no1.php [GET]
Traceback (most recent call last):
  File "/home/tom/.local/lib/python3.6/site-packages/flask/app.py", line 2446, in wsgi_app
    response = self.full_dispatch_request()
  File "/home/tom/.local/lib/python3.6/site-packages/flask/app.py", line 1952, in full_dispatch_request
    return self.finalize_request(rv)
  File "/home/tom/.local/lib/python3.6/site-packages/flask/app.py", line 1967, in finalize_request
    response = self.make_response(rv)
  File "/home/tom/.local/lib/python3.6/site-packages/flask/app.py", line 2097, in make_response
    "The view function did not return a valid response. The"
TypeError: The view function did not return a valid response. The function either returned None or ended without a return statement.
[2019-09-28 20:57:44,221] ERROR in app: Exception on /python.php [GET]
Traceback (most recent call last):
  File "/home/tom/.local/lib/python3.6/site-packages/flask/app.py", line 2446, in wsgi_app
    response = self.full_dispatch_request()
  File "/home/tom/.local/lib/python3.6/site-packages/flask/app.py", line 1952, in full_dispatch_request
    return self.finalize_request(rv)
  File "/home/tom/.local/lib/python3.6/site-packages/flask/app.py", line 1967, in finalize_request
    response = self.make_response(rv)
  File "/home/tom/.local/lib/python3.6/site-packages/flask/app.py", line 2097, in make_response
    "The view function did not return a valid response. The"
TypeError: The view function did not return a valid response. The function either returned None or ended without a return statement.
[2019-09-28 20:57:45,253] ERROR in app: Exception on /woshimengmei.php [GET]
Traceback (most recent call last):
  File "/home/tom/.local/lib/python3.6/site-packages/flask/app.py", line 2446, in wsgi_app
    response = self.full_dispatch_request()
  File "/home/tom/.local/lib/python3.6/site-packages/flask/app.py", line 1952, in full_dispatch_request
    return self.finalize_request(rv)
  File "/home/tom/.local/lib/python3.6/site-packages/flask/app.py", line 1967, in finalize_request
    response = self.make_response(rv)
  File "/home/tom/.local/lib/python3.6/site-packages/flask/app.py", line 2097, in make_response
    "The view function did not return a valid response. The"
TypeError: The view function did not return a valid response. The function either returned None or ended without a return statement.
[2019-09-28 20:57:45,566] ERROR in app: Exception on /indea.php [GET]
Traceback (most recent call last):
  File "/home/tom/.local/lib/python3.6/site-packages/flask/app.py", line 2446, in wsgi_app
    response = self.full_dispatch_request()
  File "/home/tom/.local/lib/python3.6/site-packages/flask/app.py", line 1952, in full_dispatch_request
    return self.finalize_request(rv)
  File "/home/tom/.local/lib/python3.6/site-packages/flask/app.py", line 1967, in finalize_request
    response = self.make_response(rv)
  File "/home/tom/.local/lib/python3.6/site-packages/flask/app.py", line 2097, in make_response
    "The view function did not return a valid response. The"
TypeError: The view function did not return a valid response. The function either returned None or ended without a return statement.
[2019-09-28 20:57:46,533] ERROR in app: Exception on /taisui.php [GET]
Traceback (most recent call last):
  File "/home/tom/.local/lib/python3.6/site-packages/flask/app.py", line 2446, in wsgi_app
    response = self.full_dispatch_request()
  File "/home/tom/.local/lib/python3.6/site-packages/flask/app.py", line 1952, in full_dispatch_request
    return self.finalize_request(rv)
  File "/home/tom/.local/lib/python3.6/site-packages/flask/app.py", line 1967, in finalize_request
    response = self.make_response(rv)
  File "/home/tom/.local/lib/python3.6/site-packages/flask/app.py", line 2097, in make_response
    "The view function did not return a valid response. The"
TypeError: The view function did not return a valid response. The function either returned None or ended without a return statement.
[2019-09-28 20:57:56,966] ERROR in app: Exception on /xiaxia.php [GET]
Traceback (most recent call last):
  File "/home/tom/.local/lib/python3.6/site-packages/flask/app.py", line 2446, in wsgi_app
    response = self.full_dispatch_request()
  File "/home/tom/.local/lib/python3.6/site-packages/flask/app.py", line 1952, in full_dispatch_request
    return self.finalize_request(rv)
  File "/home/tom/.local/lib/python3.6/site-packages/flask/app.py", line 1967, in finalize_request
    response = self.make_response(rv)
  File "/home/tom/.local/lib/python3.6/site-packages/flask/app.py", line 2097, in make_response
    "The view function did not return a valid response. The"
TypeError: The view function did not return a valid response. The function either returned None or ended without a return statement.
[2019-09-28 20:58:18,819] ERROR in app: Exception on /kk.php [GET]
Traceback (most recent call last):
  File "/home/tom/.local/lib/python3.6/site-packages/flask/app.py", line 2446, in wsgi_app
    response = self.full_dispatch_request()
  File "/home/tom/.local/lib/python3.6/site-packages/flask/app.py", line 1952, in full_dispatch_request
    return self.finalize_request(rv)
  File "/home/tom/.local/lib/python3.6/site-packages/flask/app.py", line 1967, in finalize_request
    response = self.make_response(rv)
  File "/home/tom/.local/lib/python3.6/site-packages/flask/app.py", line 2097, in make_response
    "The view function did not return a valid response. The"
TypeError: The view function did not return a valid response. The function either returned None or ended without a return statement.
[2019-09-28 20:58:20,129] ERROR in app: Exception on /xsser.php [GET]
Traceback (most recent call last):
  File "/home/tom/.local/lib/python3.6/site-packages/flask/app.py", line 2446, in wsgi_app
    response = self.full_dispatch_request()
  File "/home/tom/.local/lib/python3.6/site-packages/flask/app.py", line 1952, in full_dispatch_request
    return self.finalize_request(rv)
  File "/home/tom/.local/lib/python3.6/site-packages/flask/app.py", line 1967, in finalize_request
    response = self.make_response(rv)
  File "/home/tom/.local/lib/python3.6/site-packages/flask/app.py", line 2097, in make_response
    "The view function did not return a valid response. The"
TypeError: The view function did not return a valid response. The function either returned None or ended without a return statement.
[2019-09-28 20:58:20,437] ERROR in app: Exception on /zzz.php [GET]
Traceback (most recent call last):
  File "/home/tom/.local/lib/python3.6/site-packages/flask/app.py", line 2446, in wsgi_app
    response = self.full_dispatch_request()
  File "/home/tom/.local/lib/python3.6/site-packages/flask/app.py", line 1952, in full_dispatch_request
    return self.finalize_request(rv)
  File "/home/tom/.local/lib/python3.6/site-packages/flask/app.py", line 1967, in finalize_request
    response = self.make_response(rv)
  File "/home/tom/.local/lib/python3.6/site-packages/flask/app.py", line 2097, in make_response
    "The view function did not return a valid response. The"
TypeError: The view function did not return a valid response. The function either returned None or ended without a return statement.
[2019-09-28 20:58:21,538] ERROR in app: Exception on /99.php [GET]
Traceback (most recent call last):
  File "/home/tom/.local/lib/python3.6/site-packages/flask/app.py", line 2446, in wsgi_app
    response = self.full_dispatch_request()
  File "/home/tom/.local/lib/python3.6/site-packages/flask/app.py", line 1952, in full_dispatch_request
    return self.finalize_request(rv)
  File "/home/tom/.local/lib/python3.6/site-packages/flask/app.py", line 1967, in finalize_request
    response = self.make_response(rv)
  File "/home/tom/.local/lib/python3.6/site-packages/flask/app.py", line 2097, in make_response
    "The view function did not return a valid response. The"
TypeError: The view function did not return a valid response. The function either returned None or ended without a return statement.
[2019-09-28 20:58:24,546] ERROR in app: Exception on /dp.php [GET]
Traceback (most recent call last):
  File "/home/tom/.local/lib/python3.6/site-packages/flask/app.py", line 2446, in wsgi_app
    response = self.full_dispatch_request()
  File "/home/tom/.local/lib/python3.6/site-packages/flask/app.py", line 1952, in full_dispatch_request
    return self.finalize_request(rv)
  File "/home/tom/.local/lib/python3.6/site-packages/flask/app.py", line 1967, in finalize_request
    response = self.make_response(rv)
  File "/home/tom/.local/lib/python3.6/site-packages/flask/app.py", line 2097, in make_response
    "The view function did not return a valid response. The"
TypeError: The view function did not return a valid response. The function either returned None or ended without a return statement.
[2019-09-28 20:58:25,666] ERROR in app: Exception on /phpdm.php [GET]
Traceback (most recent call last):
  File "/home/tom/.local/lib/python3.6/site-packages/flask/app.py", line 2446, in wsgi_app
    response = self.full_dispatch_request()
  File "/home/tom/.local/lib/python3.6/site-packages/flask/app.py", line 1952, in full_dispatch_request
    return self.finalize_request(rv)
  File "/home/tom/.local/lib/python3.6/site-packages/flask/app.py", line 1967, in finalize_request
    response = self.make_response(rv)
  File "/home/tom/.local/lib/python3.6/site-packages/flask/app.py", line 2097, in make_response
    "The view function did not return a valid response. The"
TypeError: The view function did not return a valid response. The function either returned None or ended without a return statement.
[2019-09-28 20:58:25,973] ERROR in app: Exception on /root.php [GET]
Traceback (most recent call last):
  File "/home/tom/.local/lib/python3.6/site-packages/flask/app.py", line 2446, in wsgi_app
    response = self.full_dispatch_request()
  File "/home/tom/.local/lib/python3.6/site-packages/flask/app.py", line 1952, in full_dispatch_request
    return self.finalize_request(rv)
  File "/home/tom/.local/lib/python3.6/site-packages/flask/app.py", line 1967, in finalize_request
    response = self.make_response(rv)
  File "/home/tom/.local/lib/python3.6/site-packages/flask/app.py", line 2097, in make_response
    "The view function did not return a valid response. The"
TypeError: The view function did not return a valid response. The function either returned None or ended without a return statement.
[2019-09-28 20:58:26,292] ERROR in app: Exception on /5678.php [GET]
Traceback (most recent call last):
  File "/home/tom/.local/lib/python3.6/site-packages/flask/app.py", line 2446, in wsgi_app
    response = self.full_dispatch_request()
  File "/home/tom/.local/lib/python3.6/site-packages/flask/app.py", line 1952, in full_dispatch_request
    return self.finalize_request(rv)
  File "/home/tom/.local/lib/python3.6/site-packages/flask/app.py", line 1967, in finalize_request
    response = self.make_response(rv)
  File "/home/tom/.local/lib/python3.6/site-packages/flask/app.py", line 2097, in make_response
    "The view function did not return a valid response. The"
TypeError: The view function did not return a valid response. The function either returned None or ended without a return statement.
[2019-09-28 20:58:26,596] ERROR in app: Exception on /root11.php [GET]
Traceback (most recent call last):
  File "/home/tom/.local/lib/python3.6/site-packages/flask/app.py", line 2446, in wsgi_app
    response = self.full_dispatch_request()
  File "/home/tom/.local/lib/python3.6/site-packages/flask/app.py", line 1952, in full_dispatch_request
    return self.finalize_request(rv)
  File "/home/tom/.local/lib/python3.6/site-packages/flask/app.py", line 1967, in finalize_request
    response = self.make_response(rv)
  File "/home/tom/.local/lib/python3.6/site-packages/flask/app.py", line 2097, in make_response
    "The view function did not return a valid response. The"
TypeError: The view function did not return a valid response. The function either returned None or ended without a return statement.
[2019-09-28 20:58:27,681] ERROR in app: Exception on /xiu.php [GET]
Traceback (most recent call last):
  File "/home/tom/.local/lib/python3.6/site-packages/flask/app.py", line 2446, in wsgi_app
    response = self.full_dispatch_request()
  File "/home/tom/.local/lib/python3.6/site-packages/flask/app.py", line 1952, in full_dispatch_request
    return self.finalize_request(rv)
  File "/home/tom/.local/lib/python3.6/site-packages/flask/app.py", line 1967, in finalize_request
    response = self.make_response(rv)
  File "/home/tom/.local/lib/python3.6/site-packages/flask/app.py", line 2097, in make_response
    "The view function did not return a valid response. The"
TypeError: The view function did not return a valid response. The function either returned None or ended without a return statement.
[2019-09-28 20:58:39,715] ERROR in app: Exception on /wuwu11.php [POST]
Traceback (most recent call last):
  File "/home/tom/.local/lib/python3.6/site-packages/flask/app.py", line 2446, in wsgi_app
    response = self.full_dispatch_request()
  File "/home/tom/.local/lib/python3.6/site-packages/flask/app.py", line 1952, in full_dispatch_request
    return self.finalize_request(rv)
  File "/home/tom/.local/lib/python3.6/site-packages/flask/app.py", line 1967, in finalize_request
    response = self.make_response(rv)
  File "/home/tom/.local/lib/python3.6/site-packages/flask/app.py", line 2097, in make_response
    "The view function did not return a valid response. The"
TypeError: The view function did not return a valid response. The function either returned None or ended without a return statement.
[2019-09-28 20:58:40,022] ERROR in app: Exception on /xw.php [POST]
Traceback (most recent call last):
  File "/home/tom/.local/lib/python3.6/site-packages/flask/app.py", line 2446, in wsgi_app
    response = self.full_dispatch_request()
  File "/home/tom/.local/lib/python3.6/site-packages/flask/app.py", line 1952, in full_dispatch_request
    return self.finalize_request(rv)
  File "/home/tom/.local/lib/python3.6/site-packages/flask/app.py", line 1967, in finalize_request
    response = self.make_response(rv)
  File "/home/tom/.local/lib/python3.6/site-packages/flask/app.py", line 2097, in make_response
    "The view function did not return a valid response. The"
TypeError: The view function did not return a valid response. The function either returned None or ended without a return statement.
[2019-09-28 20:58:41,027] ERROR in app: Exception on /xw1.php [POST]
Traceback (most recent call last):
  File "/home/tom/.local/lib/python3.6/site-packages/flask/app.py", line 2446, in wsgi_app
    response = self.full_dispatch_request()
  File "/home/tom/.local/lib/python3.6/site-packages/flask/app.py", line 1952, in full_dispatch_request
    return self.finalize_request(rv)
  File "/home/tom/.local/lib/python3.6/site-packages/flask/app.py", line 1967, in finalize_request
    response = self.make_response(rv)
  File "/home/tom/.local/lib/python3.6/site-packages/flask/app.py", line 2097, in make_response
    "The view function did not return a valid response. The"
TypeError: The view function did not return a valid response. The function either returned None or ended without a return statement.
[2019-09-28 20:58:41,334] ERROR in app: Exception on /9678.php [POST]
Traceback (most recent call last):
  File "/home/tom/.local/lib/python3.6/site-packages/flask/app.py", line 2446, in wsgi_app
    response = self.full_dispatch_request()
  File "/home/tom/.local/lib/python3.6/site-packages/flask/app.py", line 1952, in full_dispatch_request
    return self.finalize_request(rv)
  File "/home/tom/.local/lib/python3.6/site-packages/flask/app.py", line 1967, in finalize_request
    response = self.make_response(rv)
  File "/home/tom/.local/lib/python3.6/site-packages/flask/app.py", line 2097, in make_response
    "The view function did not return a valid response. The"
TypeError: The view function did not return a valid response. The function either returned None or ended without a return statement.
[2019-09-28 20:58:41,642] ERROR in app: Exception on /wc.php [POST]
Traceback (most recent call last):
  File "/home/tom/.local/lib/python3.6/site-packages/flask/app.py", line 2446, in wsgi_app
    response = self.full_dispatch_request()
  File "/home/tom/.local/lib/python3.6/site-packages/flask/app.py", line 1952, in full_dispatch_request
    return self.finalize_request(rv)
  File "/home/tom/.local/lib/python3.6/site-packages/flask/app.py", line 1967, in finalize_request
    response = self.make_response(rv)
  File "/home/tom/.local/lib/python3.6/site-packages/flask/app.py", line 2097, in make_response
    "The view function did not return a valid response. The"
TypeError: The view function did not return a valid response. The function either returned None or ended without a return statement.
[2019-09-28 20:58:41,952] ERROR in app: Exception on /xx.php [POST]
Traceback (most recent call last):
  File "/home/tom/.local/lib/python3.6/site-packages/flask/app.py", line 2446, in wsgi_app
    response = self.full_dispatch_request()
  File "/home/tom/.local/lib/python3.6/site-packages/flask/app.py", line 1952, in full_dispatch_request
    return self.finalize_request(rv)
  File "/home/tom/.local/lib/python3.6/site-packages/flask/app.py", line 1967, in finalize_request
    response = self.make_response(rv)
  File "/home/tom/.local/lib/python3.6/site-packages/flask/app.py", line 2097, in make_response
    "The view function did not return a valid response. The"
TypeError: The view function did not return a valid response. The function either returned None or ended without a return statement.
[2019-09-28 20:58:42,851] ERROR in app: Exception on /xx.php [POST]
Traceback (most recent call last):
  File "/home/tom/.local/lib/python3.6/site-packages/flask/app.py", line 2446, in wsgi_app
    response = self.full_dispatch_request()
  File "/home/tom/.local/lib/python3.6/site-packages/flask/app.py", line 1952, in full_dispatch_request
    return self.finalize_request(rv)
  File "/home/tom/.local/lib/python3.6/site-packages/flask/app.py", line 1967, in finalize_request
    response = self.make_response(rv)
  File "/home/tom/.local/lib/python3.6/site-packages/flask/app.py", line 2097, in make_response
    "The view function did not return a valid response. The"
TypeError: The view function did not return a valid response. The function either returned None or ended without a return statement.
[2019-09-28 20:58:43,160] ERROR in app: Exception on /s.php [POST]
Traceback (most recent call last):
  File "/home/tom/.local/lib/python3.6/site-packages/flask/app.py", line 2446, in wsgi_app
    response = self.full_dispatch_request()
  File "/home/tom/.local/lib/python3.6/site-packages/flask/app.py", line 1952, in full_dispatch_request
    return self.finalize_request(rv)
  File "/home/tom/.local/lib/python3.6/site-packages/flask/app.py", line 1967, in finalize_request
    response = self.make_response(rv)
  File "/home/tom/.local/lib/python3.6/site-packages/flask/app.py", line 2097, in make_response
    "The view function did not return a valid response. The"
TypeError: The view function did not return a valid response. The function either returned None or ended without a return statement.
[2019-09-28 20:58:44,045] ERROR in app: Exception on /w.php [POST]
Traceback (most recent call last):
  File "/home/tom/.local/lib/python3.6/site-packages/flask/app.py", line 2446, in wsgi_app
    response = self.full_dispatch_request()
  File "/home/tom/.local/lib/python3.6/site-packages/flask/app.py", line 1952, in full_dispatch_request
    return self.finalize_request(rv)
  File "/home/tom/.local/lib/python3.6/site-packages/flask/app.py", line 1967, in finalize_request
    response = self.make_response(rv)
  File "/home/tom/.local/lib/python3.6/site-packages/flask/app.py", line 2097, in make_response
    "The view function did not return a valid response. The"
TypeError: The view function did not return a valid response. The function either returned None or ended without a return statement.
[2019-09-28 20:58:44,352] ERROR in app: Exception on /sheep.php [POST]
Traceback (most recent call last):
  File "/home/tom/.local/lib/python3.6/site-packages/flask/app.py", line 2446, in wsgi_app
    response = self.full_dispatch_request()
  File "/home/tom/.local/lib/python3.6/site-packages/flask/app.py", line 1952, in full_dispatch_request
    return self.finalize_request(rv)
  File "/home/tom/.local/lib/python3.6/site-packages/flask/app.py", line 1967, in finalize_request
    response = self.make_response(rv)
  File "/home/tom/.local/lib/python3.6/site-packages/flask/app.py", line 2097, in make_response
    "The view function did not return a valid response. The"
TypeError: The view function did not return a valid response. The function either returned None or ended without a return statement.
[2019-09-28 20:58:46,913] ERROR in app: Exception on /qaq.php [POST]
Traceback (most recent call last):
  File "/home/tom/.local/lib/python3.6/site-packages/flask/app.py", line 2446, in wsgi_app
    response = self.full_dispatch_request()
  File "/home/tom/.local/lib/python3.6/site-packages/flask/app.py", line 1952, in full_dispatch_request
    return self.finalize_request(rv)
  File "/home/tom/.local/lib/python3.6/site-packages/flask/app.py", line 1967, in finalize_request
    response = self.make_response(rv)
  File "/home/tom/.local/lib/python3.6/site-packages/flask/app.py", line 2097, in make_response
    "The view function did not return a valid response. The"
TypeError: The view function did not return a valid response. The function either returned None or ended without a return statement.
[2019-09-28 20:58:48,034] ERROR in app: Exception on /my.php [POST]
Traceback (most recent call last):
  File "/home/tom/.local/lib/python3.6/site-packages/flask/app.py", line 2446, in wsgi_app
    response = self.full_dispatch_request()
  File "/home/tom/.local/lib/python3.6/site-packages/flask/app.py", line 1952, in full_dispatch_request
    return self.finalize_request(rv)
  File "/home/tom/.local/lib/python3.6/site-packages/flask/app.py", line 1967, in finalize_request
    response = self.make_response(rv)
  File "/home/tom/.local/lib/python3.6/site-packages/flask/app.py", line 2097, in make_response
    "The view function did not return a valid response. The"
TypeError: The view function did not return a valid response. The function either returned None or ended without a return statement.
[2019-09-28 20:58:50,530] ERROR in app: Exception on /qq.php [POST]
Traceback (most recent call last):
  File "/home/tom/.local/lib/python3.6/site-packages/flask/app.py", line 2446, in wsgi_app
    response = self.full_dispatch_request()
  File "/home/tom/.local/lib/python3.6/site-packages/flask/app.py", line 1952, in full_dispatch_request
    return self.finalize_request(rv)
  File "/home/tom/.local/lib/python3.6/site-packages/flask/app.py", line 1967, in finalize_request
    response = self.make_response(rv)
  File "/home/tom/.local/lib/python3.6/site-packages/flask/app.py", line 2097, in make_response
    "The view function did not return a valid response. The"
TypeError: The view function did not return a valid response. The function either returned None or ended without a return statement.
[2019-09-28 20:58:50,837] ERROR in app: Exception on /aaa.php [POST]
Traceback (most recent call last):
  File "/home/tom/.local/lib/python3.6/site-packages/flask/app.py", line 2446, in wsgi_app
    response = self.full_dispatch_request()
  File "/home/tom/.local/lib/python3.6/site-packages/flask/app.py", line 1952, in full_dispatch_request
    return self.finalize_request(rv)
  File "/home/tom/.local/lib/python3.6/site-packages/flask/app.py", line 1967, in finalize_request
    response = self.make_response(rv)
  File "/home/tom/.local/lib/python3.6/site-packages/flask/app.py", line 2097, in make_response
    "The view function did not return a valid response. The"
TypeError: The view function did not return a valid response. The function either returned None or ended without a return statement.
[2019-09-28 20:58:51,145] ERROR in app: Exception on /hhh.php [POST]
Traceback (most recent call last):
  File "/home/tom/.local/lib/python3.6/site-packages/flask/app.py", line 2446, in wsgi_app
    response = self.full_dispatch_request()
  File "/home/tom/.local/lib/python3.6/site-packages/flask/app.py", line 1952, in full_dispatch_request
    return self.finalize_request(rv)
  File "/home/tom/.local/lib/python3.6/site-packages/flask/app.py", line 1967, in finalize_request
    response = self.make_response(rv)
  File "/home/tom/.local/lib/python3.6/site-packages/flask/app.py", line 2097, in make_response
    "The view function did not return a valid response. The"
TypeError: The view function did not return a valid response. The function either returned None or ended without a return statement.
[2019-09-28 20:58:52,002] ERROR in app: Exception on /jjj.php [POST]
Traceback (most recent call last):
  File "/home/tom/.local/lib/python3.6/site-packages/flask/app.py", line 2446, in wsgi_app
    response = self.full_dispatch_request()
  File "/home/tom/.local/lib/python3.6/site-packages/flask/app.py", line 1952, in full_dispatch_request
    return self.finalize_request(rv)
  File "/home/tom/.local/lib/python3.6/site-packages/flask/app.py", line 1967, in finalize_request
    response = self.make_response(rv)
  File "/home/tom/.local/lib/python3.6/site-packages/flask/app.py", line 2097, in make_response
    "The view function did not return a valid response. The"
TypeError: The view function did not return a valid response. The function either returned None or ended without a return statement.
[2019-09-28 20:58:52,309] ERROR in app: Exception on /vvv.php [POST]
Traceback (most recent call last):
  File "/home/tom/.local/lib/python3.6/site-packages/flask/app.py", line 2446, in wsgi_app
    response = self.full_dispatch_request()
  File "/home/tom/.local/lib/python3.6/site-packages/flask/app.py", line 1952, in full_dispatch_request
    return self.finalize_request(rv)
  File "/home/tom/.local/lib/python3.6/site-packages/flask/app.py", line 1967, in finalize_request
    response = self.make_response(rv)
  File "/home/tom/.local/lib/python3.6/site-packages/flask/app.py", line 2097, in make_response
    "The view function did not return a valid response. The"
TypeError: The view function did not return a valid response. The function either returned None or ended without a return statement.
[2019-09-28 20:58:52,616] ERROR in app: Exception on /www.php [POST]
Traceback (most recent call last):
  File "/home/tom/.local/lib/python3.6/site-packages/flask/app.py", line 2446, in wsgi_app
    response = self.full_dispatch_request()
  File "/home/tom/.local/lib/python3.6/site-packages/flask/app.py", line 1952, in full_dispatch_request
    return self.finalize_request(rv)
  File "/home/tom/.local/lib/python3.6/site-packages/flask/app.py", line 1967, in finalize_request
    response = self.make_response(rv)
  File "/home/tom/.local/lib/python3.6/site-packages/flask/app.py", line 2097, in make_response
    "The view function did not return a valid response. The"
TypeError: The view function did not return a valid response. The function either returned None or ended without a return statement.
[2019-09-28 20:58:55,042] ERROR in app: Exception on /ffr.php [POST]
Traceback (most recent call last):
  File "/home/tom/.local/lib/python3.6/site-packages/flask/app.py", line 2446, in wsgi_app
    response = self.full_dispatch_request()
  File "/home/tom/.local/lib/python3.6/site-packages/flask/app.py", line 1952, in full_dispatch_request
    return self.finalize_request(rv)
  File "/home/tom/.local/lib/python3.6/site-packages/flask/app.py", line 1967, in finalize_request
    response = self.make_response(rv)
  File "/home/tom/.local/lib/python3.6/site-packages/flask/app.py", line 2097, in make_response
    "The view function did not return a valid response. The"
TypeError: The view function did not return a valid response. The function either returned None or ended without a return statement.
[2019-09-28 20:58:58,402] ERROR in app: Exception on /411.php [POST]
Traceback (most recent call last):
  File "/home/tom/.local/lib/python3.6/site-packages/flask/app.py", line 2446, in wsgi_app
    response = self.full_dispatch_request()
  File "/home/tom/.local/lib/python3.6/site-packages/flask/app.py", line 1952, in full_dispatch_request
    return self.finalize_request(rv)
  File "/home/tom/.local/lib/python3.6/site-packages/flask/app.py", line 1967, in finalize_request
    response = self.make_response(rv)
  File "/home/tom/.local/lib/python3.6/site-packages/flask/app.py", line 2097, in make_response
    "The view function did not return a valid response. The"
TypeError: The view function did not return a valid response. The function either returned None or ended without a return statement.
[2019-09-28 20:58:59,522] ERROR in app: Exception on /415.php [POST]
Traceback (most recent call last):
  File "/home/tom/.local/lib/python3.6/site-packages/flask/app.py", line 2446, in wsgi_app
    response = self.full_dispatch_request()
  File "/home/tom/.local/lib/python3.6/site-packages/flask/app.py", line 1952, in full_dispatch_request
    return self.finalize_request(rv)
  File "/home/tom/.local/lib/python3.6/site-packages/flask/app.py", line 1967, in finalize_request
    response = self.make_response(rv)
  File "/home/tom/.local/lib/python3.6/site-packages/flask/app.py", line 2097, in make_response
    "The view function did not return a valid response. The"
TypeError: The view function did not return a valid response. The function either returned None or ended without a return statement.
[2019-09-28 20:59:04,047] ERROR in app: Exception on /421.php [POST]
Traceback (most recent call last):
  File "/home/tom/.local/lib/python3.6/site-packages/flask/app.py", line 2446, in wsgi_app
    response = self.full_dispatch_request()
  File "/home/tom/.local/lib/python3.6/site-packages/flask/app.py", line 1952, in full_dispatch_request
    return self.finalize_request(rv)
  File "/home/tom/.local/lib/python3.6/site-packages/flask/app.py", line 1967, in finalize_request
    response = self.make_response(rv)
  File "/home/tom/.local/lib/python3.6/site-packages/flask/app.py", line 2097, in make_response
    "The view function did not return a valid response. The"
TypeError: The view function did not return a valid response. The function either returned None or ended without a return statement.
[2019-09-28 20:59:04,353] ERROR in app: Exception on /444.php [POST]
Traceback (most recent call last):
  File "/home/tom/.local/lib/python3.6/site-packages/flask/app.py", line 2446, in wsgi_app
    response = self.full_dispatch_request()
  File "/home/tom/.local/lib/python3.6/site-packages/flask/app.py", line 1952, in full_dispatch_request
    return self.finalize_request(rv)
  File "/home/tom/.local/lib/python3.6/site-packages/flask/app.py", line 1967, in finalize_request
    response = self.make_response(rv)
  File "/home/tom/.local/lib/python3.6/site-packages/flask/app.py", line 2097, in make_response
    "The view function did not return a valid response. The"
TypeError: The view function did not return a valid response. The function either returned None or ended without a return statement.
[2019-09-28 20:59:04,658] ERROR in app: Exception on /a411.php [POST]
Traceback (most recent call last):
  File "/home/tom/.local/lib/python3.6/site-packages/flask/app.py", line 2446, in wsgi_app
    response = self.full_dispatch_request()
  File "/home/tom/.local/lib/python3.6/site-packages/flask/app.py", line 1952, in full_dispatch_request
    return self.finalize_request(rv)
  File "/home/tom/.local/lib/python3.6/site-packages/flask/app.py", line 1967, in finalize_request
    response = self.make_response(rv)
  File "/home/tom/.local/lib/python3.6/site-packages/flask/app.py", line 2097, in make_response
    "The view function did not return a valid response. The"
TypeError: The view function did not return a valid response. The function either returned None or ended without a return statement.
[2019-09-28 20:59:04,965] ERROR in app: Exception on /whoami.php [POST]
Traceback (most recent call last):
  File "/home/tom/.local/lib/python3.6/site-packages/flask/app.py", line 2446, in wsgi_app
    response = self.full_dispatch_request()
  File "/home/tom/.local/lib/python3.6/site-packages/flask/app.py", line 1952, in full_dispatch_request
    return self.finalize_request(rv)
  File "/home/tom/.local/lib/python3.6/site-packages/flask/app.py", line 1967, in finalize_request
    response = self.make_response(rv)
  File "/home/tom/.local/lib/python3.6/site-packages/flask/app.py", line 2097, in make_response
    "The view function did not return a valid response. The"
TypeError: The view function did not return a valid response. The function either returned None or ended without a return statement.
[2019-09-28 20:59:05,273] ERROR in app: Exception on /whoami.php.php [POST]
Traceback (most recent call last):
  File "/home/tom/.local/lib/python3.6/site-packages/flask/app.py", line 2446, in wsgi_app
    response = self.full_dispatch_request()
  File "/home/tom/.local/lib/python3.6/site-packages/flask/app.py", line 1952, in full_dispatch_request
    return self.finalize_request(rv)
  File "/home/tom/.local/lib/python3.6/site-packages/flask/app.py", line 1967, in finalize_request
    response = self.make_response(rv)
  File "/home/tom/.local/lib/python3.6/site-packages/flask/app.py", line 2097, in make_response
    "The view function did not return a valid response. The"
TypeError: The view function did not return a valid response. The function either returned None or ended without a return statement.
[2019-09-28 20:59:05,580] ERROR in app: Exception on /9.php [POST]
Traceback (most recent call last):
  File "/home/tom/.local/lib/python3.6/site-packages/flask/app.py", line 2446, in wsgi_app
    response = self.full_dispatch_request()
  File "/home/tom/.local/lib/python3.6/site-packages/flask/app.py", line 1952, in full_dispatch_request
    return self.finalize_request(rv)
  File "/home/tom/.local/lib/python3.6/site-packages/flask/app.py", line 1967, in finalize_request
    response = self.make_response(rv)
  File "/home/tom/.local/lib/python3.6/site-packages/flask/app.py", line 2097, in make_response
    "The view function did not return a valid response. The"
TypeError: The view function did not return a valid response. The function either returned None or ended without a return statement.
[2019-09-28 20:59:05,888] ERROR in app: Exception on /98k.php [POST]
Traceback (most recent call last):
  File "/home/tom/.local/lib/python3.6/site-packages/flask/app.py", line 2446, in wsgi_app
    response = self.full_dispatch_request()
  File "/home/tom/.local/lib/python3.6/site-packages/flask/app.py", line 1952, in full_dispatch_request
    return self.finalize_request(rv)
  File "/home/tom/.local/lib/python3.6/site-packages/flask/app.py", line 1967, in finalize_request
    response = self.make_response(rv)
  File "/home/tom/.local/lib/python3.6/site-packages/flask/app.py", line 2097, in make_response
    "The view function did not return a valid response. The"
TypeError: The view function did not return a valid response. The function either returned None or ended without a return statement.
[2019-09-28 20:59:06,195] ERROR in app: Exception on /981.php [POST]
Traceback (most recent call last):
  File "/home/tom/.local/lib/python3.6/site-packages/flask/app.py", line 2446, in wsgi_app
    response = self.full_dispatch_request()
  File "/home/tom/.local/lib/python3.6/site-packages/flask/app.py", line 1952, in full_dispatch_request
    return self.finalize_request(rv)
  File "/home/tom/.local/lib/python3.6/site-packages/flask/app.py", line 1967, in finalize_request
    response = self.make_response(rv)
  File "/home/tom/.local/lib/python3.6/site-packages/flask/app.py", line 2097, in make_response
    "The view function did not return a valid response. The"
TypeError: The view function did not return a valid response. The function either returned None or ended without a return statement.
[2019-09-28 20:59:06,505] ERROR in app: Exception on /887.php [POST]
Traceback (most recent call last):
  File "/home/tom/.local/lib/python3.6/site-packages/flask/app.py", line 2446, in wsgi_app
    response = self.full_dispatch_request()
  File "/home/tom/.local/lib/python3.6/site-packages/flask/app.py", line 1952, in full_dispatch_request
    return self.finalize_request(rv)
  File "/home/tom/.local/lib/python3.6/site-packages/flask/app.py", line 1967, in finalize_request
    response = self.make_response(rv)
  File "/home/tom/.local/lib/python3.6/site-packages/flask/app.py", line 2097, in make_response
    "The view function did not return a valid response. The"
TypeError: The view function did not return a valid response. The function either returned None or ended without a return statement.
[2019-09-28 20:59:07,331] ERROR in app: Exception on /888.php [POST]
Traceback (most recent call last):
  File "/home/tom/.local/lib/python3.6/site-packages/flask/app.py", line 2446, in wsgi_app
    response = self.full_dispatch_request()
  File "/home/tom/.local/lib/python3.6/site-packages/flask/app.py", line 1952, in full_dispatch_request
    return self.finalize_request(rv)
  File "/home/tom/.local/lib/python3.6/site-packages/flask/app.py", line 1967, in finalize_request
    response = self.make_response(rv)
  File "/home/tom/.local/lib/python3.6/site-packages/flask/app.py", line 2097, in make_response
    "The view function did not return a valid response. The"
TypeError: The view function did not return a valid response. The function either returned None or ended without a return statement.
[2019-09-28 20:59:07,638] ERROR in app: Exception on /aa.php [POST]
Traceback (most recent call last):
  File "/home/tom/.local/lib/python3.6/site-packages/flask/app.py", line 2446, in wsgi_app
    response = self.full_dispatch_request()
  File "/home/tom/.local/lib/python3.6/site-packages/flask/app.py", line 1952, in full_dispatch_request
    return self.finalize_request(rv)
  File "/home/tom/.local/lib/python3.6/site-packages/flask/app.py", line 1967, in finalize_request
    response = self.make_response(rv)
  File "/home/tom/.local/lib/python3.6/site-packages/flask/app.py", line 2097, in make_response
    "The view function did not return a valid response. The"
TypeError: The view function did not return a valid response. The function either returned None or ended without a return statement.
[2019-09-28 20:59:07,945] ERROR in app: Exception on /bb.php [POST]
Traceback (most recent call last):
  File "/home/tom/.local/lib/python3.6/site-packages/flask/app.py", line 2446, in wsgi_app
    response = self.full_dispatch_request()
  File "/home/tom/.local/lib/python3.6/site-packages/flask/app.py", line 1952, in full_dispatch_request
    return self.finalize_request(rv)
  File "/home/tom/.local/lib/python3.6/site-packages/flask/app.py", line 1967, in finalize_request
    response = self.make_response(rv)
  File "/home/tom/.local/lib/python3.6/site-packages/flask/app.py", line 2097, in make_response
    "The view function did not return a valid response. The"
TypeError: The view function did not return a valid response. The function either returned None or ended without a return statement.
[2019-09-28 20:59:08,255] ERROR in app: Exception on /pp.php [POST]
Traceback (most recent call last):
  File "/home/tom/.local/lib/python3.6/site-packages/flask/app.py", line 2446, in wsgi_app
    response = self.full_dispatch_request()
  File "/home/tom/.local/lib/python3.6/site-packages/flask/app.py", line 1952, in full_dispatch_request
    return self.finalize_request(rv)
  File "/home/tom/.local/lib/python3.6/site-packages/flask/app.py", line 1967, in finalize_request
    response = self.make_response(rv)
  File "/home/tom/.local/lib/python3.6/site-packages/flask/app.py", line 2097, in make_response
    "The view function did not return a valid response. The"
TypeError: The view function did not return a valid response. The function either returned None or ended without a return statement.
[2019-09-28 20:59:08,563] ERROR in app: Exception on /tt.php [POST]
Traceback (most recent call last):
  File "/home/tom/.local/lib/python3.6/site-packages/flask/app.py", line 2446, in wsgi_app
    response = self.full_dispatch_request()
  File "/home/tom/.local/lib/python3.6/site-packages/flask/app.py", line 1952, in full_dispatch_request
    return self.finalize_request(rv)
  File "/home/tom/.local/lib/python3.6/site-packages/flask/app.py", line 1967, in finalize_request
    response = self.make_response(rv)
  File "/home/tom/.local/lib/python3.6/site-packages/flask/app.py", line 2097, in make_response
    "The view function did not return a valid response. The"
TypeError: The view function did not return a valid response. The function either returned None or ended without a return statement.
[2019-09-28 20:59:08,873] ERROR in app: Exception on /bbq.php [POST]
Traceback (most recent call last):
  File "/home/tom/.local/lib/python3.6/site-packages/flask/app.py", line 2446, in wsgi_app
    response = self.full_dispatch_request()
  File "/home/tom/.local/lib/python3.6/site-packages/flask/app.py", line 1952, in full_dispatch_request
    return self.finalize_request(rv)
  File "/home/tom/.local/lib/python3.6/site-packages/flask/app.py", line 1967, in finalize_request
    response = self.make_response(rv)
  File "/home/tom/.local/lib/python3.6/site-packages/flask/app.py", line 2097, in make_response
    "The view function did not return a valid response. The"
TypeError: The view function did not return a valid response. The function either returned None or ended without a return statement.
[2019-09-28 20:59:09,697] ERROR in app: Exception on /jj1.php [POST]
Traceback (most recent call last):
  File "/home/tom/.local/lib/python3.6/site-packages/flask/app.py", line 2446, in wsgi_app
    response = self.full_dispatch_request()
  File "/home/tom/.local/lib/python3.6/site-packages/flask/app.py", line 1952, in full_dispatch_request
    return self.finalize_request(rv)
  File "/home/tom/.local/lib/python3.6/site-packages/flask/app.py", line 1967, in finalize_request
    response = self.make_response(rv)
  File "/home/tom/.local/lib/python3.6/site-packages/flask/app.py", line 2097, in make_response
    "The view function did not return a valid response. The"
TypeError: The view function did not return a valid response. The function either returned None or ended without a return statement.
[2019-09-28 20:59:10,005] ERROR in app: Exception on /jbb.php [POST]
Traceback (most recent call last):
  File "/home/tom/.local/lib/python3.6/site-packages/flask/app.py", line 2446, in wsgi_app
    response = self.full_dispatch_request()
  File "/home/tom/.local/lib/python3.6/site-packages/flask/app.py", line 1952, in full_dispatch_request
    return self.finalize_request(rv)
  File "/home/tom/.local/lib/python3.6/site-packages/flask/app.py", line 1967, in finalize_request
    response = self.make_response(rv)
  File "/home/tom/.local/lib/python3.6/site-packages/flask/app.py", line 2097, in make_response
    "The view function did not return a valid response. The"
TypeError: The view function did not return a valid response. The function either returned None or ended without a return statement.
[2019-09-28 20:59:10,312] ERROR in app: Exception on /7o.php [POST]
Traceback (most recent call last):
  File "/home/tom/.local/lib/python3.6/site-packages/flask/app.py", line 2446, in wsgi_app
    response = self.full_dispatch_request()
  File "/home/tom/.local/lib/python3.6/site-packages/flask/app.py", line 1952, in full_dispatch_request
    return self.finalize_request(rv)
  File "/home/tom/.local/lib/python3.6/site-packages/flask/app.py", line 1967, in finalize_request
    response = self.make_response(rv)
  File "/home/tom/.local/lib/python3.6/site-packages/flask/app.py", line 2097, in make_response
    "The view function did not return a valid response. The"
TypeError: The view function did not return a valid response. The function either returned None or ended without a return statement.
[2019-09-28 20:59:11,137] ERROR in app: Exception on /qwq.php [POST]
Traceback (most recent call last):
  File "/home/tom/.local/lib/python3.6/site-packages/flask/app.py", line 2446, in wsgi_app
    response = self.full_dispatch_request()
  File "/home/tom/.local/lib/python3.6/site-packages/flask/app.py", line 1952, in full_dispatch_request
    return self.finalize_request(rv)
  File "/home/tom/.local/lib/python3.6/site-packages/flask/app.py", line 1967, in finalize_request
    response = self.make_response(rv)
  File "/home/tom/.local/lib/python3.6/site-packages/flask/app.py", line 2097, in make_response
    "The view function did not return a valid response. The"
TypeError: The view function did not return a valid response. The function either returned None or ended without a return statement.
[2019-09-28 20:59:11,453] ERROR in app: Exception on /nb.php [POST]
Traceback (most recent call last):
  File "/home/tom/.local/lib/python3.6/site-packages/flask/app.py", line 2446, in wsgi_app
    response = self.full_dispatch_request()
  File "/home/tom/.local/lib/python3.6/site-packages/flask/app.py", line 1952, in full_dispatch_request
    return self.finalize_request(rv)
  File "/home/tom/.local/lib/python3.6/site-packages/flask/app.py", line 1967, in finalize_request
    response = self.make_response(rv)
  File "/home/tom/.local/lib/python3.6/site-packages/flask/app.py", line 2097, in make_response
    "The view function did not return a valid response. The"
TypeError: The view function did not return a valid response. The function either returned None or ended without a return statement.
[2019-09-28 20:59:11,760] ERROR in app: Exception on /kpl.php [POST]
Traceback (most recent call last):
  File "/home/tom/.local/lib/python3.6/site-packages/flask/app.py", line 2446, in wsgi_app
    response = self.full_dispatch_request()
  File "/home/tom/.local/lib/python3.6/site-packages/flask/app.py", line 1952, in full_dispatch_request
    return self.finalize_request(rv)
  File "/home/tom/.local/lib/python3.6/site-packages/flask/app.py", line 1967, in finalize_request
    response = self.make_response(rv)
  File "/home/tom/.local/lib/python3.6/site-packages/flask/app.py", line 2097, in make_response
    "The view function did not return a valid response. The"
TypeError: The view function did not return a valid response. The function either returned None or ended without a return statement.
[2019-09-28 20:59:12,068] ERROR in app: Exception on /hgx.php [POST]
Traceback (most recent call last):
  File "/home/tom/.local/lib/python3.6/site-packages/flask/app.py", line 2446, in wsgi_app
    response = self.full_dispatch_request()
  File "/home/tom/.local/lib/python3.6/site-packages/flask/app.py", line 1952, in full_dispatch_request
    return self.finalize_request(rv)
  File "/home/tom/.local/lib/python3.6/site-packages/flask/app.py", line 1967, in finalize_request
    response = self.make_response(rv)
  File "/home/tom/.local/lib/python3.6/site-packages/flask/app.py", line 2097, in make_response
    "The view function did not return a valid response. The"
TypeError: The view function did not return a valid response. The function either returned None or ended without a return statement.
[2019-09-28 20:59:12,377] ERROR in app: Exception on /ppl.php [POST]
Traceback (most recent call last):
  File "/home/tom/.local/lib/python3.6/site-packages/flask/app.py", line 2446, in wsgi_app
    response = self.full_dispatch_request()
  File "/home/tom/.local/lib/python3.6/site-packages/flask/app.py", line 1952, in full_dispatch_request
    return self.finalize_request(rv)
  File "/home/tom/.local/lib/python3.6/site-packages/flask/app.py", line 1967, in finalize_request
    response = self.make_response(rv)
  File "/home/tom/.local/lib/python3.6/site-packages/flask/app.py", line 2097, in make_response
    "The view function did not return a valid response. The"
TypeError: The view function did not return a valid response. The function either returned None or ended without a return statement.
[2019-09-28 20:59:12,686] ERROR in app: Exception on /tty.php [POST]
Traceback (most recent call last):
  File "/home/tom/.local/lib/python3.6/site-packages/flask/app.py", line 2446, in wsgi_app
    response = self.full_dispatch_request()
  File "/home/tom/.local/lib/python3.6/site-packages/flask/app.py", line 1952, in full_dispatch_request
    return self.finalize_request(rv)
  File "/home/tom/.local/lib/python3.6/site-packages/flask/app.py", line 1967, in finalize_request
    response = self.make_response(rv)
  File "/home/tom/.local/lib/python3.6/site-packages/flask/app.py", line 2097, in make_response
    "The view function did not return a valid response. The"
TypeError: The view function did not return a valid response. The function either returned None or ended without a return statement.
[2019-09-28 20:59:13,002] ERROR in app: Exception on /ooi.php [POST]
Traceback (most recent call last):
  File "/home/tom/.local/lib/python3.6/site-packages/flask/app.py", line 2446, in wsgi_app
    response = self.full_dispatch_request()
  File "/home/tom/.local/lib/python3.6/site-packages/flask/app.py", line 1952, in full_dispatch_request
    return self.finalize_request(rv)
  File "/home/tom/.local/lib/python3.6/site-packages/flask/app.py", line 1967, in finalize_request
    response = self.make_response(rv)
  File "/home/tom/.local/lib/python3.6/site-packages/flask/app.py", line 2097, in make_response
    "The view function did not return a valid response. The"
TypeError: The view function did not return a valid response. The function either returned None or ended without a return statement.
[2019-09-28 20:59:13,309] ERROR in app: Exception on /aap.php [POST]
Traceback (most recent call last):
  File "/home/tom/.local/lib/python3.6/site-packages/flask/app.py", line 2446, in wsgi_app
    response = self.full_dispatch_request()
  File "/home/tom/.local/lib/python3.6/site-packages/flask/app.py", line 1952, in full_dispatch_request
    return self.finalize_request(rv)
  File "/home/tom/.local/lib/python3.6/site-packages/flask/app.py", line 1967, in finalize_request
    response = self.make_response(rv)
  File "/home/tom/.local/lib/python3.6/site-packages/flask/app.py", line 2097, in make_response
    "The view function did not return a valid response. The"
TypeError: The view function did not return a valid response. The function either returned None or ended without a return statement.
[2019-09-28 20:59:13,616] ERROR in app: Exception on /app.php [POST]
Traceback (most recent call last):
  File "/home/tom/.local/lib/python3.6/site-packages/flask/app.py", line 2446, in wsgi_app
    response = self.full_dispatch_request()
  File "/home/tom/.local/lib/python3.6/site-packages/flask/app.py", line 1952, in full_dispatch_request
    return self.finalize_request(rv)
  File "/home/tom/.local/lib/python3.6/site-packages/flask/app.py", line 1967, in finalize_request
    response = self.make_response(rv)
  File "/home/tom/.local/lib/python3.6/site-packages/flask/app.py", line 2097, in make_response
    "The view function did not return a valid response. The"
TypeError: The view function did not return a valid response. The function either returned None or ended without a return statement.
[2019-09-28 20:59:13,924] ERROR in app: Exception on /bbr.php [POST]
Traceback (most recent call last):
  File "/home/tom/.local/lib/python3.6/site-packages/flask/app.py", line 2446, in wsgi_app
    response = self.full_dispatch_request()
  File "/home/tom/.local/lib/python3.6/site-packages/flask/app.py", line 1952, in full_dispatch_request
    return self.finalize_request(rv)
  File "/home/tom/.local/lib/python3.6/site-packages/flask/app.py", line 1967, in finalize_request
    response = self.make_response(rv)
  File "/home/tom/.local/lib/python3.6/site-packages/flask/app.py", line 2097, in make_response
    "The view function did not return a valid response. The"
TypeError: The view function did not return a valid response. The function either returned None or ended without a return statement.
[2019-09-28 20:59:14,231] ERROR in app: Exception on /ioi.php [POST]
Traceback (most recent call last):
  File "/home/tom/.local/lib/python3.6/site-packages/flask/app.py", line 2446, in wsgi_app
    response = self.full_dispatch_request()
  File "/home/tom/.local/lib/python3.6/site-packages/flask/app.py", line 1952, in full_dispatch_request
    return self.finalize_request(rv)
  File "/home/tom/.local/lib/python3.6/site-packages/flask/app.py", line 1967, in finalize_request
    response = self.make_response(rv)
  File "/home/tom/.local/lib/python3.6/site-packages/flask/app.py", line 2097, in make_response
    "The view function did not return a valid response. The"
TypeError: The view function did not return a valid response. The function either returned None or ended without a return statement.
[2019-09-28 20:59:14,540] ERROR in app: Exception on /uuu.php [POST]
Traceback (most recent call last):
  File "/home/tom/.local/lib/python3.6/site-packages/flask/app.py", line 2446, in wsgi_app
    response = self.full_dispatch_request()
  File "/home/tom/.local/lib/python3.6/site-packages/flask/app.py", line 1952, in full_dispatch_request
    return self.finalize_request(rv)
  File "/home/tom/.local/lib/python3.6/site-packages/flask/app.py", line 1967, in finalize_request
    response = self.make_response(rv)
  File "/home/tom/.local/lib/python3.6/site-packages/flask/app.py", line 2097, in make_response
    "The view function did not return a valid response. The"
TypeError: The view function did not return a valid response. The function either returned None or ended without a return statement.
[2019-09-28 20:59:14,848] ERROR in app: Exception on /yyy.php [POST]
Traceback (most recent call last):
  File "/home/tom/.local/lib/python3.6/site-packages/flask/app.py", line 2446, in wsgi_app
    response = self.full_dispatch_request()
  File "/home/tom/.local/lib/python3.6/site-packages/flask/app.py", line 1952, in full_dispatch_request
    return self.finalize_request(rv)
  File "/home/tom/.local/lib/python3.6/site-packages/flask/app.py", line 1967, in finalize_request
    response = self.make_response(rv)
  File "/home/tom/.local/lib/python3.6/site-packages/flask/app.py", line 2097, in make_response
    "The view function did not return a valid response. The"
TypeError: The view function did not return a valid response. The function either returned None or ended without a return statement.
[2019-09-28 20:59:15,153] ERROR in app: Exception on /ack.php [POST]
Traceback (most recent call last):
  File "/home/tom/.local/lib/python3.6/site-packages/flask/app.py", line 2446, in wsgi_app
    response = self.full_dispatch_request()
  File "/home/tom/.local/lib/python3.6/site-packages/flask/app.py", line 1952, in full_dispatch_request
    return self.finalize_request(rv)
  File "/home/tom/.local/lib/python3.6/site-packages/flask/app.py", line 1967, in finalize_request
    response = self.make_response(rv)
  File "/home/tom/.local/lib/python3.6/site-packages/flask/app.py", line 2097, in make_response
    "The view function did not return a valid response. The"
TypeError: The view function did not return a valid response. The function either returned None or ended without a return statement.
[2019-09-28 20:59:15,463] ERROR in app: Exception on /shh.php [POST]
Traceback (most recent call last):
  File "/home/tom/.local/lib/python3.6/site-packages/flask/app.py", line 2446, in wsgi_app
    response = self.full_dispatch_request()
  File "/home/tom/.local/lib/python3.6/site-packages/flask/app.py", line 1952, in full_dispatch_request
    return self.finalize_request(rv)
  File "/home/tom/.local/lib/python3.6/site-packages/flask/app.py", line 1967, in finalize_request
    response = self.make_response(rv)
  File "/home/tom/.local/lib/python3.6/site-packages/flask/app.py", line 2097, in make_response
    "The view function did not return a valid response. The"
TypeError: The view function did not return a valid response. The function either returned None or ended without a return statement.
[2019-09-28 20:59:15,770] ERROR in app: Exception on /ddd.php [POST]
Traceback (most recent call last):
  File "/home/tom/.local/lib/python3.6/site-packages/flask/app.py", line 2446, in wsgi_app
    response = self.full_dispatch_request()
  File "/home/tom/.local/lib/python3.6/site-packages/flask/app.py", line 1952, in full_dispatch_request
    return self.finalize_request(rv)
  File "/home/tom/.local/lib/python3.6/site-packages/flask/app.py", line 1967, in finalize_request
    response = self.make_response(rv)
  File "/home/tom/.local/lib/python3.6/site-packages/flask/app.py", line 2097, in make_response
    "The view function did not return a valid response. The"
TypeError: The view function did not return a valid response. The function either returned None or ended without a return statement.
[2019-09-28 20:59:16,077] ERROR in app: Exception on /nnn.php [POST]
Traceback (most recent call last):
  File "/home/tom/.local/lib/python3.6/site-packages/flask/app.py", line 2446, in wsgi_app
    response = self.full_dispatch_request()
  File "/home/tom/.local/lib/python3.6/site-packages/flask/app.py", line 1952, in full_dispatch_request
    return self.finalize_request(rv)
  File "/home/tom/.local/lib/python3.6/site-packages/flask/app.py", line 1967, in finalize_request
    response = self.make_response(rv)
  File "/home/tom/.local/lib/python3.6/site-packages/flask/app.py", line 2097, in make_response
    "The view function did not return a valid response. The"
TypeError: The view function did not return a valid response. The function either returned None or ended without a return statement.
[2019-09-28 20:59:16,386] ERROR in app: Exception on /rrr.php [POST]
Traceback (most recent call last):
  File "/home/tom/.local/lib/python3.6/site-packages/flask/app.py", line 2446, in wsgi_app
    response = self.full_dispatch_request()
  File "/home/tom/.local/lib/python3.6/site-packages/flask/app.py", line 1952, in full_dispatch_request
    return self.finalize_request(rv)
  File "/home/tom/.local/lib/python3.6/site-packages/flask/app.py", line 1967, in finalize_request
    response = self.make_response(rv)
  File "/home/tom/.local/lib/python3.6/site-packages/flask/app.py", line 2097, in make_response
    "The view function did not return a valid response. The"
TypeError: The view function did not return a valid response. The function either returned None or ended without a return statement.
[2019-09-28 20:59:16,693] ERROR in app: Exception on /ttt.php [POST]
Traceback (most recent call last):
  File "/home/tom/.local/lib/python3.6/site-packages/flask/app.py", line 2446, in wsgi_app
    response = self.full_dispatch_request()
  File "/home/tom/.local/lib/python3.6/site-packages/flask/app.py", line 1952, in full_dispatch_request
    return self.finalize_request(rv)
  File "/home/tom/.local/lib/python3.6/site-packages/flask/app.py", line 1967, in finalize_request
    response = self.make_response(rv)
  File "/home/tom/.local/lib/python3.6/site-packages/flask/app.py", line 2097, in make_response
    "The view function did not return a valid response. The"
TypeError: The view function did not return a valid response. The function either returned None or ended without a return statement.
[2019-09-28 20:59:17,001] ERROR in app: Exception on /bbqq.php [POST]
Traceback (most recent call last):
  File "/home/tom/.local/lib/python3.6/site-packages/flask/app.py", line 2446, in wsgi_app
    response = self.full_dispatch_request()
  File "/home/tom/.local/lib/python3.6/site-packages/flask/app.py", line 1952, in full_dispatch_request
    return self.finalize_request(rv)
  File "/home/tom/.local/lib/python3.6/site-packages/flask/app.py", line 1967, in finalize_request
    response = self.make_response(rv)
  File "/home/tom/.local/lib/python3.6/site-packages/flask/app.py", line 2097, in make_response
    "The view function did not return a valid response. The"
TypeError: The view function did not return a valid response. The function either returned None or ended without a return statement.
[2019-09-28 20:59:17,307] ERROR in app: Exception on /tyrant.php [POST]
Traceback (most recent call last):
  File "/home/tom/.local/lib/python3.6/site-packages/flask/app.py", line 2446, in wsgi_app
    response = self.full_dispatch_request()
  File "/home/tom/.local/lib/python3.6/site-packages/flask/app.py", line 1952, in full_dispatch_request
    return self.finalize_request(rv)
  File "/home/tom/.local/lib/python3.6/site-packages/flask/app.py", line 1967, in finalize_request
    response = self.make_response(rv)
  File "/home/tom/.local/lib/python3.6/site-packages/flask/app.py", line 2097, in make_response
    "The view function did not return a valid response. The"
TypeError: The view function did not return a valid response. The function either returned None or ended without a return statement.
[2019-09-28 20:59:17,615] ERROR in app: Exception on /qiqi.php [POST]
Traceback (most recent call last):
  File "/home/tom/.local/lib/python3.6/site-packages/flask/app.py", line 2446, in wsgi_app
    response = self.full_dispatch_request()
  File "/home/tom/.local/lib/python3.6/site-packages/flask/app.py", line 1952, in full_dispatch_request
    return self.finalize_request(rv)
  File "/home/tom/.local/lib/python3.6/site-packages/flask/app.py", line 1967, in finalize_request
    response = self.make_response(rv)
  File "/home/tom/.local/lib/python3.6/site-packages/flask/app.py", line 2097, in make_response
    "The view function did not return a valid response. The"
TypeError: The view function did not return a valid response. The function either returned None or ended without a return statement.
[2019-09-28 20:59:17,922] ERROR in app: Exception on /qiqi1.php [POST]
Traceback (most recent call last):
  File "/home/tom/.local/lib/python3.6/site-packages/flask/app.py", line 2446, in wsgi_app
    response = self.full_dispatch_request()
  File "/home/tom/.local/lib/python3.6/site-packages/flask/app.py", line 1952, in full_dispatch_request
    return self.finalize_request(rv)
  File "/home/tom/.local/lib/python3.6/site-packages/flask/app.py", line 1967, in finalize_request
    response = self.make_response(rv)
  File "/home/tom/.local/lib/python3.6/site-packages/flask/app.py", line 2097, in make_response
    "The view function did not return a valid response. The"
TypeError: The view function did not return a valid response. The function either returned None or ended without a return statement.
[2019-09-28 20:59:18,753] ERROR in app: Exception on /zhk.php [POST]
Traceback (most recent call last):
  File "/home/tom/.local/lib/python3.6/site-packages/flask/app.py", line 2446, in wsgi_app
    response = self.full_dispatch_request()
  File "/home/tom/.local/lib/python3.6/site-packages/flask/app.py", line 1952, in full_dispatch_request
    return self.finalize_request(rv)
  File "/home/tom/.local/lib/python3.6/site-packages/flask/app.py", line 1967, in finalize_request
    response = self.make_response(rv)
  File "/home/tom/.local/lib/python3.6/site-packages/flask/app.py", line 2097, in make_response
    "The view function did not return a valid response. The"
TypeError: The view function did not return a valid response. The function either returned None or ended without a return statement.
[2019-09-28 20:59:19,061] ERROR in app: Exception on /bbv.php [POST]
Traceback (most recent call last):
  File "/home/tom/.local/lib/python3.6/site-packages/flask/app.py", line 2446, in wsgi_app
    response = self.full_dispatch_request()
  File "/home/tom/.local/lib/python3.6/site-packages/flask/app.py", line 1952, in full_dispatch_request
    return self.finalize_request(rv)
  File "/home/tom/.local/lib/python3.6/site-packages/flask/app.py", line 1967, in finalize_request
    response = self.make_response(rv)
  File "/home/tom/.local/lib/python3.6/site-packages/flask/app.py", line 2097, in make_response
    "The view function did not return a valid response. The"
TypeError: The view function did not return a valid response. The function either returned None or ended without a return statement.
[2019-09-28 20:59:19,368] ERROR in app: Exception on /605.php [POST]
Traceback (most recent call last):
  File "/home/tom/.local/lib/python3.6/site-packages/flask/app.py", line 2446, in wsgi_app
    response = self.full_dispatch_request()
  File "/home/tom/.local/lib/python3.6/site-packages/flask/app.py", line 1952, in full_dispatch_request
    return self.finalize_request(rv)
  File "/home/tom/.local/lib/python3.6/site-packages/flask/app.py", line 1967, in finalize_request
    response = self.make_response(rv)
  File "/home/tom/.local/lib/python3.6/site-packages/flask/app.py", line 2097, in make_response
    "The view function did not return a valid response. The"
TypeError: The view function did not return a valid response. The function either returned None or ended without a return statement.
[2019-09-28 20:59:19,678] ERROR in app: Exception on /admin1.php [POST]
Traceback (most recent call last):
  File "/home/tom/.local/lib/python3.6/site-packages/flask/app.py", line 2446, in wsgi_app
    response = self.full_dispatch_request()
  File "/home/tom/.local/lib/python3.6/site-packages/flask/app.py", line 1952, in full_dispatch_request
    return self.finalize_request(rv)
  File "/home/tom/.local/lib/python3.6/site-packages/flask/app.py", line 1967, in finalize_request
    response = self.make_response(rv)
  File "/home/tom/.local/lib/python3.6/site-packages/flask/app.py", line 2097, in make_response
    "The view function did not return a valid response. The"
TypeError: The view function did not return a valid response. The function either returned None or ended without a return statement.
[2019-09-28 20:59:19,988] ERROR in app: Exception on /xi.php [POST]
Traceback (most recent call last):
  File "/home/tom/.local/lib/python3.6/site-packages/flask/app.py", line 2446, in wsgi_app
    response = self.full_dispatch_request()
  File "/home/tom/.local/lib/python3.6/site-packages/flask/app.py", line 1952, in full_dispatch_request
    return self.finalize_request(rv)
  File "/home/tom/.local/lib/python3.6/site-packages/flask/app.py", line 1967, in finalize_request
    response = self.make_response(rv)
  File "/home/tom/.local/lib/python3.6/site-packages/flask/app.py", line 2097, in make_response
    "The view function did not return a valid response. The"
TypeError: The view function did not return a valid response. The function either returned None or ended without a return statement.
[2019-09-28 20:59:20,905] ERROR in app: Exception on /999.php [POST]
Traceback (most recent call last):
  File "/home/tom/.local/lib/python3.6/site-packages/flask/app.py", line 2446, in wsgi_app
    response = self.full_dispatch_request()
  File "/home/tom/.local/lib/python3.6/site-packages/flask/app.py", line 1952, in full_dispatch_request
    return self.finalize_request(rv)
  File "/home/tom/.local/lib/python3.6/site-packages/flask/app.py", line 1967, in finalize_request
    response = self.make_response(rv)
  File "/home/tom/.local/lib/python3.6/site-packages/flask/app.py", line 2097, in make_response
    "The view function did not return a valid response. The"
TypeError: The view function did not return a valid response. The function either returned None or ended without a return statement.
[2019-09-28 20:59:21,213] ERROR in app: Exception on /jsc.php [POST]
Traceback (most recent call last):
  File "/home/tom/.local/lib/python3.6/site-packages/flask/app.py", line 2446, in wsgi_app
    response = self.full_dispatch_request()
  File "/home/tom/.local/lib/python3.6/site-packages/flask/app.py", line 1952, in full_dispatch_request
    return self.finalize_request(rv)
  File "/home/tom/.local/lib/python3.6/site-packages/flask/app.py", line 1967, in finalize_request
    response = self.make_response(rv)
  File "/home/tom/.local/lib/python3.6/site-packages/flask/app.py", line 2097, in make_response
    "The view function did not return a valid response. The"
TypeError: The view function did not return a valid response. The function either returned None or ended without a return statement.
[2019-09-28 20:59:22,017] ERROR in app: Exception on /jsc.php.php [POST]
Traceback (most recent call last):
  File "/home/tom/.local/lib/python3.6/site-packages/flask/app.py", line 2446, in wsgi_app
    response = self.full_dispatch_request()
  File "/home/tom/.local/lib/python3.6/site-packages/flask/app.py", line 1952, in full_dispatch_request
    return self.finalize_request(rv)
  File "/home/tom/.local/lib/python3.6/site-packages/flask/app.py", line 1967, in finalize_request
    response = self.make_response(rv)
  File "/home/tom/.local/lib/python3.6/site-packages/flask/app.py", line 2097, in make_response
    "The view function did not return a valid response. The"
TypeError: The view function did not return a valid response. The function either returned None or ended without a return statement.
[2019-09-28 20:59:22,858] ERROR in app: Exception on /jsc.php [POST]
Traceback (most recent call last):
  File "/home/tom/.local/lib/python3.6/site-packages/flask/app.py", line 2446, in wsgi_app
    response = self.full_dispatch_request()
  File "/home/tom/.local/lib/python3.6/site-packages/flask/app.py", line 1952, in full_dispatch_request
    return self.finalize_request(rv)
  File "/home/tom/.local/lib/python3.6/site-packages/flask/app.py", line 1967, in finalize_request
    response = self.make_response(rv)
  File "/home/tom/.local/lib/python3.6/site-packages/flask/app.py", line 2097, in make_response
    "The view function did not return a valid response. The"
TypeError: The view function did not return a valid response. The function either returned None or ended without a return statement.
[2019-09-28 20:59:23,165] ERROR in app: Exception on /11a.php [POST]
Traceback (most recent call last):
  File "/home/tom/.local/lib/python3.6/site-packages/flask/app.py", line 2446, in wsgi_app
    response = self.full_dispatch_request()
  File "/home/tom/.local/lib/python3.6/site-packages/flask/app.py", line 1952, in full_dispatch_request
    return self.finalize_request(rv)
  File "/home/tom/.local/lib/python3.6/site-packages/flask/app.py", line 1967, in finalize_request
    response = self.make_response(rv)
  File "/home/tom/.local/lib/python3.6/site-packages/flask/app.py", line 2097, in make_response
    "The view function did not return a valid response. The"
TypeError: The view function did not return a valid response. The function either returned None or ended without a return statement.
[2019-09-28 20:59:23,472] ERROR in app: Exception on /kkl.php [POST]
Traceback (most recent call last):
  File "/home/tom/.local/lib/python3.6/site-packages/flask/app.py", line 2446, in wsgi_app
    response = self.full_dispatch_request()
  File "/home/tom/.local/lib/python3.6/site-packages/flask/app.py", line 1952, in full_dispatch_request
    return self.finalize_request(rv)
  File "/home/tom/.local/lib/python3.6/site-packages/flask/app.py", line 1967, in finalize_request
    response = self.make_response(rv)
  File "/home/tom/.local/lib/python3.6/site-packages/flask/app.py", line 2097, in make_response
    "The view function did not return a valid response. The"
TypeError: The view function did not return a valid response. The function either returned None or ended without a return statement.
[2019-09-28 20:59:23,778] ERROR in app: Exception on /ks1.php [POST]
Traceback (most recent call last):
  File "/home/tom/.local/lib/python3.6/site-packages/flask/app.py", line 2446, in wsgi_app
    response = self.full_dispatch_request()
  File "/home/tom/.local/lib/python3.6/site-packages/flask/app.py", line 1952, in full_dispatch_request
    return self.finalize_request(rv)
  File "/home/tom/.local/lib/python3.6/site-packages/flask/app.py", line 1967, in finalize_request
    response = self.make_response(rv)
  File "/home/tom/.local/lib/python3.6/site-packages/flask/app.py", line 2097, in make_response
    "The view function did not return a valid response. The"
TypeError: The view function did not return a valid response. The function either returned None or ended without a return statement.
[2019-09-28 20:59:24,087] ERROR in app: Exception on /ooo.php [POST]
Traceback (most recent call last):
  File "/home/tom/.local/lib/python3.6/site-packages/flask/app.py", line 2446, in wsgi_app
    response = self.full_dispatch_request()
  File "/home/tom/.local/lib/python3.6/site-packages/flask/app.py", line 1952, in full_dispatch_request
    return self.finalize_request(rv)
  File "/home/tom/.local/lib/python3.6/site-packages/flask/app.py", line 1967, in finalize_request
    response = self.make_response(rv)
  File "/home/tom/.local/lib/python3.6/site-packages/flask/app.py", line 2097, in make_response
    "The view function did not return a valid response. The"
TypeError: The view function did not return a valid response. The function either returned None or ended without a return statement.
[2019-09-28 20:59:24,394] ERROR in app: Exception on /wsx.php [POST]
Traceback (most recent call last):
  File "/home/tom/.local/lib/python3.6/site-packages/flask/app.py", line 2446, in wsgi_app
    response = self.full_dispatch_request()
  File "/home/tom/.local/lib/python3.6/site-packages/flask/app.py", line 1952, in full_dispatch_request
    return self.finalize_request(rv)
  File "/home/tom/.local/lib/python3.6/site-packages/flask/app.py", line 1967, in finalize_request
    response = self.make_response(rv)
  File "/home/tom/.local/lib/python3.6/site-packages/flask/app.py", line 2097, in make_response
    "The view function did not return a valid response. The"
TypeError: The view function did not return a valid response. The function either returned None or ended without a return statement.
[2019-09-28 20:59:24,702] ERROR in app: Exception on /lz.php [POST]
Traceback (most recent call last):
  File "/home/tom/.local/lib/python3.6/site-packages/flask/app.py", line 2446, in wsgi_app
    response = self.full_dispatch_request()
  File "/home/tom/.local/lib/python3.6/site-packages/flask/app.py", line 1952, in full_dispatch_request
    return self.finalize_request(rv)
  File "/home/tom/.local/lib/python3.6/site-packages/flask/app.py", line 1967, in finalize_request
    response = self.make_response(rv)
  File "/home/tom/.local/lib/python3.6/site-packages/flask/app.py", line 2097, in make_response
    "The view function did not return a valid response. The"
TypeError: The view function did not return a valid response. The function either returned None or ended without a return statement.
[2019-09-28 20:59:25,537] ERROR in app: Exception on /zmp.php [POST]
Traceback (most recent call last):
  File "/home/tom/.local/lib/python3.6/site-packages/flask/app.py", line 2446, in wsgi_app
    response = self.full_dispatch_request()
  File "/home/tom/.local/lib/python3.6/site-packages/flask/app.py", line 1952, in full_dispatch_request
    return self.finalize_request(rv)
  File "/home/tom/.local/lib/python3.6/site-packages/flask/app.py", line 1967, in finalize_request
    response = self.make_response(rv)
  File "/home/tom/.local/lib/python3.6/site-packages/flask/app.py", line 2097, in make_response
    "The view function did not return a valid response. The"
TypeError: The view function did not return a valid response. The function either returned None or ended without a return statement.
[2019-09-28 20:59:25,844] ERROR in app: Exception on /803.php [POST]
Traceback (most recent call last):
  File "/home/tom/.local/lib/python3.6/site-packages/flask/app.py", line 2446, in wsgi_app
    response = self.full_dispatch_request()
  File "/home/tom/.local/lib/python3.6/site-packages/flask/app.py", line 1952, in full_dispatch_request
    return self.finalize_request(rv)
  File "/home/tom/.local/lib/python3.6/site-packages/flask/app.py", line 1967, in finalize_request
    response = self.make_response(rv)
  File "/home/tom/.local/lib/python3.6/site-packages/flask/app.py", line 2097, in make_response
    "The view function did not return a valid response. The"
TypeError: The view function did not return a valid response. The function either returned None or ended without a return statement.
[2019-09-28 20:59:26,152] ERROR in app: Exception on /zzz.php [POST]
Traceback (most recent call last):
  File "/home/tom/.local/lib/python3.6/site-packages/flask/app.py", line 2446, in wsgi_app
    response = self.full_dispatch_request()
  File "/home/tom/.local/lib/python3.6/site-packages/flask/app.py", line 1952, in full_dispatch_request
    return self.finalize_request(rv)
  File "/home/tom/.local/lib/python3.6/site-packages/flask/app.py", line 1967, in finalize_request
    response = self.make_response(rv)
  File "/home/tom/.local/lib/python3.6/site-packages/flask/app.py", line 2097, in make_response
    "The view function did not return a valid response. The"
TypeError: The view function did not return a valid response. The function either returned None or ended without a return statement.
[2019-09-28 20:59:26,459] ERROR in app: Exception on /ze.php [POST]
Traceback (most recent call last):
  File "/home/tom/.local/lib/python3.6/site-packages/flask/app.py", line 2446, in wsgi_app
    response = self.full_dispatch_request()
  File "/home/tom/.local/lib/python3.6/site-packages/flask/app.py", line 1952, in full_dispatch_request
    return self.finalize_request(rv)
  File "/home/tom/.local/lib/python3.6/site-packages/flask/app.py", line 1967, in finalize_request
    response = self.make_response(rv)
  File "/home/tom/.local/lib/python3.6/site-packages/flask/app.py", line 2097, in make_response
    "The view function did not return a valid response. The"
TypeError: The view function did not return a valid response. The function either returned None or ended without a return statement.
[2019-09-28 20:59:26,766] ERROR in app: Exception on /nnb.php [POST]
Traceback (most recent call last):
  File "/home/tom/.local/lib/python3.6/site-packages/flask/app.py", line 2446, in wsgi_app
    response = self.full_dispatch_request()
  File "/home/tom/.local/lib/python3.6/site-packages/flask/app.py", line 1952, in full_dispatch_request
    return self.finalize_request(rv)
  File "/home/tom/.local/lib/python3.6/site-packages/flask/app.py", line 1967, in finalize_request
    response = self.make_response(rv)
  File "/home/tom/.local/lib/python3.6/site-packages/flask/app.py", line 2097, in make_response
    "The view function did not return a valid response. The"
TypeError: The view function did not return a valid response. The function either returned None or ended without a return statement.
[2019-09-28 20:59:27,587] ERROR in app: Exception on /lkio.php [POST]
Traceback (most recent call last):
  File "/home/tom/.local/lib/python3.6/site-packages/flask/app.py", line 2446, in wsgi_app
    response = self.full_dispatch_request()
  File "/home/tom/.local/lib/python3.6/site-packages/flask/app.py", line 1952, in full_dispatch_request
    return self.finalize_request(rv)
  File "/home/tom/.local/lib/python3.6/site-packages/flask/app.py", line 1967, in finalize_request
    response = self.make_response(rv)
  File "/home/tom/.local/lib/python3.6/site-packages/flask/app.py", line 2097, in make_response
    "The view function did not return a valid response. The"
TypeError: The view function did not return a valid response. The function either returned None or ended without a return statement.
[2019-09-28 20:59:27,896] ERROR in app: Exception on /mm.php [POST]
Traceback (most recent call last):
  File "/home/tom/.local/lib/python3.6/site-packages/flask/app.py", line 2446, in wsgi_app
    response = self.full_dispatch_request()
  File "/home/tom/.local/lib/python3.6/site-packages/flask/app.py", line 1952, in full_dispatch_request
    return self.finalize_request(rv)
  File "/home/tom/.local/lib/python3.6/site-packages/flask/app.py", line 1967, in finalize_request
    response = self.make_response(rv)
  File "/home/tom/.local/lib/python3.6/site-packages/flask/app.py", line 2097, in make_response
    "The view function did not return a valid response. The"
TypeError: The view function did not return a valid response. The function either returned None or ended without a return statement.
[2019-09-28 20:59:28,717] ERROR in app: Exception on /mmp.php [POST]
Traceback (most recent call last):
  File "/home/tom/.local/lib/python3.6/site-packages/flask/app.py", line 2446, in wsgi_app
    response = self.full_dispatch_request()
  File "/home/tom/.local/lib/python3.6/site-packages/flask/app.py", line 1952, in full_dispatch_request
    return self.finalize_request(rv)
  File "/home/tom/.local/lib/python3.6/site-packages/flask/app.py", line 1967, in finalize_request
    response = self.make_response(rv)
  File "/home/tom/.local/lib/python3.6/site-packages/flask/app.py", line 2097, in make_response
    "The view function did not return a valid response. The"
TypeError: The view function did not return a valid response. The function either returned None or ended without a return statement.
[2019-09-28 20:59:29,026] ERROR in app: Exception on /hades.php [POST]
Traceback (most recent call last):
  File "/home/tom/.local/lib/python3.6/site-packages/flask/app.py", line 2446, in wsgi_app
    response = self.full_dispatch_request()
  File "/home/tom/.local/lib/python3.6/site-packages/flask/app.py", line 1952, in full_dispatch_request
    return self.finalize_request(rv)
  File "/home/tom/.local/lib/python3.6/site-packages/flask/app.py", line 1967, in finalize_request
    response = self.make_response(rv)
  File "/home/tom/.local/lib/python3.6/site-packages/flask/app.py", line 2097, in make_response
    "The view function did not return a valid response. The"
TypeError: The view function did not return a valid response. The function either returned None or ended without a return statement.
[2019-09-28 20:59:29,334] ERROR in app: Exception on /muma.php [POST]
Traceback (most recent call last):
  File "/home/tom/.local/lib/python3.6/site-packages/flask/app.py", line 2446, in wsgi_app
    response = self.full_dispatch_request()
  File "/home/tom/.local/lib/python3.6/site-packages/flask/app.py", line 1952, in full_dispatch_request
    return self.finalize_request(rv)
  File "/home/tom/.local/lib/python3.6/site-packages/flask/app.py", line 1967, in finalize_request
    response = self.make_response(rv)
  File "/home/tom/.local/lib/python3.6/site-packages/flask/app.py", line 2097, in make_response
    "The view function did not return a valid response. The"
TypeError: The view function did not return a valid response. The function either returned None or ended without a return statement.
[2019-09-28 20:59:29,644] ERROR in app: Exception on /shell.php [POST]
Traceback (most recent call last):
  File "/home/tom/.local/lib/python3.6/site-packages/flask/app.py", line 2446, in wsgi_app
    response = self.full_dispatch_request()
  File "/home/tom/.local/lib/python3.6/site-packages/flask/app.py", line 1952, in full_dispatch_request
    return self.finalize_request(rv)
  File "/home/tom/.local/lib/python3.6/site-packages/flask/app.py", line 1967, in finalize_request
    response = self.make_response(rv)
  File "/home/tom/.local/lib/python3.6/site-packages/flask/app.py", line 2097, in make_response
    "The view function did not return a valid response. The"
TypeError: The view function did not return a valid response. The function either returned None or ended without a return statement.
[2019-09-28 20:59:29,951] ERROR in app: Exception on /zza.php [POST]
Traceback (most recent call last):
  File "/home/tom/.local/lib/python3.6/site-packages/flask/app.py", line 2446, in wsgi_app
    response = self.full_dispatch_request()
  File "/home/tom/.local/lib/python3.6/site-packages/flask/app.py", line 1952, in full_dispatch_request
    return self.finalize_request(rv)
  File "/home/tom/.local/lib/python3.6/site-packages/flask/app.py", line 1967, in finalize_request
    response = self.make_response(rv)
  File "/home/tom/.local/lib/python3.6/site-packages/flask/app.py", line 2097, in make_response
    "The view function did not return a valid response. The"
TypeError: The view function did not return a valid response. The function either returned None or ended without a return statement.
[2019-09-28 20:59:30,261] ERROR in app: Exception on /ag.php [POST]
Traceback (most recent call last):
  File "/home/tom/.local/lib/python3.6/site-packages/flask/app.py", line 2446, in wsgi_app
    response = self.full_dispatch_request()
  File "/home/tom/.local/lib/python3.6/site-packages/flask/app.py", line 1952, in full_dispatch_request
    return self.finalize_request(rv)
  File "/home/tom/.local/lib/python3.6/site-packages/flask/app.py", line 1967, in finalize_request
    response = self.make_response(rv)
  File "/home/tom/.local/lib/python3.6/site-packages/flask/app.py", line 2097, in make_response
    "The view function did not return a valid response. The"
TypeError: The view function did not return a valid response. The function either returned None or ended without a return statement.
[2019-09-28 20:59:30,867] ERROR in app: Exception on /my.php [POST]
Traceback (most recent call last):
  File "/home/tom/.local/lib/python3.6/site-packages/flask/app.py", line 2446, in wsgi_app
    response = self.full_dispatch_request()
  File "/home/tom/.local/lib/python3.6/site-packages/flask/app.py", line 1952, in full_dispatch_request
    return self.finalize_request(rv)
  File "/home/tom/.local/lib/python3.6/site-packages/flask/app.py", line 1967, in finalize_request
    response = self.make_response(rv)
  File "/home/tom/.local/lib/python3.6/site-packages/flask/app.py", line 2097, in make_response
    "The view function did not return a valid response. The"
TypeError: The view function did not return a valid response. The function either returned None or ended without a return statement.
[2019-09-28 20:59:31,174] ERROR in app: Exception on /aa.php [POST]
Traceback (most recent call last):
  File "/home/tom/.local/lib/python3.6/site-packages/flask/app.py", line 2446, in wsgi_app
    response = self.full_dispatch_request()
  File "/home/tom/.local/lib/python3.6/site-packages/flask/app.py", line 1952, in full_dispatch_request
    return self.finalize_request(rv)
  File "/home/tom/.local/lib/python3.6/site-packages/flask/app.py", line 1967, in finalize_request
    response = self.make_response(rv)
  File "/home/tom/.local/lib/python3.6/site-packages/flask/app.py", line 2097, in make_response
    "The view function did not return a valid response. The"
TypeError: The view function did not return a valid response. The function either returned None or ended without a return statement.
[2019-09-28 20:59:32,289] ERROR in app: Exception on /qq.php [POST]
Traceback (most recent call last):
  File "/home/tom/.local/lib/python3.6/site-packages/flask/app.py", line 2446, in wsgi_app
    response = self.full_dispatch_request()
  File "/home/tom/.local/lib/python3.6/site-packages/flask/app.py", line 1952, in full_dispatch_request
    return self.finalize_request(rv)
  File "/home/tom/.local/lib/python3.6/site-packages/flask/app.py", line 1967, in finalize_request
    response = self.make_response(rv)
  File "/home/tom/.local/lib/python3.6/site-packages/flask/app.py", line 2097, in make_response
    "The view function did not return a valid response. The"
TypeError: The view function did not return a valid response. The function either returned None or ended without a return statement.
[2019-09-28 20:59:32,595] ERROR in app: Exception on /config.php [POST]
Traceback (most recent call last):
  File "/home/tom/.local/lib/python3.6/site-packages/flask/app.py", line 2446, in wsgi_app
    response = self.full_dispatch_request()
  File "/home/tom/.local/lib/python3.6/site-packages/flask/app.py", line 1952, in full_dispatch_request
    return self.finalize_request(rv)
  File "/home/tom/.local/lib/python3.6/site-packages/flask/app.py", line 1967, in finalize_request
    response = self.make_response(rv)
  File "/home/tom/.local/lib/python3.6/site-packages/flask/app.py", line 2097, in make_response
    "The view function did not return a valid response. The"
TypeError: The view function did not return a valid response. The function either returned None or ended without a return statement.
[2019-09-28 20:59:32,902] ERROR in app: Exception on /1.php [POST]
Traceback (most recent call last):
  File "/home/tom/.local/lib/python3.6/site-packages/flask/app.py", line 2446, in wsgi_app
    response = self.full_dispatch_request()
  File "/home/tom/.local/lib/python3.6/site-packages/flask/app.py", line 1952, in full_dispatch_request
    return self.finalize_request(rv)
  File "/home/tom/.local/lib/python3.6/site-packages/flask/app.py", line 1967, in finalize_request
    response = self.make_response(rv)
  File "/home/tom/.local/lib/python3.6/site-packages/flask/app.py", line 2097, in make_response
    "The view function did not return a valid response. The"
TypeError: The view function did not return a valid response. The function either returned None or ended without a return statement.
[2019-09-28 20:59:33,208] ERROR in app: Exception on /1.php [POST]
Traceback (most recent call last):
  File "/home/tom/.local/lib/python3.6/site-packages/flask/app.py", line 2446, in wsgi_app
    response = self.full_dispatch_request()
  File "/home/tom/.local/lib/python3.6/site-packages/flask/app.py", line 1952, in full_dispatch_request
    return self.finalize_request(rv)
  File "/home/tom/.local/lib/python3.6/site-packages/flask/app.py", line 1967, in finalize_request
    response = self.make_response(rv)
  File "/home/tom/.local/lib/python3.6/site-packages/flask/app.py", line 2097, in make_response
    "The view function did not return a valid response. The"
TypeError: The view function did not return a valid response. The function either returned None or ended without a return statement.
[2019-09-28 20:59:33,518] ERROR in app: Exception on /miao.php [POST]
Traceback (most recent call last):
  File "/home/tom/.local/lib/python3.6/site-packages/flask/app.py", line 2446, in wsgi_app
    response = self.full_dispatch_request()
  File "/home/tom/.local/lib/python3.6/site-packages/flask/app.py", line 1952, in full_dispatch_request
    return self.finalize_request(rv)
  File "/home/tom/.local/lib/python3.6/site-packages/flask/app.py", line 1967, in finalize_request
    response = self.make_response(rv)
  File "/home/tom/.local/lib/python3.6/site-packages/flask/app.py", line 2097, in make_response
    "The view function did not return a valid response. The"
TypeError: The view function did not return a valid response. The function either returned None or ended without a return statement.
[2019-09-28 20:59:33,825] ERROR in app: Exception on /j.php [POST]
Traceback (most recent call last):
  File "/home/tom/.local/lib/python3.6/site-packages/flask/app.py", line 2446, in wsgi_app
    response = self.full_dispatch_request()
  File "/home/tom/.local/lib/python3.6/site-packages/flask/app.py", line 1952, in full_dispatch_request
    return self.finalize_request(rv)
  File "/home/tom/.local/lib/python3.6/site-packages/flask/app.py", line 1967, in finalize_request
    response = self.make_response(rv)
  File "/home/tom/.local/lib/python3.6/site-packages/flask/app.py", line 2097, in make_response
    "The view function did not return a valid response. The"
TypeError: The view function did not return a valid response. The function either returned None or ended without a return statement.
[2019-09-28 20:59:34,132] ERROR in app: Exception on /cc.php [POST]
Traceback (most recent call last):
  File "/home/tom/.local/lib/python3.6/site-packages/flask/app.py", line 2446, in wsgi_app
    response = self.full_dispatch_request()
  File "/home/tom/.local/lib/python3.6/site-packages/flask/app.py", line 1952, in full_dispatch_request
    return self.finalize_request(rv)
  File "/home/tom/.local/lib/python3.6/site-packages/flask/app.py", line 1967, in finalize_request
    response = self.make_response(rv)
  File "/home/tom/.local/lib/python3.6/site-packages/flask/app.py", line 2097, in make_response
    "The view function did not return a valid response. The"
TypeError: The view function did not return a valid response. The function either returned None or ended without a return statement.
[2019-09-28 20:59:34,438] ERROR in app: Exception on /xiaodai.php [POST]
Traceback (most recent call last):
  File "/home/tom/.local/lib/python3.6/site-packages/flask/app.py", line 2446, in wsgi_app
    response = self.full_dispatch_request()
  File "/home/tom/.local/lib/python3.6/site-packages/flask/app.py", line 1952, in full_dispatch_request
    return self.finalize_request(rv)
  File "/home/tom/.local/lib/python3.6/site-packages/flask/app.py", line 1967, in finalize_request
    response = self.make_response(rv)
  File "/home/tom/.local/lib/python3.6/site-packages/flask/app.py", line 2097, in make_response
    "The view function did not return a valid response. The"
TypeError: The view function did not return a valid response. The function either returned None or ended without a return statement.
[2019-09-28 20:59:34,745] ERROR in app: Exception on /db.init.php [POST]
Traceback (most recent call last):
  File "/home/tom/.local/lib/python3.6/site-packages/flask/app.py", line 2446, in wsgi_app
    response = self.full_dispatch_request()
  File "/home/tom/.local/lib/python3.6/site-packages/flask/app.py", line 1952, in full_dispatch_request
    return self.finalize_request(rv)
  File "/home/tom/.local/lib/python3.6/site-packages/flask/app.py", line 1967, in finalize_request
    response = self.make_response(rv)
  File "/home/tom/.local/lib/python3.6/site-packages/flask/app.py", line 2097, in make_response
    "The view function did not return a valid response. The"
TypeError: The view function did not return a valid response. The function either returned None or ended without a return statement.
[2019-09-28 20:59:35,053] ERROR in app: Exception on /db_session.init.php [POST]
Traceback (most recent call last):
  File "/home/tom/.local/lib/python3.6/site-packages/flask/app.py", line 2446, in wsgi_app
    response = self.full_dispatch_request()
  File "/home/tom/.local/lib/python3.6/site-packages/flask/app.py", line 1952, in full_dispatch_request
    return self.finalize_request(rv)
  File "/home/tom/.local/lib/python3.6/site-packages/flask/app.py", line 1967, in finalize_request
    response = self.make_response(rv)
  File "/home/tom/.local/lib/python3.6/site-packages/flask/app.py", line 2097, in make_response
    "The view function did not return a valid response. The"
TypeError: The view function did not return a valid response. The function either returned None or ended without a return statement.
[2019-09-28 20:59:36,449] ERROR in app: Exception on /db__.init.php [POST]
Traceback (most recent call last):
  File "/home/tom/.local/lib/python3.6/site-packages/flask/app.py", line 2446, in wsgi_app
    response = self.full_dispatch_request()
  File "/home/tom/.local/lib/python3.6/site-packages/flask/app.py", line 1952, in full_dispatch_request
    return self.finalize_request(rv)
  File "/home/tom/.local/lib/python3.6/site-packages/flask/app.py", line 1967, in finalize_request
    response = self.make_response(rv)
  File "/home/tom/.local/lib/python3.6/site-packages/flask/app.py", line 2097, in make_response
    "The view function did not return a valid response. The"
TypeError: The view function did not return a valid response. The function either returned None or ended without a return statement.
[2019-09-28 20:59:36,757] ERROR in app: Exception on /wp-admins.php [POST]
Traceback (most recent call last):
  File "/home/tom/.local/lib/python3.6/site-packages/flask/app.py", line 2446, in wsgi_app
    response = self.full_dispatch_request()
  File "/home/tom/.local/lib/python3.6/site-packages/flask/app.py", line 1952, in full_dispatch_request
    return self.finalize_request(rv)
  File "/home/tom/.local/lib/python3.6/site-packages/flask/app.py", line 1967, in finalize_request
    response = self.make_response(rv)
  File "/home/tom/.local/lib/python3.6/site-packages/flask/app.py", line 2097, in make_response
    "The view function did not return a valid response. The"
TypeError: The view function did not return a valid response. The function either returned None or ended without a return statement.
[2019-09-28 20:59:37,065] ERROR in app: Exception on /m.php [POST]
Traceback (most recent call last):
  File "/home/tom/.local/lib/python3.6/site-packages/flask/app.py", line 2446, in wsgi_app
    response = self.full_dispatch_request()
  File "/home/tom/.local/lib/python3.6/site-packages/flask/app.py", line 1952, in full_dispatch_request
    return self.finalize_request(rv)
  File "/home/tom/.local/lib/python3.6/site-packages/flask/app.py", line 1967, in finalize_request
    response = self.make_response(rv)
  File "/home/tom/.local/lib/python3.6/site-packages/flask/app.py", line 2097, in make_response
    "The view function did not return a valid response. The"
TypeError: The view function did not return a valid response. The function either returned None or ended without a return statement.
[2019-09-28 20:59:37,373] ERROR in app: Exception on /error.php [POST]
Traceback (most recent call last):
  File "/home/tom/.local/lib/python3.6/site-packages/flask/app.py", line 2446, in wsgi_app
    response = self.full_dispatch_request()
  File "/home/tom/.local/lib/python3.6/site-packages/flask/app.py", line 1952, in full_dispatch_request
    return self.finalize_request(rv)
  File "/home/tom/.local/lib/python3.6/site-packages/flask/app.py", line 1967, in finalize_request
    response = self.make_response(rv)
  File "/home/tom/.local/lib/python3.6/site-packages/flask/app.py", line 2097, in make_response
    "The view function did not return a valid response. The"
TypeError: The view function did not return a valid response. The function either returned None or ended without a return statement.
[2019-09-28 20:59:37,679] ERROR in app: Exception on /099.php [POST]
Traceback (most recent call last):
  File "/home/tom/.local/lib/python3.6/site-packages/flask/app.py", line 2446, in wsgi_app
    response = self.full_dispatch_request()
  File "/home/tom/.local/lib/python3.6/site-packages/flask/app.py", line 1952, in full_dispatch_request
    return self.finalize_request(rv)
  File "/home/tom/.local/lib/python3.6/site-packages/flask/app.py", line 1967, in finalize_request
    response = self.make_response(rv)
  File "/home/tom/.local/lib/python3.6/site-packages/flask/app.py", line 2097, in make_response
    "The view function did not return a valid response. The"
TypeError: The view function did not return a valid response. The function either returned None or ended without a return statement.
[2019-09-28 20:59:37,985] ERROR in app: Exception on /_404.php [POST]
Traceback (most recent call last):
  File "/home/tom/.local/lib/python3.6/site-packages/flask/app.py", line 2446, in wsgi_app
    response = self.full_dispatch_request()
  File "/home/tom/.local/lib/python3.6/site-packages/flask/app.py", line 1952, in full_dispatch_request
    return self.finalize_request(rv)
  File "/home/tom/.local/lib/python3.6/site-packages/flask/app.py", line 1967, in finalize_request
    response = self.make_response(rv)
  File "/home/tom/.local/lib/python3.6/site-packages/flask/app.py", line 2097, in make_response
    "The view function did not return a valid response. The"
TypeError: The view function did not return a valid response. The function either returned None or ended without a return statement.
[2019-09-28 20:59:38,292] ERROR in app: Exception on /Alarg53.php [POST]
Traceback (most recent call last):
  File "/home/tom/.local/lib/python3.6/site-packages/flask/app.py", line 2446, in wsgi_app
    response = self.full_dispatch_request()
  File "/home/tom/.local/lib/python3.6/site-packages/flask/app.py", line 1952, in full_dispatch_request
    return self.finalize_request(rv)
  File "/home/tom/.local/lib/python3.6/site-packages/flask/app.py", line 1967, in finalize_request
    response = self.make_response(rv)
  File "/home/tom/.local/lib/python3.6/site-packages/flask/app.py", line 2097, in make_response
    "The view function did not return a valid response. The"
TypeError: The view function did not return a valid response. The function either returned None or ended without a return statement.
[2019-09-28 20:59:38,599] ERROR in app: Exception on /lapan.php [POST]
Traceback (most recent call last):
  File "/home/tom/.local/lib/python3.6/site-packages/flask/app.py", line 2446, in wsgi_app
    response = self.full_dispatch_request()
  File "/home/tom/.local/lib/python3.6/site-packages/flask/app.py", line 1952, in full_dispatch_request
    return self.finalize_request(rv)
  File "/home/tom/.local/lib/python3.6/site-packages/flask/app.py", line 1967, in finalize_request
    response = self.make_response(rv)
  File "/home/tom/.local/lib/python3.6/site-packages/flask/app.py", line 2097, in make_response
    "The view function did not return a valid response. The"
TypeError: The view function did not return a valid response. The function either returned None or ended without a return statement.
[2019-09-28 20:59:38,907] ERROR in app: Exception on /p34ky1337.php [POST]
Traceback (most recent call last):
  File "/home/tom/.local/lib/python3.6/site-packages/flask/app.py", line 2446, in wsgi_app
    response = self.full_dispatch_request()
  File "/home/tom/.local/lib/python3.6/site-packages/flask/app.py", line 1952, in full_dispatch_request
    return self.finalize_request(rv)
  File "/home/tom/.local/lib/python3.6/site-packages/flask/app.py", line 1967, in finalize_request
    response = self.make_response(rv)
  File "/home/tom/.local/lib/python3.6/site-packages/flask/app.py", line 2097, in make_response
    "The view function did not return a valid response. The"
TypeError: The view function did not return a valid response. The function either returned None or ended without a return statement.
[2019-09-28 20:59:39,214] ERROR in app: Exception on /pk1914.php [POST]
Traceback (most recent call last):
  File "/home/tom/.local/lib/python3.6/site-packages/flask/app.py", line 2446, in wsgi_app
    response = self.full_dispatch_request()
  File "/home/tom/.local/lib/python3.6/site-packages/flask/app.py", line 1952, in full_dispatch_request
    return self.finalize_request(rv)
  File "/home/tom/.local/lib/python3.6/site-packages/flask/app.py", line 1967, in finalize_request
    response = self.make_response(rv)
  File "/home/tom/.local/lib/python3.6/site-packages/flask/app.py", line 2097, in make_response
    "The view function did not return a valid response. The"
TypeError: The view function did not return a valid response. The function either returned None or ended without a return statement.
[2019-09-28 20:59:39,520] ERROR in app: Exception on /sllolx.php [POST]
Traceback (most recent call last):
  File "/home/tom/.local/lib/python3.6/site-packages/flask/app.py", line 2446, in wsgi_app
    response = self.full_dispatch_request()
  File "/home/tom/.local/lib/python3.6/site-packages/flask/app.py", line 1952, in full_dispatch_request
    return self.finalize_request(rv)
  File "/home/tom/.local/lib/python3.6/site-packages/flask/app.py", line 1967, in finalize_request
    response = self.make_response(rv)
  File "/home/tom/.local/lib/python3.6/site-packages/flask/app.py", line 2097, in make_response
    "The view function did not return a valid response. The"
TypeError: The view function did not return a valid response. The function either returned None or ended without a return statement.
[2019-09-28 20:59:39,826] ERROR in app: Exception on /Skri.php [POST]
Traceback (most recent call last):
  File "/home/tom/.local/lib/python3.6/site-packages/flask/app.py", line 2446, in wsgi_app
    response = self.full_dispatch_request()
  File "/home/tom/.local/lib/python3.6/site-packages/flask/app.py", line 1952, in full_dispatch_request
    return self.finalize_request(rv)
  File "/home/tom/.local/lib/python3.6/site-packages/flask/app.py", line 1967, in finalize_request
    response = self.make_response(rv)
  File "/home/tom/.local/lib/python3.6/site-packages/flask/app.py", line 2097, in make_response
    "The view function did not return a valid response. The"
TypeError: The view function did not return a valid response. The function either returned None or ended without a return statement.
[2019-09-28 20:59:40,135] ERROR in app: Exception on /db_dataml.php [POST]
Traceback (most recent call last):
  File "/home/tom/.local/lib/python3.6/site-packages/flask/app.py", line 2446, in wsgi_app
    response = self.full_dispatch_request()
  File "/home/tom/.local/lib/python3.6/site-packages/flask/app.py", line 1952, in full_dispatch_request
    return self.finalize_request(rv)
  File "/home/tom/.local/lib/python3.6/site-packages/flask/app.py", line 1967, in finalize_request
    response = self.make_response(rv)
  File "/home/tom/.local/lib/python3.6/site-packages/flask/app.py", line 2097, in make_response
    "The view function did not return a valid response. The"
TypeError: The view function did not return a valid response. The function either returned None or ended without a return statement.
[2019-09-28 20:59:40,439] ERROR in app: Exception on /db_desql.php [POST]
Traceback (most recent call last):
  File "/home/tom/.local/lib/python3.6/site-packages/flask/app.py", line 2446, in wsgi_app
    response = self.full_dispatch_request()
  File "/home/tom/.local/lib/python3.6/site-packages/flask/app.py", line 1952, in full_dispatch_request
    return self.finalize_request(rv)
  File "/home/tom/.local/lib/python3.6/site-packages/flask/app.py", line 1967, in finalize_request
    response = self.make_response(rv)
  File "/home/tom/.local/lib/python3.6/site-packages/flask/app.py", line 2097, in make_response
    "The view function did not return a valid response. The"
TypeError: The view function did not return a valid response. The function either returned None or ended without a return statement.
[2019-09-28 20:59:40,745] ERROR in app: Exception on /mx.php [POST]
Traceback (most recent call last):
  File "/home/tom/.local/lib/python3.6/site-packages/flask/app.py", line 2446, in wsgi_app
    response = self.full_dispatch_request()
  File "/home/tom/.local/lib/python3.6/site-packages/flask/app.py", line 1952, in full_dispatch_request
    return self.finalize_request(rv)
  File "/home/tom/.local/lib/python3.6/site-packages/flask/app.py", line 1967, in finalize_request
    response = self.make_response(rv)
  File "/home/tom/.local/lib/python3.6/site-packages/flask/app.py", line 2097, in make_response
    "The view function did not return a valid response. The"
TypeError: The view function did not return a valid response. The function either returned None or ended without a return statement.
[2019-09-28 20:59:41,059] ERROR in app: Exception on /wshell.php [POST]
Traceback (most recent call last):
  File "/home/tom/.local/lib/python3.6/site-packages/flask/app.py", line 2446, in wsgi_app
    response = self.full_dispatch_request()
  File "/home/tom/.local/lib/python3.6/site-packages/flask/app.py", line 1952, in full_dispatch_request
    return self.finalize_request(rv)
  File "/home/tom/.local/lib/python3.6/site-packages/flask/app.py", line 1967, in finalize_request
    response = self.make_response(rv)
  File "/home/tom/.local/lib/python3.6/site-packages/flask/app.py", line 2097, in make_response
    "The view function did not return a valid response. The"
TypeError: The view function did not return a valid response. The function either returned None or ended without a return statement.
[2019-09-28 20:59:41,371] ERROR in app: Exception on /xshell.php [POST]
Traceback (most recent call last):
  File "/home/tom/.local/lib/python3.6/site-packages/flask/app.py", line 2446, in wsgi_app
    response = self.full_dispatch_request()
  File "/home/tom/.local/lib/python3.6/site-packages/flask/app.py", line 1952, in full_dispatch_request
    return self.finalize_request(rv)
  File "/home/tom/.local/lib/python3.6/site-packages/flask/app.py", line 1967, in finalize_request
    response = self.make_response(rv)
  File "/home/tom/.local/lib/python3.6/site-packages/flask/app.py", line 2097, in make_response
    "The view function did not return a valid response. The"
TypeError: The view function did not return a valid response. The function either returned None or ended without a return statement.
[2019-09-28 20:59:41,677] ERROR in app: Exception on /qq.php [POST]
Traceback (most recent call last):
  File "/home/tom/.local/lib/python3.6/site-packages/flask/app.py", line 2446, in wsgi_app
    response = self.full_dispatch_request()
  File "/home/tom/.local/lib/python3.6/site-packages/flask/app.py", line 1952, in full_dispatch_request
    return self.finalize_request(rv)
  File "/home/tom/.local/lib/python3.6/site-packages/flask/app.py", line 1967, in finalize_request
    response = self.make_response(rv)
  File "/home/tom/.local/lib/python3.6/site-packages/flask/app.py", line 2097, in make_response
    "The view function did not return a valid response. The"
TypeError: The view function did not return a valid response. The function either returned None or ended without a return statement.
[2019-09-28 20:59:42,498] ERROR in app: Exception on /conflg.php [POST]
Traceback (most recent call last):
  File "/home/tom/.local/lib/python3.6/site-packages/flask/app.py", line 2446, in wsgi_app
    response = self.full_dispatch_request()
  File "/home/tom/.local/lib/python3.6/site-packages/flask/app.py", line 1952, in full_dispatch_request
    return self.finalize_request(rv)
  File "/home/tom/.local/lib/python3.6/site-packages/flask/app.py", line 1967, in finalize_request
    response = self.make_response(rv)
  File "/home/tom/.local/lib/python3.6/site-packages/flask/app.py", line 2097, in make_response
    "The view function did not return a valid response. The"
TypeError: The view function did not return a valid response. The function either returned None or ended without a return statement.
[2019-09-28 20:59:42,806] ERROR in app: Exception on /conflg.php [POST]
Traceback (most recent call last):
  File "/home/tom/.local/lib/python3.6/site-packages/flask/app.py", line 2446, in wsgi_app
    response = self.full_dispatch_request()
  File "/home/tom/.local/lib/python3.6/site-packages/flask/app.py", line 1952, in full_dispatch_request
    return self.finalize_request(rv)
  File "/home/tom/.local/lib/python3.6/site-packages/flask/app.py", line 1967, in finalize_request
    response = self.make_response(rv)
  File "/home/tom/.local/lib/python3.6/site-packages/flask/app.py", line 2097, in make_response
    "The view function did not return a valid response. The"
TypeError: The view function did not return a valid response. The function either returned None or ended without a return statement.
[2019-09-28 20:59:43,113] ERROR in app: Exception on /lindex.php [POST]
Traceback (most recent call last):
  File "/home/tom/.local/lib/python3.6/site-packages/flask/app.py", line 2446, in wsgi_app
    response = self.full_dispatch_request()
  File "/home/tom/.local/lib/python3.6/site-packages/flask/app.py", line 1952, in full_dispatch_request
    return self.finalize_request(rv)
  File "/home/tom/.local/lib/python3.6/site-packages/flask/app.py", line 1967, in finalize_request
    response = self.make_response(rv)
  File "/home/tom/.local/lib/python3.6/site-packages/flask/app.py", line 2097, in make_response
    "The view function did not return a valid response. The"
TypeError: The view function did not return a valid response. The function either returned None or ended without a return statement.
[2019-09-28 20:59:43,419] ERROR in app: Exception on /phpstudy.php [POST]
Traceback (most recent call last):
  File "/home/tom/.local/lib/python3.6/site-packages/flask/app.py", line 2446, in wsgi_app
    response = self.full_dispatch_request()
  File "/home/tom/.local/lib/python3.6/site-packages/flask/app.py", line 1952, in full_dispatch_request
    return self.finalize_request(rv)
  File "/home/tom/.local/lib/python3.6/site-packages/flask/app.py", line 1967, in finalize_request
    response = self.make_response(rv)
  File "/home/tom/.local/lib/python3.6/site-packages/flask/app.py", line 2097, in make_response
    "The view function did not return a valid response. The"
TypeError: The view function did not return a valid response. The function either returned None or ended without a return statement.
[2019-09-28 20:59:43,725] ERROR in app: Exception on /phpStudy.php [POST]
Traceback (most recent call last):
  File "/home/tom/.local/lib/python3.6/site-packages/flask/app.py", line 2446, in wsgi_app
    response = self.full_dispatch_request()
  File "/home/tom/.local/lib/python3.6/site-packages/flask/app.py", line 1952, in full_dispatch_request
    return self.finalize_request(rv)
  File "/home/tom/.local/lib/python3.6/site-packages/flask/app.py", line 1967, in finalize_request
    response = self.make_response(rv)
  File "/home/tom/.local/lib/python3.6/site-packages/flask/app.py", line 2097, in make_response
    "The view function did not return a valid response. The"
TypeError: The view function did not return a valid response. The function either returned None or ended without a return statement.
[2019-09-28 20:59:45,797] ERROR in app: Exception on /weixiao.php [POST]
Traceback (most recent call last):
  File "/home/tom/.local/lib/python3.6/site-packages/flask/app.py", line 2446, in wsgi_app
    response = self.full_dispatch_request()
  File "/home/tom/.local/lib/python3.6/site-packages/flask/app.py", line 1952, in full_dispatch_request
    return self.finalize_request(rv)
  File "/home/tom/.local/lib/python3.6/site-packages/flask/app.py", line 1967, in finalize_request
    response = self.make_response(rv)
  File "/home/tom/.local/lib/python3.6/site-packages/flask/app.py", line 2097, in make_response
    "The view function did not return a valid response. The"
TypeError: The view function did not return a valid response. The function either returned None or ended without a return statement.
[2019-09-28 20:59:46,105] ERROR in app: Exception on /feixiang.php [POST]
Traceback (most recent call last):
  File "/home/tom/.local/lib/python3.6/site-packages/flask/app.py", line 2446, in wsgi_app
    response = self.full_dispatch_request()
  File "/home/tom/.local/lib/python3.6/site-packages/flask/app.py", line 1952, in full_dispatch_request
    return self.finalize_request(rv)
  File "/home/tom/.local/lib/python3.6/site-packages/flask/app.py", line 1967, in finalize_request
    response = self.make_response(rv)
  File "/home/tom/.local/lib/python3.6/site-packages/flask/app.py", line 2097, in make_response
    "The view function did not return a valid response. The"
TypeError: The view function did not return a valid response. The function either returned None or ended without a return statement.
[2019-09-28 20:59:46,413] ERROR in app: Exception on /ak47.php [POST]
Traceback (most recent call last):
  File "/home/tom/.local/lib/python3.6/site-packages/flask/app.py", line 2446, in wsgi_app
    response = self.full_dispatch_request()
  File "/home/tom/.local/lib/python3.6/site-packages/flask/app.py", line 1952, in full_dispatch_request
    return self.finalize_request(rv)
  File "/home/tom/.local/lib/python3.6/site-packages/flask/app.py", line 1967, in finalize_request
    response = self.make_response(rv)
  File "/home/tom/.local/lib/python3.6/site-packages/flask/app.py", line 2097, in make_response
    "The view function did not return a valid response. The"
TypeError: The view function did not return a valid response. The function either returned None or ended without a return statement.
[2019-09-28 20:59:46,720] ERROR in app: Exception on /ak48.php [POST]
Traceback (most recent call last):
  File "/home/tom/.local/lib/python3.6/site-packages/flask/app.py", line 2446, in wsgi_app
    response = self.full_dispatch_request()
  File "/home/tom/.local/lib/python3.6/site-packages/flask/app.py", line 1952, in full_dispatch_request
    return self.finalize_request(rv)
  File "/home/tom/.local/lib/python3.6/site-packages/flask/app.py", line 1967, in finalize_request
    response = self.make_response(rv)
  File "/home/tom/.local/lib/python3.6/site-packages/flask/app.py", line 2097, in make_response
    "The view function did not return a valid response. The"
TypeError: The view function did not return a valid response. The function either returned None or ended without a return statement.
[2019-09-28 20:59:47,029] ERROR in app: Exception on /xiao.php [POST]
Traceback (most recent call last):
  File "/home/tom/.local/lib/python3.6/site-packages/flask/app.py", line 2446, in wsgi_app
    response = self.full_dispatch_request()
  File "/home/tom/.local/lib/python3.6/site-packages/flask/app.py", line 1952, in full_dispatch_request
    return self.finalize_request(rv)
  File "/home/tom/.local/lib/python3.6/site-packages/flask/app.py", line 1967, in finalize_request
    response = self.make_response(rv)
  File "/home/tom/.local/lib/python3.6/site-packages/flask/app.py", line 2097, in make_response
    "The view function did not return a valid response. The"
TypeError: The view function did not return a valid response. The function either returned None or ended without a return statement.
[2019-09-28 20:59:48,354] ERROR in app: Exception on /yao.php [POST]
Traceback (most recent call last):
  File "/home/tom/.local/lib/python3.6/site-packages/flask/app.py", line 2446, in wsgi_app
    response = self.full_dispatch_request()
  File "/home/tom/.local/lib/python3.6/site-packages/flask/app.py", line 1952, in full_dispatch_request
    return self.finalize_request(rv)
  File "/home/tom/.local/lib/python3.6/site-packages/flask/app.py", line 1967, in finalize_request
    response = self.make_response(rv)
  File "/home/tom/.local/lib/python3.6/site-packages/flask/app.py", line 2097, in make_response
    "The view function did not return a valid response. The"
TypeError: The view function did not return a valid response. The function either returned None or ended without a return statement.
[2019-09-28 20:59:48,664] ERROR in app: Exception on /defect.php [POST]
Traceback (most recent call last):
  File "/home/tom/.local/lib/python3.6/site-packages/flask/app.py", line 2446, in wsgi_app
    response = self.full_dispatch_request()
  File "/home/tom/.local/lib/python3.6/site-packages/flask/app.py", line 1952, in full_dispatch_request
    return self.finalize_request(rv)
  File "/home/tom/.local/lib/python3.6/site-packages/flask/app.py", line 1967, in finalize_request
    response = self.make_response(rv)
  File "/home/tom/.local/lib/python3.6/site-packages/flask/app.py", line 2097, in make_response
    "The view function did not return a valid response. The"
TypeError: The view function did not return a valid response. The function either returned None or ended without a return statement.
[2019-09-28 20:59:48,968] ERROR in app: Exception on /webslee.php [POST]
Traceback (most recent call last):
  File "/home/tom/.local/lib/python3.6/site-packages/flask/app.py", line 2446, in wsgi_app
    response = self.full_dispatch_request()
  File "/home/tom/.local/lib/python3.6/site-packages/flask/app.py", line 1952, in full_dispatch_request
    return self.finalize_request(rv)
  File "/home/tom/.local/lib/python3.6/site-packages/flask/app.py", line 1967, in finalize_request
    response = self.make_response(rv)
  File "/home/tom/.local/lib/python3.6/site-packages/flask/app.py", line 2097, in make_response
    "The view function did not return a valid response. The"
TypeError: The view function did not return a valid response. The function either returned None or ended without a return statement.
[2019-09-28 20:59:49,273] ERROR in app: Exception on /q.php [POST]
Traceback (most recent call last):
  File "/home/tom/.local/lib/python3.6/site-packages/flask/app.py", line 2446, in wsgi_app
    response = self.full_dispatch_request()
  File "/home/tom/.local/lib/python3.6/site-packages/flask/app.py", line 1952, in full_dispatch_request
    return self.finalize_request(rv)
  File "/home/tom/.local/lib/python3.6/site-packages/flask/app.py", line 1967, in finalize_request
    response = self.make_response(rv)
  File "/home/tom/.local/lib/python3.6/site-packages/flask/app.py", line 2097, in make_response
    "The view function did not return a valid response. The"
TypeError: The view function did not return a valid response. The function either returned None or ended without a return statement.
[2019-09-28 20:59:50,593] ERROR in app: Exception on /pe.php [POST]
Traceback (most recent call last):
  File "/home/tom/.local/lib/python3.6/site-packages/flask/app.py", line 2446, in wsgi_app
    response = self.full_dispatch_request()
  File "/home/tom/.local/lib/python3.6/site-packages/flask/app.py", line 1952, in full_dispatch_request
    return self.finalize_request(rv)
  File "/home/tom/.local/lib/python3.6/site-packages/flask/app.py", line 1967, in finalize_request
    response = self.make_response(rv)
  File "/home/tom/.local/lib/python3.6/site-packages/flask/app.py", line 2097, in make_response
    "The view function did not return a valid response. The"
TypeError: The view function did not return a valid response. The function either returned None or ended without a return statement.
[2019-09-28 20:59:52,738] ERROR in app: Exception on /hm.php [POST]
Traceback (most recent call last):
  File "/home/tom/.local/lib/python3.6/site-packages/flask/app.py", line 2446, in wsgi_app
    response = self.full_dispatch_request()
  File "/home/tom/.local/lib/python3.6/site-packages/flask/app.py", line 1952, in full_dispatch_request
    return self.finalize_request(rv)
  File "/home/tom/.local/lib/python3.6/site-packages/flask/app.py", line 1967, in finalize_request
    response = self.make_response(rv)
  File "/home/tom/.local/lib/python3.6/site-packages/flask/app.py", line 2097, in make_response
    "The view function did not return a valid response. The"
TypeError: The view function did not return a valid response. The function either returned None or ended without a return statement.
[2019-09-28 20:59:53,856] ERROR in app: Exception on /sz.php [POST]
Traceback (most recent call last):
  File "/home/tom/.local/lib/python3.6/site-packages/flask/app.py", line 2446, in wsgi_app
    response = self.full_dispatch_request()
  File "/home/tom/.local/lib/python3.6/site-packages/flask/app.py", line 1952, in full_dispatch_request
    return self.finalize_request(rv)
  File "/home/tom/.local/lib/python3.6/site-packages/flask/app.py", line 1967, in finalize_request
    response = self.make_response(rv)
  File "/home/tom/.local/lib/python3.6/site-packages/flask/app.py", line 2097, in make_response
    "The view function did not return a valid response. The"
TypeError: The view function did not return a valid response. The function either returned None or ended without a return statement.
[2019-09-28 20:59:56,163] ERROR in app: Exception on /cainiao.php [POST]
Traceback (most recent call last):
  File "/home/tom/.local/lib/python3.6/site-packages/flask/app.py", line 2446, in wsgi_app
    response = self.full_dispatch_request()
  File "/home/tom/.local/lib/python3.6/site-packages/flask/app.py", line 1952, in full_dispatch_request
    return self.finalize_request(rv)
  File "/home/tom/.local/lib/python3.6/site-packages/flask/app.py", line 1967, in finalize_request
    response = self.make_response(rv)
  File "/home/tom/.local/lib/python3.6/site-packages/flask/app.py", line 2097, in make_response
    "The view function did not return a valid response. The"
TypeError: The view function did not return a valid response. The function either returned None or ended without a return statement.
[2019-09-28 20:59:56,470] ERROR in app: Exception on /zuoshou.php [POST]
Traceback (most recent call last):
  File "/home/tom/.local/lib/python3.6/site-packages/flask/app.py", line 2446, in wsgi_app
    response = self.full_dispatch_request()
  File "/home/tom/.local/lib/python3.6/site-packages/flask/app.py", line 1952, in full_dispatch_request
    return self.finalize_request(rv)
  File "/home/tom/.local/lib/python3.6/site-packages/flask/app.py", line 1967, in finalize_request
    response = self.make_response(rv)
  File "/home/tom/.local/lib/python3.6/site-packages/flask/app.py", line 2097, in make_response
    "The view function did not return a valid response. The"
TypeError: The view function did not return a valid response. The function either returned None or ended without a return statement.
[2019-09-28 21:00:27,339] ERROR in app: Exception on /aotu7.php [POST]
Traceback (most recent call last):
  File "/home/tom/.local/lib/python3.6/site-packages/flask/app.py", line 2446, in wsgi_app
    response = self.full_dispatch_request()
  File "/home/tom/.local/lib/python3.6/site-packages/flask/app.py", line 1952, in full_dispatch_request
    return self.finalize_request(rv)
  File "/home/tom/.local/lib/python3.6/site-packages/flask/app.py", line 1967, in finalize_request
    response = self.make_response(rv)
  File "/home/tom/.local/lib/python3.6/site-packages/flask/app.py", line 2097, in make_response
    "The view function did not return a valid response. The"
TypeError: The view function did not return a valid response. The function either returned None or ended without a return statement.
[2019-09-28 21:00:49,515] ERROR in app: Exception on /cmd.php [POST]
Traceback (most recent call last):
  File "/home/tom/.local/lib/python3.6/site-packages/flask/app.py", line 2446, in wsgi_app
    response = self.full_dispatch_request()
  File "/home/tom/.local/lib/python3.6/site-packages/flask/app.py", line 1952, in full_dispatch_request
    return self.finalize_request(rv)
  File "/home/tom/.local/lib/python3.6/site-packages/flask/app.py", line 1967, in finalize_request
    response = self.make_response(rv)
  File "/home/tom/.local/lib/python3.6/site-packages/flask/app.py", line 2097, in make_response
    "The view function did not return a valid response. The"
TypeError: The view function did not return a valid response. The function either returned None or ended without a return statement.
[2019-09-28 21:01:15,322] ERROR in app: Exception on /bak.php [POST]
Traceback (most recent call last):
  File "/home/tom/.local/lib/python3.6/site-packages/flask/app.py", line 2446, in wsgi_app
    response = self.full_dispatch_request()
  File "/home/tom/.local/lib/python3.6/site-packages/flask/app.py", line 1952, in full_dispatch_request
    return self.finalize_request(rv)
  File "/home/tom/.local/lib/python3.6/site-packages/flask/app.py", line 1967, in finalize_request
    response = self.make_response(rv)
  File "/home/tom/.local/lib/python3.6/site-packages/flask/app.py", line 2097, in make_response
    "The view function did not return a valid response. The"
TypeError: The view function did not return a valid response. The function either returned None or ended without a return statement.
[2019-09-28 21:01:16,449] ERROR in app: Exception on /system.php [POST]
Traceback (most recent call last):
  File "/home/tom/.local/lib/python3.6/site-packages/flask/app.py", line 2446, in wsgi_app
    response = self.full_dispatch_request()
  File "/home/tom/.local/lib/python3.6/site-packages/flask/app.py", line 1952, in full_dispatch_request
    return self.finalize_request(rv)
  File "/home/tom/.local/lib/python3.6/site-packages/flask/app.py", line 1967, in finalize_request
    response = self.make_response(rv)
  File "/home/tom/.local/lib/python3.6/site-packages/flask/app.py", line 2097, in make_response
    "The view function did not return a valid response. The"
TypeError: The view function did not return a valid response. The function either returned None or ended without a return statement.
[2019-09-28 21:01:17,493] ERROR in app: Exception on /l6.php [POST]
Traceback (most recent call last):
  File "/home/tom/.local/lib/python3.6/site-packages/flask/app.py", line 2446, in wsgi_app
    response = self.full_dispatch_request()
  File "/home/tom/.local/lib/python3.6/site-packages/flask/app.py", line 1952, in full_dispatch_request
    return self.finalize_request(rv)
  File "/home/tom/.local/lib/python3.6/site-packages/flask/app.py", line 1967, in finalize_request
    response = self.make_response(rv)
  File "/home/tom/.local/lib/python3.6/site-packages/flask/app.py", line 2097, in make_response
    "The view function did not return a valid response. The"
TypeError: The view function did not return a valid response. The function either returned None or ended without a return statement.
[2019-09-28 21:01:17,800] ERROR in app: Exception on /l7.php [POST]
Traceback (most recent call last):
  File "/home/tom/.local/lib/python3.6/site-packages/flask/app.py", line 2446, in wsgi_app
    response = self.full_dispatch_request()
  File "/home/tom/.local/lib/python3.6/site-packages/flask/app.py", line 1952, in full_dispatch_request
    return self.finalize_request(rv)
  File "/home/tom/.local/lib/python3.6/site-packages/flask/app.py", line 1967, in finalize_request
    response = self.make_response(rv)
  File "/home/tom/.local/lib/python3.6/site-packages/flask/app.py", line 2097, in make_response
    "The view function did not return a valid response. The"
TypeError: The view function did not return a valid response. The function either returned None or ended without a return statement.
[2019-09-28 21:01:18,110] ERROR in app: Exception on /l8.php [POST]
Traceback (most recent call last):
  File "/home/tom/.local/lib/python3.6/site-packages/flask/app.py", line 2446, in wsgi_app
    response = self.full_dispatch_request()
  File "/home/tom/.local/lib/python3.6/site-packages/flask/app.py", line 1952, in full_dispatch_request
    return self.finalize_request(rv)
  File "/home/tom/.local/lib/python3.6/site-packages/flask/app.py", line 1967, in finalize_request
    response = self.make_response(rv)
  File "/home/tom/.local/lib/python3.6/site-packages/flask/app.py", line 2097, in make_response
    "The view function did not return a valid response. The"
TypeError: The view function did not return a valid response. The function either returned None or ended without a return statement.
[2019-09-28 21:01:18,426] ERROR in app: Exception on /q.php [POST]
Traceback (most recent call last):
  File "/home/tom/.local/lib/python3.6/site-packages/flask/app.py", line 2446, in wsgi_app
    response = self.full_dispatch_request()
  File "/home/tom/.local/lib/python3.6/site-packages/flask/app.py", line 1952, in full_dispatch_request
    return self.finalize_request(rv)
  File "/home/tom/.local/lib/python3.6/site-packages/flask/app.py", line 1967, in finalize_request
    response = self.make_response(rv)
  File "/home/tom/.local/lib/python3.6/site-packages/flask/app.py", line 2097, in make_response
    "The view function did not return a valid response. The"
TypeError: The view function did not return a valid response. The function either returned None or ended without a return statement.
[2019-09-28 21:01:20,290] ERROR in app: Exception on /56.php [POST]
Traceback (most recent call last):
  File "/home/tom/.local/lib/python3.6/site-packages/flask/app.py", line 2446, in wsgi_app
    response = self.full_dispatch_request()
  File "/home/tom/.local/lib/python3.6/site-packages/flask/app.py", line 1952, in full_dispatch_request
    return self.finalize_request(rv)
  File "/home/tom/.local/lib/python3.6/site-packages/flask/app.py", line 1967, in finalize_request
    response = self.make_response(rv)
  File "/home/tom/.local/lib/python3.6/site-packages/flask/app.py", line 2097, in make_response
    "The view function did not return a valid response. The"
TypeError: The view function did not return a valid response. The function either returned None or ended without a return statement.
[2019-09-28 21:01:21,409] ERROR in app: Exception on /mz.php [POST]
Traceback (most recent call last):
  File "/home/tom/.local/lib/python3.6/site-packages/flask/app.py", line 2446, in wsgi_app
    response = self.full_dispatch_request()
  File "/home/tom/.local/lib/python3.6/site-packages/flask/app.py", line 1952, in full_dispatch_request
    return self.finalize_request(rv)
  File "/home/tom/.local/lib/python3.6/site-packages/flask/app.py", line 1967, in finalize_request
    response = self.make_response(rv)
  File "/home/tom/.local/lib/python3.6/site-packages/flask/app.py", line 2097, in make_response
    "The view function did not return a valid response. The"
TypeError: The view function did not return a valid response. The function either returned None or ended without a return statement.
[2019-09-28 21:01:23,265] ERROR in app: Exception on /yumo.php [POST]
Traceback (most recent call last):
  File "/home/tom/.local/lib/python3.6/site-packages/flask/app.py", line 2446, in wsgi_app
    response = self.full_dispatch_request()
  File "/home/tom/.local/lib/python3.6/site-packages/flask/app.py", line 1952, in full_dispatch_request
    return self.finalize_request(rv)
  File "/home/tom/.local/lib/python3.6/site-packages/flask/app.py", line 1967, in finalize_request
    response = self.make_response(rv)
  File "/home/tom/.local/lib/python3.6/site-packages/flask/app.py", line 2097, in make_response
    "The view function did not return a valid response. The"
TypeError: The view function did not return a valid response. The function either returned None or ended without a return statement.
[2019-09-28 21:01:33,795] ERROR in app: Exception on /min.php [POST]
Traceback (most recent call last):
  File "/home/tom/.local/lib/python3.6/site-packages/flask/app.py", line 2446, in wsgi_app
    response = self.full_dispatch_request()
  File "/home/tom/.local/lib/python3.6/site-packages/flask/app.py", line 1952, in full_dispatch_request
    return self.finalize_request(rv)
  File "/home/tom/.local/lib/python3.6/site-packages/flask/app.py", line 1967, in finalize_request
    response = self.make_response(rv)
  File "/home/tom/.local/lib/python3.6/site-packages/flask/app.py", line 2097, in make_response
    "The view function did not return a valid response. The"
TypeError: The view function did not return a valid response. The function either returned None or ended without a return statement.
[2019-09-28 21:01:47,107] ERROR in app: Exception on /wan.php [POST]
Traceback (most recent call last):
  File "/home/tom/.local/lib/python3.6/site-packages/flask/app.py", line 2446, in wsgi_app
    response = self.full_dispatch_request()
  File "/home/tom/.local/lib/python3.6/site-packages/flask/app.py", line 1952, in full_dispatch_request
    return self.finalize_request(rv)
  File "/home/tom/.local/lib/python3.6/site-packages/flask/app.py", line 1967, in finalize_request
    response = self.make_response(rv)
  File "/home/tom/.local/lib/python3.6/site-packages/flask/app.py", line 2097, in make_response
    "The view function did not return a valid response. The"
TypeError: The view function did not return a valid response. The function either returned None or ended without a return statement.
[2019-09-28 21:01:47,417] ERROR in app: Exception on /wanan.php [POST]
Traceback (most recent call last):
  File "/home/tom/.local/lib/python3.6/site-packages/flask/app.py", line 2446, in wsgi_app
    response = self.full_dispatch_request()
  File "/home/tom/.local/lib/python3.6/site-packages/flask/app.py", line 1952, in full_dispatch_request
    return self.finalize_request(rv)
  File "/home/tom/.local/lib/python3.6/site-packages/flask/app.py", line 1967, in finalize_request
    response = self.make_response(rv)
  File "/home/tom/.local/lib/python3.6/site-packages/flask/app.py", line 2097, in make_response
    "The view function did not return a valid response. The"
TypeError: The view function did not return a valid response. The function either returned None or ended without a return statement.
[2019-09-28 21:01:47,728] ERROR in app: Exception on /ssaa.php [POST]
Traceback (most recent call last):
  File "/home/tom/.local/lib/python3.6/site-packages/flask/app.py", line 2446, in wsgi_app
    response = self.full_dispatch_request()
  File "/home/tom/.local/lib/python3.6/site-packages/flask/app.py", line 1952, in full_dispatch_request
    return self.finalize_request(rv)
  File "/home/tom/.local/lib/python3.6/site-packages/flask/app.py", line 1967, in finalize_request
    response = self.make_response(rv)
  File "/home/tom/.local/lib/python3.6/site-packages/flask/app.py", line 2097, in make_response
    "The view function did not return a valid response. The"
TypeError: The view function did not return a valid response. The function either returned None or ended without a return statement.
[2019-09-28 21:01:49,378] ERROR in app: Exception on /ssaa.php [POST]
Traceback (most recent call last):
  File "/home/tom/.local/lib/python3.6/site-packages/flask/app.py", line 2446, in wsgi_app
    response = self.full_dispatch_request()
  File "/home/tom/.local/lib/python3.6/site-packages/flask/app.py", line 1952, in full_dispatch_request
    return self.finalize_request(rv)
  File "/home/tom/.local/lib/python3.6/site-packages/flask/app.py", line 1967, in finalize_request
    response = self.make_response(rv)
  File "/home/tom/.local/lib/python3.6/site-packages/flask/app.py", line 2097, in make_response
    "The view function did not return a valid response. The"
TypeError: The view function did not return a valid response. The function either returned None or ended without a return statement.
[2019-09-28 21:01:51,810] ERROR in app: Exception on /qq.php [POST]
Traceback (most recent call last):
  File "/home/tom/.local/lib/python3.6/site-packages/flask/app.py", line 2446, in wsgi_app
    response = self.full_dispatch_request()
  File "/home/tom/.local/lib/python3.6/site-packages/flask/app.py", line 1952, in full_dispatch_request
    return self.finalize_request(rv)
  File "/home/tom/.local/lib/python3.6/site-packages/flask/app.py", line 1967, in finalize_request
    response = self.make_response(rv)
  File "/home/tom/.local/lib/python3.6/site-packages/flask/app.py", line 2097, in make_response
    "The view function did not return a valid response. The"
TypeError: The view function did not return a valid response. The function either returned None or ended without a return statement.
[2019-09-28 21:01:52,119] ERROR in app: Exception on /aw.php [POST]
Traceback (most recent call last):
  File "/home/tom/.local/lib/python3.6/site-packages/flask/app.py", line 2446, in wsgi_app
    response = self.full_dispatch_request()
  File "/home/tom/.local/lib/python3.6/site-packages/flask/app.py", line 1952, in full_dispatch_request
    return self.finalize_request(rv)
  File "/home/tom/.local/lib/python3.6/site-packages/flask/app.py", line 1967, in finalize_request
    response = self.make_response(rv)
  File "/home/tom/.local/lib/python3.6/site-packages/flask/app.py", line 2097, in make_response
    "The view function did not return a valid response. The"
TypeError: The view function did not return a valid response. The function either returned None or ended without a return statement.
[2019-09-28 21:01:52,430] ERROR in app: Exception on /12.php [POST]
Traceback (most recent call last):
  File "/home/tom/.local/lib/python3.6/site-packages/flask/app.py", line 2446, in wsgi_app
    response = self.full_dispatch_request()
  File "/home/tom/.local/lib/python3.6/site-packages/flask/app.py", line 1952, in full_dispatch_request
    return self.finalize_request(rv)
  File "/home/tom/.local/lib/python3.6/site-packages/flask/app.py", line 1967, in finalize_request
    response = self.make_response(rv)
  File "/home/tom/.local/lib/python3.6/site-packages/flask/app.py", line 2097, in make_response
    "The view function did not return a valid response. The"
TypeError: The view function did not return a valid response. The function either returned None or ended without a return statement.
[2019-09-28 21:01:53,347] ERROR in app: Exception on /hh.php [POST]
Traceback (most recent call last):
  File "/home/tom/.local/lib/python3.6/site-packages/flask/app.py", line 2446, in wsgi_app
    response = self.full_dispatch_request()
  File "/home/tom/.local/lib/python3.6/site-packages/flask/app.py", line 1952, in full_dispatch_request
    return self.finalize_request(rv)
  File "/home/tom/.local/lib/python3.6/site-packages/flask/app.py", line 1967, in finalize_request
    response = self.make_response(rv)
  File "/home/tom/.local/lib/python3.6/site-packages/flask/app.py", line 2097, in make_response
    "The view function did not return a valid response. The"
TypeError: The view function did not return a valid response. The function either returned None or ended without a return statement.
[2019-09-28 21:01:53,656] ERROR in app: Exception on /ak.php [POST]
Traceback (most recent call last):
  File "/home/tom/.local/lib/python3.6/site-packages/flask/app.py", line 2446, in wsgi_app
    response = self.full_dispatch_request()
  File "/home/tom/.local/lib/python3.6/site-packages/flask/app.py", line 1952, in full_dispatch_request
    return self.finalize_request(rv)
  File "/home/tom/.local/lib/python3.6/site-packages/flask/app.py", line 1967, in finalize_request
    response = self.make_response(rv)
  File "/home/tom/.local/lib/python3.6/site-packages/flask/app.py", line 2097, in make_response
    "The view function did not return a valid response. The"
TypeError: The view function did not return a valid response. The function either returned None or ended without a return statement.
[2019-09-28 21:01:58,626] ERROR in app: Exception on /ip.php [POST]
Traceback (most recent call last):
  File "/home/tom/.local/lib/python3.6/site-packages/flask/app.py", line 2446, in wsgi_app
    response = self.full_dispatch_request()
  File "/home/tom/.local/lib/python3.6/site-packages/flask/app.py", line 1952, in full_dispatch_request
    return self.finalize_request(rv)
  File "/home/tom/.local/lib/python3.6/site-packages/flask/app.py", line 1967, in finalize_request
    response = self.make_response(rv)
  File "/home/tom/.local/lib/python3.6/site-packages/flask/app.py", line 2097, in make_response
    "The view function did not return a valid response. The"
TypeError: The view function did not return a valid response. The function either returned None or ended without a return statement.
[2019-09-28 21:01:58,934] ERROR in app: Exception on /infoo.php [POST]
Traceback (most recent call last):
  File "/home/tom/.local/lib/python3.6/site-packages/flask/app.py", line 2446, in wsgi_app
    response = self.full_dispatch_request()
  File "/home/tom/.local/lib/python3.6/site-packages/flask/app.py", line 1952, in full_dispatch_request
    return self.finalize_request(rv)
  File "/home/tom/.local/lib/python3.6/site-packages/flask/app.py", line 1967, in finalize_request
    response = self.make_response(rv)
  File "/home/tom/.local/lib/python3.6/site-packages/flask/app.py", line 2097, in make_response
    "The view function did not return a valid response. The"
TypeError: The view function did not return a valid response. The function either returned None or ended without a return statement.
[2019-09-28 21:01:59,242] ERROR in app: Exception on /qwe.php [POST]
Traceback (most recent call last):
  File "/home/tom/.local/lib/python3.6/site-packages/flask/app.py", line 2446, in wsgi_app
    response = self.full_dispatch_request()
  File "/home/tom/.local/lib/python3.6/site-packages/flask/app.py", line 1952, in full_dispatch_request
    return self.finalize_request(rv)
  File "/home/tom/.local/lib/python3.6/site-packages/flask/app.py", line 1967, in finalize_request
    response = self.make_response(rv)
  File "/home/tom/.local/lib/python3.6/site-packages/flask/app.py", line 2097, in make_response
    "The view function did not return a valid response. The"
TypeError: The view function did not return a valid response. The function either returned None or ended without a return statement.
[2019-09-28 21:02:00,099] ERROR in app: Exception on /1213.php [POST]
Traceback (most recent call last):
  File "/home/tom/.local/lib/python3.6/site-packages/flask/app.py", line 2446, in wsgi_app
    response = self.full_dispatch_request()
  File "/home/tom/.local/lib/python3.6/site-packages/flask/app.py", line 1952, in full_dispatch_request
    return self.finalize_request(rv)
  File "/home/tom/.local/lib/python3.6/site-packages/flask/app.py", line 1967, in finalize_request
    response = self.make_response(rv)
  File "/home/tom/.local/lib/python3.6/site-packages/flask/app.py", line 2097, in make_response
    "The view function did not return a valid response. The"
TypeError: The view function did not return a valid response. The function either returned None or ended without a return statement.
[2019-09-28 21:02:00,407] ERROR in app: Exception on /post.php [POST]
Traceback (most recent call last):
  File "/home/tom/.local/lib/python3.6/site-packages/flask/app.py", line 2446, in wsgi_app
    response = self.full_dispatch_request()
  File "/home/tom/.local/lib/python3.6/site-packages/flask/app.py", line 1952, in full_dispatch_request
    return self.finalize_request(rv)
  File "/home/tom/.local/lib/python3.6/site-packages/flask/app.py", line 1967, in finalize_request
    response = self.make_response(rv)
  File "/home/tom/.local/lib/python3.6/site-packages/flask/app.py", line 2097, in make_response
    "The view function did not return a valid response. The"
TypeError: The view function did not return a valid response. The function either returned None or ended without a return statement.
[2019-09-28 21:02:00,717] ERROR in app: Exception on /aaaa.php [POST]
Traceback (most recent call last):
  File "/home/tom/.local/lib/python3.6/site-packages/flask/app.py", line 2446, in wsgi_app
    response = self.full_dispatch_request()
  File "/home/tom/.local/lib/python3.6/site-packages/flask/app.py", line 1952, in full_dispatch_request
    return self.finalize_request(rv)
  File "/home/tom/.local/lib/python3.6/site-packages/flask/app.py", line 1967, in finalize_request
    response = self.make_response(rv)
  File "/home/tom/.local/lib/python3.6/site-packages/flask/app.py", line 2097, in make_response
    "The view function did not return a valid response. The"
TypeError: The view function did not return a valid response. The function either returned None or ended without a return statement.
[2019-09-28 21:02:01,023] ERROR in app: Exception on /h1.php [POST]
Traceback (most recent call last):
  File "/home/tom/.local/lib/python3.6/site-packages/flask/app.py", line 2446, in wsgi_app
    response = self.full_dispatch_request()
  File "/home/tom/.local/lib/python3.6/site-packages/flask/app.py", line 1952, in full_dispatch_request
    return self.finalize_request(rv)
  File "/home/tom/.local/lib/python3.6/site-packages/flask/app.py", line 1967, in finalize_request
    response = self.make_response(rv)
  File "/home/tom/.local/lib/python3.6/site-packages/flask/app.py", line 2097, in make_response
    "The view function did not return a valid response. The"
TypeError: The view function did not return a valid response. The function either returned None or ended without a return statement.
[2019-09-28 21:02:01,329] ERROR in app: Exception on /test.php [POST]
Traceback (most recent call last):
  File "/home/tom/.local/lib/python3.6/site-packages/flask/app.py", line 2446, in wsgi_app
    response = self.full_dispatch_request()
  File "/home/tom/.local/lib/python3.6/site-packages/flask/app.py", line 1952, in full_dispatch_request
    return self.finalize_request(rv)
  File "/home/tom/.local/lib/python3.6/site-packages/flask/app.py", line 1967, in finalize_request
    response = self.make_response(rv)
  File "/home/tom/.local/lib/python3.6/site-packages/flask/app.py", line 2097, in make_response
    "The view function did not return a valid response. The"
TypeError: The view function did not return a valid response. The function either returned None or ended without a return statement.
[2019-09-28 21:02:02,145] ERROR in app: Exception on /3.php [POST]
Traceback (most recent call last):
  File "/home/tom/.local/lib/python3.6/site-packages/flask/app.py", line 2446, in wsgi_app
    response = self.full_dispatch_request()
  File "/home/tom/.local/lib/python3.6/site-packages/flask/app.py", line 1952, in full_dispatch_request
    return self.finalize_request(rv)
  File "/home/tom/.local/lib/python3.6/site-packages/flask/app.py", line 1967, in finalize_request
    response = self.make_response(rv)
  File "/home/tom/.local/lib/python3.6/site-packages/flask/app.py", line 2097, in make_response
    "The view function did not return a valid response. The"
TypeError: The view function did not return a valid response. The function either returned None or ended without a return statement.
[2019-09-28 21:02:02,453] ERROR in app: Exception on /4.php [POST]
Traceback (most recent call last):
  File "/home/tom/.local/lib/python3.6/site-packages/flask/app.py", line 2446, in wsgi_app
    response = self.full_dispatch_request()
  File "/home/tom/.local/lib/python3.6/site-packages/flask/app.py", line 1952, in full_dispatch_request
    return self.finalize_request(rv)
  File "/home/tom/.local/lib/python3.6/site-packages/flask/app.py", line 1967, in finalize_request
    response = self.make_response(rv)
  File "/home/tom/.local/lib/python3.6/site-packages/flask/app.py", line 2097, in make_response
    "The view function did not return a valid response. The"
TypeError: The view function did not return a valid response. The function either returned None or ended without a return statement.
[2019-09-28 21:02:02,760] ERROR in app: Exception on /phpinfi.php [POST]
Traceback (most recent call last):
  File "/home/tom/.local/lib/python3.6/site-packages/flask/app.py", line 2446, in wsgi_app
    response = self.full_dispatch_request()
  File "/home/tom/.local/lib/python3.6/site-packages/flask/app.py", line 1952, in full_dispatch_request
    return self.finalize_request(rv)
  File "/home/tom/.local/lib/python3.6/site-packages/flask/app.py", line 1967, in finalize_request
    response = self.make_response(rv)
  File "/home/tom/.local/lib/python3.6/site-packages/flask/app.py", line 2097, in make_response
    "The view function did not return a valid response. The"
TypeError: The view function did not return a valid response. The function either returned None or ended without a return statement.
[2019-09-28 21:02:03,588] ERROR in app: Exception on /9510.php [POST]
Traceback (most recent call last):
  File "/home/tom/.local/lib/python3.6/site-packages/flask/app.py", line 2446, in wsgi_app
    response = self.full_dispatch_request()
  File "/home/tom/.local/lib/python3.6/site-packages/flask/app.py", line 1952, in full_dispatch_request
    return self.finalize_request(rv)
  File "/home/tom/.local/lib/python3.6/site-packages/flask/app.py", line 1967, in finalize_request
    response = self.make_response(rv)
  File "/home/tom/.local/lib/python3.6/site-packages/flask/app.py", line 2097, in make_response
    "The view function did not return a valid response. The"
TypeError: The view function did not return a valid response. The function either returned None or ended without a return statement.
[2019-09-28 21:02:04,430] ERROR in app: Exception on /python.php [POST]
Traceback (most recent call last):
  File "/home/tom/.local/lib/python3.6/site-packages/flask/app.py", line 2446, in wsgi_app
    response = self.full_dispatch_request()
  File "/home/tom/.local/lib/python3.6/site-packages/flask/app.py", line 1952, in full_dispatch_request
    return self.finalize_request(rv)
  File "/home/tom/.local/lib/python3.6/site-packages/flask/app.py", line 1967, in finalize_request
    response = self.make_response(rv)
  File "/home/tom/.local/lib/python3.6/site-packages/flask/app.py", line 2097, in make_response
    "The view function did not return a valid response. The"
TypeError: The view function did not return a valid response. The function either returned None or ended without a return statement.
[2019-09-28 21:02:04,740] ERROR in app: Exception on /default.php [POST]
Traceback (most recent call last):
  File "/home/tom/.local/lib/python3.6/site-packages/flask/app.py", line 2446, in wsgi_app
    response = self.full_dispatch_request()
  File "/home/tom/.local/lib/python3.6/site-packages/flask/app.py", line 1952, in full_dispatch_request
    return self.finalize_request(rv)
  File "/home/tom/.local/lib/python3.6/site-packages/flask/app.py", line 1967, in finalize_request
    response = self.make_response(rv)
  File "/home/tom/.local/lib/python3.6/site-packages/flask/app.py", line 2097, in make_response
    "The view function did not return a valid response. The"
TypeError: The view function did not return a valid response. The function either returned None or ended without a return statement.
[2019-09-28 21:02:05,048] ERROR in app: Exception on /sean.php [POST]
Traceback (most recent call last):
  File "/home/tom/.local/lib/python3.6/site-packages/flask/app.py", line 2446, in wsgi_app
    response = self.full_dispatch_request()
  File "/home/tom/.local/lib/python3.6/site-packages/flask/app.py", line 1952, in full_dispatch_request
    return self.finalize_request(rv)
  File "/home/tom/.local/lib/python3.6/site-packages/flask/app.py", line 1967, in finalize_request
    response = self.make_response(rv)
  File "/home/tom/.local/lib/python3.6/site-packages/flask/app.py", line 2097, in make_response
    "The view function did not return a valid response. The"
TypeError: The view function did not return a valid response. The function either returned None or ended without a return statement.
[2019-09-28 21:02:05,354] ERROR in app: Exception on /app.php [POST]
Traceback (most recent call last):
  File "/home/tom/.local/lib/python3.6/site-packages/flask/app.py", line 2446, in wsgi_app
    response = self.full_dispatch_request()
  File "/home/tom/.local/lib/python3.6/site-packages/flask/app.py", line 1952, in full_dispatch_request
    return self.finalize_request(rv)
  File "/home/tom/.local/lib/python3.6/site-packages/flask/app.py", line 1967, in finalize_request
    response = self.make_response(rv)
  File "/home/tom/.local/lib/python3.6/site-packages/flask/app.py", line 2097, in make_response
    "The view function did not return a valid response. The"
TypeError: The view function did not return a valid response. The function either returned None or ended without a return statement.
[2019-09-28 21:02:05,664] ERROR in app: Exception on /help.php [POST]
Traceback (most recent call last):
  File "/home/tom/.local/lib/python3.6/site-packages/flask/app.py", line 2446, in wsgi_app
    response = self.full_dispatch_request()
  File "/home/tom/.local/lib/python3.6/site-packages/flask/app.py", line 1952, in full_dispatch_request
    return self.finalize_request(rv)
  File "/home/tom/.local/lib/python3.6/site-packages/flask/app.py", line 1967, in finalize_request
    response = self.make_response(rv)
  File "/home/tom/.local/lib/python3.6/site-packages/flask/app.py", line 2097, in make_response
    "The view function did not return a valid response. The"
TypeError: The view function did not return a valid response. The function either returned None or ended without a return statement.
[2019-09-28 21:02:05,971] ERROR in app: Exception on /tiandi.php [POST]
Traceback (most recent call last):
  File "/home/tom/.local/lib/python3.6/site-packages/flask/app.py", line 2446, in wsgi_app
    response = self.full_dispatch_request()
  File "/home/tom/.local/lib/python3.6/site-packages/flask/app.py", line 1952, in full_dispatch_request
    return self.finalize_request(rv)
  File "/home/tom/.local/lib/python3.6/site-packages/flask/app.py", line 1967, in finalize_request
    response = self.make_response(rv)
  File "/home/tom/.local/lib/python3.6/site-packages/flask/app.py", line 2097, in make_response
    "The view function did not return a valid response. The"
TypeError: The view function did not return a valid response. The function either returned None or ended without a return statement.
[2019-09-28 21:02:06,786] ERROR in app: Exception on /xz.php [POST]
Traceback (most recent call last):
  File "/home/tom/.local/lib/python3.6/site-packages/flask/app.py", line 2446, in wsgi_app
    response = self.full_dispatch_request()
  File "/home/tom/.local/lib/python3.6/site-packages/flask/app.py", line 1952, in full_dispatch_request
    return self.finalize_request(rv)
  File "/home/tom/.local/lib/python3.6/site-packages/flask/app.py", line 1967, in finalize_request
    response = self.make_response(rv)
  File "/home/tom/.local/lib/python3.6/site-packages/flask/app.py", line 2097, in make_response
    "The view function did not return a valid response. The"
TypeError: The view function did not return a valid response. The function either returned None or ended without a return statement.
[2019-09-28 21:02:07,625] ERROR in app: Exception on /beimeng.php [POST]
Traceback (most recent call last):
  File "/home/tom/.local/lib/python3.6/site-packages/flask/app.py", line 2446, in wsgi_app
    response = self.full_dispatch_request()
  File "/home/tom/.local/lib/python3.6/site-packages/flask/app.py", line 1952, in full_dispatch_request
    return self.finalize_request(rv)
  File "/home/tom/.local/lib/python3.6/site-packages/flask/app.py", line 1967, in finalize_request
    response = self.make_response(rv)
  File "/home/tom/.local/lib/python3.6/site-packages/flask/app.py", line 2097, in make_response
    "The view function did not return a valid response. The"
TypeError: The view function did not return a valid response. The function either returned None or ended without a return statement.
[2019-09-28 21:02:07,933] ERROR in app: Exception on /linuxse.php [POST]
Traceback (most recent call last):
  File "/home/tom/.local/lib/python3.6/site-packages/flask/app.py", line 2446, in wsgi_app
    response = self.full_dispatch_request()
  File "/home/tom/.local/lib/python3.6/site-packages/flask/app.py", line 1952, in full_dispatch_request
    return self.finalize_request(rv)
  File "/home/tom/.local/lib/python3.6/site-packages/flask/app.py", line 1967, in finalize_request
    response = self.make_response(rv)
  File "/home/tom/.local/lib/python3.6/site-packages/flask/app.py", line 2097, in make_response
    "The view function did not return a valid response. The"
TypeError: The view function did not return a valid response. The function either returned None or ended without a return statement.
[2019-09-28 21:02:08,773] ERROR in app: Exception on /zuoindex.php [POST]
Traceback (most recent call last):
  File "/home/tom/.local/lib/python3.6/site-packages/flask/app.py", line 2446, in wsgi_app
    response = self.full_dispatch_request()
  File "/home/tom/.local/lib/python3.6/site-packages/flask/app.py", line 1952, in full_dispatch_request
    return self.finalize_request(rv)
  File "/home/tom/.local/lib/python3.6/site-packages/flask/app.py", line 1967, in finalize_request
    response = self.make_response(rv)
  File "/home/tom/.local/lib/python3.6/site-packages/flask/app.py", line 2097, in make_response
    "The view function did not return a valid response. The"
TypeError: The view function did not return a valid response. The function either returned None or ended without a return statement.
[2019-09-28 21:02:09,613] ERROR in app: Exception on /zshmindex.php [POST]
Traceback (most recent call last):
  File "/home/tom/.local/lib/python3.6/site-packages/flask/app.py", line 2446, in wsgi_app
    response = self.full_dispatch_request()
  File "/home/tom/.local/lib/python3.6/site-packages/flask/app.py", line 1952, in full_dispatch_request
    return self.finalize_request(rv)
  File "/home/tom/.local/lib/python3.6/site-packages/flask/app.py", line 1967, in finalize_request
    response = self.make_response(rv)
  File "/home/tom/.local/lib/python3.6/site-packages/flask/app.py", line 2097, in make_response
    "The view function did not return a valid response. The"
TypeError: The view function did not return a valid response. The function either returned None or ended without a return statement.
[2019-09-28 21:02:09,921] ERROR in app: Exception on /tomcat.php [POST]
Traceback (most recent call last):
  File "/home/tom/.local/lib/python3.6/site-packages/flask/app.py", line 2446, in wsgi_app
    response = self.full_dispatch_request()
  File "/home/tom/.local/lib/python3.6/site-packages/flask/app.py", line 1952, in full_dispatch_request
    return self.finalize_request(rv)
  File "/home/tom/.local/lib/python3.6/site-packages/flask/app.py", line 1967, in finalize_request
    response = self.make_response(rv)
  File "/home/tom/.local/lib/python3.6/site-packages/flask/app.py", line 2097, in make_response
    "The view function did not return a valid response. The"
TypeError: The view function did not return a valid response. The function either returned None or ended without a return statement.
[2019-09-28 21:02:10,754] ERROR in app: Exception on /ceshi.php [POST]
Traceback (most recent call last):
  File "/home/tom/.local/lib/python3.6/site-packages/flask/app.py", line 2446, in wsgi_app
    response = self.full_dispatch_request()
  File "/home/tom/.local/lib/python3.6/site-packages/flask/app.py", line 1952, in full_dispatch_request
    return self.finalize_request(rv)
  File "/home/tom/.local/lib/python3.6/site-packages/flask/app.py", line 1967, in finalize_request
    response = self.make_response(rv)
  File "/home/tom/.local/lib/python3.6/site-packages/flask/app.py", line 2097, in make_response
    "The view function did not return a valid response. The"
TypeError: The view function did not return a valid response. The function either returned None or ended without a return statement.
[2019-09-28 21:02:11,594] ERROR in app: Exception on /1hou.php [POST]
Traceback (most recent call last):
  File "/home/tom/.local/lib/python3.6/site-packages/flask/app.py", line 2446, in wsgi_app
    response = self.full_dispatch_request()
  File "/home/tom/.local/lib/python3.6/site-packages/flask/app.py", line 1952, in full_dispatch_request
    return self.finalize_request(rv)
  File "/home/tom/.local/lib/python3.6/site-packages/flask/app.py", line 1967, in finalize_request
    response = self.make_response(rv)
  File "/home/tom/.local/lib/python3.6/site-packages/flask/app.py", line 2097, in make_response
    "The view function did not return a valid response. The"
TypeError: The view function did not return a valid response. The function either returned None or ended without a return statement.
[2019-09-28 21:02:11,903] ERROR in app: Exception on /ou2.php [POST]
Traceback (most recent call last):
  File "/home/tom/.local/lib/python3.6/site-packages/flask/app.py", line 2446, in wsgi_app
    response = self.full_dispatch_request()
  File "/home/tom/.local/lib/python3.6/site-packages/flask/app.py", line 1952, in full_dispatch_request
    return self.finalize_request(rv)
  File "/home/tom/.local/lib/python3.6/site-packages/flask/app.py", line 1967, in finalize_request
    response = self.make_response(rv)
  File "/home/tom/.local/lib/python3.6/site-packages/flask/app.py", line 2097, in make_response
    "The view function did not return a valid response. The"
TypeError: The view function did not return a valid response. The function either returned None or ended without a return statement.
[2019-09-28 21:02:12,210] ERROR in app: Exception on /zuos.php [POST]
Traceback (most recent call last):
  File "/home/tom/.local/lib/python3.6/site-packages/flask/app.py", line 2446, in wsgi_app
    response = self.full_dispatch_request()
  File "/home/tom/.local/lib/python3.6/site-packages/flask/app.py", line 1952, in full_dispatch_request
    return self.finalize_request(rv)
  File "/home/tom/.local/lib/python3.6/site-packages/flask/app.py", line 1967, in finalize_request
    response = self.make_response(rv)
  File "/home/tom/.local/lib/python3.6/site-packages/flask/app.py", line 2097, in make_response
    "The view function did not return a valid response. The"
TypeError: The view function did not return a valid response. The function either returned None or ended without a return statement.
[2019-09-28 21:02:12,518] ERROR in app: Exception on /zuoss.php [POST]
Traceback (most recent call last):
  File "/home/tom/.local/lib/python3.6/site-packages/flask/app.py", line 2446, in wsgi_app
    response = self.full_dispatch_request()
  File "/home/tom/.local/lib/python3.6/site-packages/flask/app.py", line 1952, in full_dispatch_request
    return self.finalize_request(rv)
  File "/home/tom/.local/lib/python3.6/site-packages/flask/app.py", line 1967, in finalize_request
    response = self.make_response(rv)
  File "/home/tom/.local/lib/python3.6/site-packages/flask/app.py", line 2097, in make_response
    "The view function did not return a valid response. The"
TypeError: The view function did not return a valid response. The function either returned None or ended without a return statement.
[2019-09-28 21:02:15,086] ERROR in app: Exception on /zuoshss.php [POST]
Traceback (most recent call last):
  File "/home/tom/.local/lib/python3.6/site-packages/flask/app.py", line 2446, in wsgi_app
    response = self.full_dispatch_request()
  File "/home/tom/.local/lib/python3.6/site-packages/flask/app.py", line 1952, in full_dispatch_request
    return self.finalize_request(rv)
  File "/home/tom/.local/lib/python3.6/site-packages/flask/app.py", line 1967, in finalize_request
    response = self.make_response(rv)
  File "/home/tom/.local/lib/python3.6/site-packages/flask/app.py", line 2097, in make_response
    "The view function did not return a valid response. The"
TypeError: The view function did not return a valid response. The function either returned None or ended without a return statement.
[2019-09-28 21:02:15,394] ERROR in app: Exception on /789056.php [POST]
Traceback (most recent call last):
  File "/home/tom/.local/lib/python3.6/site-packages/flask/app.py", line 2446, in wsgi_app
    response = self.full_dispatch_request()
  File "/home/tom/.local/lib/python3.6/site-packages/flask/app.py", line 1952, in full_dispatch_request
    return self.finalize_request(rv)
  File "/home/tom/.local/lib/python3.6/site-packages/flask/app.py", line 1967, in finalize_request
    response = self.make_response(rv)
  File "/home/tom/.local/lib/python3.6/site-packages/flask/app.py", line 2097, in make_response
    "The view function did not return a valid response. The"
TypeError: The view function did not return a valid response. The function either returned None or ended without a return statement.
[2019-09-28 21:02:15,702] ERROR in app: Exception on /abc776.php [POST]
Traceback (most recent call last):
  File "/home/tom/.local/lib/python3.6/site-packages/flask/app.py", line 2446, in wsgi_app
    response = self.full_dispatch_request()
  File "/home/tom/.local/lib/python3.6/site-packages/flask/app.py", line 1952, in full_dispatch_request
    return self.finalize_request(rv)
  File "/home/tom/.local/lib/python3.6/site-packages/flask/app.py", line 1967, in finalize_request
    response = self.make_response(rv)
  File "/home/tom/.local/lib/python3.6/site-packages/flask/app.py", line 2097, in make_response
    "The view function did not return a valid response. The"
TypeError: The view function did not return a valid response. The function either returned None or ended without a return statement.
[2019-09-28 21:02:16,009] ERROR in app: Exception on /afafaf.php [POST]
Traceback (most recent call last):
  File "/home/tom/.local/lib/python3.6/site-packages/flask/app.py", line 2446, in wsgi_app
    response = self.full_dispatch_request()
  File "/home/tom/.local/lib/python3.6/site-packages/flask/app.py", line 1952, in full_dispatch_request
    return self.finalize_request(rv)
  File "/home/tom/.local/lib/python3.6/site-packages/flask/app.py", line 1967, in finalize_request
    response = self.make_response(rv)
  File "/home/tom/.local/lib/python3.6/site-packages/flask/app.py", line 2097, in make_response
    "The view function did not return a valid response. The"
TypeError: The view function did not return a valid response. The function either returned None or ended without a return statement.
[2019-09-28 21:02:16,316] ERROR in app: Exception on /jyyy.php [POST]
Traceback (most recent call last):
  File "/home/tom/.local/lib/python3.6/site-packages/flask/app.py", line 2446, in wsgi_app
    response = self.full_dispatch_request()
  File "/home/tom/.local/lib/python3.6/site-packages/flask/app.py", line 1952, in full_dispatch_request
    return self.finalize_request(rv)
  File "/home/tom/.local/lib/python3.6/site-packages/flask/app.py", line 1967, in finalize_request
    response = self.make_response(rv)
  File "/home/tom/.local/lib/python3.6/site-packages/flask/app.py", line 2097, in make_response
    "The view function did not return a valid response. The"
TypeError: The view function did not return a valid response. The function either returned None or ended without a return statement.
[2019-09-28 21:02:16,624] ERROR in app: Exception on /ooo23.php [POST]
Traceback (most recent call last):
  File "/home/tom/.local/lib/python3.6/site-packages/flask/app.py", line 2446, in wsgi_app
    response = self.full_dispatch_request()
  File "/home/tom/.local/lib/python3.6/site-packages/flask/app.py", line 1952, in full_dispatch_request
    return self.finalize_request(rv)
  File "/home/tom/.local/lib/python3.6/site-packages/flask/app.py", line 1967, in finalize_request
    response = self.make_response(rv)
  File "/home/tom/.local/lib/python3.6/site-packages/flask/app.py", line 2097, in make_response
    "The view function did not return a valid response. The"
TypeError: The view function did not return a valid response. The function either returned None or ended without a return statement.
[2019-09-28 21:02:16,932] ERROR in app: Exception on /htfr.php [POST]
Traceback (most recent call last):
  File "/home/tom/.local/lib/python3.6/site-packages/flask/app.py", line 2446, in wsgi_app
    response = self.full_dispatch_request()
  File "/home/tom/.local/lib/python3.6/site-packages/flask/app.py", line 1952, in full_dispatch_request
    return self.finalize_request(rv)
  File "/home/tom/.local/lib/python3.6/site-packages/flask/app.py", line 1967, in finalize_request
    response = self.make_response(rv)
  File "/home/tom/.local/lib/python3.6/site-packages/flask/app.py", line 2097, in make_response
    "The view function did not return a valid response. The"
TypeError: The view function did not return a valid response. The function either returned None or ended without a return statement.
[2019-09-28 21:02:17,243] ERROR in app: Exception on /boots.php [POST]
Traceback (most recent call last):
  File "/home/tom/.local/lib/python3.6/site-packages/flask/app.py", line 2446, in wsgi_app
    response = self.full_dispatch_request()
  File "/home/tom/.local/lib/python3.6/site-packages/flask/app.py", line 1952, in full_dispatch_request
    return self.finalize_request(rv)
  File "/home/tom/.local/lib/python3.6/site-packages/flask/app.py", line 1967, in finalize_request
    response = self.make_response(rv)
  File "/home/tom/.local/lib/python3.6/site-packages/flask/app.py", line 2097, in make_response
    "The view function did not return a valid response. The"
TypeError: The view function did not return a valid response. The function either returned None or ended without a return statement.
[2019-09-28 21:02:17,548] ERROR in app: Exception on /she.php [POST]
Traceback (most recent call last):
  File "/home/tom/.local/lib/python3.6/site-packages/flask/app.py", line 2446, in wsgi_app
    response = self.full_dispatch_request()
  File "/home/tom/.local/lib/python3.6/site-packages/flask/app.py", line 1952, in full_dispatch_request
    return self.finalize_request(rv)
  File "/home/tom/.local/lib/python3.6/site-packages/flask/app.py", line 1967, in finalize_request
    response = self.make_response(rv)
  File "/home/tom/.local/lib/python3.6/site-packages/flask/app.py", line 2097, in make_response
    "The view function did not return a valid response. The"
TypeError: The view function did not return a valid response. The function either returned None or ended without a return statement.
[2019-09-28 21:02:17,859] ERROR in app: Exception on /s.php [POST]
Traceback (most recent call last):
  File "/home/tom/.local/lib/python3.6/site-packages/flask/app.py", line 2446, in wsgi_app
    response = self.full_dispatch_request()
  File "/home/tom/.local/lib/python3.6/site-packages/flask/app.py", line 1952, in full_dispatch_request
    return self.finalize_request(rv)
  File "/home/tom/.local/lib/python3.6/site-packages/flask/app.py", line 1967, in finalize_request
    response = self.make_response(rv)
  File "/home/tom/.local/lib/python3.6/site-packages/flask/app.py", line 2097, in make_response
    "The view function did not return a valid response. The"
TypeError: The view function did not return a valid response. The function either returned None or ended without a return statement.
[2019-09-28 21:02:19,086] ERROR in app: Exception on /qw.php [POST]
Traceback (most recent call last):
  File "/home/tom/.local/lib/python3.6/site-packages/flask/app.py", line 2446, in wsgi_app
    response = self.full_dispatch_request()
  File "/home/tom/.local/lib/python3.6/site-packages/flask/app.py", line 1952, in full_dispatch_request
    return self.finalize_request(rv)
  File "/home/tom/.local/lib/python3.6/site-packages/flask/app.py", line 1967, in finalize_request
    response = self.make_response(rv)
  File "/home/tom/.local/lib/python3.6/site-packages/flask/app.py", line 2097, in make_response
    "The view function did not return a valid response. The"
TypeError: The view function did not return a valid response. The function either returned None or ended without a return statement.
[2019-09-28 21:02:19,395] ERROR in app: Exception on /test.php [POST]
Traceback (most recent call last):
  File "/home/tom/.local/lib/python3.6/site-packages/flask/app.py", line 2446, in wsgi_app
    response = self.full_dispatch_request()
  File "/home/tom/.local/lib/python3.6/site-packages/flask/app.py", line 1952, in full_dispatch_request
    return self.finalize_request(rv)
  File "/home/tom/.local/lib/python3.6/site-packages/flask/app.py", line 1967, in finalize_request
    response = self.make_response(rv)
  File "/home/tom/.local/lib/python3.6/site-packages/flask/app.py", line 2097, in make_response
    "The view function did not return a valid response. The"
TypeError: The view function did not return a valid response. The function either returned None or ended without a return statement.
[2019-09-28 21:02:19,702] ERROR in app: Exception on /caonma.php [POST]
Traceback (most recent call last):
  File "/home/tom/.local/lib/python3.6/site-packages/flask/app.py", line 2446, in wsgi_app
    response = self.full_dispatch_request()
  File "/home/tom/.local/lib/python3.6/site-packages/flask/app.py", line 1952, in full_dispatch_request
    return self.finalize_request(rv)
  File "/home/tom/.local/lib/python3.6/site-packages/flask/app.py", line 1967, in finalize_request
    response = self.make_response(rv)
  File "/home/tom/.local/lib/python3.6/site-packages/flask/app.py", line 2097, in make_response
    "The view function did not return a valid response. The"
TypeError: The view function did not return a valid response. The function either returned None or ended without a return statement.
[2019-09-28 21:02:20,514] ERROR in app: Exception on /wcp.php [POST]
Traceback (most recent call last):
  File "/home/tom/.local/lib/python3.6/site-packages/flask/app.py", line 2446, in wsgi_app
    response = self.full_dispatch_request()
  File "/home/tom/.local/lib/python3.6/site-packages/flask/app.py", line 1952, in full_dispatch_request
    return self.finalize_request(rv)
  File "/home/tom/.local/lib/python3.6/site-packages/flask/app.py", line 1967, in finalize_request
    response = self.make_response(rv)
  File "/home/tom/.local/lib/python3.6/site-packages/flask/app.py", line 2097, in make_response
    "The view function did not return a valid response. The"
TypeError: The view function did not return a valid response. The function either returned None or ended without a return statement.
[2019-09-28 21:02:21,993] ERROR in app: Exception on /u.php [POST]
Traceback (most recent call last):
  File "/home/tom/.local/lib/python3.6/site-packages/flask/app.py", line 2446, in wsgi_app
    response = self.full_dispatch_request()
  File "/home/tom/.local/lib/python3.6/site-packages/flask/app.py", line 1952, in full_dispatch_request
    return self.finalize_request(rv)
  File "/home/tom/.local/lib/python3.6/site-packages/flask/app.py", line 1967, in finalize_request
    response = self.make_response(rv)
  File "/home/tom/.local/lib/python3.6/site-packages/flask/app.py", line 2097, in make_response
    "The view function did not return a valid response. The"
TypeError: The view function did not return a valid response. The function either returned None or ended without a return statement.
[2019-09-28 21:02:22,300] ERROR in app: Exception on /uu.php [POST]
Traceback (most recent call last):
  File "/home/tom/.local/lib/python3.6/site-packages/flask/app.py", line 2446, in wsgi_app
    response = self.full_dispatch_request()
  File "/home/tom/.local/lib/python3.6/site-packages/flask/app.py", line 1952, in full_dispatch_request
    return self.finalize_request(rv)
  File "/home/tom/.local/lib/python3.6/site-packages/flask/app.py", line 1967, in finalize_request
    response = self.make_response(rv)
  File "/home/tom/.local/lib/python3.6/site-packages/flask/app.py", line 2097, in make_response
    "The view function did not return a valid response. The"
TypeError: The view function did not return a valid response. The function either returned None or ended without a return statement.
[2019-09-28 21:02:22,607] ERROR in app: Exception on /uuu.php [POST]
Traceback (most recent call last):
  File "/home/tom/.local/lib/python3.6/site-packages/flask/app.py", line 2446, in wsgi_app
    response = self.full_dispatch_request()
  File "/home/tom/.local/lib/python3.6/site-packages/flask/app.py", line 1952, in full_dispatch_request
    return self.finalize_request(rv)
  File "/home/tom/.local/lib/python3.6/site-packages/flask/app.py", line 1967, in finalize_request
    response = self.make_response(rv)
  File "/home/tom/.local/lib/python3.6/site-packages/flask/app.py", line 2097, in make_response
    "The view function did not return a valid response. The"
TypeError: The view function did not return a valid response. The function either returned None or ended without a return statement.
[2019-09-28 21:02:22,916] ERROR in app: Exception on /sss.php [POST]
Traceback (most recent call last):
  File "/home/tom/.local/lib/python3.6/site-packages/flask/app.py", line 2446, in wsgi_app
    response = self.full_dispatch_request()
  File "/home/tom/.local/lib/python3.6/site-packages/flask/app.py", line 1952, in full_dispatch_request
    return self.finalize_request(rv)
  File "/home/tom/.local/lib/python3.6/site-packages/flask/app.py", line 1967, in finalize_request
    response = self.make_response(rv)
  File "/home/tom/.local/lib/python3.6/site-packages/flask/app.py", line 2097, in make_response
    "The view function did not return a valid response. The"
TypeError: The view function did not return a valid response. The function either returned None or ended without a return statement.
[2019-09-28 21:02:24,258] ERROR in app: Exception on /ooo.php [POST]
Traceback (most recent call last):
  File "/home/tom/.local/lib/python3.6/site-packages/flask/app.py", line 2446, in wsgi_app
    response = self.full_dispatch_request()
  File "/home/tom/.local/lib/python3.6/site-packages/flask/app.py", line 1952, in full_dispatch_request
    return self.finalize_request(rv)
  File "/home/tom/.local/lib/python3.6/site-packages/flask/app.py", line 1967, in finalize_request
    response = self.make_response(rv)
  File "/home/tom/.local/lib/python3.6/site-packages/flask/app.py", line 2097, in make_response
    "The view function did not return a valid response. The"
TypeError: The view function did not return a valid response. The function either returned None or ended without a return statement.
[2019-09-28 21:02:24,565] ERROR in app: Exception on /ss.php [POST]
Traceback (most recent call last):
  File "/home/tom/.local/lib/python3.6/site-packages/flask/app.py", line 2446, in wsgi_app
    response = self.full_dispatch_request()
  File "/home/tom/.local/lib/python3.6/site-packages/flask/app.py", line 1952, in full_dispatch_request
    return self.finalize_request(rv)
  File "/home/tom/.local/lib/python3.6/site-packages/flask/app.py", line 1967, in finalize_request
    response = self.make_response(rv)
  File "/home/tom/.local/lib/python3.6/site-packages/flask/app.py", line 2097, in make_response
    "The view function did not return a valid response. The"
TypeError: The view function did not return a valid response. The function either returned None or ended without a return statement.
[2019-09-28 21:02:24,873] ERROR in app: Exception on /ss.php [POST]
Traceback (most recent call last):
  File "/home/tom/.local/lib/python3.6/site-packages/flask/app.py", line 2446, in wsgi_app
    response = self.full_dispatch_request()
  File "/home/tom/.local/lib/python3.6/site-packages/flask/app.py", line 1952, in full_dispatch_request
    return self.finalize_request(rv)
  File "/home/tom/.local/lib/python3.6/site-packages/flask/app.py", line 1967, in finalize_request
    response = self.make_response(rv)
  File "/home/tom/.local/lib/python3.6/site-packages/flask/app.py", line 2097, in make_response
    "The view function did not return a valid response. The"
TypeError: The view function did not return a valid response. The function either returned None or ended without a return statement.
[2019-09-28 21:02:25,183] ERROR in app: Exception on /sss.php [POST]
Traceback (most recent call last):
  File "/home/tom/.local/lib/python3.6/site-packages/flask/app.py", line 2446, in wsgi_app
    response = self.full_dispatch_request()
  File "/home/tom/.local/lib/python3.6/site-packages/flask/app.py", line 1952, in full_dispatch_request
    return self.finalize_request(rv)
  File "/home/tom/.local/lib/python3.6/site-packages/flask/app.py", line 1967, in finalize_request
    response = self.make_response(rv)
  File "/home/tom/.local/lib/python3.6/site-packages/flask/app.py", line 2097, in make_response
    "The view function did not return a valid response. The"
TypeError: The view function did not return a valid response. The function either returned None or ended without a return statement.
[2019-09-28 21:02:25,493] ERROR in app: Exception on /mazi.php [POST]
Traceback (most recent call last):
  File "/home/tom/.local/lib/python3.6/site-packages/flask/app.py", line 2446, in wsgi_app
    response = self.full_dispatch_request()
  File "/home/tom/.local/lib/python3.6/site-packages/flask/app.py", line 1952, in full_dispatch_request
    return self.finalize_request(rv)
  File "/home/tom/.local/lib/python3.6/site-packages/flask/app.py", line 1967, in finalize_request
    response = self.make_response(rv)
  File "/home/tom/.local/lib/python3.6/site-packages/flask/app.py", line 2097, in make_response
    "The view function did not return a valid response. The"
TypeError: The view function did not return a valid response. The function either returned None or ended without a return statement.
[2019-09-28 21:02:25,800] ERROR in app: Exception on /phpini.php [POST]
Traceback (most recent call last):
  File "/home/tom/.local/lib/python3.6/site-packages/flask/app.py", line 2446, in wsgi_app
    response = self.full_dispatch_request()
  File "/home/tom/.local/lib/python3.6/site-packages/flask/app.py", line 1952, in full_dispatch_request
    return self.finalize_request(rv)
  File "/home/tom/.local/lib/python3.6/site-packages/flask/app.py", line 1967, in finalize_request
    response = self.make_response(rv)
  File "/home/tom/.local/lib/python3.6/site-packages/flask/app.py", line 2097, in make_response
    "The view function did not return a valid response. The"
TypeError: The view function did not return a valid response. The function either returned None or ended without a return statement.
[2019-09-28 21:02:26,107] ERROR in app: Exception on /1.php [POST]
Traceback (most recent call last):
  File "/home/tom/.local/lib/python3.6/site-packages/flask/app.py", line 2446, in wsgi_app
    response = self.full_dispatch_request()
  File "/home/tom/.local/lib/python3.6/site-packages/flask/app.py", line 1952, in full_dispatch_request
    return self.finalize_request(rv)
  File "/home/tom/.local/lib/python3.6/site-packages/flask/app.py", line 1967, in finalize_request
    response = self.make_response(rv)
  File "/home/tom/.local/lib/python3.6/site-packages/flask/app.py", line 2097, in make_response
    "The view function did not return a valid response. The"
TypeError: The view function did not return a valid response. The function either returned None or ended without a return statement.
[2019-09-28 21:02:26,415] ERROR in app: Exception on /2.php [POST]
Traceback (most recent call last):
  File "/home/tom/.local/lib/python3.6/site-packages/flask/app.py", line 2446, in wsgi_app
    response = self.full_dispatch_request()
  File "/home/tom/.local/lib/python3.6/site-packages/flask/app.py", line 1952, in full_dispatch_request
    return self.finalize_request(rv)
  File "/home/tom/.local/lib/python3.6/site-packages/flask/app.py", line 1967, in finalize_request
    response = self.make_response(rv)
  File "/home/tom/.local/lib/python3.6/site-packages/flask/app.py", line 2097, in make_response
    "The view function did not return a valid response. The"
TypeError: The view function did not return a valid response. The function either returned None or ended without a return statement.
[2019-09-28 21:02:26,723] ERROR in app: Exception on /core.php [POST]
Traceback (most recent call last):
  File "/home/tom/.local/lib/python3.6/site-packages/flask/app.py", line 2446, in wsgi_app
    response = self.full_dispatch_request()
  File "/home/tom/.local/lib/python3.6/site-packages/flask/app.py", line 1952, in full_dispatch_request
    return self.finalize_request(rv)
  File "/home/tom/.local/lib/python3.6/site-packages/flask/app.py", line 1967, in finalize_request
    response = self.make_response(rv)
  File "/home/tom/.local/lib/python3.6/site-packages/flask/app.py", line 2097, in make_response
    "The view function did not return a valid response. The"
TypeError: The view function did not return a valid response. The function either returned None or ended without a return statement.
[2019-09-28 21:02:27,554] ERROR in app: Exception on /qaz.php [POST]
Traceback (most recent call last):
  File "/home/tom/.local/lib/python3.6/site-packages/flask/app.py", line 2446, in wsgi_app
    response = self.full_dispatch_request()
  File "/home/tom/.local/lib/python3.6/site-packages/flask/app.py", line 1952, in full_dispatch_request
    return self.finalize_request(rv)
  File "/home/tom/.local/lib/python3.6/site-packages/flask/app.py", line 1967, in finalize_request
    response = self.make_response(rv)
  File "/home/tom/.local/lib/python3.6/site-packages/flask/app.py", line 2097, in make_response
    "The view function did not return a valid response. The"
TypeError: The view function did not return a valid response. The function either returned None or ended without a return statement.
[2019-09-28 21:02:27,863] ERROR in app: Exception on /sha.php [POST]
Traceback (most recent call last):
  File "/home/tom/.local/lib/python3.6/site-packages/flask/app.py", line 2446, in wsgi_app
    response = self.full_dispatch_request()
  File "/home/tom/.local/lib/python3.6/site-packages/flask/app.py", line 1952, in full_dispatch_request
    return self.finalize_request(rv)
  File "/home/tom/.local/lib/python3.6/site-packages/flask/app.py", line 1967, in finalize_request
    response = self.make_response(rv)
  File "/home/tom/.local/lib/python3.6/site-packages/flask/app.py", line 2097, in make_response
    "The view function did not return a valid response. The"
TypeError: The view function did not return a valid response. The function either returned None or ended without a return statement.
[2019-09-28 21:02:28,674] ERROR in app: Exception on /ppx.php [POST]
Traceback (most recent call last):
  File "/home/tom/.local/lib/python3.6/site-packages/flask/app.py", line 2446, in wsgi_app
    response = self.full_dispatch_request()
  File "/home/tom/.local/lib/python3.6/site-packages/flask/app.py", line 1952, in full_dispatch_request
    return self.finalize_request(rv)
  File "/home/tom/.local/lib/python3.6/site-packages/flask/app.py", line 1967, in finalize_request
    response = self.make_response(rv)
  File "/home/tom/.local/lib/python3.6/site-packages/flask/app.py", line 2097, in make_response
    "The view function did not return a valid response. The"
TypeError: The view function did not return a valid response. The function either returned None or ended without a return statement.
[2019-09-28 21:02:28,981] ERROR in app: Exception on /confg.php [POST]
Traceback (most recent call last):
  File "/home/tom/.local/lib/python3.6/site-packages/flask/app.py", line 2446, in wsgi_app
    response = self.full_dispatch_request()
  File "/home/tom/.local/lib/python3.6/site-packages/flask/app.py", line 1952, in full_dispatch_request
    return self.finalize_request(rv)
  File "/home/tom/.local/lib/python3.6/site-packages/flask/app.py", line 1967, in finalize_request
    response = self.make_response(rv)
  File "/home/tom/.local/lib/python3.6/site-packages/flask/app.py", line 2097, in make_response
    "The view function did not return a valid response. The"
TypeError: The view function did not return a valid response. The function either returned None or ended without a return statement.
[2019-09-28 21:02:29,288] ERROR in app: Exception on /conf1g.php [POST]
Traceback (most recent call last):
  File "/home/tom/.local/lib/python3.6/site-packages/flask/app.py", line 2446, in wsgi_app
    response = self.full_dispatch_request()
  File "/home/tom/.local/lib/python3.6/site-packages/flask/app.py", line 1952, in full_dispatch_request
    return self.finalize_request(rv)
  File "/home/tom/.local/lib/python3.6/site-packages/flask/app.py", line 1967, in finalize_request
    response = self.make_response(rv)
  File "/home/tom/.local/lib/python3.6/site-packages/flask/app.py", line 2097, in make_response
    "The view function did not return a valid response. The"
TypeError: The view function did not return a valid response. The function either returned None or ended without a return statement.
[2019-09-28 21:02:29,601] ERROR in app: Exception on /confg.php [POST]
Traceback (most recent call last):
  File "/home/tom/.local/lib/python3.6/site-packages/flask/app.py", line 2446, in wsgi_app
    response = self.full_dispatch_request()
  File "/home/tom/.local/lib/python3.6/site-packages/flask/app.py", line 1952, in full_dispatch_request
    return self.finalize_request(rv)
  File "/home/tom/.local/lib/python3.6/site-packages/flask/app.py", line 1967, in finalize_request
    response = self.make_response(rv)
  File "/home/tom/.local/lib/python3.6/site-packages/flask/app.py", line 2097, in make_response
    "The view function did not return a valid response. The"
TypeError: The view function did not return a valid response. The function either returned None or ended without a return statement.
[2019-09-28 21:02:29,908] ERROR in app: Exception on /confg.php [POST]
Traceback (most recent call last):
  File "/home/tom/.local/lib/python3.6/site-packages/flask/app.py", line 2446, in wsgi_app
    response = self.full_dispatch_request()
  File "/home/tom/.local/lib/python3.6/site-packages/flask/app.py", line 1952, in full_dispatch_request
    return self.finalize_request(rv)
  File "/home/tom/.local/lib/python3.6/site-packages/flask/app.py", line 1967, in finalize_request
    response = self.make_response(rv)
  File "/home/tom/.local/lib/python3.6/site-packages/flask/app.py", line 2097, in make_response
    "The view function did not return a valid response. The"
TypeError: The view function did not return a valid response. The function either returned None or ended without a return statement.
[2019-09-28 21:02:30,859] ERROR in app: Exception on /confg.php [POST]
Traceback (most recent call last):
  File "/home/tom/.local/lib/python3.6/site-packages/flask/app.py", line 2446, in wsgi_app
    response = self.full_dispatch_request()
  File "/home/tom/.local/lib/python3.6/site-packages/flask/app.py", line 1952, in full_dispatch_request
    return self.finalize_request(rv)
  File "/home/tom/.local/lib/python3.6/site-packages/flask/app.py", line 1967, in finalize_request
    response = self.make_response(rv)
  File "/home/tom/.local/lib/python3.6/site-packages/flask/app.py", line 2097, in make_response
    "The view function did not return a valid response. The"
TypeError: The view function did not return a valid response. The function either returned None or ended without a return statement.
[2019-09-28 21:02:31,166] ERROR in app: Exception on /ver.php [POST]
Traceback (most recent call last):
  File "/home/tom/.local/lib/python3.6/site-packages/flask/app.py", line 2446, in wsgi_app
    response = self.full_dispatch_request()
  File "/home/tom/.local/lib/python3.6/site-packages/flask/app.py", line 1952, in full_dispatch_request
    return self.finalize_request(rv)
  File "/home/tom/.local/lib/python3.6/site-packages/flask/app.py", line 1967, in finalize_request
    response = self.make_response(rv)
  File "/home/tom/.local/lib/python3.6/site-packages/flask/app.py", line 2097, in make_response
    "The view function did not return a valid response. The"
TypeError: The view function did not return a valid response. The function either returned None or ended without a return statement.
[2019-09-28 21:02:31,474] ERROR in app: Exception on /hack.php [POST]
Traceback (most recent call last):
  File "/home/tom/.local/lib/python3.6/site-packages/flask/app.py", line 2446, in wsgi_app
    response = self.full_dispatch_request()
  File "/home/tom/.local/lib/python3.6/site-packages/flask/app.py", line 1952, in full_dispatch_request
    return self.finalize_request(rv)
  File "/home/tom/.local/lib/python3.6/site-packages/flask/app.py", line 1967, in finalize_request
    response = self.make_response(rv)
  File "/home/tom/.local/lib/python3.6/site-packages/flask/app.py", line 2097, in make_response
    "The view function did not return a valid response. The"
TypeError: The view function did not return a valid response. The function either returned None or ended without a return statement.
[2019-09-28 21:02:31,784] ERROR in app: Exception on /hack.php [POST]
Traceback (most recent call last):
  File "/home/tom/.local/lib/python3.6/site-packages/flask/app.py", line 2446, in wsgi_app
    response = self.full_dispatch_request()
  File "/home/tom/.local/lib/python3.6/site-packages/flask/app.py", line 1952, in full_dispatch_request
    return self.finalize_request(rv)
  File "/home/tom/.local/lib/python3.6/site-packages/flask/app.py", line 1967, in finalize_request
    response = self.make_response(rv)
  File "/home/tom/.local/lib/python3.6/site-packages/flask/app.py", line 2097, in make_response
    "The view function did not return a valid response. The"
TypeError: The view function did not return a valid response. The function either returned None or ended without a return statement.
[2019-09-28 21:02:32,092] ERROR in app: Exception on /qa.php [POST]
Traceback (most recent call last):
  File "/home/tom/.local/lib/python3.6/site-packages/flask/app.py", line 2446, in wsgi_app
    response = self.full_dispatch_request()
  File "/home/tom/.local/lib/python3.6/site-packages/flask/app.py", line 1952, in full_dispatch_request
    return self.finalize_request(rv)
  File "/home/tom/.local/lib/python3.6/site-packages/flask/app.py", line 1967, in finalize_request
    response = self.make_response(rv)
  File "/home/tom/.local/lib/python3.6/site-packages/flask/app.py", line 2097, in make_response
    "The view function did not return a valid response. The"
TypeError: The view function did not return a valid response. The function either returned None or ended without a return statement.
[2019-09-28 21:02:32,399] ERROR in app: Exception on /Ss.php [POST]
Traceback (most recent call last):
  File "/home/tom/.local/lib/python3.6/site-packages/flask/app.py", line 2446, in wsgi_app
    response = self.full_dispatch_request()
  File "/home/tom/.local/lib/python3.6/site-packages/flask/app.py", line 1952, in full_dispatch_request
    return self.finalize_request(rv)
  File "/home/tom/.local/lib/python3.6/site-packages/flask/app.py", line 1967, in finalize_request
    response = self.make_response(rv)
  File "/home/tom/.local/lib/python3.6/site-packages/flask/app.py", line 2097, in make_response
    "The view function did not return a valid response. The"
TypeError: The view function did not return a valid response. The function either returned None or ended without a return statement.
[2019-09-28 21:02:32,708] ERROR in app: Exception on /xxx.php [POST]
Traceback (most recent call last):
  File "/home/tom/.local/lib/python3.6/site-packages/flask/app.py", line 2446, in wsgi_app
    response = self.full_dispatch_request()
  File "/home/tom/.local/lib/python3.6/site-packages/flask/app.py", line 1952, in full_dispatch_request
    return self.finalize_request(rv)
  File "/home/tom/.local/lib/python3.6/site-packages/flask/app.py", line 1967, in finalize_request
    response = self.make_response(rv)
  File "/home/tom/.local/lib/python3.6/site-packages/flask/app.py", line 2097, in make_response
    "The view function did not return a valid response. The"
TypeError: The view function did not return a valid response. The function either returned None or ended without a return statement.
[2019-09-28 21:02:33,590] ERROR in app: Exception on /92.php [POST]
Traceback (most recent call last):
  File "/home/tom/.local/lib/python3.6/site-packages/flask/app.py", line 2446, in wsgi_app
    response = self.full_dispatch_request()
  File "/home/tom/.local/lib/python3.6/site-packages/flask/app.py", line 1952, in full_dispatch_request
    return self.finalize_request(rv)
  File "/home/tom/.local/lib/python3.6/site-packages/flask/app.py", line 1967, in finalize_request
    response = self.make_response(rv)
  File "/home/tom/.local/lib/python3.6/site-packages/flask/app.py", line 2097, in make_response
    "The view function did not return a valid response. The"
TypeError: The view function did not return a valid response. The function either returned None or ended without a return statement.
[2019-09-28 21:02:33,897] ERROR in app: Exception on /z.php [POST]
Traceback (most recent call last):
  File "/home/tom/.local/lib/python3.6/site-packages/flask/app.py", line 2446, in wsgi_app
    response = self.full_dispatch_request()
  File "/home/tom/.local/lib/python3.6/site-packages/flask/app.py", line 1952, in full_dispatch_request
    return self.finalize_request(rv)
  File "/home/tom/.local/lib/python3.6/site-packages/flask/app.py", line 1967, in finalize_request
    response = self.make_response(rv)
  File "/home/tom/.local/lib/python3.6/site-packages/flask/app.py", line 2097, in make_response
    "The view function did not return a valid response. The"
TypeError: The view function did not return a valid response. The function either returned None or ended without a return statement.
[2019-09-28 21:02:34,205] ERROR in app: Exception on /x.php [POST]
Traceback (most recent call last):
  File "/home/tom/.local/lib/python3.6/site-packages/flask/app.py", line 2446, in wsgi_app
    response = self.full_dispatch_request()
  File "/home/tom/.local/lib/python3.6/site-packages/flask/app.py", line 1952, in full_dispatch_request
    return self.finalize_request(rv)
  File "/home/tom/.local/lib/python3.6/site-packages/flask/app.py", line 1967, in finalize_request
    response = self.make_response(rv)
  File "/home/tom/.local/lib/python3.6/site-packages/flask/app.py", line 2097, in make_response
    "The view function did not return a valid response. The"
TypeError: The view function did not return a valid response. The function either returned None or ended without a return statement.
[2019-09-28 21:02:34,512] ERROR in app: Exception on /dexgp.php [POST]
Traceback (most recent call last):
  File "/home/tom/.local/lib/python3.6/site-packages/flask/app.py", line 2446, in wsgi_app
    response = self.full_dispatch_request()
  File "/home/tom/.local/lib/python3.6/site-packages/flask/app.py", line 1952, in full_dispatch_request
    return self.finalize_request(rv)
  File "/home/tom/.local/lib/python3.6/site-packages/flask/app.py", line 1967, in finalize_request
    response = self.make_response(rv)
  File "/home/tom/.local/lib/python3.6/site-packages/flask/app.py", line 2097, in make_response
    "The view function did not return a valid response. The"
TypeError: The view function did not return a valid response. The function either returned None or ended without a return statement.
[2019-09-28 21:02:35,400] ERROR in app: Exception on /nuoxi.php [POST]
Traceback (most recent call last):
  File "/home/tom/.local/lib/python3.6/site-packages/flask/app.py", line 2446, in wsgi_app
    response = self.full_dispatch_request()
  File "/home/tom/.local/lib/python3.6/site-packages/flask/app.py", line 1952, in full_dispatch_request
    return self.finalize_request(rv)
  File "/home/tom/.local/lib/python3.6/site-packages/flask/app.py", line 1967, in finalize_request
    response = self.make_response(rv)
  File "/home/tom/.local/lib/python3.6/site-packages/flask/app.py", line 2097, in make_response
    "The view function did not return a valid response. The"
TypeError: The view function did not return a valid response. The function either returned None or ended without a return statement.
[2019-09-28 21:02:35,710] ERROR in app: Exception on /godkey.php [POST]
Traceback (most recent call last):
  File "/home/tom/.local/lib/python3.6/site-packages/flask/app.py", line 2446, in wsgi_app
    response = self.full_dispatch_request()
  File "/home/tom/.local/lib/python3.6/site-packages/flask/app.py", line 1952, in full_dispatch_request
    return self.finalize_request(rv)
  File "/home/tom/.local/lib/python3.6/site-packages/flask/app.py", line 1967, in finalize_request
    response = self.make_response(rv)
  File "/home/tom/.local/lib/python3.6/site-packages/flask/app.py", line 2097, in make_response
    "The view function did not return a valid response. The"
TypeError: The view function did not return a valid response. The function either returned None or ended without a return statement.
[2019-09-28 21:02:36,017] ERROR in app: Exception on /okokok.php [POST]
Traceback (most recent call last):
  File "/home/tom/.local/lib/python3.6/site-packages/flask/app.py", line 2446, in wsgi_app
    response = self.full_dispatch_request()
  File "/home/tom/.local/lib/python3.6/site-packages/flask/app.py", line 1952, in full_dispatch_request
    return self.finalize_request(rv)
  File "/home/tom/.local/lib/python3.6/site-packages/flask/app.py", line 1967, in finalize_request
    response = self.make_response(rv)
  File "/home/tom/.local/lib/python3.6/site-packages/flask/app.py", line 2097, in make_response
    "The view function did not return a valid response. The"
TypeError: The view function did not return a valid response. The function either returned None or ended without a return statement.
[2019-09-28 21:02:36,324] ERROR in app: Exception on /erwa.php [POST]
Traceback (most recent call last):
  File "/home/tom/.local/lib/python3.6/site-packages/flask/app.py", line 2446, in wsgi_app
    response = self.full_dispatch_request()
  File "/home/tom/.local/lib/python3.6/site-packages/flask/app.py", line 1952, in full_dispatch_request
    return self.finalize_request(rv)
  File "/home/tom/.local/lib/python3.6/site-packages/flask/app.py", line 1967, in finalize_request
    response = self.make_response(rv)
  File "/home/tom/.local/lib/python3.6/site-packages/flask/app.py", line 2097, in make_response
    "The view function did not return a valid response. The"
TypeError: The view function did not return a valid response. The function either returned None or ended without a return statement.
[2019-09-28 21:02:36,631] ERROR in app: Exception on /pma.php [POST]
Traceback (most recent call last):
  File "/home/tom/.local/lib/python3.6/site-packages/flask/app.py", line 2446, in wsgi_app
    response = self.full_dispatch_request()
  File "/home/tom/.local/lib/python3.6/site-packages/flask/app.py", line 1952, in full_dispatch_request
    return self.finalize_request(rv)
  File "/home/tom/.local/lib/python3.6/site-packages/flask/app.py", line 1967, in finalize_request
    response = self.make_response(rv)
  File "/home/tom/.local/lib/python3.6/site-packages/flask/app.py", line 2097, in make_response
    "The view function did not return a valid response. The"
TypeError: The view function did not return a valid response. The function either returned None or ended without a return statement.
[2019-09-28 21:02:37,442] ERROR in app: Exception on /ruyi.php [POST]
Traceback (most recent call last):
  File "/home/tom/.local/lib/python3.6/site-packages/flask/app.py", line 2446, in wsgi_app
    response = self.full_dispatch_request()
  File "/home/tom/.local/lib/python3.6/site-packages/flask/app.py", line 1952, in full_dispatch_request
    return self.finalize_request(rv)
  File "/home/tom/.local/lib/python3.6/site-packages/flask/app.py", line 1967, in finalize_request
    response = self.make_response(rv)
  File "/home/tom/.local/lib/python3.6/site-packages/flask/app.py", line 2097, in make_response
    "The view function did not return a valid response. The"
TypeError: The view function did not return a valid response. The function either returned None or ended without a return statement.
[2019-09-28 21:02:37,749] ERROR in app: Exception on /51314.php [POST]
Traceback (most recent call last):
  File "/home/tom/.local/lib/python3.6/site-packages/flask/app.py", line 2446, in wsgi_app
    response = self.full_dispatch_request()
  File "/home/tom/.local/lib/python3.6/site-packages/flask/app.py", line 1952, in full_dispatch_request
    return self.finalize_request(rv)
  File "/home/tom/.local/lib/python3.6/site-packages/flask/app.py", line 1967, in finalize_request
    response = self.make_response(rv)
  File "/home/tom/.local/lib/python3.6/site-packages/flask/app.py", line 2097, in make_response
    "The view function did not return a valid response. The"
TypeError: The view function did not return a valid response. The function either returned None or ended without a return statement.
[2019-09-28 21:02:38,352] ERROR in app: Exception on /5201314.php [POST]
Traceback (most recent call last):
  File "/home/tom/.local/lib/python3.6/site-packages/flask/app.py", line 2446, in wsgi_app
    response = self.full_dispatch_request()
  File "/home/tom/.local/lib/python3.6/site-packages/flask/app.py", line 1952, in full_dispatch_request
    return self.finalize_request(rv)
  File "/home/tom/.local/lib/python3.6/site-packages/flask/app.py", line 1967, in finalize_request
    response = self.make_response(rv)
  File "/home/tom/.local/lib/python3.6/site-packages/flask/app.py", line 2097, in make_response
    "The view function did not return a valid response. The"
TypeError: The view function did not return a valid response. The function either returned None or ended without a return statement.
[2019-09-28 21:02:38,662] ERROR in app: Exception on /fusheng.php [POST]
Traceback (most recent call last):
  File "/home/tom/.local/lib/python3.6/site-packages/flask/app.py", line 2446, in wsgi_app
    response = self.full_dispatch_request()
  File "/home/tom/.local/lib/python3.6/site-packages/flask/app.py", line 1952, in full_dispatch_request
    return self.finalize_request(rv)
  File "/home/tom/.local/lib/python3.6/site-packages/flask/app.py", line 1967, in finalize_request
    response = self.make_response(rv)
  File "/home/tom/.local/lib/python3.6/site-packages/flask/app.py", line 2097, in make_response
    "The view function did not return a valid response. The"
TypeError: The view function did not return a valid response. The function either returned None or ended without a return statement.
[2019-09-28 21:02:38,969] ERROR in app: Exception on /general.php [POST]
Traceback (most recent call last):
  File "/home/tom/.local/lib/python3.6/site-packages/flask/app.py", line 2446, in wsgi_app
    response = self.full_dispatch_request()
  File "/home/tom/.local/lib/python3.6/site-packages/flask/app.py", line 1952, in full_dispatch_request
    return self.finalize_request(rv)
  File "/home/tom/.local/lib/python3.6/site-packages/flask/app.py", line 1967, in finalize_request
    response = self.make_response(rv)
  File "/home/tom/.local/lib/python3.6/site-packages/flask/app.py", line 2097, in make_response
    "The view function did not return a valid response. The"
TypeError: The view function did not return a valid response. The function either returned None or ended without a return statement.
[2019-09-28 21:02:39,899] ERROR in app: Exception on /repeat.php [POST]
Traceback (most recent call last):
  File "/home/tom/.local/lib/python3.6/site-packages/flask/app.py", line 2446, in wsgi_app
    response = self.full_dispatch_request()
  File "/home/tom/.local/lib/python3.6/site-packages/flask/app.py", line 1952, in full_dispatch_request
    return self.finalize_request(rv)
  File "/home/tom/.local/lib/python3.6/site-packages/flask/app.py", line 1967, in finalize_request
    response = self.make_response(rv)
  File "/home/tom/.local/lib/python3.6/site-packages/flask/app.py", line 2097, in make_response
    "The view function did not return a valid response. The"
TypeError: The view function did not return a valid response. The function either returned None or ended without a return statement.
[2019-09-28 21:02:40,205] ERROR in app: Exception on /ldw.php [POST]
Traceback (most recent call last):
  File "/home/tom/.local/lib/python3.6/site-packages/flask/app.py", line 2446, in wsgi_app
    response = self.full_dispatch_request()
  File "/home/tom/.local/lib/python3.6/site-packages/flask/app.py", line 1952, in full_dispatch_request
    return self.finalize_request(rv)
  File "/home/tom/.local/lib/python3.6/site-packages/flask/app.py", line 1967, in finalize_request
    response = self.make_response(rv)
  File "/home/tom/.local/lib/python3.6/site-packages/flask/app.py", line 2097, in make_response
    "The view function did not return a valid response. The"
TypeError: The view function did not return a valid response. The function either returned None or ended without a return statement.
[2019-09-28 21:02:40,513] ERROR in app: Exception on /api.php [POST]
Traceback (most recent call last):
  File "/home/tom/.local/lib/python3.6/site-packages/flask/app.py", line 2446, in wsgi_app
    response = self.full_dispatch_request()
  File "/home/tom/.local/lib/python3.6/site-packages/flask/app.py", line 1952, in full_dispatch_request
    return self.finalize_request(rv)
  File "/home/tom/.local/lib/python3.6/site-packages/flask/app.py", line 1967, in finalize_request
    response = self.make_response(rv)
  File "/home/tom/.local/lib/python3.6/site-packages/flask/app.py", line 2097, in make_response
    "The view function did not return a valid response. The"
TypeError: The view function did not return a valid response. The function either returned None or ended without a return statement.
[2019-09-28 21:02:40,822] ERROR in app: Exception on /s1.php [POST]
Traceback (most recent call last):
  File "/home/tom/.local/lib/python3.6/site-packages/flask/app.py", line 2446, in wsgi_app
    response = self.full_dispatch_request()
  File "/home/tom/.local/lib/python3.6/site-packages/flask/app.py", line 1952, in full_dispatch_request
    return self.finalize_request(rv)
  File "/home/tom/.local/lib/python3.6/site-packages/flask/app.py", line 1967, in finalize_request
    response = self.make_response(rv)
  File "/home/tom/.local/lib/python3.6/site-packages/flask/app.py", line 2097, in make_response
    "The view function did not return a valid response. The"
TypeError: The view function did not return a valid response. The function either returned None or ended without a return statement.
[2019-09-28 21:02:41,129] ERROR in app: Exception on /hello.php [POST]
Traceback (most recent call last):
  File "/home/tom/.local/lib/python3.6/site-packages/flask/app.py", line 2446, in wsgi_app
    response = self.full_dispatch_request()
  File "/home/tom/.local/lib/python3.6/site-packages/flask/app.py", line 1952, in full_dispatch_request
    return self.finalize_request(rv)
  File "/home/tom/.local/lib/python3.6/site-packages/flask/app.py", line 1967, in finalize_request
    response = self.make_response(rv)
  File "/home/tom/.local/lib/python3.6/site-packages/flask/app.py", line 2097, in make_response
    "The view function did not return a valid response. The"
TypeError: The view function did not return a valid response. The function either returned None or ended without a return statement.
[2019-09-28 21:02:42,086] ERROR in app: Exception on /hello.php [POST]
Traceback (most recent call last):
  File "/home/tom/.local/lib/python3.6/site-packages/flask/app.py", line 2446, in wsgi_app
    response = self.full_dispatch_request()
  File "/home/tom/.local/lib/python3.6/site-packages/flask/app.py", line 1952, in full_dispatch_request
    return self.finalize_request(rv)
  File "/home/tom/.local/lib/python3.6/site-packages/flask/app.py", line 1967, in finalize_request
    response = self.make_response(rv)
  File "/home/tom/.local/lib/python3.6/site-packages/flask/app.py", line 2097, in make_response
    "The view function did not return a valid response. The"
TypeError: The view function did not return a valid response. The function either returned None or ended without a return statement.
[2019-09-28 21:02:42,395] ERROR in app: Exception on /admn.php [POST]
Traceback (most recent call last):
  File "/home/tom/.local/lib/python3.6/site-packages/flask/app.py", line 2446, in wsgi_app
    response = self.full_dispatch_request()
  File "/home/tom/.local/lib/python3.6/site-packages/flask/app.py", line 1952, in full_dispatch_request
    return self.finalize_request(rv)
  File "/home/tom/.local/lib/python3.6/site-packages/flask/app.py", line 1967, in finalize_request
    response = self.make_response(rv)
  File "/home/tom/.local/lib/python3.6/site-packages/flask/app.py", line 2097, in make_response
    "The view function did not return a valid response. The"
TypeError: The view function did not return a valid response. The function either returned None or ended without a return statement.
[2019-09-28 21:02:43,403] ERROR in app: Exception on /hell.php [POST]
Traceback (most recent call last):
  File "/home/tom/.local/lib/python3.6/site-packages/flask/app.py", line 2446, in wsgi_app
    response = self.full_dispatch_request()
  File "/home/tom/.local/lib/python3.6/site-packages/flask/app.py", line 1952, in full_dispatch_request
    return self.finalize_request(rv)
  File "/home/tom/.local/lib/python3.6/site-packages/flask/app.py", line 1967, in finalize_request
    response = self.make_response(rv)
  File "/home/tom/.local/lib/python3.6/site-packages/flask/app.py", line 2097, in make_response
    "The view function did not return a valid response. The"
TypeError: The view function did not return a valid response. The function either returned None or ended without a return statement.
[2019-09-28 21:02:43,710] ERROR in app: Exception on /hell.php [POST]
Traceback (most recent call last):
  File "/home/tom/.local/lib/python3.6/site-packages/flask/app.py", line 2446, in wsgi_app
    response = self.full_dispatch_request()
  File "/home/tom/.local/lib/python3.6/site-packages/flask/app.py", line 1952, in full_dispatch_request
    return self.finalize_request(rv)
  File "/home/tom/.local/lib/python3.6/site-packages/flask/app.py", line 1967, in finalize_request
    response = self.make_response(rv)
  File "/home/tom/.local/lib/python3.6/site-packages/flask/app.py", line 2097, in make_response
    "The view function did not return a valid response. The"
TypeError: The view function did not return a valid response. The function either returned None or ended without a return statement.
[2019-09-28 21:02:44,016] ERROR in app: Exception on /xp.php [POST]
Traceback (most recent call last):
  File "/home/tom/.local/lib/python3.6/site-packages/flask/app.py", line 2446, in wsgi_app
    response = self.full_dispatch_request()
  File "/home/tom/.local/lib/python3.6/site-packages/flask/app.py", line 1952, in full_dispatch_request
    return self.finalize_request(rv)
  File "/home/tom/.local/lib/python3.6/site-packages/flask/app.py", line 1967, in finalize_request
    response = self.make_response(rv)
  File "/home/tom/.local/lib/python3.6/site-packages/flask/app.py", line 2097, in make_response
    "The view function did not return a valid response. The"
TypeError: The view function did not return a valid response. The function either returned None or ended without a return statement.
[2019-09-28 21:02:44,899] ERROR in app: Exception on /1.php [POST]
Traceback (most recent call last):
  File "/home/tom/.local/lib/python3.6/site-packages/flask/app.py", line 2446, in wsgi_app
    response = self.full_dispatch_request()
  File "/home/tom/.local/lib/python3.6/site-packages/flask/app.py", line 1952, in full_dispatch_request
    return self.finalize_request(rv)
  File "/home/tom/.local/lib/python3.6/site-packages/flask/app.py", line 1967, in finalize_request
    response = self.make_response(rv)
  File "/home/tom/.local/lib/python3.6/site-packages/flask/app.py", line 2097, in make_response
    "The view function did not return a valid response. The"
TypeError: The view function did not return a valid response. The function either returned None or ended without a return statement.
[2019-09-28 21:02:45,206] ERROR in app: Exception on /2.php [POST]
Traceback (most recent call last):
  File "/home/tom/.local/lib/python3.6/site-packages/flask/app.py", line 2446, in wsgi_app
    response = self.full_dispatch_request()
  File "/home/tom/.local/lib/python3.6/site-packages/flask/app.py", line 1952, in full_dispatch_request
    return self.finalize_request(rv)
  File "/home/tom/.local/lib/python3.6/site-packages/flask/app.py", line 1967, in finalize_request
    response = self.make_response(rv)
  File "/home/tom/.local/lib/python3.6/site-packages/flask/app.py", line 2097, in make_response
    "The view function did not return a valid response. The"
TypeError: The view function did not return a valid response. The function either returned None or ended without a return statement.
[2019-09-28 21:02:45,512] ERROR in app: Exception on /p.php [POST]
Traceback (most recent call last):
  File "/home/tom/.local/lib/python3.6/site-packages/flask/app.py", line 2446, in wsgi_app
    response = self.full_dispatch_request()
  File "/home/tom/.local/lib/python3.6/site-packages/flask/app.py", line 1952, in full_dispatch_request
    return self.finalize_request(rv)
  File "/home/tom/.local/lib/python3.6/site-packages/flask/app.py", line 1967, in finalize_request
    response = self.make_response(rv)
  File "/home/tom/.local/lib/python3.6/site-packages/flask/app.py", line 2097, in make_response
    "The view function did not return a valid response. The"
TypeError: The view function did not return a valid response. The function either returned None or ended without a return statement.
[2019-09-28 21:02:46,913] ERROR in app: Exception on /1.php [POST]
Traceback (most recent call last):
  File "/home/tom/.local/lib/python3.6/site-packages/flask/app.py", line 2446, in wsgi_app
    response = self.full_dispatch_request()
  File "/home/tom/.local/lib/python3.6/site-packages/flask/app.py", line 1952, in full_dispatch_request
    return self.finalize_request(rv)
  File "/home/tom/.local/lib/python3.6/site-packages/flask/app.py", line 1967, in finalize_request
    response = self.make_response(rv)
  File "/home/tom/.local/lib/python3.6/site-packages/flask/app.py", line 2097, in make_response
    "The view function did not return a valid response. The"
TypeError: The view function did not return a valid response. The function either returned None or ended without a return statement.
[2019-09-28 21:02:47,223] ERROR in app: Exception on /a.php [POST]
Traceback (most recent call last):
  File "/home/tom/.local/lib/python3.6/site-packages/flask/app.py", line 2446, in wsgi_app
    response = self.full_dispatch_request()
  File "/home/tom/.local/lib/python3.6/site-packages/flask/app.py", line 1952, in full_dispatch_request
    return self.finalize_request(rv)
  File "/home/tom/.local/lib/python3.6/site-packages/flask/app.py", line 1967, in finalize_request
    response = self.make_response(rv)
  File "/home/tom/.local/lib/python3.6/site-packages/flask/app.py", line 2097, in make_response
    "The view function did not return a valid response. The"
TypeError: The view function did not return a valid response. The function either returned None or ended without a return statement.
[2019-09-28 21:02:47,530] ERROR in app: Exception on /m.php [POST]
Traceback (most recent call last):
  File "/home/tom/.local/lib/python3.6/site-packages/flask/app.py", line 2446, in wsgi_app
    response = self.full_dispatch_request()
  File "/home/tom/.local/lib/python3.6/site-packages/flask/app.py", line 1952, in full_dispatch_request
    return self.finalize_request(rv)
  File "/home/tom/.local/lib/python3.6/site-packages/flask/app.py", line 1967, in finalize_request
    response = self.make_response(rv)
  File "/home/tom/.local/lib/python3.6/site-packages/flask/app.py", line 2097, in make_response
    "The view function did not return a valid response. The"
TypeError: The view function did not return a valid response. The function either returned None or ended without a return statement.
[2019-09-28 21:02:47,837] ERROR in app: Exception on /conf.php [POST]
Traceback (most recent call last):
  File "/home/tom/.local/lib/python3.6/site-packages/flask/app.py", line 2446, in wsgi_app
    response = self.full_dispatch_request()
  File "/home/tom/.local/lib/python3.6/site-packages/flask/app.py", line 1952, in full_dispatch_request
    return self.finalize_request(rv)
  File "/home/tom/.local/lib/python3.6/site-packages/flask/app.py", line 1967, in finalize_request
    response = self.make_response(rv)
  File "/home/tom/.local/lib/python3.6/site-packages/flask/app.py", line 2097, in make_response
    "The view function did not return a valid response. The"
TypeError: The view function did not return a valid response. The function either returned None or ended without a return statement.
[2019-09-28 21:02:48,144] ERROR in app: Exception on /123.php [POST]
Traceback (most recent call last):
  File "/home/tom/.local/lib/python3.6/site-packages/flask/app.py", line 2446, in wsgi_app
    response = self.full_dispatch_request()
  File "/home/tom/.local/lib/python3.6/site-packages/flask/app.py", line 1952, in full_dispatch_request
    return self.finalize_request(rv)
  File "/home/tom/.local/lib/python3.6/site-packages/flask/app.py", line 1967, in finalize_request
    response = self.make_response(rv)
  File "/home/tom/.local/lib/python3.6/site-packages/flask/app.py", line 2097, in make_response
    "The view function did not return a valid response. The"
TypeError: The view function did not return a valid response. The function either returned None or ended without a return statement.
[2019-09-28 21:02:48,451] ERROR in app: Exception on /1234.php [POST]
Traceback (most recent call last):
  File "/home/tom/.local/lib/python3.6/site-packages/flask/app.py", line 2446, in wsgi_app
    response = self.full_dispatch_request()
  File "/home/tom/.local/lib/python3.6/site-packages/flask/app.py", line 1952, in full_dispatch_request
    return self.finalize_request(rv)
  File "/home/tom/.local/lib/python3.6/site-packages/flask/app.py", line 1967, in finalize_request
    response = self.make_response(rv)
  File "/home/tom/.local/lib/python3.6/site-packages/flask/app.py", line 2097, in make_response
    "The view function did not return a valid response. The"
TypeError: The view function did not return a valid response. The function either returned None or ended without a return statement.
[2019-09-28 21:02:48,758] ERROR in app: Exception on /HX.php [POST]
Traceback (most recent call last):
  File "/home/tom/.local/lib/python3.6/site-packages/flask/app.py", line 2446, in wsgi_app
    response = self.full_dispatch_request()
  File "/home/tom/.local/lib/python3.6/site-packages/flask/app.py", line 1952, in full_dispatch_request
    return self.finalize_request(rv)
  File "/home/tom/.local/lib/python3.6/site-packages/flask/app.py", line 1967, in finalize_request
    response = self.make_response(rv)
  File "/home/tom/.local/lib/python3.6/site-packages/flask/app.py", line 2097, in make_response
    "The view function did not return a valid response. The"
TypeError: The view function did not return a valid response. The function either returned None or ended without a return statement.
[2019-09-28 21:02:49,569] ERROR in app: Exception on /diy.php [POST]
Traceback (most recent call last):
  File "/home/tom/.local/lib/python3.6/site-packages/flask/app.py", line 2446, in wsgi_app
    response = self.full_dispatch_request()
  File "/home/tom/.local/lib/python3.6/site-packages/flask/app.py", line 1952, in full_dispatch_request
    return self.finalize_request(rv)
  File "/home/tom/.local/lib/python3.6/site-packages/flask/app.py", line 1967, in finalize_request
    response = self.make_response(rv)
  File "/home/tom/.local/lib/python3.6/site-packages/flask/app.py", line 2097, in make_response
    "The view function did not return a valid response. The"
TypeError: The view function did not return a valid response. The function either returned None or ended without a return statement.
[2019-09-28 21:02:50,492] ERROR in app: Exception on /666.php [POST]
Traceback (most recent call last):
  File "/home/tom/.local/lib/python3.6/site-packages/flask/app.py", line 2446, in wsgi_app
    response = self.full_dispatch_request()
  File "/home/tom/.local/lib/python3.6/site-packages/flask/app.py", line 1952, in full_dispatch_request
    return self.finalize_request(rv)
  File "/home/tom/.local/lib/python3.6/site-packages/flask/app.py", line 1967, in finalize_request
    response = self.make_response(rv)
  File "/home/tom/.local/lib/python3.6/site-packages/flask/app.py", line 2097, in make_response
    "The view function did not return a valid response. The"
TypeError: The view function did not return a valid response. The function either returned None or ended without a return statement.
[2019-09-28 21:02:50,800] ERROR in app: Exception on /777.php [POST]
Traceback (most recent call last):
  File "/home/tom/.local/lib/python3.6/site-packages/flask/app.py", line 2446, in wsgi_app
    response = self.full_dispatch_request()
  File "/home/tom/.local/lib/python3.6/site-packages/flask/app.py", line 1952, in full_dispatch_request
    return self.finalize_request(rv)
  File "/home/tom/.local/lib/python3.6/site-packages/flask/app.py", line 1967, in finalize_request
    response = self.make_response(rv)
  File "/home/tom/.local/lib/python3.6/site-packages/flask/app.py", line 2097, in make_response
    "The view function did not return a valid response. The"
TypeError: The view function did not return a valid response. The function either returned None or ended without a return statement.
[2019-09-28 21:02:51,108] ERROR in app: Exception on /qwq.php [POST]
Traceback (most recent call last):
  File "/home/tom/.local/lib/python3.6/site-packages/flask/app.py", line 2446, in wsgi_app
    response = self.full_dispatch_request()
  File "/home/tom/.local/lib/python3.6/site-packages/flask/app.py", line 1952, in full_dispatch_request
    return self.finalize_request(rv)
  File "/home/tom/.local/lib/python3.6/site-packages/flask/app.py", line 1967, in finalize_request
    response = self.make_response(rv)
  File "/home/tom/.local/lib/python3.6/site-packages/flask/app.py", line 2097, in make_response
    "The view function did not return a valid response. The"
TypeError: The view function did not return a valid response. The function either returned None or ended without a return statement.
[2019-09-28 21:02:51,415] ERROR in app: Exception on /qwqw.php [POST]
Traceback (most recent call last):
  File "/home/tom/.local/lib/python3.6/site-packages/flask/app.py", line 2446, in wsgi_app
    response = self.full_dispatch_request()
  File "/home/tom/.local/lib/python3.6/site-packages/flask/app.py", line 1952, in full_dispatch_request
    return self.finalize_request(rv)
  File "/home/tom/.local/lib/python3.6/site-packages/flask/app.py", line 1967, in finalize_request
    response = self.make_response(rv)
  File "/home/tom/.local/lib/python3.6/site-packages/flask/app.py", line 2097, in make_response
    "The view function did not return a valid response. The"
TypeError: The view function did not return a valid response. The function either returned None or ended without a return statement.
[2019-09-28 21:02:51,722] ERROR in app: Exception on /.php [POST]
Traceback (most recent call last):
  File "/home/tom/.local/lib/python3.6/site-packages/flask/app.py", line 2446, in wsgi_app
    response = self.full_dispatch_request()
  File "/home/tom/.local/lib/python3.6/site-packages/flask/app.py", line 1952, in full_dispatch_request
    return self.finalize_request(rv)
  File "/home/tom/.local/lib/python3.6/site-packages/flask/app.py", line 1967, in finalize_request
    response = self.make_response(rv)
  File "/home/tom/.local/lib/python3.6/site-packages/flask/app.py", line 2097, in make_response
    "The view function did not return a valid response. The"
TypeError: The view function did not return a valid response. The function either returned None or ended without a return statement.
[2019-09-28 21:02:52,030] ERROR in app: Exception on /infos.php [POST]
Traceback (most recent call last):
  File "/home/tom/.local/lib/python3.6/site-packages/flask/app.py", line 2446, in wsgi_app
    response = self.full_dispatch_request()
  File "/home/tom/.local/lib/python3.6/site-packages/flask/app.py", line 1952, in full_dispatch_request
    return self.finalize_request(rv)
  File "/home/tom/.local/lib/python3.6/site-packages/flask/app.py", line 1967, in finalize_request
    response = self.make_response(rv)
  File "/home/tom/.local/lib/python3.6/site-packages/flask/app.py", line 2097, in make_response
    "The view function did not return a valid response. The"
TypeError: The view function did not return a valid response. The function either returned None or ended without a return statement.
[2019-09-28 21:02:52,338] ERROR in app: Exception on /x.php [POST]
Traceback (most recent call last):
  File "/home/tom/.local/lib/python3.6/site-packages/flask/app.py", line 2446, in wsgi_app
    response = self.full_dispatch_request()
  File "/home/tom/.local/lib/python3.6/site-packages/flask/app.py", line 1952, in full_dispatch_request
    return self.finalize_request(rv)
  File "/home/tom/.local/lib/python3.6/site-packages/flask/app.py", line 1967, in finalize_request
    response = self.make_response(rv)
  File "/home/tom/.local/lib/python3.6/site-packages/flask/app.py", line 2097, in make_response
    "The view function did not return a valid response. The"
TypeError: The view function did not return a valid response. The function either returned None or ended without a return statement.
[2019-09-28 21:02:52,644] ERROR in app: Exception on /lucky.php [POST]
Traceback (most recent call last):
  File "/home/tom/.local/lib/python3.6/site-packages/flask/app.py", line 2446, in wsgi_app
    response = self.full_dispatch_request()
  File "/home/tom/.local/lib/python3.6/site-packages/flask/app.py", line 1952, in full_dispatch_request
    return self.finalize_request(rv)
  File "/home/tom/.local/lib/python3.6/site-packages/flask/app.py", line 1967, in finalize_request
    response = self.make_response(rv)
  File "/home/tom/.local/lib/python3.6/site-packages/flask/app.py", line 2097, in make_response
    "The view function did not return a valid response. The"
TypeError: The view function did not return a valid response. The function either returned None or ended without a return statement.
[2019-09-28 21:02:53,473] ERROR in app: Exception on /zzk.php [POST]
Traceback (most recent call last):
  File "/home/tom/.local/lib/python3.6/site-packages/flask/app.py", line 2446, in wsgi_app
    response = self.full_dispatch_request()
  File "/home/tom/.local/lib/python3.6/site-packages/flask/app.py", line 1952, in full_dispatch_request
    return self.finalize_request(rv)
  File "/home/tom/.local/lib/python3.6/site-packages/flask/app.py", line 1967, in finalize_request
    response = self.make_response(rv)
  File "/home/tom/.local/lib/python3.6/site-packages/flask/app.py", line 2097, in make_response
    "The view function did not return a valid response. The"
TypeError: The view function did not return a valid response. The function either returned None or ended without a return statement.
[2019-09-28 21:02:54,312] ERROR in app: Exception on /toor.php [POST]
Traceback (most recent call last):
  File "/home/tom/.local/lib/python3.6/site-packages/flask/app.py", line 2446, in wsgi_app
    response = self.full_dispatch_request()
  File "/home/tom/.local/lib/python3.6/site-packages/flask/app.py", line 1952, in full_dispatch_request
    return self.finalize_request(rv)
  File "/home/tom/.local/lib/python3.6/site-packages/flask/app.py", line 1967, in finalize_request
    response = self.make_response(rv)
  File "/home/tom/.local/lib/python3.6/site-packages/flask/app.py", line 2097, in make_response
    "The view function did not return a valid response. The"
TypeError: The view function did not return a valid response. The function either returned None or ended without a return statement.
[2019-09-28 21:02:54,620] ERROR in app: Exception on /uu.php [POST]
Traceback (most recent call last):
  File "/home/tom/.local/lib/python3.6/site-packages/flask/app.py", line 2446, in wsgi_app
    response = self.full_dispatch_request()
  File "/home/tom/.local/lib/python3.6/site-packages/flask/app.py", line 1952, in full_dispatch_request
    return self.finalize_request(rv)
  File "/home/tom/.local/lib/python3.6/site-packages/flask/app.py", line 1967, in finalize_request
    response = self.make_response(rv)
  File "/home/tom/.local/lib/python3.6/site-packages/flask/app.py", line 2097, in make_response
    "The view function did not return a valid response. The"
TypeError: The view function did not return a valid response. The function either returned None or ended without a return statement.
[2019-09-28 21:02:55,426] ERROR in app: Exception on /a.php [POST]
Traceback (most recent call last):
  File "/home/tom/.local/lib/python3.6/site-packages/flask/app.py", line 2446, in wsgi_app
    response = self.full_dispatch_request()
  File "/home/tom/.local/lib/python3.6/site-packages/flask/app.py", line 1952, in full_dispatch_request
    return self.finalize_request(rv)
  File "/home/tom/.local/lib/python3.6/site-packages/flask/app.py", line 1967, in finalize_request
    response = self.make_response(rv)
  File "/home/tom/.local/lib/python3.6/site-packages/flask/app.py", line 2097, in make_response
    "The view function did not return a valid response. The"
TypeError: The view function did not return a valid response. The function either returned None or ended without a return statement.
[2019-09-28 21:02:55,733] ERROR in app: Exception on /aaa.php [POST]
Traceback (most recent call last):
  File "/home/tom/.local/lib/python3.6/site-packages/flask/app.py", line 2446, in wsgi_app
    response = self.full_dispatch_request()
  File "/home/tom/.local/lib/python3.6/site-packages/flask/app.py", line 1952, in full_dispatch_request
    return self.finalize_request(rv)
  File "/home/tom/.local/lib/python3.6/site-packages/flask/app.py", line 1967, in finalize_request
    response = self.make_response(rv)
  File "/home/tom/.local/lib/python3.6/site-packages/flask/app.py", line 2097, in make_response
    "The view function did not return a valid response. The"
TypeError: The view function did not return a valid response. The function either returned None or ended without a return statement.
[2019-09-28 21:02:56,545] ERROR in app: Exception on /wb.php [POST]
Traceback (most recent call last):
  File "/home/tom/.local/lib/python3.6/site-packages/flask/app.py", line 2446, in wsgi_app
    response = self.full_dispatch_request()
  File "/home/tom/.local/lib/python3.6/site-packages/flask/app.py", line 1952, in full_dispatch_request
    return self.finalize_request(rv)
  File "/home/tom/.local/lib/python3.6/site-packages/flask/app.py", line 1967, in finalize_request
    response = self.make_response(rv)
  File "/home/tom/.local/lib/python3.6/site-packages/flask/app.py", line 2097, in make_response
    "The view function did not return a valid response. The"
TypeError: The view function did not return a valid response. The function either returned None or ended without a return statement.
[2019-09-28 21:02:57,385] ERROR in app: Exception on /yj.php [POST]
Traceback (most recent call last):
  File "/home/tom/.local/lib/python3.6/site-packages/flask/app.py", line 2446, in wsgi_app
    response = self.full_dispatch_request()
  File "/home/tom/.local/lib/python3.6/site-packages/flask/app.py", line 1952, in full_dispatch_request
    return self.finalize_request(rv)
  File "/home/tom/.local/lib/python3.6/site-packages/flask/app.py", line 1967, in finalize_request
    response = self.make_response(rv)
  File "/home/tom/.local/lib/python3.6/site-packages/flask/app.py", line 2097, in make_response
    "The view function did not return a valid response. The"
TypeError: The view function did not return a valid response. The function either returned None or ended without a return statement.
[2019-09-28 21:02:57,692] ERROR in app: Exception on /z.php [POST]
Traceback (most recent call last):
  File "/home/tom/.local/lib/python3.6/site-packages/flask/app.py", line 2446, in wsgi_app
    response = self.full_dispatch_request()
  File "/home/tom/.local/lib/python3.6/site-packages/flask/app.py", line 1952, in full_dispatch_request
    return self.finalize_request(rv)
  File "/home/tom/.local/lib/python3.6/site-packages/flask/app.py", line 1967, in finalize_request
    response = self.make_response(rv)
  File "/home/tom/.local/lib/python3.6/site-packages/flask/app.py", line 2097, in make_response
    "The view function did not return a valid response. The"
TypeError: The view function did not return a valid response. The function either returned None or ended without a return statement.
[2019-09-28 21:02:58,002] ERROR in app: Exception on /7.php [POST]
Traceback (most recent call last):
  File "/home/tom/.local/lib/python3.6/site-packages/flask/app.py", line 2446, in wsgi_app
    response = self.full_dispatch_request()
  File "/home/tom/.local/lib/python3.6/site-packages/flask/app.py", line 1952, in full_dispatch_request
    return self.finalize_request(rv)
  File "/home/tom/.local/lib/python3.6/site-packages/flask/app.py", line 1967, in finalize_request
    response = self.make_response(rv)
  File "/home/tom/.local/lib/python3.6/site-packages/flask/app.py", line 2097, in make_response
    "The view function did not return a valid response. The"
TypeError: The view function did not return a valid response. The function either returned None or ended without a return statement.
[2019-09-28 21:02:58,817] ERROR in app: Exception on /xiaoma.php [POST]
Traceback (most recent call last):
  File "/home/tom/.local/lib/python3.6/site-packages/flask/app.py", line 2446, in wsgi_app
    response = self.full_dispatch_request()
  File "/home/tom/.local/lib/python3.6/site-packages/flask/app.py", line 1952, in full_dispatch_request
    return self.finalize_request(rv)
  File "/home/tom/.local/lib/python3.6/site-packages/flask/app.py", line 1967, in finalize_request
    response = self.make_response(rv)
  File "/home/tom/.local/lib/python3.6/site-packages/flask/app.py", line 2097, in make_response
    "The view function did not return a valid response. The"
TypeError: The view function did not return a valid response. The function either returned None or ended without a return statement.
[2019-09-28 21:02:59,124] ERROR in app: Exception on /xiaomae.php [POST]
Traceback (most recent call last):
  File "/home/tom/.local/lib/python3.6/site-packages/flask/app.py", line 2446, in wsgi_app
    response = self.full_dispatch_request()
  File "/home/tom/.local/lib/python3.6/site-packages/flask/app.py", line 1952, in full_dispatch_request
    return self.finalize_request(rv)
  File "/home/tom/.local/lib/python3.6/site-packages/flask/app.py", line 1967, in finalize_request
    response = self.make_response(rv)
  File "/home/tom/.local/lib/python3.6/site-packages/flask/app.py", line 2097, in make_response
    "The view function did not return a valid response. The"
TypeError: The view function did not return a valid response. The function either returned None or ended without a return statement.
[2019-09-28 21:02:59,432] ERROR in app: Exception on /xiaomar.php [POST]
Traceback (most recent call last):
  File "/home/tom/.local/lib/python3.6/site-packages/flask/app.py", line 2446, in wsgi_app
    response = self.full_dispatch_request()
  File "/home/tom/.local/lib/python3.6/site-packages/flask/app.py", line 1952, in full_dispatch_request
    return self.finalize_request(rv)
  File "/home/tom/.local/lib/python3.6/site-packages/flask/app.py", line 1967, in finalize_request
    response = self.make_response(rv)
  File "/home/tom/.local/lib/python3.6/site-packages/flask/app.py", line 2097, in make_response
    "The view function did not return a valid response. The"
TypeError: The view function did not return a valid response. The function either returned None or ended without a return statement.
[2019-09-28 21:03:00,257] ERROR in app: Exception on /qq.php [POST]
Traceback (most recent call last):
  File "/home/tom/.local/lib/python3.6/site-packages/flask/app.py", line 2446, in wsgi_app
    response = self.full_dispatch_request()
  File "/home/tom/.local/lib/python3.6/site-packages/flask/app.py", line 1952, in full_dispatch_request
    return self.finalize_request(rv)
  File "/home/tom/.local/lib/python3.6/site-packages/flask/app.py", line 1967, in finalize_request
    response = self.make_response(rv)
  File "/home/tom/.local/lib/python3.6/site-packages/flask/app.py", line 2097, in make_response
    "The view function did not return a valid response. The"
TypeError: The view function did not return a valid response. The function either returned None or ended without a return statement.
[2019-09-28 21:03:00,563] ERROR in app: Exception on /data.php [POST]
Traceback (most recent call last):
  File "/home/tom/.local/lib/python3.6/site-packages/flask/app.py", line 2446, in wsgi_app
    response = self.full_dispatch_request()
  File "/home/tom/.local/lib/python3.6/site-packages/flask/app.py", line 1952, in full_dispatch_request
    return self.finalize_request(rv)
  File "/home/tom/.local/lib/python3.6/site-packages/flask/app.py", line 1967, in finalize_request
    response = self.make_response(rv)
  File "/home/tom/.local/lib/python3.6/site-packages/flask/app.py", line 2097, in make_response
    "The view function did not return a valid response. The"
TypeError: The view function did not return a valid response. The function either returned None or ended without a return statement.
[2019-09-28 21:03:01,380] ERROR in app: Exception on /log.php [POST]
Traceback (most recent call last):
  File "/home/tom/.local/lib/python3.6/site-packages/flask/app.py", line 2446, in wsgi_app
    response = self.full_dispatch_request()
  File "/home/tom/.local/lib/python3.6/site-packages/flask/app.py", line 1952, in full_dispatch_request
    return self.finalize_request(rv)
  File "/home/tom/.local/lib/python3.6/site-packages/flask/app.py", line 1967, in finalize_request
    response = self.make_response(rv)
  File "/home/tom/.local/lib/python3.6/site-packages/flask/app.py", line 2097, in make_response
    "The view function did not return a valid response. The"
TypeError: The view function did not return a valid response. The function either returned None or ended without a return statement.
[2019-09-28 21:03:02,217] ERROR in app: Exception on /fack.php [POST]
Traceback (most recent call last):
  File "/home/tom/.local/lib/python3.6/site-packages/flask/app.py", line 2446, in wsgi_app
    response = self.full_dispatch_request()
  File "/home/tom/.local/lib/python3.6/site-packages/flask/app.py", line 1952, in full_dispatch_request
    return self.finalize_request(rv)
  File "/home/tom/.local/lib/python3.6/site-packages/flask/app.py", line 1967, in finalize_request
    response = self.make_response(rv)
  File "/home/tom/.local/lib/python3.6/site-packages/flask/app.py", line 2097, in make_response
    "The view function did not return a valid response. The"
TypeError: The view function did not return a valid response. The function either returned None or ended without a return statement.
[2019-09-28 21:03:02,524] ERROR in app: Exception on /angge.php [POST]
Traceback (most recent call last):
  File "/home/tom/.local/lib/python3.6/site-packages/flask/app.py", line 2446, in wsgi_app
    response = self.full_dispatch_request()
  File "/home/tom/.local/lib/python3.6/site-packages/flask/app.py", line 1952, in full_dispatch_request
    return self.finalize_request(rv)
  File "/home/tom/.local/lib/python3.6/site-packages/flask/app.py", line 1967, in finalize_request
    response = self.make_response(rv)
  File "/home/tom/.local/lib/python3.6/site-packages/flask/app.py", line 2097, in make_response
    "The view function did not return a valid response. The"
TypeError: The view function did not return a valid response. The function either returned None or ended without a return statement.
[2019-09-28 21:03:03,841] ERROR in app: Exception on /cxfm666.php [POST]
Traceback (most recent call last):
  File "/home/tom/.local/lib/python3.6/site-packages/flask/app.py", line 2446, in wsgi_app
    response = self.full_dispatch_request()
  File "/home/tom/.local/lib/python3.6/site-packages/flask/app.py", line 1952, in full_dispatch_request
    return self.finalize_request(rv)
  File "/home/tom/.local/lib/python3.6/site-packages/flask/app.py", line 1967, in finalize_request
    response = self.make_response(rv)
  File "/home/tom/.local/lib/python3.6/site-packages/flask/app.py", line 2097, in make_response
    "The view function did not return a valid response. The"
TypeError: The view function did not return a valid response. The function either returned None or ended without a return statement.
[2019-09-28 21:03:04,150] ERROR in app: Exception on /db.php [POST]
Traceback (most recent call last):
  File "/home/tom/.local/lib/python3.6/site-packages/flask/app.py", line 2446, in wsgi_app
    response = self.full_dispatch_request()
  File "/home/tom/.local/lib/python3.6/site-packages/flask/app.py", line 1952, in full_dispatch_request
    return self.finalize_request(rv)
  File "/home/tom/.local/lib/python3.6/site-packages/flask/app.py", line 1967, in finalize_request
    response = self.make_response(rv)
  File "/home/tom/.local/lib/python3.6/site-packages/flask/app.py", line 2097, in make_response
    "The view function did not return a valid response. The"
TypeError: The view function did not return a valid response. The function either returned None or ended without a return statement.
[2019-09-28 21:04:24,797] ERROR in app: Exception on /user.php [POST]
Traceback (most recent call last):
  File "/home/tom/.local/lib/python3.6/site-packages/flask/app.py", line 2446, in wsgi_app
    response = self.full_dispatch_request()
  File "/home/tom/.local/lib/python3.6/site-packages/flask/app.py", line 1952, in full_dispatch_request
    return self.finalize_request(rv)
  File "/home/tom/.local/lib/python3.6/site-packages/flask/app.py", line 1967, in finalize_request
    response = self.make_response(rv)
  File "/home/tom/.local/lib/python3.6/site-packages/flask/app.py", line 2097, in make_response
    "The view function did not return a valid response. The"
TypeError: The view function did not return a valid response. The function either returned None or ended without a return statement.
[2019-09-28 21:04:25,104] ERROR in app: Exception on /index.php [GET]
Traceback (most recent call last):
  File "/home/tom/.local/lib/python3.6/site-packages/flask/app.py", line 2446, in wsgi_app
    response = self.full_dispatch_request()
  File "/home/tom/.local/lib/python3.6/site-packages/flask/app.py", line 1952, in full_dispatch_request
    return self.finalize_request(rv)
  File "/home/tom/.local/lib/python3.6/site-packages/flask/app.py", line 1967, in finalize_request
    response = self.make_response(rv)
  File "/home/tom/.local/lib/python3.6/site-packages/flask/app.py", line 2097, in make_response
    "The view function did not return a valid response. The"
TypeError: The view function did not return a valid response. The function either returned None or ended without a return statement.
[2019-09-28 21:04:27,106] ERROR in app: Exception on /phpmyadmin/index.php [GET]
Traceback (most recent call last):
  File "/home/tom/.local/lib/python3.6/site-packages/flask/app.py", line 2446, in wsgi_app
    response = self.full_dispatch_request()
  File "/home/tom/.local/lib/python3.6/site-packages/flask/app.py", line 1952, in full_dispatch_request
    return self.finalize_request(rv)
  File "/home/tom/.local/lib/python3.6/site-packages/flask/app.py", line 1967, in finalize_request
    response = self.make_response(rv)
  File "/home/tom/.local/lib/python3.6/site-packages/flask/app.py", line 2097, in make_response
    "The view function did not return a valid response. The"
TypeError: The view function did not return a valid response. The function either returned None or ended without a return statement.
[2019-09-28 21:04:27,414] ERROR in app: Exception on /phpMyAdmin/index.php [GET]
Traceback (most recent call last):
  File "/home/tom/.local/lib/python3.6/site-packages/flask/app.py", line 2446, in wsgi_app
    response = self.full_dispatch_request()
  File "/home/tom/.local/lib/python3.6/site-packages/flask/app.py", line 1952, in full_dispatch_request
    return self.finalize_request(rv)
  File "/home/tom/.local/lib/python3.6/site-packages/flask/app.py", line 1967, in finalize_request
    response = self.make_response(rv)
  File "/home/tom/.local/lib/python3.6/site-packages/flask/app.py", line 2097, in make_response
    "The view function did not return a valid response. The"
TypeError: The view function did not return a valid response. The function either returned None or ended without a return statement.
[2019-09-28 21:04:29,345] ERROR in app: Exception on /pmd/index.php [GET]
Traceback (most recent call last):
  File "/home/tom/.local/lib/python3.6/site-packages/flask/app.py", line 2446, in wsgi_app
    response = self.full_dispatch_request()
  File "/home/tom/.local/lib/python3.6/site-packages/flask/app.py", line 1952, in full_dispatch_request
    return self.finalize_request(rv)
  File "/home/tom/.local/lib/python3.6/site-packages/flask/app.py", line 1967, in finalize_request
    response = self.make_response(rv)
  File "/home/tom/.local/lib/python3.6/site-packages/flask/app.py", line 2097, in make_response
    "The view function did not return a valid response. The"
TypeError: The view function did not return a valid response. The function either returned None or ended without a return statement.
[2019-09-28 21:04:29,652] ERROR in app: Exception on /pma/index.php [GET]
Traceback (most recent call last):
  File "/home/tom/.local/lib/python3.6/site-packages/flask/app.py", line 2446, in wsgi_app
    response = self.full_dispatch_request()
  File "/home/tom/.local/lib/python3.6/site-packages/flask/app.py", line 1952, in full_dispatch_request
    return self.finalize_request(rv)
  File "/home/tom/.local/lib/python3.6/site-packages/flask/app.py", line 1967, in finalize_request
    response = self.make_response(rv)
  File "/home/tom/.local/lib/python3.6/site-packages/flask/app.py", line 2097, in make_response
    "The view function did not return a valid response. The"
TypeError: The view function did not return a valid response. The function either returned None or ended without a return statement.
[2019-09-28 21:04:30,721] ERROR in app: Exception on /PMA/index.php [GET]
Traceback (most recent call last):
  File "/home/tom/.local/lib/python3.6/site-packages/flask/app.py", line 2446, in wsgi_app
    response = self.full_dispatch_request()
  File "/home/tom/.local/lib/python3.6/site-packages/flask/app.py", line 1952, in full_dispatch_request
    return self.finalize_request(rv)
  File "/home/tom/.local/lib/python3.6/site-packages/flask/app.py", line 1967, in finalize_request
    response = self.make_response(rv)
  File "/home/tom/.local/lib/python3.6/site-packages/flask/app.py", line 2097, in make_response
    "The view function did not return a valid response. The"
TypeError: The view function did not return a valid response. The function either returned None or ended without a return statement.
[2019-09-28 21:04:51,562] ERROR in app: Exception on /PMA2/index.php [GET]
Traceback (most recent call last):
  File "/home/tom/.local/lib/python3.6/site-packages/flask/app.py", line 2446, in wsgi_app
    response = self.full_dispatch_request()
  File "/home/tom/.local/lib/python3.6/site-packages/flask/app.py", line 1952, in full_dispatch_request
    return self.finalize_request(rv)
  File "/home/tom/.local/lib/python3.6/site-packages/flask/app.py", line 1967, in finalize_request
    response = self.make_response(rv)
  File "/home/tom/.local/lib/python3.6/site-packages/flask/app.py", line 2097, in make_response
    "The view function did not return a valid response. The"
TypeError: The view function did not return a valid response. The function either returned None or ended without a return statement.
[2019-09-28 21:04:52,673] ERROR in app: Exception on /pmamy/index.php [GET]
Traceback (most recent call last):
  File "/home/tom/.local/lib/python3.6/site-packages/flask/app.py", line 2446, in wsgi_app
    response = self.full_dispatch_request()
  File "/home/tom/.local/lib/python3.6/site-packages/flask/app.py", line 1952, in full_dispatch_request
    return self.finalize_request(rv)
  File "/home/tom/.local/lib/python3.6/site-packages/flask/app.py", line 1967, in finalize_request
    response = self.make_response(rv)
  File "/home/tom/.local/lib/python3.6/site-packages/flask/app.py", line 2097, in make_response
    "The view function did not return a valid response. The"
TypeError: The view function did not return a valid response. The function either returned None or ended without a return statement.
[2019-09-28 21:04:55,619] ERROR in app: Exception on /pmamy2/index.php [GET]
Traceback (most recent call last):
  File "/home/tom/.local/lib/python3.6/site-packages/flask/app.py", line 2446, in wsgi_app
    response = self.full_dispatch_request()
  File "/home/tom/.local/lib/python3.6/site-packages/flask/app.py", line 1952, in full_dispatch_request
    return self.finalize_request(rv)
  File "/home/tom/.local/lib/python3.6/site-packages/flask/app.py", line 1967, in finalize_request
    response = self.make_response(rv)
  File "/home/tom/.local/lib/python3.6/site-packages/flask/app.py", line 2097, in make_response
    "The view function did not return a valid response. The"
TypeError: The view function did not return a valid response. The function either returned None or ended without a return statement.
[2019-09-28 21:04:56,739] ERROR in app: Exception on /mysql/index.php [GET]
Traceback (most recent call last):
  File "/home/tom/.local/lib/python3.6/site-packages/flask/app.py", line 2446, in wsgi_app
    response = self.full_dispatch_request()
  File "/home/tom/.local/lib/python3.6/site-packages/flask/app.py", line 1952, in full_dispatch_request
    return self.finalize_request(rv)
  File "/home/tom/.local/lib/python3.6/site-packages/flask/app.py", line 1967, in finalize_request
    response = self.make_response(rv)
  File "/home/tom/.local/lib/python3.6/site-packages/flask/app.py", line 2097, in make_response
    "The view function did not return a valid response. The"
TypeError: The view function did not return a valid response. The function either returned None or ended without a return statement.
[2019-09-28 21:05:00,644] ERROR in app: Exception on /admin/index.php [GET]
Traceback (most recent call last):
  File "/home/tom/.local/lib/python3.6/site-packages/flask/app.py", line 2446, in wsgi_app
    response = self.full_dispatch_request()
  File "/home/tom/.local/lib/python3.6/site-packages/flask/app.py", line 1952, in full_dispatch_request
    return self.finalize_request(rv)
  File "/home/tom/.local/lib/python3.6/site-packages/flask/app.py", line 1967, in finalize_request
    response = self.make_response(rv)
  File "/home/tom/.local/lib/python3.6/site-packages/flask/app.py", line 2097, in make_response
    "The view function did not return a valid response. The"
TypeError: The view function did not return a valid response. The function either returned None or ended without a return statement.
[2019-09-28 21:05:01,763] ERROR in app: Exception on /db/index.php [GET]
Traceback (most recent call last):
  File "/home/tom/.local/lib/python3.6/site-packages/flask/app.py", line 2446, in wsgi_app
    response = self.full_dispatch_request()
  File "/home/tom/.local/lib/python3.6/site-packages/flask/app.py", line 1952, in full_dispatch_request
    return self.finalize_request(rv)
  File "/home/tom/.local/lib/python3.6/site-packages/flask/app.py", line 1967, in finalize_request
    response = self.make_response(rv)
  File "/home/tom/.local/lib/python3.6/site-packages/flask/app.py", line 2097, in make_response
    "The view function did not return a valid response. The"
TypeError: The view function did not return a valid response. The function either returned None or ended without a return statement.
[2019-09-28 21:05:02,070] ERROR in app: Exception on /dbadmin/index.php [GET]
Traceback (most recent call last):
  File "/home/tom/.local/lib/python3.6/site-packages/flask/app.py", line 2446, in wsgi_app
    response = self.full_dispatch_request()
  File "/home/tom/.local/lib/python3.6/site-packages/flask/app.py", line 1952, in full_dispatch_request
    return self.finalize_request(rv)
  File "/home/tom/.local/lib/python3.6/site-packages/flask/app.py", line 1967, in finalize_request
    response = self.make_response(rv)
  File "/home/tom/.local/lib/python3.6/site-packages/flask/app.py", line 2097, in make_response
    "The view function did not return a valid response. The"
TypeError: The view function did not return a valid response. The function either returned None or ended without a return statement.
[2019-09-28 21:05:03,202] ERROR in app: Exception on /web/phpMyAdmin/index.php [GET]
Traceback (most recent call last):
  File "/home/tom/.local/lib/python3.6/site-packages/flask/app.py", line 2446, in wsgi_app
    response = self.full_dispatch_request()
  File "/home/tom/.local/lib/python3.6/site-packages/flask/app.py", line 1952, in full_dispatch_request
    return self.finalize_request(rv)
  File "/home/tom/.local/lib/python3.6/site-packages/flask/app.py", line 1967, in finalize_request
    response = self.make_response(rv)
  File "/home/tom/.local/lib/python3.6/site-packages/flask/app.py", line 2097, in make_response
    "The view function did not return a valid response. The"
TypeError: The view function did not return a valid response. The function either returned None or ended without a return statement.
[2019-09-28 21:05:03,508] ERROR in app: Exception on /admin/pma/index.php [GET]
Traceback (most recent call last):
  File "/home/tom/.local/lib/python3.6/site-packages/flask/app.py", line 2446, in wsgi_app
    response = self.full_dispatch_request()
  File "/home/tom/.local/lib/python3.6/site-packages/flask/app.py", line 1952, in full_dispatch_request
    return self.finalize_request(rv)
  File "/home/tom/.local/lib/python3.6/site-packages/flask/app.py", line 1967, in finalize_request
    response = self.make_response(rv)
  File "/home/tom/.local/lib/python3.6/site-packages/flask/app.py", line 2097, in make_response
    "The view function did not return a valid response. The"
TypeError: The view function did not return a valid response. The function either returned None or ended without a return statement.
[2019-09-28 21:05:04,610] ERROR in app: Exception on /admin/PMA/index.php [GET]
Traceback (most recent call last):
  File "/home/tom/.local/lib/python3.6/site-packages/flask/app.py", line 2446, in wsgi_app
    response = self.full_dispatch_request()
  File "/home/tom/.local/lib/python3.6/site-packages/flask/app.py", line 1952, in full_dispatch_request
    return self.finalize_request(rv)
  File "/home/tom/.local/lib/python3.6/site-packages/flask/app.py", line 1967, in finalize_request
    response = self.make_response(rv)
  File "/home/tom/.local/lib/python3.6/site-packages/flask/app.py", line 2097, in make_response
    "The view function did not return a valid response. The"
TypeError: The view function did not return a valid response. The function either returned None or ended without a return statement.
[2019-09-28 21:05:04,918] ERROR in app: Exception on /admin/mysql/index.php [GET]
Traceback (most recent call last):
  File "/home/tom/.local/lib/python3.6/site-packages/flask/app.py", line 2446, in wsgi_app
    response = self.full_dispatch_request()
  File "/home/tom/.local/lib/python3.6/site-packages/flask/app.py", line 1952, in full_dispatch_request
    return self.finalize_request(rv)
  File "/home/tom/.local/lib/python3.6/site-packages/flask/app.py", line 1967, in finalize_request
    response = self.make_response(rv)
  File "/home/tom/.local/lib/python3.6/site-packages/flask/app.py", line 2097, in make_response
    "The view function did not return a valid response. The"
TypeError: The view function did not return a valid response. The function either returned None or ended without a return statement.
[2019-09-28 21:05:05,225] ERROR in app: Exception on /admin/mysql2/index.php [GET]
Traceback (most recent call last):
  File "/home/tom/.local/lib/python3.6/site-packages/flask/app.py", line 2446, in wsgi_app
    response = self.full_dispatch_request()
  File "/home/tom/.local/lib/python3.6/site-packages/flask/app.py", line 1952, in full_dispatch_request
    return self.finalize_request(rv)
  File "/home/tom/.local/lib/python3.6/site-packages/flask/app.py", line 1967, in finalize_request
    response = self.make_response(rv)
  File "/home/tom/.local/lib/python3.6/site-packages/flask/app.py", line 2097, in make_response
    "The view function did not return a valid response. The"
TypeError: The view function did not return a valid response. The function either returned None or ended without a return statement.
[2019-09-28 21:05:06,242] ERROR in app: Exception on /admin/phpmyadmin/index.php [GET]
Traceback (most recent call last):
  File "/home/tom/.local/lib/python3.6/site-packages/flask/app.py", line 2446, in wsgi_app
    response = self.full_dispatch_request()
  File "/home/tom/.local/lib/python3.6/site-packages/flask/app.py", line 1952, in full_dispatch_request
    return self.finalize_request(rv)
  File "/home/tom/.local/lib/python3.6/site-packages/flask/app.py", line 1967, in finalize_request
    response = self.make_response(rv)
  File "/home/tom/.local/lib/python3.6/site-packages/flask/app.py", line 2097, in make_response
    "The view function did not return a valid response. The"
TypeError: The view function did not return a valid response. The function either returned None or ended without a return statement.
[2019-09-28 21:05:06,549] ERROR in app: Exception on /admin/phpMyAdmin/index.php [GET]
Traceback (most recent call last):
  File "/home/tom/.local/lib/python3.6/site-packages/flask/app.py", line 2446, in wsgi_app
    response = self.full_dispatch_request()
  File "/home/tom/.local/lib/python3.6/site-packages/flask/app.py", line 1952, in full_dispatch_request
    return self.finalize_request(rv)
  File "/home/tom/.local/lib/python3.6/site-packages/flask/app.py", line 1967, in finalize_request
    response = self.make_response(rv)
  File "/home/tom/.local/lib/python3.6/site-packages/flask/app.py", line 2097, in make_response
    "The view function did not return a valid response. The"
TypeError: The view function did not return a valid response. The function either returned None or ended without a return statement.
[2019-09-28 21:05:06,861] ERROR in app: Exception on /admin/phpmyadmin2/index.php [GET]
Traceback (most recent call last):
  File "/home/tom/.local/lib/python3.6/site-packages/flask/app.py", line 2446, in wsgi_app
    response = self.full_dispatch_request()
  File "/home/tom/.local/lib/python3.6/site-packages/flask/app.py", line 1952, in full_dispatch_request
    return self.finalize_request(rv)
  File "/home/tom/.local/lib/python3.6/site-packages/flask/app.py", line 1967, in finalize_request
    response = self.make_response(rv)
  File "/home/tom/.local/lib/python3.6/site-packages/flask/app.py", line 2097, in make_response
    "The view function did not return a valid response. The"
TypeError: The view function did not return a valid response. The function either returned None or ended without a return statement.
[2019-09-28 21:05:07,778] ERROR in app: Exception on /mysqladmin/index.php [GET]
Traceback (most recent call last):
  File "/home/tom/.local/lib/python3.6/site-packages/flask/app.py", line 2446, in wsgi_app
    response = self.full_dispatch_request()
  File "/home/tom/.local/lib/python3.6/site-packages/flask/app.py", line 1952, in full_dispatch_request
    return self.finalize_request(rv)
  File "/home/tom/.local/lib/python3.6/site-packages/flask/app.py", line 1967, in finalize_request
    response = self.make_response(rv)
  File "/home/tom/.local/lib/python3.6/site-packages/flask/app.py", line 2097, in make_response
    "The view function did not return a valid response. The"
TypeError: The view function did not return a valid response. The function either returned None or ended without a return statement.
[2019-09-28 21:05:08,085] ERROR in app: Exception on /mysql-admin/index.php [GET]
Traceback (most recent call last):
  File "/home/tom/.local/lib/python3.6/site-packages/flask/app.py", line 2446, in wsgi_app
    response = self.full_dispatch_request()
  File "/home/tom/.local/lib/python3.6/site-packages/flask/app.py", line 1952, in full_dispatch_request
    return self.finalize_request(rv)
  File "/home/tom/.local/lib/python3.6/site-packages/flask/app.py", line 1967, in finalize_request
    response = self.make_response(rv)
  File "/home/tom/.local/lib/python3.6/site-packages/flask/app.py", line 2097, in make_response
    "The view function did not return a valid response. The"
TypeError: The view function did not return a valid response. The function either returned None or ended without a return statement.
[2019-09-28 21:05:08,993] ERROR in app: Exception on /mysql_admin/index.php [GET]
Traceback (most recent call last):
  File "/home/tom/.local/lib/python3.6/site-packages/flask/app.py", line 2446, in wsgi_app
    response = self.full_dispatch_request()
  File "/home/tom/.local/lib/python3.6/site-packages/flask/app.py", line 1952, in full_dispatch_request
    return self.finalize_request(rv)
  File "/home/tom/.local/lib/python3.6/site-packages/flask/app.py", line 1967, in finalize_request
    response = self.make_response(rv)
  File "/home/tom/.local/lib/python3.6/site-packages/flask/app.py", line 2097, in make_response
    "The view function did not return a valid response. The"
TypeError: The view function did not return a valid response. The function either returned None or ended without a return statement.
[2019-09-28 21:05:09,902] ERROR in app: Exception on /phpadmin/index.php [GET]
Traceback (most recent call last):
  File "/home/tom/.local/lib/python3.6/site-packages/flask/app.py", line 2446, in wsgi_app
    response = self.full_dispatch_request()
  File "/home/tom/.local/lib/python3.6/site-packages/flask/app.py", line 1952, in full_dispatch_request
    return self.finalize_request(rv)
  File "/home/tom/.local/lib/python3.6/site-packages/flask/app.py", line 1967, in finalize_request
    response = self.make_response(rv)
  File "/home/tom/.local/lib/python3.6/site-packages/flask/app.py", line 2097, in make_response
    "The view function did not return a valid response. The"
TypeError: The view function did not return a valid response. The function either returned None or ended without a return statement.
[2019-09-28 21:05:11,010] ERROR in app: Exception on /phpAdmin/index.php [GET]
Traceback (most recent call last):
  File "/home/tom/.local/lib/python3.6/site-packages/flask/app.py", line 2446, in wsgi_app
    response = self.full_dispatch_request()
  File "/home/tom/.local/lib/python3.6/site-packages/flask/app.py", line 1952, in full_dispatch_request
    return self.finalize_request(rv)
  File "/home/tom/.local/lib/python3.6/site-packages/flask/app.py", line 1967, in finalize_request
    response = self.make_response(rv)
  File "/home/tom/.local/lib/python3.6/site-packages/flask/app.py", line 2097, in make_response
    "The view function did not return a valid response. The"
TypeError: The view function did not return a valid response. The function either returned None or ended without a return statement.
[2019-09-28 21:05:11,318] ERROR in app: Exception on /phpmyadmin0/index.php [GET]
Traceback (most recent call last):
  File "/home/tom/.local/lib/python3.6/site-packages/flask/app.py", line 2446, in wsgi_app
    response = self.full_dispatch_request()
  File "/home/tom/.local/lib/python3.6/site-packages/flask/app.py", line 1952, in full_dispatch_request
    return self.finalize_request(rv)
  File "/home/tom/.local/lib/python3.6/site-packages/flask/app.py", line 1967, in finalize_request
    response = self.make_response(rv)
  File "/home/tom/.local/lib/python3.6/site-packages/flask/app.py", line 2097, in make_response
    "The view function did not return a valid response. The"
TypeError: The view function did not return a valid response. The function either returned None or ended without a return statement.
[2019-09-28 21:05:11,626] ERROR in app: Exception on /phpmyadmin1/index.php [GET]
Traceback (most recent call last):
  File "/home/tom/.local/lib/python3.6/site-packages/flask/app.py", line 2446, in wsgi_app
    response = self.full_dispatch_request()
  File "/home/tom/.local/lib/python3.6/site-packages/flask/app.py", line 1952, in full_dispatch_request
    return self.finalize_request(rv)
  File "/home/tom/.local/lib/python3.6/site-packages/flask/app.py", line 1967, in finalize_request
    response = self.make_response(rv)
  File "/home/tom/.local/lib/python3.6/site-packages/flask/app.py", line 2097, in make_response
    "The view function did not return a valid response. The"
TypeError: The view function did not return a valid response. The function either returned None or ended without a return statement.
[2019-09-28 21:05:12,483] ERROR in app: Exception on /phpmyadmin2/index.php [GET]
Traceback (most recent call last):
  File "/home/tom/.local/lib/python3.6/site-packages/flask/app.py", line 2446, in wsgi_app
    response = self.full_dispatch_request()
  File "/home/tom/.local/lib/python3.6/site-packages/flask/app.py", line 1952, in full_dispatch_request
    return self.finalize_request(rv)
  File "/home/tom/.local/lib/python3.6/site-packages/flask/app.py", line 1967, in finalize_request
    response = self.make_response(rv)
  File "/home/tom/.local/lib/python3.6/site-packages/flask/app.py", line 2097, in make_response
    "The view function did not return a valid response. The"
TypeError: The view function did not return a valid response. The function either returned None or ended without a return statement.
[2019-09-28 21:05:12,790] ERROR in app: Exception on /phpMyAdmin-4.4.0/index.php [GET]
Traceback (most recent call last):
  File "/home/tom/.local/lib/python3.6/site-packages/flask/app.py", line 2446, in wsgi_app
    response = self.full_dispatch_request()
  File "/home/tom/.local/lib/python3.6/site-packages/flask/app.py", line 1952, in full_dispatch_request
    return self.finalize_request(rv)
  File "/home/tom/.local/lib/python3.6/site-packages/flask/app.py", line 1967, in finalize_request
    response = self.make_response(rv)
  File "/home/tom/.local/lib/python3.6/site-packages/flask/app.py", line 2097, in make_response
    "The view function did not return a valid response. The"
TypeError: The view function did not return a valid response. The function either returned None or ended without a return statement.
[2019-09-28 21:05:13,096] ERROR in app: Exception on /phpMyAdmin4.8.5/index.php [GET]
Traceback (most recent call last):
  File "/home/tom/.local/lib/python3.6/site-packages/flask/app.py", line 2446, in wsgi_app
    response = self.full_dispatch_request()
  File "/home/tom/.local/lib/python3.6/site-packages/flask/app.py", line 1952, in full_dispatch_request
    return self.finalize_request(rv)
  File "/home/tom/.local/lib/python3.6/site-packages/flask/app.py", line 1967, in finalize_request
    response = self.make_response(rv)
  File "/home/tom/.local/lib/python3.6/site-packages/flask/app.py", line 2097, in make_response
    "The view function did not return a valid response. The"
TypeError: The view function did not return a valid response. The function either returned None or ended without a return statement.
[2019-09-28 21:05:13,404] ERROR in app: Exception on /myadmin/index.php [GET]
Traceback (most recent call last):
  File "/home/tom/.local/lib/python3.6/site-packages/flask/app.py", line 2446, in wsgi_app
    response = self.full_dispatch_request()
  File "/home/tom/.local/lib/python3.6/site-packages/flask/app.py", line 1952, in full_dispatch_request
    return self.finalize_request(rv)
  File "/home/tom/.local/lib/python3.6/site-packages/flask/app.py", line 1967, in finalize_request
    response = self.make_response(rv)
  File "/home/tom/.local/lib/python3.6/site-packages/flask/app.py", line 2097, in make_response
    "The view function did not return a valid response. The"
TypeError: The view function did not return a valid response. The function either returned None or ended without a return statement.
[2019-09-28 21:05:13,712] ERROR in app: Exception on /myadmin2/index.php [GET]
Traceback (most recent call last):
  File "/home/tom/.local/lib/python3.6/site-packages/flask/app.py", line 2446, in wsgi_app
    response = self.full_dispatch_request()
  File "/home/tom/.local/lib/python3.6/site-packages/flask/app.py", line 1952, in full_dispatch_request
    return self.finalize_request(rv)
  File "/home/tom/.local/lib/python3.6/site-packages/flask/app.py", line 1967, in finalize_request
    response = self.make_response(rv)
  File "/home/tom/.local/lib/python3.6/site-packages/flask/app.py", line 2097, in make_response
    "The view function did not return a valid response. The"
TypeError: The view function did not return a valid response. The function either returned None or ended without a return statement.
[2019-09-28 21:05:14,020] ERROR in app: Exception on /xampp/phpmyadmin/index.php [GET]
Traceback (most recent call last):
  File "/home/tom/.local/lib/python3.6/site-packages/flask/app.py", line 2446, in wsgi_app
    response = self.full_dispatch_request()
  File "/home/tom/.local/lib/python3.6/site-packages/flask/app.py", line 1952, in full_dispatch_request
    return self.finalize_request(rv)
  File "/home/tom/.local/lib/python3.6/site-packages/flask/app.py", line 1967, in finalize_request
    response = self.make_response(rv)
  File "/home/tom/.local/lib/python3.6/site-packages/flask/app.py", line 2097, in make_response
    "The view function did not return a valid response. The"
TypeError: The view function did not return a valid response. The function either returned None or ended without a return statement.
[2019-09-28 21:05:14,329] ERROR in app: Exception on /phpMyadmin_bak/index.php [GET]
Traceback (most recent call last):
  File "/home/tom/.local/lib/python3.6/site-packages/flask/app.py", line 2446, in wsgi_app
    response = self.full_dispatch_request()
  File "/home/tom/.local/lib/python3.6/site-packages/flask/app.py", line 1952, in full_dispatch_request
    return self.finalize_request(rv)
  File "/home/tom/.local/lib/python3.6/site-packages/flask/app.py", line 1967, in finalize_request
    response = self.make_response(rv)
  File "/home/tom/.local/lib/python3.6/site-packages/flask/app.py", line 2097, in make_response
    "The view function did not return a valid response. The"
TypeError: The view function did not return a valid response. The function either returned None or ended without a return statement.
[2019-09-28 21:05:14,635] ERROR in app: Exception on /www/phpMyAdmin/index.php [GET]
Traceback (most recent call last):
  File "/home/tom/.local/lib/python3.6/site-packages/flask/app.py", line 2446, in wsgi_app
    response = self.full_dispatch_request()
  File "/home/tom/.local/lib/python3.6/site-packages/flask/app.py", line 1952, in full_dispatch_request
    return self.finalize_request(rv)
  File "/home/tom/.local/lib/python3.6/site-packages/flask/app.py", line 1967, in finalize_request
    response = self.make_response(rv)
  File "/home/tom/.local/lib/python3.6/site-packages/flask/app.py", line 2097, in make_response
    "The view function did not return a valid response. The"
TypeError: The view function did not return a valid response. The function either returned None or ended without a return statement.
[2019-09-28 21:05:14,944] ERROR in app: Exception on /tools/phpMyAdmin/index.php [GET]
Traceback (most recent call last):
  File "/home/tom/.local/lib/python3.6/site-packages/flask/app.py", line 2446, in wsgi_app
    response = self.full_dispatch_request()
  File "/home/tom/.local/lib/python3.6/site-packages/flask/app.py", line 1952, in full_dispatch_request
    return self.finalize_request(rv)
  File "/home/tom/.local/lib/python3.6/site-packages/flask/app.py", line 1967, in finalize_request
    response = self.make_response(rv)
  File "/home/tom/.local/lib/python3.6/site-packages/flask/app.py", line 2097, in make_response
    "The view function did not return a valid response. The"
TypeError: The view function did not return a valid response. The function either returned None or ended without a return statement.
[2019-09-28 21:05:15,252] ERROR in app: Exception on /phpmyadmin-old/index.php [GET]
Traceback (most recent call last):
  File "/home/tom/.local/lib/python3.6/site-packages/flask/app.py", line 2446, in wsgi_app
    response = self.full_dispatch_request()
  File "/home/tom/.local/lib/python3.6/site-packages/flask/app.py", line 1952, in full_dispatch_request
    return self.finalize_request(rv)
  File "/home/tom/.local/lib/python3.6/site-packages/flask/app.py", line 1967, in finalize_request
    response = self.make_response(rv)
  File "/home/tom/.local/lib/python3.6/site-packages/flask/app.py", line 2097, in make_response
    "The view function did not return a valid response. The"
TypeError: The view function did not return a valid response. The function either returned None or ended without a return statement.
[2019-09-28 21:05:15,574] ERROR in app: Exception on /phpMyAdminold/index.php [GET]
Traceback (most recent call last):
  File "/home/tom/.local/lib/python3.6/site-packages/flask/app.py", line 2446, in wsgi_app
    response = self.full_dispatch_request()
  File "/home/tom/.local/lib/python3.6/site-packages/flask/app.py", line 1952, in full_dispatch_request
    return self.finalize_request(rv)
  File "/home/tom/.local/lib/python3.6/site-packages/flask/app.py", line 1967, in finalize_request
    response = self.make_response(rv)
  File "/home/tom/.local/lib/python3.6/site-packages/flask/app.py", line 2097, in make_response
    "The view function did not return a valid response. The"
TypeError: The view function did not return a valid response. The function either returned None or ended without a return statement.
[2019-09-28 21:05:15,881] ERROR in app: Exception on /phpMyAdmin.old/index.php [GET]
Traceback (most recent call last):
  File "/home/tom/.local/lib/python3.6/site-packages/flask/app.py", line 2446, in wsgi_app
    response = self.full_dispatch_request()
  File "/home/tom/.local/lib/python3.6/site-packages/flask/app.py", line 1952, in full_dispatch_request
    return self.finalize_request(rv)
  File "/home/tom/.local/lib/python3.6/site-packages/flask/app.py", line 1967, in finalize_request
    response = self.make_response(rv)
  File "/home/tom/.local/lib/python3.6/site-packages/flask/app.py", line 2097, in make_response
    "The view function did not return a valid response. The"
TypeError: The view function did not return a valid response. The function either returned None or ended without a return statement.
[2019-09-28 21:05:16,191] ERROR in app: Exception on /pma-old/index.php [GET]
Traceback (most recent call last):
  File "/home/tom/.local/lib/python3.6/site-packages/flask/app.py", line 2446, in wsgi_app
    response = self.full_dispatch_request()
  File "/home/tom/.local/lib/python3.6/site-packages/flask/app.py", line 1952, in full_dispatch_request
    return self.finalize_request(rv)
  File "/home/tom/.local/lib/python3.6/site-packages/flask/app.py", line 1967, in finalize_request
    response = self.make_response(rv)
  File "/home/tom/.local/lib/python3.6/site-packages/flask/app.py", line 2097, in make_response
    "The view function did not return a valid response. The"
TypeError: The view function did not return a valid response. The function either returned None or ended without a return statement.
[2019-09-28 21:05:17,026] ERROR in app: Exception on /claroline/phpMyAdmin/index.php [GET]
Traceback (most recent call last):
  File "/home/tom/.local/lib/python3.6/site-packages/flask/app.py", line 2446, in wsgi_app
    response = self.full_dispatch_request()
  File "/home/tom/.local/lib/python3.6/site-packages/flask/app.py", line 1952, in full_dispatch_request
    return self.finalize_request(rv)
  File "/home/tom/.local/lib/python3.6/site-packages/flask/app.py", line 1967, in finalize_request
    response = self.make_response(rv)
  File "/home/tom/.local/lib/python3.6/site-packages/flask/app.py", line 2097, in make_response
    "The view function did not return a valid response. The"
TypeError: The view function did not return a valid response. The function either returned None or ended without a return statement.
[2019-09-28 21:05:17,865] ERROR in app: Exception on /typo3/phpmyadmin/index.php [GET]
Traceback (most recent call last):
  File "/home/tom/.local/lib/python3.6/site-packages/flask/app.py", line 2446, in wsgi_app
    response = self.full_dispatch_request()
  File "/home/tom/.local/lib/python3.6/site-packages/flask/app.py", line 1952, in full_dispatch_request
    return self.finalize_request(rv)
  File "/home/tom/.local/lib/python3.6/site-packages/flask/app.py", line 1967, in finalize_request
    response = self.make_response(rv)
  File "/home/tom/.local/lib/python3.6/site-packages/flask/app.py", line 2097, in make_response
    "The view function did not return a valid response. The"
TypeError: The view function did not return a valid response. The function either returned None or ended without a return statement.
[2019-09-28 21:05:18,173] ERROR in app: Exception on /phpma/index.php [GET]
Traceback (most recent call last):
  File "/home/tom/.local/lib/python3.6/site-packages/flask/app.py", line 2446, in wsgi_app
    response = self.full_dispatch_request()
  File "/home/tom/.local/lib/python3.6/site-packages/flask/app.py", line 1952, in full_dispatch_request
    return self.finalize_request(rv)
  File "/home/tom/.local/lib/python3.6/site-packages/flask/app.py", line 1967, in finalize_request
    response = self.make_response(rv)
  File "/home/tom/.local/lib/python3.6/site-packages/flask/app.py", line 2097, in make_response
    "The view function did not return a valid response. The"
TypeError: The view function did not return a valid response. The function either returned None or ended without a return statement.
[2019-09-28 21:05:18,480] ERROR in app: Exception on /phpmyadmin/phpmyadmin/index.php [GET]
Traceback (most recent call last):
  File "/home/tom/.local/lib/python3.6/site-packages/flask/app.py", line 2446, in wsgi_app
    response = self.full_dispatch_request()
  File "/home/tom/.local/lib/python3.6/site-packages/flask/app.py", line 1952, in full_dispatch_request
    return self.finalize_request(rv)
  File "/home/tom/.local/lib/python3.6/site-packages/flask/app.py", line 1967, in finalize_request
    response = self.make_response(rv)
  File "/home/tom/.local/lib/python3.6/site-packages/flask/app.py", line 2097, in make_response
    "The view function did not return a valid response. The"
TypeError: The view function did not return a valid response. The function either returned None or ended without a return statement.
[2019-09-28 21:05:18,791] ERROR in app: Exception on /phpMyAdmin/phpMyAdmin/index.php [GET]
Traceback (most recent call last):
  File "/home/tom/.local/lib/python3.6/site-packages/flask/app.py", line 2446, in wsgi_app
    response = self.full_dispatch_request()
  File "/home/tom/.local/lib/python3.6/site-packages/flask/app.py", line 1952, in full_dispatch_request
    return self.finalize_request(rv)
  File "/home/tom/.local/lib/python3.6/site-packages/flask/app.py", line 1967, in finalize_request
    response = self.make_response(rv)
  File "/home/tom/.local/lib/python3.6/site-packages/flask/app.py", line 2097, in make_response
    "The view function did not return a valid response. The"
TypeError: The view function did not return a valid response. The function either returned None or ended without a return statement.
[2019-09-28 21:05:19,098] ERROR in app: Exception on /phpMyAbmin/index.php [GET]
Traceback (most recent call last):
  File "/home/tom/.local/lib/python3.6/site-packages/flask/app.py", line 2446, in wsgi_app
    response = self.full_dispatch_request()
  File "/home/tom/.local/lib/python3.6/site-packages/flask/app.py", line 1952, in full_dispatch_request
    return self.finalize_request(rv)
  File "/home/tom/.local/lib/python3.6/site-packages/flask/app.py", line 1967, in finalize_request
    response = self.make_response(rv)
  File "/home/tom/.local/lib/python3.6/site-packages/flask/app.py", line 2097, in make_response
    "The view function did not return a valid response. The"
TypeError: The view function did not return a valid response. The function either returned None or ended without a return statement.
[2019-09-28 21:05:19,406] ERROR in app: Exception on /phpMyAdmin__/index.php [GET]
Traceback (most recent call last):
  File "/home/tom/.local/lib/python3.6/site-packages/flask/app.py", line 2446, in wsgi_app
    response = self.full_dispatch_request()
  File "/home/tom/.local/lib/python3.6/site-packages/flask/app.py", line 1952, in full_dispatch_request
    return self.finalize_request(rv)
  File "/home/tom/.local/lib/python3.6/site-packages/flask/app.py", line 1967, in finalize_request
    response = self.make_response(rv)
  File "/home/tom/.local/lib/python3.6/site-packages/flask/app.py", line 2097, in make_response
    "The view function did not return a valid response. The"
TypeError: The view function did not return a valid response. The function either returned None or ended without a return statement.
[2019-09-28 21:05:19,713] ERROR in app: Exception on /phpMyAdmin+++---/index.php [GET]
Traceback (most recent call last):
  File "/home/tom/.local/lib/python3.6/site-packages/flask/app.py", line 2446, in wsgi_app
    response = self.full_dispatch_request()
  File "/home/tom/.local/lib/python3.6/site-packages/flask/app.py", line 1952, in full_dispatch_request
    return self.finalize_request(rv)
  File "/home/tom/.local/lib/python3.6/site-packages/flask/app.py", line 1967, in finalize_request
    response = self.make_response(rv)
  File "/home/tom/.local/lib/python3.6/site-packages/flask/app.py", line 2097, in make_response
    "The view function did not return a valid response. The"
TypeError: The view function did not return a valid response. The function either returned None or ended without a return statement.
[2019-09-28 21:05:20,547] ERROR in app: Exception on /v/index.php [GET]
Traceback (most recent call last):
  File "/home/tom/.local/lib/python3.6/site-packages/flask/app.py", line 2446, in wsgi_app
    response = self.full_dispatch_request()
  File "/home/tom/.local/lib/python3.6/site-packages/flask/app.py", line 1952, in full_dispatch_request
    return self.finalize_request(rv)
  File "/home/tom/.local/lib/python3.6/site-packages/flask/app.py", line 1967, in finalize_request
    response = self.make_response(rv)
  File "/home/tom/.local/lib/python3.6/site-packages/flask/app.py", line 2097, in make_response
    "The view function did not return a valid response. The"
TypeError: The view function did not return a valid response. The function either returned None or ended without a return statement.
[2019-09-28 21:05:20,854] ERROR in app: Exception on /phpmyadm1n/index.php [GET]
Traceback (most recent call last):
  File "/home/tom/.local/lib/python3.6/site-packages/flask/app.py", line 2446, in wsgi_app
    response = self.full_dispatch_request()
  File "/home/tom/.local/lib/python3.6/site-packages/flask/app.py", line 1952, in full_dispatch_request
    return self.finalize_request(rv)
  File "/home/tom/.local/lib/python3.6/site-packages/flask/app.py", line 1967, in finalize_request
    response = self.make_response(rv)
  File "/home/tom/.local/lib/python3.6/site-packages/flask/app.py", line 2097, in make_response
    "The view function did not return a valid response. The"
TypeError: The view function did not return a valid response. The function either returned None or ended without a return statement.
[2019-09-28 21:05:21,665] ERROR in app: Exception on /phpMyAdm1n/index.php [GET]
Traceback (most recent call last):
  File "/home/tom/.local/lib/python3.6/site-packages/flask/app.py", line 2446, in wsgi_app
    response = self.full_dispatch_request()
  File "/home/tom/.local/lib/python3.6/site-packages/flask/app.py", line 1952, in full_dispatch_request
    return self.finalize_request(rv)
  File "/home/tom/.local/lib/python3.6/site-packages/flask/app.py", line 1967, in finalize_request
    response = self.make_response(rv)
  File "/home/tom/.local/lib/python3.6/site-packages/flask/app.py", line 2097, in make_response
    "The view function did not return a valid response. The"
TypeError: The view function did not return a valid response. The function either returned None or ended without a return statement.
[2019-09-28 21:05:22,506] ERROR in app: Exception on /shaAdmin/index.php [GET]
Traceback (most recent call last):
  File "/home/tom/.local/lib/python3.6/site-packages/flask/app.py", line 2446, in wsgi_app
    response = self.full_dispatch_request()
  File "/home/tom/.local/lib/python3.6/site-packages/flask/app.py", line 1952, in full_dispatch_request
    return self.finalize_request(rv)
  File "/home/tom/.local/lib/python3.6/site-packages/flask/app.py", line 1967, in finalize_request
    response = self.make_response(rv)
  File "/home/tom/.local/lib/python3.6/site-packages/flask/app.py", line 2097, in make_response
    "The view function did not return a valid response. The"
TypeError: The view function did not return a valid response. The function either returned None or ended without a return statement.
[2019-09-28 21:05:23,617] ERROR in app: Exception on /phpMyadmi/index.php [GET]
Traceback (most recent call last):
  File "/home/tom/.local/lib/python3.6/site-packages/flask/app.py", line 2446, in wsgi_app
    response = self.full_dispatch_request()
  File "/home/tom/.local/lib/python3.6/site-packages/flask/app.py", line 1952, in full_dispatch_request
    return self.finalize_request(rv)
  File "/home/tom/.local/lib/python3.6/site-packages/flask/app.py", line 1967, in finalize_request
    response = self.make_response(rv)
  File "/home/tom/.local/lib/python3.6/site-packages/flask/app.py", line 2097, in make_response
    "The view function did not return a valid response. The"
TypeError: The view function did not return a valid response. The function either returned None or ended without a return statement.
[2019-09-28 21:05:27,496] ERROR in app: Exception on /phpMyAdmion/index.php [GET]
Traceback (most recent call last):
  File "/home/tom/.local/lib/python3.6/site-packages/flask/app.py", line 2446, in wsgi_app
    response = self.full_dispatch_request()
  File "/home/tom/.local/lib/python3.6/site-packages/flask/app.py", line 1952, in full_dispatch_request
    return self.finalize_request(rv)
  File "/home/tom/.local/lib/python3.6/site-packages/flask/app.py", line 1967, in finalize_request
    response = self.make_response(rv)
  File "/home/tom/.local/lib/python3.6/site-packages/flask/app.py", line 2097, in make_response
    "The view function did not return a valid response. The"
TypeError: The view function did not return a valid response. The function either returned None or ended without a return statement.
[2019-09-28 21:05:32,641] ERROR in app: Exception on /s/index.php [GET]
Traceback (most recent call last):
  File "/home/tom/.local/lib/python3.6/site-packages/flask/app.py", line 2446, in wsgi_app
    response = self.full_dispatch_request()
  File "/home/tom/.local/lib/python3.6/site-packages/flask/app.py", line 1952, in full_dispatch_request
    return self.finalize_request(rv)
  File "/home/tom/.local/lib/python3.6/site-packages/flask/app.py", line 1967, in finalize_request
    response = self.make_response(rv)
  File "/home/tom/.local/lib/python3.6/site-packages/flask/app.py", line 2097, in make_response
    "The view function did not return a valid response. The"
TypeError: The view function did not return a valid response. The function either returned None or ended without a return statement.
[2019-09-28 21:05:32,949] ERROR in app: Exception on /MyAdmin/index.php [GET]
Traceback (most recent call last):
  File "/home/tom/.local/lib/python3.6/site-packages/flask/app.py", line 2446, in wsgi_app
    response = self.full_dispatch_request()
  File "/home/tom/.local/lib/python3.6/site-packages/flask/app.py", line 1952, in full_dispatch_request
    return self.finalize_request(rv)
  File "/home/tom/.local/lib/python3.6/site-packages/flask/app.py", line 1967, in finalize_request
    response = self.make_response(rv)
  File "/home/tom/.local/lib/python3.6/site-packages/flask/app.py", line 2097, in make_response
    "The view function did not return a valid response. The"
TypeError: The view function did not return a valid response. The function either returned None or ended without a return statement.
[2019-09-28 21:05:33,258] ERROR in app: Exception on /phpMyAdmin1/index.php [GET]
Traceback (most recent call last):
  File "/home/tom/.local/lib/python3.6/site-packages/flask/app.py", line 2446, in wsgi_app
    response = self.full_dispatch_request()
  File "/home/tom/.local/lib/python3.6/site-packages/flask/app.py", line 1952, in full_dispatch_request
    return self.finalize_request(rv)
  File "/home/tom/.local/lib/python3.6/site-packages/flask/app.py", line 1967, in finalize_request
    response = self.make_response(rv)
  File "/home/tom/.local/lib/python3.6/site-packages/flask/app.py", line 2097, in make_response
    "The view function did not return a valid response. The"
TypeError: The view function did not return a valid response. The function either returned None or ended without a return statement.
[2019-09-28 21:05:35,700] ERROR in app: Exception on /phpMyAdmin123/index.php [GET]
Traceback (most recent call last):
  File "/home/tom/.local/lib/python3.6/site-packages/flask/app.py", line 2446, in wsgi_app
    response = self.full_dispatch_request()
  File "/home/tom/.local/lib/python3.6/site-packages/flask/app.py", line 1952, in full_dispatch_request
    return self.finalize_request(rv)
  File "/home/tom/.local/lib/python3.6/site-packages/flask/app.py", line 1967, in finalize_request
    response = self.make_response(rv)
  File "/home/tom/.local/lib/python3.6/site-packages/flask/app.py", line 2097, in make_response
    "The view function did not return a valid response. The"
TypeError: The view function did not return a valid response. The function either returned None or ended without a return statement.
[2019-09-28 21:05:36,006] ERROR in app: Exception on /pwd/index.php [GET]
Traceback (most recent call last):
  File "/home/tom/.local/lib/python3.6/site-packages/flask/app.py", line 2446, in wsgi_app
    response = self.full_dispatch_request()
  File "/home/tom/.local/lib/python3.6/site-packages/flask/app.py", line 1952, in full_dispatch_request
    return self.finalize_request(rv)
  File "/home/tom/.local/lib/python3.6/site-packages/flask/app.py", line 1967, in finalize_request
    response = self.make_response(rv)
  File "/home/tom/.local/lib/python3.6/site-packages/flask/app.py", line 2097, in make_response
    "The view function did not return a valid response. The"
TypeError: The view function did not return a valid response. The function either returned None or ended without a return statement.
[2019-09-28 21:05:36,835] ERROR in app: Exception on /phpMyAdmina/index.php [GET]
Traceback (most recent call last):
  File "/home/tom/.local/lib/python3.6/site-packages/flask/app.py", line 2446, in wsgi_app
    response = self.full_dispatch_request()
  File "/home/tom/.local/lib/python3.6/site-packages/flask/app.py", line 1952, in full_dispatch_request
    return self.finalize_request(rv)
  File "/home/tom/.local/lib/python3.6/site-packages/flask/app.py", line 1967, in finalize_request
    response = self.make_response(rv)
  File "/home/tom/.local/lib/python3.6/site-packages/flask/app.py", line 2097, in make_response
    "The view function did not return a valid response. The"
TypeError: The view function did not return a valid response. The function either returned None or ended without a return statement.
[2019-09-28 21:05:37,142] ERROR in app: Exception on /phpMydmin/index.php [GET]
Traceback (most recent call last):
  File "/home/tom/.local/lib/python3.6/site-packages/flask/app.py", line 2446, in wsgi_app
    response = self.full_dispatch_request()
  File "/home/tom/.local/lib/python3.6/site-packages/flask/app.py", line 1952, in full_dispatch_request
    return self.finalize_request(rv)
  File "/home/tom/.local/lib/python3.6/site-packages/flask/app.py", line 1967, in finalize_request
    response = self.make_response(rv)
  File "/home/tom/.local/lib/python3.6/site-packages/flask/app.py", line 2097, in make_response
    "The view function did not return a valid response. The"
TypeError: The view function did not return a valid response. The function either returned None or ended without a return statement.
[2019-09-28 21:05:37,451] ERROR in app: Exception on /phpMyAdmins/index.php [GET]
Traceback (most recent call last):
  File "/home/tom/.local/lib/python3.6/site-packages/flask/app.py", line 2446, in wsgi_app
    response = self.full_dispatch_request()
  File "/home/tom/.local/lib/python3.6/site-packages/flask/app.py", line 1952, in full_dispatch_request
    return self.finalize_request(rv)
  File "/home/tom/.local/lib/python3.6/site-packages/flask/app.py", line 1967, in finalize_request
    response = self.make_response(rv)
  File "/home/tom/.local/lib/python3.6/site-packages/flask/app.py", line 2097, in make_response
    "The view function did not return a valid response. The"
TypeError: The view function did not return a valid response. The function either returned None or ended without a return statement.
[2019-09-28 21:05:37,758] ERROR in app: Exception on /phpMyAdmin._/index.php [GET]
Traceback (most recent call last):
  File "/home/tom/.local/lib/python3.6/site-packages/flask/app.py", line 2446, in wsgi_app
    response = self.full_dispatch_request()
  File "/home/tom/.local/lib/python3.6/site-packages/flask/app.py", line 1952, in full_dispatch_request
    return self.finalize_request(rv)
  File "/home/tom/.local/lib/python3.6/site-packages/flask/app.py", line 1967, in finalize_request
    response = self.make_response(rv)
  File "/home/tom/.local/lib/python3.6/site-packages/flask/app.py", line 2097, in make_response
    "The view function did not return a valid response. The"
TypeError: The view function did not return a valid response. The function either returned None or ended without a return statement.
[2019-09-28 21:05:38,066] ERROR in app: Exception on /phpMyAdmin._2/index.php [GET]
Traceback (most recent call last):
  File "/home/tom/.local/lib/python3.6/site-packages/flask/app.py", line 2446, in wsgi_app
    response = self.full_dispatch_request()
  File "/home/tom/.local/lib/python3.6/site-packages/flask/app.py", line 1952, in full_dispatch_request
    return self.finalize_request(rv)
  File "/home/tom/.local/lib/python3.6/site-packages/flask/app.py", line 1967, in finalize_request
    response = self.make_response(rv)
  File "/home/tom/.local/lib/python3.6/site-packages/flask/app.py", line 2097, in make_response
    "The view function did not return a valid response. The"
TypeError: The view function did not return a valid response. The function either returned None or ended without a return statement.
[2019-09-28 21:05:38,373] ERROR in app: Exception on /phpmyadmin2222/index.php [GET]
Traceback (most recent call last):
  File "/home/tom/.local/lib/python3.6/site-packages/flask/app.py", line 2446, in wsgi_app
    response = self.full_dispatch_request()
  File "/home/tom/.local/lib/python3.6/site-packages/flask/app.py", line 1952, in full_dispatch_request
    return self.finalize_request(rv)
  File "/home/tom/.local/lib/python3.6/site-packages/flask/app.py", line 1967, in finalize_request
    response = self.make_response(rv)
  File "/home/tom/.local/lib/python3.6/site-packages/flask/app.py", line 2097, in make_response
    "The view function did not return a valid response. The"
TypeError: The view function did not return a valid response. The function either returned None or ended without a return statement.
[2019-09-28 21:05:38,681] ERROR in app: Exception on /phpmyadmin3333/index.php [GET]
Traceback (most recent call last):
  File "/home/tom/.local/lib/python3.6/site-packages/flask/app.py", line 2446, in wsgi_app
    response = self.full_dispatch_request()
  File "/home/tom/.local/lib/python3.6/site-packages/flask/app.py", line 1952, in full_dispatch_request
    return self.finalize_request(rv)
  File "/home/tom/.local/lib/python3.6/site-packages/flask/app.py", line 1967, in finalize_request
    response = self.make_response(rv)
  File "/home/tom/.local/lib/python3.6/site-packages/flask/app.py", line 2097, in make_response
    "The view function did not return a valid response. The"
TypeError: The view function did not return a valid response. The function either returned None or ended without a return statement.
[2019-09-28 21:05:40,197] ERROR in app: Exception on /php2MyAdmin/index.php [GET]
Traceback (most recent call last):
  File "/home/tom/.local/lib/python3.6/site-packages/flask/app.py", line 2446, in wsgi_app
    response = self.full_dispatch_request()
  File "/home/tom/.local/lib/python3.6/site-packages/flask/app.py", line 1952, in full_dispatch_request
    return self.finalize_request(rv)
  File "/home/tom/.local/lib/python3.6/site-packages/flask/app.py", line 1967, in finalize_request
    response = self.make_response(rv)
  File "/home/tom/.local/lib/python3.6/site-packages/flask/app.py", line 2097, in make_response
    "The view function did not return a valid response. The"
TypeError: The view function did not return a valid response. The function either returned None or ended without a return statement.
[2019-09-28 21:05:41,318] ERROR in app: Exception on /phpiMyAdmin/index.php [GET]
Traceback (most recent call last):
  File "/home/tom/.local/lib/python3.6/site-packages/flask/app.py", line 2446, in wsgi_app
    response = self.full_dispatch_request()
  File "/home/tom/.local/lib/python3.6/site-packages/flask/app.py", line 1952, in full_dispatch_request
    return self.finalize_request(rv)
  File "/home/tom/.local/lib/python3.6/site-packages/flask/app.py", line 1967, in finalize_request
    response = self.make_response(rv)
  File "/home/tom/.local/lib/python3.6/site-packages/flask/app.py", line 2097, in make_response
    "The view function did not return a valid response. The"
TypeError: The view function did not return a valid response. The function either returned None or ended without a return statement.
[2019-09-28 21:05:41,624] ERROR in app: Exception on /phpNyAdmin/index.php [GET]
Traceback (most recent call last):
  File "/home/tom/.local/lib/python3.6/site-packages/flask/app.py", line 2446, in wsgi_app
    response = self.full_dispatch_request()
  File "/home/tom/.local/lib/python3.6/site-packages/flask/app.py", line 1952, in full_dispatch_request
    return self.finalize_request(rv)
  File "/home/tom/.local/lib/python3.6/site-packages/flask/app.py", line 1967, in finalize_request
    response = self.make_response(rv)
  File "/home/tom/.local/lib/python3.6/site-packages/flask/app.py", line 2097, in make_response
    "The view function did not return a valid response. The"
TypeError: The view function did not return a valid response. The function either returned None or ended without a return statement.
[2019-09-28 21:05:41,930] ERROR in app: Exception on /1/index.php [GET]
Traceback (most recent call last):
  File "/home/tom/.local/lib/python3.6/site-packages/flask/app.py", line 2446, in wsgi_app
    response = self.full_dispatch_request()
  File "/home/tom/.local/lib/python3.6/site-packages/flask/app.py", line 1952, in full_dispatch_request
    return self.finalize_request(rv)
  File "/home/tom/.local/lib/python3.6/site-packages/flask/app.py", line 1967, in finalize_request
    response = self.make_response(rv)
  File "/home/tom/.local/lib/python3.6/site-packages/flask/app.py", line 2097, in make_response
    "The view function did not return a valid response. The"
TypeError: The view function did not return a valid response. The function either returned None or ended without a return statement.
[2019-09-28 21:05:42,236] ERROR in app: Exception on /download/index.php [GET]
Traceback (most recent call last):
  File "/home/tom/.local/lib/python3.6/site-packages/flask/app.py", line 2446, in wsgi_app
    response = self.full_dispatch_request()
  File "/home/tom/.local/lib/python3.6/site-packages/flask/app.py", line 1952, in full_dispatch_request
    return self.finalize_request(rv)
  File "/home/tom/.local/lib/python3.6/site-packages/flask/app.py", line 1967, in finalize_request
    response = self.make_response(rv)
  File "/home/tom/.local/lib/python3.6/site-packages/flask/app.py", line 2097, in make_response
    "The view function did not return a valid response. The"
TypeError: The view function did not return a valid response. The function either returned None or ended without a return statement.
[2019-09-28 21:05:42,545] ERROR in app: Exception on /phpMyAdmin_111/index.php [GET]
Traceback (most recent call last):
  File "/home/tom/.local/lib/python3.6/site-packages/flask/app.py", line 2446, in wsgi_app
    response = self.full_dispatch_request()
  File "/home/tom/.local/lib/python3.6/site-packages/flask/app.py", line 1952, in full_dispatch_request
    return self.finalize_request(rv)
  File "/home/tom/.local/lib/python3.6/site-packages/flask/app.py", line 1967, in finalize_request
    response = self.make_response(rv)
  File "/home/tom/.local/lib/python3.6/site-packages/flask/app.py", line 2097, in make_response
    "The view function did not return a valid response. The"
TypeError: The view function did not return a valid response. The function either returned None or ended without a return statement.
[2019-09-28 21:05:43,361] ERROR in app: Exception on /phpmadmin/index.php [GET]
Traceback (most recent call last):
  File "/home/tom/.local/lib/python3.6/site-packages/flask/app.py", line 2446, in wsgi_app
    response = self.full_dispatch_request()
  File "/home/tom/.local/lib/python3.6/site-packages/flask/app.py", line 1952, in full_dispatch_request
    return self.finalize_request(rv)
  File "/home/tom/.local/lib/python3.6/site-packages/flask/app.py", line 1967, in finalize_request
    response = self.make_response(rv)
  File "/home/tom/.local/lib/python3.6/site-packages/flask/app.py", line 2097, in make_response
    "The view function did not return a valid response. The"
TypeError: The view function did not return a valid response. The function either returned None or ended without a return statement.
[2019-09-28 21:05:43,667] ERROR in app: Exception on /321/index.php [GET]
Traceback (most recent call last):
  File "/home/tom/.local/lib/python3.6/site-packages/flask/app.py", line 2446, in wsgi_app
    response = self.full_dispatch_request()
  File "/home/tom/.local/lib/python3.6/site-packages/flask/app.py", line 1952, in full_dispatch_request
    return self.finalize_request(rv)
  File "/home/tom/.local/lib/python3.6/site-packages/flask/app.py", line 1967, in finalize_request
    response = self.make_response(rv)
  File "/home/tom/.local/lib/python3.6/site-packages/flask/app.py", line 2097, in make_response
    "The view function did not return a valid response. The"
TypeError: The view function did not return a valid response. The function either returned None or ended without a return statement.
[2019-09-28 21:05:43,974] ERROR in app: Exception on /123131/index.php [GET]
Traceback (most recent call last):
  File "/home/tom/.local/lib/python3.6/site-packages/flask/app.py", line 2446, in wsgi_app
    response = self.full_dispatch_request()
  File "/home/tom/.local/lib/python3.6/site-packages/flask/app.py", line 1952, in full_dispatch_request
    return self.finalize_request(rv)
  File "/home/tom/.local/lib/python3.6/site-packages/flask/app.py", line 1967, in finalize_request
    response = self.make_response(rv)
  File "/home/tom/.local/lib/python3.6/site-packages/flask/app.py", line 2097, in make_response
    "The view function did not return a valid response. The"
TypeError: The view function did not return a valid response. The function either returned None or ended without a return statement.
[2019-09-28 21:05:44,801] ERROR in app: Exception on /phpMyAdminn/index.php [GET]
Traceback (most recent call last):
  File "/home/tom/.local/lib/python3.6/site-packages/flask/app.py", line 2446, in wsgi_app
    response = self.full_dispatch_request()
  File "/home/tom/.local/lib/python3.6/site-packages/flask/app.py", line 1952, in full_dispatch_request
    return self.finalize_request(rv)
  File "/home/tom/.local/lib/python3.6/site-packages/flask/app.py", line 1967, in finalize_request
    response = self.make_response(rv)
  File "/home/tom/.local/lib/python3.6/site-packages/flask/app.py", line 2097, in make_response
    "The view function did not return a valid response. The"
TypeError: The view function did not return a valid response. The function either returned None or ended without a return statement.
[2019-09-28 21:05:45,109] ERROR in app: Exception on /phpMyAdminhf/index.php [GET]
Traceback (most recent call last):
  File "/home/tom/.local/lib/python3.6/site-packages/flask/app.py", line 2446, in wsgi_app
    response = self.full_dispatch_request()
  File "/home/tom/.local/lib/python3.6/site-packages/flask/app.py", line 1952, in full_dispatch_request
    return self.finalize_request(rv)
  File "/home/tom/.local/lib/python3.6/site-packages/flask/app.py", line 1967, in finalize_request
    response = self.make_response(rv)
  File "/home/tom/.local/lib/python3.6/site-packages/flask/app.py", line 2097, in make_response
    "The view function did not return a valid response. The"
TypeError: The view function did not return a valid response. The function either returned None or ended without a return statement.
[2019-09-28 21:05:45,416] ERROR in app: Exception on /sbb/index.php [GET]
Traceback (most recent call last):
  File "/home/tom/.local/lib/python3.6/site-packages/flask/app.py", line 2446, in wsgi_app
    response = self.full_dispatch_request()
  File "/home/tom/.local/lib/python3.6/site-packages/flask/app.py", line 1952, in full_dispatch_request
    return self.finalize_request(rv)
  File "/home/tom/.local/lib/python3.6/site-packages/flask/app.py", line 1967, in finalize_request
    response = self.make_response(rv)
  File "/home/tom/.local/lib/python3.6/site-packages/flask/app.py", line 2097, in make_response
    "The view function did not return a valid response. The"
TypeError: The view function did not return a valid response. The function either returned None or ended without a return statement.
[2019-09-28 21:05:45,723] ERROR in app: Exception on /WWW/phpMyAdmin/index.php [GET]
Traceback (most recent call last):
  File "/home/tom/.local/lib/python3.6/site-packages/flask/app.py", line 2446, in wsgi_app
    response = self.full_dispatch_request()
  File "/home/tom/.local/lib/python3.6/site-packages/flask/app.py", line 1952, in full_dispatch_request
    return self.finalize_request(rv)
  File "/home/tom/.local/lib/python3.6/site-packages/flask/app.py", line 1967, in finalize_request
    response = self.make_response(rv)
  File "/home/tom/.local/lib/python3.6/site-packages/flask/app.py", line 2097, in make_response
    "The view function did not return a valid response. The"
TypeError: The view function did not return a valid response. The function either returned None or ended without a return statement.
[2019-09-28 21:05:47,994] ERROR in app: Exception on /phpMyAdmln/index.php [GET]
Traceback (most recent call last):
  File "/home/tom/.local/lib/python3.6/site-packages/flask/app.py", line 2446, in wsgi_app
    response = self.full_dispatch_request()
  File "/home/tom/.local/lib/python3.6/site-packages/flask/app.py", line 1952, in full_dispatch_request
    return self.finalize_request(rv)
  File "/home/tom/.local/lib/python3.6/site-packages/flask/app.py", line 1967, in finalize_request
    response = self.make_response(rv)
  File "/home/tom/.local/lib/python3.6/site-packages/flask/app.py", line 2097, in make_response
    "The view function did not return a valid response. The"
TypeError: The view function did not return a valid response. The function either returned None or ended without a return statement.
[2019-09-28 21:05:48,301] ERROR in app: Exception on /phpMyAdmin_ai/index.php [GET]
Traceback (most recent call last):
  File "/home/tom/.local/lib/python3.6/site-packages/flask/app.py", line 2446, in wsgi_app
    response = self.full_dispatch_request()
  File "/home/tom/.local/lib/python3.6/site-packages/flask/app.py", line 1952, in full_dispatch_request
    return self.finalize_request(rv)
  File "/home/tom/.local/lib/python3.6/site-packages/flask/app.py", line 1967, in finalize_request
    response = self.make_response(rv)
  File "/home/tom/.local/lib/python3.6/site-packages/flask/app.py", line 2097, in make_response
    "The view function did not return a valid response. The"
TypeError: The view function did not return a valid response. The function either returned None or ended without a return statement.
[2019-09-28 21:05:48,608] ERROR in app: Exception on /program/index.php [GET]
Traceback (most recent call last):
  File "/home/tom/.local/lib/python3.6/site-packages/flask/app.py", line 2446, in wsgi_app
    response = self.full_dispatch_request()
  File "/home/tom/.local/lib/python3.6/site-packages/flask/app.py", line 1952, in full_dispatch_request
    return self.finalize_request(rv)
  File "/home/tom/.local/lib/python3.6/site-packages/flask/app.py", line 1967, in finalize_request
    response = self.make_response(rv)
  File "/home/tom/.local/lib/python3.6/site-packages/flask/app.py", line 2097, in make_response
    "The view function did not return a valid response. The"
TypeError: The view function did not return a valid response. The function either returned None or ended without a return statement.
[2019-09-28 21:05:48,915] ERROR in app: Exception on /shopdb/index.php [GET]
Traceback (most recent call last):
  File "/home/tom/.local/lib/python3.6/site-packages/flask/app.py", line 2446, in wsgi_app
    response = self.full_dispatch_request()
  File "/home/tom/.local/lib/python3.6/site-packages/flask/app.py", line 1952, in full_dispatch_request
    return self.finalize_request(rv)
  File "/home/tom/.local/lib/python3.6/site-packages/flask/app.py", line 1967, in finalize_request
    response = self.make_response(rv)
  File "/home/tom/.local/lib/python3.6/site-packages/flask/app.py", line 2097, in make_response
    "The view function did not return a valid response. The"
TypeError: The view function did not return a valid response. The function either returned None or ended without a return statement.
[2019-09-28 21:05:49,223] ERROR in app: Exception on /phppma/index.php [GET]
Traceback (most recent call last):
  File "/home/tom/.local/lib/python3.6/site-packages/flask/app.py", line 2446, in wsgi_app
    response = self.full_dispatch_request()
  File "/home/tom/.local/lib/python3.6/site-packages/flask/app.py", line 1952, in full_dispatch_request
    return self.finalize_request(rv)
  File "/home/tom/.local/lib/python3.6/site-packages/flask/app.py", line 1967, in finalize_request
    response = self.make_response(rv)
  File "/home/tom/.local/lib/python3.6/site-packages/flask/app.py", line 2097, in make_response
    "The view function did not return a valid response. The"
TypeError: The view function did not return a valid response. The function either returned None or ended without a return statement.
[2019-09-28 21:05:49,531] ERROR in app: Exception on /phpmy/index.php [GET]
Traceback (most recent call last):
  File "/home/tom/.local/lib/python3.6/site-packages/flask/app.py", line 2446, in wsgi_app
    response = self.full_dispatch_request()
  File "/home/tom/.local/lib/python3.6/site-packages/flask/app.py", line 1952, in full_dispatch_request
    return self.finalize_request(rv)
  File "/home/tom/.local/lib/python3.6/site-packages/flask/app.py", line 1967, in finalize_request
    response = self.make_response(rv)
  File "/home/tom/.local/lib/python3.6/site-packages/flask/app.py", line 2097, in make_response
    "The view function did not return a valid response. The"
TypeError: The view function did not return a valid response. The function either returned None or ended without a return statement.
[2019-09-28 21:05:49,838] ERROR in app: Exception on /mysql/admin/index.php [GET]
Traceback (most recent call last):
  File "/home/tom/.local/lib/python3.6/site-packages/flask/app.py", line 2446, in wsgi_app
    response = self.full_dispatch_request()
  File "/home/tom/.local/lib/python3.6/site-packages/flask/app.py", line 1952, in full_dispatch_request
    return self.finalize_request(rv)
  File "/home/tom/.local/lib/python3.6/site-packages/flask/app.py", line 1967, in finalize_request
    response = self.make_response(rv)
  File "/home/tom/.local/lib/python3.6/site-packages/flask/app.py", line 2097, in make_response
    "The view function did not return a valid response. The"
TypeError: The view function did not return a valid response. The function either returned None or ended without a return statement.
[2019-09-28 21:05:50,147] ERROR in app: Exception on /mysql/dbadmin/index.php [GET]
Traceback (most recent call last):
  File "/home/tom/.local/lib/python3.6/site-packages/flask/app.py", line 2446, in wsgi_app
    response = self.full_dispatch_request()
  File "/home/tom/.local/lib/python3.6/site-packages/flask/app.py", line 1952, in full_dispatch_request
    return self.finalize_request(rv)
  File "/home/tom/.local/lib/python3.6/site-packages/flask/app.py", line 1967, in finalize_request
    response = self.make_response(rv)
  File "/home/tom/.local/lib/python3.6/site-packages/flask/app.py", line 2097, in make_response
    "The view function did not return a valid response. The"
TypeError: The view function did not return a valid response. The function either returned None or ended without a return statement.
[2019-09-28 21:05:50,453] ERROR in app: Exception on /mysql/sqlmanager/index.php [GET]
Traceback (most recent call last):
  File "/home/tom/.local/lib/python3.6/site-packages/flask/app.py", line 2446, in wsgi_app
    response = self.full_dispatch_request()
  File "/home/tom/.local/lib/python3.6/site-packages/flask/app.py", line 1952, in full_dispatch_request
    return self.finalize_request(rv)
  File "/home/tom/.local/lib/python3.6/site-packages/flask/app.py", line 1967, in finalize_request
    response = self.make_response(rv)
  File "/home/tom/.local/lib/python3.6/site-packages/flask/app.py", line 2097, in make_response
    "The view function did not return a valid response. The"
TypeError: The view function did not return a valid response. The function either returned None or ended without a return statement.
[2019-09-28 21:05:50,760] ERROR in app: Exception on /mysql/mysqlmanager/index.php [GET]
Traceback (most recent call last):
  File "/home/tom/.local/lib/python3.6/site-packages/flask/app.py", line 2446, in wsgi_app
    response = self.full_dispatch_request()
  File "/home/tom/.local/lib/python3.6/site-packages/flask/app.py", line 1952, in full_dispatch_request
    return self.finalize_request(rv)
  File "/home/tom/.local/lib/python3.6/site-packages/flask/app.py", line 1967, in finalize_request
    response = self.make_response(rv)
  File "/home/tom/.local/lib/python3.6/site-packages/flask/app.py", line 2097, in make_response
    "The view function did not return a valid response. The"
TypeError: The view function did not return a valid response. The function either returned None or ended without a return statement.
[2019-09-28 21:05:51,071] ERROR in app: Exception on /wp-content/plugins/portable-phpmyadmin/wp-pma-mod/index.php [GET]
Traceback (most recent call last):
  File "/home/tom/.local/lib/python3.6/site-packages/flask/app.py", line 2446, in wsgi_app
    response = self.full_dispatch_request()
  File "/home/tom/.local/lib/python3.6/site-packages/flask/app.py", line 1952, in full_dispatch_request
    return self.finalize_request(rv)
  File "/home/tom/.local/lib/python3.6/site-packages/flask/app.py", line 1967, in finalize_request
    response = self.make_response(rv)
  File "/home/tom/.local/lib/python3.6/site-packages/flask/app.py", line 2097, in make_response
    "The view function did not return a valid response. The"
TypeError: The view function did not return a valid response. The function either returned None or ended without a return statement.
[2019-09-28 21:05:51,376] ERROR in app: Exception on /sqladmin/index.php [GET]
Traceback (most recent call last):
  File "/home/tom/.local/lib/python3.6/site-packages/flask/app.py", line 2446, in wsgi_app
    response = self.full_dispatch_request()
  File "/home/tom/.local/lib/python3.6/site-packages/flask/app.py", line 1952, in full_dispatch_request
    return self.finalize_request(rv)
  File "/home/tom/.local/lib/python3.6/site-packages/flask/app.py", line 1967, in finalize_request
    response = self.make_response(rv)
  File "/home/tom/.local/lib/python3.6/site-packages/flask/app.py", line 2097, in make_response
    "The view function did not return a valid response. The"
TypeError: The view function did not return a valid response. The function either returned None or ended without a return statement.
[2019-09-28 21:05:51,683] ERROR in app: Exception on /sql/index.php [GET]
Traceback (most recent call last):
  File "/home/tom/.local/lib/python3.6/site-packages/flask/app.py", line 2446, in wsgi_app
    response = self.full_dispatch_request()
  File "/home/tom/.local/lib/python3.6/site-packages/flask/app.py", line 1952, in full_dispatch_request
    return self.finalize_request(rv)
  File "/home/tom/.local/lib/python3.6/site-packages/flask/app.py", line 1967, in finalize_request
    response = self.make_response(rv)
  File "/home/tom/.local/lib/python3.6/site-packages/flask/app.py", line 2097, in make_response
    "The view function did not return a valid response. The"
TypeError: The view function did not return a valid response. The function either returned None or ended without a return statement.
[2019-09-28 21:05:52,587] ERROR in app: Exception on /SQL/index.php [GET]
Traceback (most recent call last):
  File "/home/tom/.local/lib/python3.6/site-packages/flask/app.py", line 2446, in wsgi_app
    response = self.full_dispatch_request()
  File "/home/tom/.local/lib/python3.6/site-packages/flask/app.py", line 1952, in full_dispatch_request
    return self.finalize_request(rv)
  File "/home/tom/.local/lib/python3.6/site-packages/flask/app.py", line 1967, in finalize_request
    response = self.make_response(rv)
  File "/home/tom/.local/lib/python3.6/site-packages/flask/app.py", line 2097, in make_response
    "The view function did not return a valid response. The"
TypeError: The view function did not return a valid response. The function either returned None or ended without a return statement.
[2019-09-28 21:05:52,895] ERROR in app: Exception on /websql/index.php [GET]
Traceback (most recent call last):
  File "/home/tom/.local/lib/python3.6/site-packages/flask/app.py", line 2446, in wsgi_app
    response = self.full_dispatch_request()
  File "/home/tom/.local/lib/python3.6/site-packages/flask/app.py", line 1952, in full_dispatch_request
    return self.finalize_request(rv)
  File "/home/tom/.local/lib/python3.6/site-packages/flask/app.py", line 1967, in finalize_request
    response = self.make_response(rv)
  File "/home/tom/.local/lib/python3.6/site-packages/flask/app.py", line 2097, in make_response
    "The view function did not return a valid response. The"
TypeError: The view function did not return a valid response. The function either returned None or ended without a return statement.
[2019-09-28 21:05:53,202] ERROR in app: Exception on /MySQLAdmin/index.php [GET]
Traceback (most recent call last):
  File "/home/tom/.local/lib/python3.6/site-packages/flask/app.py", line 2446, in wsgi_app
    response = self.full_dispatch_request()
  File "/home/tom/.local/lib/python3.6/site-packages/flask/app.py", line 1952, in full_dispatch_request
    return self.finalize_request(rv)
  File "/home/tom/.local/lib/python3.6/site-packages/flask/app.py", line 1967, in finalize_request
    response = self.make_response(rv)
  File "/home/tom/.local/lib/python3.6/site-packages/flask/app.py", line 2097, in make_response
    "The view function did not return a valid response. The"
TypeError: The view function did not return a valid response. The function either returned None or ended without a return statement.
[2019-09-28 21:05:53,510] ERROR in app: Exception on /manager/html [GET]
Traceback (most recent call last):
  File "/home/tom/.local/lib/python3.6/site-packages/flask/app.py", line 2446, in wsgi_app
    response = self.full_dispatch_request()
  File "/home/tom/.local/lib/python3.6/site-packages/flask/app.py", line 1952, in full_dispatch_request
    return self.finalize_request(rv)
  File "/home/tom/.local/lib/python3.6/site-packages/flask/app.py", line 1967, in finalize_request
    response = self.make_response(rv)
  File "/home/tom/.local/lib/python3.6/site-packages/flask/app.py", line 2097, in make_response
    "The view function did not return a valid response. The"
TypeError: The view function did not return a valid response. The function either returned None or ended without a return statement.
[2019-09-28 21:45:29,092] ERROR in app: Exception on /robots.txt [HEAD]
Traceback (most recent call last):
  File "/home/tom/.local/lib/python3.6/site-packages/flask/app.py", line 2446, in wsgi_app
    response = self.full_dispatch_request()
  File "/home/tom/.local/lib/python3.6/site-packages/flask/app.py", line 1952, in full_dispatch_request
    return self.finalize_request(rv)
  File "/home/tom/.local/lib/python3.6/site-packages/flask/app.py", line 1967, in finalize_request
    response = self.make_response(rv)
  File "/home/tom/.local/lib/python3.6/site-packages/flask/app.py", line 2097, in make_response
    "The view function did not return a valid response. The"
TypeError: The view function did not return a valid response. The function either returned None or ended without a return statement.
[2019-09-28 22:40:08,587] ERROR in app: Exception on /manager/text/list [GET]
Traceback (most recent call last):
  File "/home/tom/.local/lib/python3.6/site-packages/flask/app.py", line 2446, in wsgi_app
    response = self.full_dispatch_request()
  File "/home/tom/.local/lib/python3.6/site-packages/flask/app.py", line 1952, in full_dispatch_request
    return self.finalize_request(rv)
  File "/home/tom/.local/lib/python3.6/site-packages/flask/app.py", line 1967, in finalize_request
    response = self.make_response(rv)
  File "/home/tom/.local/lib/python3.6/site-packages/flask/app.py", line 2097, in make_response
    "The view function did not return a valid response. The"
TypeError: The view function did not return a valid response. The function either returned None or ended without a return statement.
[2019-09-28 23:24:10,704] ERROR in app: Exception on /TP/public/index.php [GET]
Traceback (most recent call last):
  File "/home/tom/.local/lib/python3.6/site-packages/flask/app.py", line 2446, in wsgi_app
    response = self.full_dispatch_request()
  File "/home/tom/.local/lib/python3.6/site-packages/flask/app.py", line 1952, in full_dispatch_request
    return self.finalize_request(rv)
  File "/home/tom/.local/lib/python3.6/site-packages/flask/app.py", line 1967, in finalize_request
    response = self.make_response(rv)
  File "/home/tom/.local/lib/python3.6/site-packages/flask/app.py", line 2097, in make_response
    "The view function did not return a valid response. The"
TypeError: The view function did not return a valid response. The function either returned None or ended without a return statement.
[2019-09-28 23:24:11,195] ERROR in app: Exception on /TP/index.php [GET]
Traceback (most recent call last):
  File "/home/tom/.local/lib/python3.6/site-packages/flask/app.py", line 2446, in wsgi_app
    response = self.full_dispatch_request()
  File "/home/tom/.local/lib/python3.6/site-packages/flask/app.py", line 1952, in full_dispatch_request
    return self.finalize_request(rv)
  File "/home/tom/.local/lib/python3.6/site-packages/flask/app.py", line 1967, in finalize_request
    response = self.make_response(rv)
  File "/home/tom/.local/lib/python3.6/site-packages/flask/app.py", line 2097, in make_response
    "The view function did not return a valid response. The"
TypeError: The view function did not return a valid response. The function either returned None or ended without a return statement.
[2019-09-28 23:24:12,256] ERROR in app: Exception on /thinkphp/html/public/index.php [GET]
Traceback (most recent call last):
  File "/home/tom/.local/lib/python3.6/site-packages/flask/app.py", line 2446, in wsgi_app
    response = self.full_dispatch_request()
  File "/home/tom/.local/lib/python3.6/site-packages/flask/app.py", line 1952, in full_dispatch_request
    return self.finalize_request(rv)
  File "/home/tom/.local/lib/python3.6/site-packages/flask/app.py", line 1967, in finalize_request
    response = self.make_response(rv)
  File "/home/tom/.local/lib/python3.6/site-packages/flask/app.py", line 2097, in make_response
    "The view function did not return a valid response. The"
TypeError: The view function did not return a valid response. The function either returned None or ended without a return statement.
[2019-09-28 23:24:12,751] ERROR in app: Exception on /html/public/index.php [GET]
Traceback (most recent call last):
  File "/home/tom/.local/lib/python3.6/site-packages/flask/app.py", line 2446, in wsgi_app
    response = self.full_dispatch_request()
  File "/home/tom/.local/lib/python3.6/site-packages/flask/app.py", line 1952, in full_dispatch_request
    return self.finalize_request(rv)
  File "/home/tom/.local/lib/python3.6/site-packages/flask/app.py", line 1967, in finalize_request
    response = self.make_response(rv)
  File "/home/tom/.local/lib/python3.6/site-packages/flask/app.py", line 2097, in make_response
    "The view function did not return a valid response. The"
TypeError: The view function did not return a valid response. The function either returned None or ended without a return statement.
[2019-09-28 23:24:13,808] ERROR in app: Exception on /public/index.php [GET]
Traceback (most recent call last):
  File "/home/tom/.local/lib/python3.6/site-packages/flask/app.py", line 2446, in wsgi_app
    response = self.full_dispatch_request()
  File "/home/tom/.local/lib/python3.6/site-packages/flask/app.py", line 1952, in full_dispatch_request
    return self.finalize_request(rv)
  File "/home/tom/.local/lib/python3.6/site-packages/flask/app.py", line 1967, in finalize_request
    response = self.make_response(rv)
  File "/home/tom/.local/lib/python3.6/site-packages/flask/app.py", line 2097, in make_response
    "The view function did not return a valid response. The"
TypeError: The view function did not return a valid response. The function either returned None or ended without a return statement.
[2019-09-28 23:24:14,302] ERROR in app: Exception on /TP/html/public/index.php [GET]
Traceback (most recent call last):
  File "/home/tom/.local/lib/python3.6/site-packages/flask/app.py", line 2446, in wsgi_app
    response = self.full_dispatch_request()
  File "/home/tom/.local/lib/python3.6/site-packages/flask/app.py", line 1952, in full_dispatch_request
    return self.finalize_request(rv)
  File "/home/tom/.local/lib/python3.6/site-packages/flask/app.py", line 1967, in finalize_request
    response = self.make_response(rv)
  File "/home/tom/.local/lib/python3.6/site-packages/flask/app.py", line 2097, in make_response
    "The view function did not return a valid response. The"
TypeError: The view function did not return a valid response. The function either returned None or ended without a return statement.
[2019-09-28 23:24:14,795] ERROR in app: Exception on /elrekt.php [GET]
Traceback (most recent call last):
  File "/home/tom/.local/lib/python3.6/site-packages/flask/app.py", line 2446, in wsgi_app
    response = self.full_dispatch_request()
  File "/home/tom/.local/lib/python3.6/site-packages/flask/app.py", line 1952, in full_dispatch_request
    return self.finalize_request(rv)
  File "/home/tom/.local/lib/python3.6/site-packages/flask/app.py", line 1967, in finalize_request
    response = self.make_response(rv)
  File "/home/tom/.local/lib/python3.6/site-packages/flask/app.py", line 2097, in make_response
    "The view function did not return a valid response. The"
TypeError: The view function did not return a valid response. The function either returned None or ended without a return statement.
[2019-09-28 23:24:15,849] ERROR in app: Exception on /index.php [GET]
Traceback (most recent call last):
  File "/home/tom/.local/lib/python3.6/site-packages/flask/app.py", line 2446, in wsgi_app
    response = self.full_dispatch_request()
  File "/home/tom/.local/lib/python3.6/site-packages/flask/app.py", line 1952, in full_dispatch_request
    return self.finalize_request(rv)
  File "/home/tom/.local/lib/python3.6/site-packages/flask/app.py", line 1967, in finalize_request
    response = self.make_response(rv)
  File "/home/tom/.local/lib/python3.6/site-packages/flask/app.py", line 2097, in make_response
    "The view function did not return a valid response. The"
TypeError: The view function did not return a valid response. The function either returned None or ended without a return statement.
[2019-09-29 00:42:53,928] ERROR in app: Exception on /TP/public/index.php [GET]
Traceback (most recent call last):
  File "/home/tom/.local/lib/python3.6/site-packages/flask/app.py", line 2446, in wsgi_app
    response = self.full_dispatch_request()
  File "/home/tom/.local/lib/python3.6/site-packages/flask/app.py", line 1952, in full_dispatch_request
    return self.finalize_request(rv)
  File "/home/tom/.local/lib/python3.6/site-packages/flask/app.py", line 1967, in finalize_request
    response = self.make_response(rv)
  File "/home/tom/.local/lib/python3.6/site-packages/flask/app.py", line 2097, in make_response
    "The view function did not return a valid response. The"
TypeError: The view function did not return a valid response. The function either returned None or ended without a return statement.
[2019-09-29 00:42:56,450] ERROR in app: Exception on /TP/index.php [GET]
Traceback (most recent call last):
  File "/home/tom/.local/lib/python3.6/site-packages/flask/app.py", line 2446, in wsgi_app
    response = self.full_dispatch_request()
  File "/home/tom/.local/lib/python3.6/site-packages/flask/app.py", line 1952, in full_dispatch_request
    return self.finalize_request(rv)
  File "/home/tom/.local/lib/python3.6/site-packages/flask/app.py", line 1967, in finalize_request
    response = self.make_response(rv)
  File "/home/tom/.local/lib/python3.6/site-packages/flask/app.py", line 2097, in make_response
    "The view function did not return a valid response. The"
TypeError: The view function did not return a valid response. The function either returned None or ended without a return statement.
[2019-09-29 00:42:57,149] ERROR in app: Exception on /thinkphp/html/public/index.php [GET]
Traceback (most recent call last):
  File "/home/tom/.local/lib/python3.6/site-packages/flask/app.py", line 2446, in wsgi_app
    response = self.full_dispatch_request()
  File "/home/tom/.local/lib/python3.6/site-packages/flask/app.py", line 1952, in full_dispatch_request
    return self.finalize_request(rv)
  File "/home/tom/.local/lib/python3.6/site-packages/flask/app.py", line 1967, in finalize_request
    response = self.make_response(rv)
  File "/home/tom/.local/lib/python3.6/site-packages/flask/app.py", line 2097, in make_response
    "The view function did not return a valid response. The"
TypeError: The view function did not return a valid response. The function either returned None or ended without a return statement.
[2019-09-29 00:42:59,651] ERROR in app: Exception on /html/public/index.php [GET]
Traceback (most recent call last):
  File "/home/tom/.local/lib/python3.6/site-packages/flask/app.py", line 2446, in wsgi_app
    response = self.full_dispatch_request()
  File "/home/tom/.local/lib/python3.6/site-packages/flask/app.py", line 1952, in full_dispatch_request
    return self.finalize_request(rv)
  File "/home/tom/.local/lib/python3.6/site-packages/flask/app.py", line 1967, in finalize_request
    response = self.make_response(rv)
  File "/home/tom/.local/lib/python3.6/site-packages/flask/app.py", line 2097, in make_response
    "The view function did not return a valid response. The"
TypeError: The view function did not return a valid response. The function either returned None or ended without a return statement.
[2019-09-29 00:43:00,345] ERROR in app: Exception on /public/index.php [GET]
Traceback (most recent call last):
  File "/home/tom/.local/lib/python3.6/site-packages/flask/app.py", line 2446, in wsgi_app
    response = self.full_dispatch_request()
  File "/home/tom/.local/lib/python3.6/site-packages/flask/app.py", line 1952, in full_dispatch_request
    return self.finalize_request(rv)
  File "/home/tom/.local/lib/python3.6/site-packages/flask/app.py", line 1967, in finalize_request
    response = self.make_response(rv)
  File "/home/tom/.local/lib/python3.6/site-packages/flask/app.py", line 2097, in make_response
    "The view function did not return a valid response. The"
TypeError: The view function did not return a valid response. The function either returned None or ended without a return statement.
[2019-09-29 00:43:01,082] ERROR in app: Exception on /TP/html/public/index.php [GET]
Traceback (most recent call last):
  File "/home/tom/.local/lib/python3.6/site-packages/flask/app.py", line 2446, in wsgi_app
    response = self.full_dispatch_request()
  File "/home/tom/.local/lib/python3.6/site-packages/flask/app.py", line 1952, in full_dispatch_request
    return self.finalize_request(rv)
  File "/home/tom/.local/lib/python3.6/site-packages/flask/app.py", line 1967, in finalize_request
    response = self.make_response(rv)
  File "/home/tom/.local/lib/python3.6/site-packages/flask/app.py", line 2097, in make_response
    "The view function did not return a valid response. The"
TypeError: The view function did not return a valid response. The function either returned None or ended without a return statement.
[2019-09-29 00:43:01,825] ERROR in app: Exception on /elrekt.php [GET]
Traceback (most recent call last):
  File "/home/tom/.local/lib/python3.6/site-packages/flask/app.py", line 2446, in wsgi_app
    response = self.full_dispatch_request()
  File "/home/tom/.local/lib/python3.6/site-packages/flask/app.py", line 1952, in full_dispatch_request
    return self.finalize_request(rv)
  File "/home/tom/.local/lib/python3.6/site-packages/flask/app.py", line 1967, in finalize_request
    response = self.make_response(rv)
  File "/home/tom/.local/lib/python3.6/site-packages/flask/app.py", line 2097, in make_response
    "The view function did not return a valid response. The"
TypeError: The view function did not return a valid response. The function either returned None or ended without a return statement.
[2019-09-29 00:43:02,553] ERROR in app: Exception on /index.php [GET]
Traceback (most recent call last):
  File "/home/tom/.local/lib/python3.6/site-packages/flask/app.py", line 2446, in wsgi_app
    response = self.full_dispatch_request()
  File "/home/tom/.local/lib/python3.6/site-packages/flask/app.py", line 1952, in full_dispatch_request
    return self.finalize_request(rv)
  File "/home/tom/.local/lib/python3.6/site-packages/flask/app.py", line 1967, in finalize_request
    response = self.make_response(rv)
  File "/home/tom/.local/lib/python3.6/site-packages/flask/app.py", line 2097, in make_response
    "The view function did not return a valid response. The"
TypeError: The view function did not return a valid response. The function either returned None or ended without a return statement.
[2019-09-29 01:42:42,157] ERROR in app: Exception on /robots.txt [GET]
Traceback (most recent call last):
  File "/home/tom/.local/lib/python3.6/site-packages/flask/app.py", line 2446, in wsgi_app
    response = self.full_dispatch_request()
  File "/home/tom/.local/lib/python3.6/site-packages/flask/app.py", line 1952, in full_dispatch_request
    return self.finalize_request(rv)
  File "/home/tom/.local/lib/python3.6/site-packages/flask/app.py", line 1967, in finalize_request
    response = self.make_response(rv)
  File "/home/tom/.local/lib/python3.6/site-packages/flask/app.py", line 2097, in make_response
    "The view function did not return a valid response. The"
TypeError: The view function did not return a valid response. The function either returned None or ended without a return statement.
[2019-09-29 02:43:22,277] ERROR in app: Exception on /manager/html [GET]
Traceback (most recent call last):
  File "/home/tom/.local/lib/python3.6/site-packages/flask/app.py", line 2446, in wsgi_app
    response = self.full_dispatch_request()
  File "/home/tom/.local/lib/python3.6/site-packages/flask/app.py", line 1952, in full_dispatch_request
    return self.finalize_request(rv)
  File "/home/tom/.local/lib/python3.6/site-packages/flask/app.py", line 1967, in finalize_request
    response = self.make_response(rv)
  File "/home/tom/.local/lib/python3.6/site-packages/flask/app.py", line 2097, in make_response
    "The view function did not return a valid response. The"
TypeError: The view function did not return a valid response. The function either returned None or ended without a return statement.
[2019-09-29 05:13:14 +0000] [1358] [INFO] Handling signal: term
[2019-09-29 05:13:14 +0000] [1365] [INFO] Worker exiting (pid: 1365)
[2019-09-29 05:13:14 +0000] [1363] [INFO] Worker exiting (pid: 1363)
[2019-09-29 05:13:14 +0000] [1362] [INFO] Worker exiting (pid: 1362)
[2019-09-29 05:13:14 +0000] [1366] [INFO] Worker exiting (pid: 1366)
[2019-09-29 05:13:14 +0000] [1364] [INFO] Worker exiting (pid: 1364)
[2019-09-29 05:13:15 +0000] [1358] [INFO] Shutting down: Master
[2019-09-29 05:13:18 +0000] [3676] [INFO] Starting gunicorn 19.9.0
[2019-09-29 05:13:18 +0000] [3676] [INFO] Listening at: unix:pythonapp.sock (3676)
[2019-09-29 05:13:18 +0000] [3676] [INFO] Using worker: sync
[2019-09-29 05:13:18 +0000] [3681] [INFO] Booting worker with pid: 3681
[2019-09-29 05:13:18 +0000] [3682] [INFO] Booting worker with pid: 3682
[2019-09-29 05:13:18 +0000] [3683] [INFO] Booting worker with pid: 3683
[2019-09-29 05:13:18 +0000] [3684] [INFO] Booting worker with pid: 3684
[2019-09-29 05:13:18 +0000] [3685] [INFO] Booting worker with pid: 3685
[2019-09-29 06:16:39 +0000] [3676] [INFO] Handling signal: term
[2019-09-29 06:16:39 +0000] [3684] [INFO] Worker exiting (pid: 3684)
[2019-09-29 06:16:39 +0000] [3681] [INFO] Worker exiting (pid: 3681)
[2019-09-29 06:16:39 +0000] [3682] [INFO] Worker exiting (pid: 3682)
[2019-09-29 06:16:39 +0000] [3685] [INFO] Worker exiting (pid: 3685)
[2019-09-29 06:16:39 +0000] [3683] [INFO] Worker exiting (pid: 3683)
[2019-09-29 06:16:40 +0000] [3676] [INFO] Shutting down: Master
[2019-09-29 06:16:43 +0000] [3969] [INFO] Starting gunicorn 19.9.0
[2019-09-29 06:16:43 +0000] [3969] [INFO] Listening at: unix:pythonapp.sock (3969)
[2019-09-29 06:16:43 +0000] [3969] [INFO] Using worker: sync
[2019-09-29 06:16:43 +0000] [3972] [INFO] Booting worker with pid: 3972
[2019-09-29 06:16:43 +0000] [3973] [INFO] Booting worker with pid: 3973
[2019-09-29 06:16:43 +0000] [3974] [INFO] Booting worker with pid: 3974
[2019-09-29 06:16:43 +0000] [3975] [INFO] Booting worker with pid: 3975
[2019-09-29 06:16:43 +0000] [3976] [INFO] Booting worker with pid: 3976
[2019-09-29 06:23:07 +0000] [3969] [INFO] Handling signal: term
[2019-09-29 06:23:07 +0000] [3972] [INFO] Worker exiting (pid: 3972)
[2019-09-29 06:23:07 +0000] [3976] [INFO] Worker exiting (pid: 3976)
[2019-09-29 06:23:07 +0000] [3973] [INFO] Worker exiting (pid: 3973)
[2019-09-29 06:23:07 +0000] [3974] [INFO] Worker exiting (pid: 3974)
[2019-09-29 06:23:07 +0000] [3975] [INFO] Worker exiting (pid: 3975)
[2019-09-29 06:23:08 +0000] [3969] [INFO] Shutting down: Master
[2019-09-29 06:23:10 +0000] [4057] [INFO] Starting gunicorn 19.9.0
[2019-09-29 06:23:10 +0000] [4057] [INFO] Listening at: unix:pythonapp.sock (4057)
[2019-09-29 06:23:10 +0000] [4057] [INFO] Using worker: sync
[2019-09-29 06:23:10 +0000] [4061] [INFO] Booting worker with pid: 4061
[2019-09-29 06:23:11 +0000] [4062] [INFO] Booting worker with pid: 4062
[2019-09-29 06:23:11 +0000] [4063] [INFO] Booting worker with pid: 4063
[2019-09-29 06:23:11 +0000] [4064] [INFO] Booting worker with pid: 4064
[2019-09-29 06:23:11 +0000] [4065] [INFO] Booting worker with pid: 4065
[2019-09-29 06:37:38 +0000] [4057] [INFO] Handling signal: term
[2019-09-29 06:37:38 +0000] [4061] [INFO] Worker exiting (pid: 4061)
[2019-09-29 06:37:38 +0000] [4062] [INFO] Worker exiting (pid: 4062)
[2019-09-29 06:37:38 +0000] [4063] [INFO] Worker exiting (pid: 4063)
[2019-09-29 06:37:38 +0000] [4064] [INFO] Worker exiting (pid: 4064)
[2019-09-29 06:37:38 +0000] [4065] [INFO] Worker exiting (pid: 4065)
[2019-09-29 06:37:39 +0000] [4057] [INFO] Shutting down: Master
[2019-09-29 06:37:41 +0000] [4382] [INFO] Starting gunicorn 19.9.0
[2019-09-29 06:37:41 +0000] [4382] [INFO] Listening at: unix:pythonapp.sock (4382)
[2019-09-29 06:37:41 +0000] [4382] [INFO] Using worker: sync
[2019-09-29 06:37:41 +0000] [4385] [INFO] Booting worker with pid: 4385
[2019-09-29 06:37:41 +0000] [4386] [INFO] Booting worker with pid: 4386
[2019-09-29 06:37:41 +0000] [4387] [INFO] Booting worker with pid: 4387
[2019-09-29 06:37:41 +0000] [4388] [INFO] Booting worker with pid: 4388
[2019-09-29 06:37:41 +0000] [4389] [INFO] Booting worker with pid: 4389
[2019-09-29 06:37:43,507] ERROR in app: Exception on /games/leaderboard/ [GET]
Traceback (most recent call last):
  File "/home/tom/.local/lib/python3.6/site-packages/flask/app.py", line 2446, in wsgi_app
    response = self.full_dispatch_request()
  File "/home/tom/.local/lib/python3.6/site-packages/flask/app.py", line 1951, in full_dispatch_request
    rv = self.handle_user_exception(e)
  File "/home/tom/.local/lib/python3.6/site-packages/flask/app.py", line 1820, in handle_user_exception
    reraise(exc_type, exc_value, tb)
  File "/home/tom/.local/lib/python3.6/site-packages/flask/_compat.py", line 39, in reraise
    raise value
  File "/home/tom/.local/lib/python3.6/site-packages/flask/app.py", line 1949, in full_dispatch_request
    rv = self.dispatch_request()
  File "/home/tom/.local/lib/python3.6/site-packages/flask/app.py", line 1935, in dispatch_request
    return self.view_functions[rule.endpoint](**req.view_args)
TypeError: leaderboard() missing 1 required positional argument: 'response'
[2019-09-29 06:37:43,827] ERROR in app: Exception on /favicon.ico [GET]
Traceback (most recent call last):
  File "/home/tom/.local/lib/python3.6/site-packages/flask/app.py", line 2446, in wsgi_app
    response = self.full_dispatch_request()
  File "/home/tom/.local/lib/python3.6/site-packages/flask/app.py", line 1952, in full_dispatch_request
    return self.finalize_request(rv)
  File "/home/tom/.local/lib/python3.6/site-packages/flask/app.py", line 1967, in finalize_request
    response = self.make_response(rv)
  File "/home/tom/.local/lib/python3.6/site-packages/flask/app.py", line 2097, in make_response
    "The view function did not return a valid response. The"
TypeError: The view function did not return a valid response. The function either returned None or ended without a return statement.
[2019-09-29 06:37:49,762] ERROR in app: Exception on /games/leaderboard/ [GET]
Traceback (most recent call last):
  File "/home/tom/.local/lib/python3.6/site-packages/flask/app.py", line 2446, in wsgi_app
    response = self.full_dispatch_request()
  File "/home/tom/.local/lib/python3.6/site-packages/flask/app.py", line 1951, in full_dispatch_request
    rv = self.handle_user_exception(e)
  File "/home/tom/.local/lib/python3.6/site-packages/flask/app.py", line 1820, in handle_user_exception
    reraise(exc_type, exc_value, tb)
  File "/home/tom/.local/lib/python3.6/site-packages/flask/_compat.py", line 39, in reraise
    raise value
  File "/home/tom/.local/lib/python3.6/site-packages/flask/app.py", line 1949, in full_dispatch_request
    rv = self.dispatch_request()
  File "/home/tom/.local/lib/python3.6/site-packages/flask/app.py", line 1935, in dispatch_request
    return self.view_functions[rule.endpoint](**req.view_args)
TypeError: leaderboard() missing 1 required positional argument: 'response'
[2019-09-29 06:37:49,961] ERROR in app: Exception on /favicon.ico [GET]
Traceback (most recent call last):
  File "/home/tom/.local/lib/python3.6/site-packages/flask/app.py", line 2446, in wsgi_app
    response = self.full_dispatch_request()
  File "/home/tom/.local/lib/python3.6/site-packages/flask/app.py", line 1952, in full_dispatch_request
    return self.finalize_request(rv)
  File "/home/tom/.local/lib/python3.6/site-packages/flask/app.py", line 1967, in finalize_request
    response = self.make_response(rv)
  File "/home/tom/.local/lib/python3.6/site-packages/flask/app.py", line 2097, in make_response
    "The view function did not return a valid response. The"
TypeError: The view function did not return a valid response. The function either returned None or ended without a return statement.
[2019-09-29 06:38:02,201] ERROR in app: Exception on /games/leaderboard/ [GET]
Traceback (most recent call last):
  File "/home/tom/.local/lib/python3.6/site-packages/flask/app.py", line 2446, in wsgi_app
    response = self.full_dispatch_request()
  File "/home/tom/.local/lib/python3.6/site-packages/flask/app.py", line 1951, in full_dispatch_request
    rv = self.handle_user_exception(e)
  File "/home/tom/.local/lib/python3.6/site-packages/flask/app.py", line 1820, in handle_user_exception
    reraise(exc_type, exc_value, tb)
  File "/home/tom/.local/lib/python3.6/site-packages/flask/_compat.py", line 39, in reraise
    raise value
  File "/home/tom/.local/lib/python3.6/site-packages/flask/app.py", line 1949, in full_dispatch_request
    rv = self.dispatch_request()
  File "/home/tom/.local/lib/python3.6/site-packages/flask/app.py", line 1935, in dispatch_request
    return self.view_functions[rule.endpoint](**req.view_args)
TypeError: leaderboard() missing 1 required positional argument: 'response'
[2019-09-29 06:38:02,417] ERROR in app: Exception on /favicon.ico [GET]
Traceback (most recent call last):
  File "/home/tom/.local/lib/python3.6/site-packages/flask/app.py", line 2446, in wsgi_app
    response = self.full_dispatch_request()
  File "/home/tom/.local/lib/python3.6/site-packages/flask/app.py", line 1952, in full_dispatch_request
    return self.finalize_request(rv)
  File "/home/tom/.local/lib/python3.6/site-packages/flask/app.py", line 1967, in finalize_request
    response = self.make_response(rv)
  File "/home/tom/.local/lib/python3.6/site-packages/flask/app.py", line 2097, in make_response
    "The view function did not return a valid response. The"
TypeError: The view function did not return a valid response. The function either returned None or ended without a return statement.
[2019-09-29 06:38:30 +0000] [4382] [INFO] Handling signal: term
[2019-09-29 06:38:30 +0000] [4386] [INFO] Worker exiting (pid: 4386)
[2019-09-29 06:38:30 +0000] [4385] [INFO] Worker exiting (pid: 4385)
[2019-09-29 06:38:30 +0000] [4389] [INFO] Worker exiting (pid: 4389)
[2019-09-29 06:38:30 +0000] [4387] [INFO] Worker exiting (pid: 4387)
[2019-09-29 06:38:30 +0000] [4388] [INFO] Worker exiting (pid: 4388)
[2019-09-29 06:38:31 +0000] [4382] [INFO] Shutting down: Master
[2019-09-29 06:38:34 +0000] [4421] [INFO] Starting gunicorn 19.9.0
[2019-09-29 06:38:34 +0000] [4421] [INFO] Listening at: unix:pythonapp.sock (4421)
[2019-09-29 06:38:34 +0000] [4421] [INFO] Using worker: sync
[2019-09-29 06:38:34 +0000] [4424] [INFO] Booting worker with pid: 4424
[2019-09-29 06:38:34 +0000] [4425] [INFO] Booting worker with pid: 4425
[2019-09-29 06:38:34 +0000] [4426] [INFO] Booting worker with pid: 4426
[2019-09-29 06:38:34 +0000] [4427] [INFO] Booting worker with pid: 4427
[2019-09-29 06:38:34 +0000] [4428] [INFO] Booting worker with pid: 4428
[2019-09-29 06:38:35,453] ERROR in app: Exception on /games/leaderboard/ [GET]
Traceback (most recent call last):
  File "/home/tom/.local/lib/python3.6/site-packages/flask/app.py", line 2446, in wsgi_app
    response = self.full_dispatch_request()
  File "/home/tom/.local/lib/python3.6/site-packages/flask/app.py", line 1951, in full_dispatch_request
    rv = self.handle_user_exception(e)
  File "/home/tom/.local/lib/python3.6/site-packages/flask/app.py", line 1820, in handle_user_exception
    reraise(exc_type, exc_value, tb)
  File "/home/tom/.local/lib/python3.6/site-packages/flask/_compat.py", line 39, in reraise
    raise value
  File "/home/tom/.local/lib/python3.6/site-packages/flask/app.py", line 1949, in full_dispatch_request
    rv = self.dispatch_request()
  File "/home/tom/.local/lib/python3.6/site-packages/flask/app.py", line 1935, in dispatch_request
    return self.view_functions[rule.endpoint](**req.view_args)
TypeError: leaderboard() missing 1 required positional argument: 'response'
[2019-09-29 06:38:35,787] ERROR in app: Exception on /favicon.ico [GET]
Traceback (most recent call last):
  File "/home/tom/.local/lib/python3.6/site-packages/flask/app.py", line 2446, in wsgi_app
    response = self.full_dispatch_request()
  File "/home/tom/.local/lib/python3.6/site-packages/flask/app.py", line 1952, in full_dispatch_request
    return self.finalize_request(rv)
  File "/home/tom/.local/lib/python3.6/site-packages/flask/app.py", line 1967, in finalize_request
    response = self.make_response(rv)
  File "/home/tom/.local/lib/python3.6/site-packages/flask/app.py", line 2097, in make_response
    "The view function did not return a valid response. The"
TypeError: The view function did not return a valid response. The function either returned None or ended without a return statement.
[2019-09-29 06:45:15 +0000] [4421] [INFO] Handling signal: term
[2019-09-29 06:45:15 +0000] [4425] [INFO] Worker exiting (pid: 4425)
[2019-09-29 06:45:15 +0000] [4424] [INFO] Worker exiting (pid: 4424)
[2019-09-29 06:45:15 +0000] [4428] [INFO] Worker exiting (pid: 4428)
[2019-09-29 06:45:15 +0000] [4426] [INFO] Worker exiting (pid: 4426)
[2019-09-29 06:45:15 +0000] [4427] [INFO] Worker exiting (pid: 4427)
[2019-09-29 06:45:16 +0000] [4421] [INFO] Shutting down: Master
[2019-09-29 06:45:19 +0000] [4494] [INFO] Starting gunicorn 19.9.0
[2019-09-29 06:45:19 +0000] [4494] [INFO] Listening at: unix:pythonapp.sock (4494)
[2019-09-29 06:45:19 +0000] [4494] [INFO] Using worker: sync
[2019-09-29 06:45:19 +0000] [4504] [INFO] Booting worker with pid: 4504
[2019-09-29 06:45:19 +0000] [4505] [INFO] Booting worker with pid: 4505
[2019-09-29 06:45:19 +0000] [4506] [INFO] Booting worker with pid: 4506
[2019-09-29 06:45:19 +0000] [4507] [INFO] Booting worker with pid: 4507
[2019-09-29 06:45:19 +0000] [4508] [INFO] Booting worker with pid: 4508
[2019-09-29 06:45:23,681] ERROR in app: Exception on /games/leaderboard/ [GET]
Traceback (most recent call last):
  File "/home/tom/.local/lib/python3.6/site-packages/flask/app.py", line 2446, in wsgi_app
    response = self.full_dispatch_request()
  File "/home/tom/.local/lib/python3.6/site-packages/flask/app.py", line 1951, in full_dispatch_request
    rv = self.handle_user_exception(e)
  File "/home/tom/.local/lib/python3.6/site-packages/flask/app.py", line 1820, in handle_user_exception
    reraise(exc_type, exc_value, tb)
  File "/home/tom/.local/lib/python3.6/site-packages/flask/_compat.py", line 39, in reraise
    raise value
  File "/home/tom/.local/lib/python3.6/site-packages/flask/app.py", line 1949, in full_dispatch_request
    rv = self.dispatch_request()
  File "/home/tom/.local/lib/python3.6/site-packages/flask/app.py", line 1935, in dispatch_request
    return self.view_functions[rule.endpoint](**req.view_args)
  File "/home/tom/pythonapp/nocache.py", line 9, in no_cache
    response = make_response(view(*args, **kwargs))
TypeError: leaderboard() missing 1 required positional argument: 'response'
[2019-09-29 06:45:23,881] ERROR in app: Exception on /favicon.ico [GET]
Traceback (most recent call last):
  File "/home/tom/.local/lib/python3.6/site-packages/flask/app.py", line 2446, in wsgi_app
    response = self.full_dispatch_request()
  File "/home/tom/.local/lib/python3.6/site-packages/flask/app.py", line 1952, in full_dispatch_request
    return self.finalize_request(rv)
  File "/home/tom/.local/lib/python3.6/site-packages/flask/app.py", line 1967, in finalize_request
    response = self.make_response(rv)
  File "/home/tom/.local/lib/python3.6/site-packages/flask/app.py", line 2097, in make_response
    "The view function did not return a valid response. The"
TypeError: The view function did not return a valid response. The function either returned None or ended without a return statement.
[2019-09-29 06:46:41 +0000] [4494] [INFO] Handling signal: term
[2019-09-29 06:46:41 +0000] [4504] [INFO] Worker exiting (pid: 4504)
[2019-09-29 06:46:41 +0000] [4505] [INFO] Worker exiting (pid: 4505)
[2019-09-29 06:46:41 +0000] [4506] [INFO] Worker exiting (pid: 4506)
[2019-09-29 06:46:41 +0000] [4507] [INFO] Worker exiting (pid: 4507)
[2019-09-29 06:46:41 +0000] [4508] [INFO] Worker exiting (pid: 4508)
[2019-09-29 06:46:42 +0000] [4494] [INFO] Shutting down: Master
[2019-09-29 06:46:44 +0000] [4538] [INFO] Starting gunicorn 19.9.0
[2019-09-29 06:46:44 +0000] [4538] [INFO] Listening at: unix:pythonapp.sock (4538)
[2019-09-29 06:46:44 +0000] [4538] [INFO] Using worker: sync
[2019-09-29 06:46:44 +0000] [4542] [INFO] Booting worker with pid: 4542
[2019-09-29 06:46:44 +0000] [4542] [ERROR] Exception in worker process
Traceback (most recent call last):
  File "/usr/local/lib/python3.6/dist-packages/gunicorn/arbiter.py", line 583, in spawn_worker
    worker.init_process()
  File "/usr/local/lib/python3.6/dist-packages/gunicorn/workers/base.py", line 129, in init_process
    self.load_wsgi()
  File "/usr/local/lib/python3.6/dist-packages/gunicorn/workers/base.py", line 138, in load_wsgi
    self.wsgi = self.app.wsgi()
  File "/usr/local/lib/python3.6/dist-packages/gunicorn/app/base.py", line 67, in wsgi
    self.callable = self.load()
  File "/usr/local/lib/python3.6/dist-packages/gunicorn/app/wsgiapp.py", line 52, in load
    return self.load_wsgiapp()
  File "/usr/local/lib/python3.6/dist-packages/gunicorn/app/wsgiapp.py", line 41, in load_wsgiapp
    return util.import_app(self.app_uri)
  File "/usr/local/lib/python3.6/dist-packages/gunicorn/util.py", line 350, in import_app
    __import__(module)
  File "/home/tom/pythonapp/wsgi.py", line 1, in <module>
    from app import app
  File "/home/tom/pythonapp/app.py", line 68
    @app.route("/games/leaderboard/",methods=["GET"] host="digitalnook.net")
                                                        ^
SyntaxError: invalid syntax
[2019-09-29 06:46:44 +0000] [4542] [INFO] Worker exiting (pid: 4542)
[2019-09-29 06:46:44 +0000] [4543] [INFO] Booting worker with pid: 4543
[2019-09-29 06:46:44 +0000] [4544] [INFO] Booting worker with pid: 4544
[2019-09-29 06:46:44 +0000] [4543] [ERROR] Exception in worker process
Traceback (most recent call last):
  File "/usr/local/lib/python3.6/dist-packages/gunicorn/arbiter.py", line 583, in spawn_worker
    worker.init_process()
  File "/usr/local/lib/python3.6/dist-packages/gunicorn/workers/base.py", line 129, in init_process
    self.load_wsgi()
  File "/usr/local/lib/python3.6/dist-packages/gunicorn/workers/base.py", line 138, in load_wsgi
    self.wsgi = self.app.wsgi()
  File "/usr/local/lib/python3.6/dist-packages/gunicorn/app/base.py", line 67, in wsgi
    self.callable = self.load()
  File "/usr/local/lib/python3.6/dist-packages/gunicorn/app/wsgiapp.py", line 52, in load
    return self.load_wsgiapp()
  File "/usr/local/lib/python3.6/dist-packages/gunicorn/app/wsgiapp.py", line 41, in load_wsgiapp
    return util.import_app(self.app_uri)
  File "/usr/local/lib/python3.6/dist-packages/gunicorn/util.py", line 350, in import_app
    __import__(module)
  File "/home/tom/pythonapp/wsgi.py", line 1, in <module>
    from app import app
  File "/home/tom/pythonapp/app.py", line 68
    @app.route("/games/leaderboard/",methods=["GET"] host="digitalnook.net")
                                                        ^
SyntaxError: invalid syntax
[2019-09-29 06:46:44 +0000] [4543] [INFO] Worker exiting (pid: 4543)
[2019-09-29 06:46:44 +0000] [4544] [ERROR] Exception in worker process
Traceback (most recent call last):
  File "/usr/local/lib/python3.6/dist-packages/gunicorn/arbiter.py", line 583, in spawn_worker
    worker.init_process()
  File "/usr/local/lib/python3.6/dist-packages/gunicorn/workers/base.py", line 129, in init_process
    self.load_wsgi()
  File "/usr/local/lib/python3.6/dist-packages/gunicorn/workers/base.py", line 138, in load_wsgi
    self.wsgi = self.app.wsgi()
  File "/usr/local/lib/python3.6/dist-packages/gunicorn/app/base.py", line 67, in wsgi
    self.callable = self.load()
  File "/usr/local/lib/python3.6/dist-packages/gunicorn/app/wsgiapp.py", line 52, in load
    return self.load_wsgiapp()
  File "/usr/local/lib/python3.6/dist-packages/gunicorn/app/wsgiapp.py", line 41, in load_wsgiapp
    return util.import_app(self.app_uri)
  File "/usr/local/lib/python3.6/dist-packages/gunicorn/util.py", line 350, in import_app
    __import__(module)
  File "/home/tom/pythonapp/wsgi.py", line 1, in <module>
    from app import app
  File "/home/tom/pythonapp/app.py", line 68
    @app.route("/games/leaderboard/",methods=["GET"] host="digitalnook.net")
                                                        ^
SyntaxError: invalid syntax
[2019-09-29 06:46:44 +0000] [4544] [INFO] Worker exiting (pid: 4544)
[2019-09-29 06:46:44 +0000] [4545] [INFO] Booting worker with pid: 4545
[2019-09-29 06:46:44 +0000] [4545] [ERROR] Exception in worker process
Traceback (most recent call last):
  File "/usr/local/lib/python3.6/dist-packages/gunicorn/arbiter.py", line 583, in spawn_worker
    worker.init_process()
  File "/usr/local/lib/python3.6/dist-packages/gunicorn/workers/base.py", line 129, in init_process
    self.load_wsgi()
  File "/usr/local/lib/python3.6/dist-packages/gunicorn/workers/base.py", line 138, in load_wsgi
    self.wsgi = self.app.wsgi()
  File "/usr/local/lib/python3.6/dist-packages/gunicorn/app/base.py", line 67, in wsgi
    self.callable = self.load()
  File "/usr/local/lib/python3.6/dist-packages/gunicorn/app/wsgiapp.py", line 52, in load
    return self.load_wsgiapp()
  File "/usr/local/lib/python3.6/dist-packages/gunicorn/app/wsgiapp.py", line 41, in load_wsgiapp
    return util.import_app(self.app_uri)
  File "/usr/local/lib/python3.6/dist-packages/gunicorn/util.py", line 350, in import_app
    __import__(module)
  File "/home/tom/pythonapp/wsgi.py", line 1, in <module>
    from app import app
  File "/home/tom/pythonapp/app.py", line 68
    @app.route("/games/leaderboard/",methods=["GET"] host="digitalnook.net")
                                                        ^
SyntaxError: invalid syntax
[2019-09-29 06:46:44 +0000] [4545] [INFO] Worker exiting (pid: 4545)
[2019-09-29 06:46:44 +0000] [4547] [INFO] Booting worker with pid: 4547
[2019-09-29 06:46:44 +0000] [4547] [ERROR] Exception in worker process
Traceback (most recent call last):
  File "/usr/local/lib/python3.6/dist-packages/gunicorn/arbiter.py", line 583, in spawn_worker
    worker.init_process()
  File "/usr/local/lib/python3.6/dist-packages/gunicorn/workers/base.py", line 129, in init_process
    self.load_wsgi()
  File "/usr/local/lib/python3.6/dist-packages/gunicorn/workers/base.py", line 138, in load_wsgi
    self.wsgi = self.app.wsgi()
  File "/usr/local/lib/python3.6/dist-packages/gunicorn/app/base.py", line 67, in wsgi
    self.callable = self.load()
  File "/usr/local/lib/python3.6/dist-packages/gunicorn/app/wsgiapp.py", line 52, in load
    return self.load_wsgiapp()
  File "/usr/local/lib/python3.6/dist-packages/gunicorn/app/wsgiapp.py", line 41, in load_wsgiapp
    return util.import_app(self.app_uri)
  File "/usr/local/lib/python3.6/dist-packages/gunicorn/util.py", line 350, in import_app
    __import__(module)
  File "/home/tom/pythonapp/wsgi.py", line 1, in <module>
    from app import app
  File "/home/tom/pythonapp/app.py", line 68
    @app.route("/games/leaderboard/",methods=["GET"] host="digitalnook.net")
                                                        ^
SyntaxError: invalid syntax
[2019-09-29 06:46:44 +0000] [4547] [INFO] Worker exiting (pid: 4547)
[2019-09-29 06:46:45 +0000] [4538] [INFO] Shutting down: Master
[2019-09-29 06:46:45 +0000] [4538] [INFO] Reason: Worker failed to boot.
[2019-09-29 06:47:22 +0000] [4586] [INFO] Starting gunicorn 19.9.0
[2019-09-29 06:47:22 +0000] [4586] [INFO] Listening at: unix:pythonapp.sock (4586)
[2019-09-29 06:47:22 +0000] [4586] [INFO] Using worker: sync
[2019-09-29 06:47:22 +0000] [4589] [INFO] Booting worker with pid: 4589
[2019-09-29 06:47:22 +0000] [4590] [INFO] Booting worker with pid: 4590
[2019-09-29 06:47:22 +0000] [4591] [INFO] Booting worker with pid: 4591
[2019-09-29 06:47:22 +0000] [4592] [INFO] Booting worker with pid: 4592
[2019-09-29 06:47:22 +0000] [4593] [INFO] Booting worker with pid: 4593
[2019-09-29 06:47:26,475] ERROR in app: Exception on /games/leaderboard/ [GET]
Traceback (most recent call last):
  File "/home/tom/.local/lib/python3.6/site-packages/flask/app.py", line 2446, in wsgi_app
    response = self.full_dispatch_request()
  File "/home/tom/.local/lib/python3.6/site-packages/flask/app.py", line 1951, in full_dispatch_request
    rv = self.handle_user_exception(e)
  File "/home/tom/.local/lib/python3.6/site-packages/flask/app.py", line 1820, in handle_user_exception
    reraise(exc_type, exc_value, tb)
  File "/home/tom/.local/lib/python3.6/site-packages/flask/_compat.py", line 39, in reraise
    raise value
  File "/home/tom/.local/lib/python3.6/site-packages/flask/app.py", line 1949, in full_dispatch_request
    rv = self.dispatch_request()
  File "/home/tom/.local/lib/python3.6/site-packages/flask/app.py", line 1935, in dispatch_request
    return self.view_functions[rule.endpoint](**req.view_args)
  File "/home/tom/pythonapp/nocache.py", line 9, in no_cache
    response = make_response(view(*args, **kwargs))
TypeError: leaderboard() missing 1 required positional argument: 'response'
[2019-09-29 06:47:26,677] ERROR in app: Exception on /favicon.ico [GET]
Traceback (most recent call last):
  File "/home/tom/.local/lib/python3.6/site-packages/flask/app.py", line 2446, in wsgi_app
    response = self.full_dispatch_request()
  File "/home/tom/.local/lib/python3.6/site-packages/flask/app.py", line 1952, in full_dispatch_request
    return self.finalize_request(rv)
  File "/home/tom/.local/lib/python3.6/site-packages/flask/app.py", line 1967, in finalize_request
    response = self.make_response(rv)
  File "/home/tom/.local/lib/python3.6/site-packages/flask/app.py", line 2097, in make_response
    "The view function did not return a valid response. The"
TypeError: The view function did not return a valid response. The function either returned None or ended without a return statement.
[2019-09-29 06:48:08 +0000] [4586] [INFO] Handling signal: term
[2019-09-29 06:48:08 +0000] [4589] [INFO] Worker exiting (pid: 4589)
[2019-09-29 06:48:08 +0000] [4592] [INFO] Worker exiting (pid: 4592)
[2019-09-29 06:48:08 +0000] [4590] [INFO] Worker exiting (pid: 4590)
[2019-09-29 06:48:08 +0000] [4591] [INFO] Worker exiting (pid: 4591)
[2019-09-29 06:48:08 +0000] [4593] [INFO] Worker exiting (pid: 4593)
[2019-09-29 06:48:09 +0000] [4586] [INFO] Shutting down: Master
[2019-09-29 06:48:12 +0000] [4637] [INFO] Starting gunicorn 19.9.0
[2019-09-29 06:48:12 +0000] [4637] [INFO] Listening at: unix:pythonapp.sock (4637)
[2019-09-29 06:48:12 +0000] [4637] [INFO] Using worker: sync
[2019-09-29 06:48:12 +0000] [4653] [INFO] Booting worker with pid: 4653
[2019-09-29 06:48:12 +0000] [4654] [INFO] Booting worker with pid: 4654
[2019-09-29 06:48:12 +0000] [4655] [INFO] Booting worker with pid: 4655
[2019-09-29 06:48:12 +0000] [4656] [INFO] Booting worker with pid: 4656
[2019-09-29 06:48:12 +0000] [4657] [INFO] Booting worker with pid: 4657
[2019-09-29 06:55:26 +0000] [4637] [INFO] Handling signal: term
[2019-09-29 06:55:26 +0000] [4653] [INFO] Worker exiting (pid: 4653)
[2019-09-29 06:55:26 +0000] [4655] [INFO] Worker exiting (pid: 4655)
[2019-09-29 06:55:26 +0000] [4656] [INFO] Worker exiting (pid: 4656)
[2019-09-29 06:55:26 +0000] [4654] [INFO] Worker exiting (pid: 4654)
[2019-09-29 06:55:26 +0000] [4657] [INFO] Worker exiting (pid: 4657)
[2019-09-29 06:55:27 +0000] [4637] [INFO] Shutting down: Master
[2019-09-29 06:55:30 +0000] [4701] [INFO] Starting gunicorn 19.9.0
[2019-09-29 06:55:30 +0000] [4701] [INFO] Listening at: unix:pythonapp.sock (4701)
[2019-09-29 06:55:30 +0000] [4701] [INFO] Using worker: sync
[2019-09-29 06:55:30 +0000] [4711] [INFO] Booting worker with pid: 4711
[2019-09-29 06:55:30 +0000] [4712] [INFO] Booting worker with pid: 4712
[2019-09-29 06:55:30 +0000] [4713] [INFO] Booting worker with pid: 4713
[2019-09-29 06:55:30 +0000] [4716] [INFO] Booting worker with pid: 4716
[2019-09-29 06:55:30 +0000] [4717] [INFO] Booting worker with pid: 4717
[2019-09-29 06:55:31 +0000] [4711] [ERROR] Exception in worker process
Traceback (most recent call last):
  File "/usr/local/lib/python3.6/dist-packages/gunicorn/arbiter.py", line 583, in spawn_worker
    worker.init_process()
  File "/usr/local/lib/python3.6/dist-packages/gunicorn/workers/base.py", line 129, in init_process
    self.load_wsgi()
  File "/usr/local/lib/python3.6/dist-packages/gunicorn/workers/base.py", line 138, in load_wsgi
    self.wsgi = self.app.wsgi()
  File "/usr/local/lib/python3.6/dist-packages/gunicorn/app/base.py", line 67, in wsgi
    self.callable = self.load()
  File "/usr/local/lib/python3.6/dist-packages/gunicorn/app/wsgiapp.py", line 52, in load
    return self.load_wsgiapp()
  File "/usr/local/lib/python3.6/dist-packages/gunicorn/app/wsgiapp.py", line 41, in load_wsgiapp
    return util.import_app(self.app_uri)
  File "/usr/local/lib/python3.6/dist-packages/gunicorn/util.py", line 350, in import_app
    __import__(module)
  File "/home/tom/pythonapp/wsgi.py", line 1, in <module>
    from app import app
  File "/home/tom/pythonapp/app.py", line 75, in <module>
    @nocache
  File "/home/tom/.local/lib/python3.6/site-packages/flask/app.py", line 1314, in decorator
    self.add_url_rule(rule, endpoint, f, **options)
  File "/home/tom/.local/lib/python3.6/site-packages/flask/app.py", line 98, in wrapper_func
    return f(self, *args, **kwargs)
  File "/home/tom/.local/lib/python3.6/site-packages/flask/app.py", line 1283, in add_url_rule
    "existing endpoint function: %s" % endpoint
AssertionError: View function mapping is overwriting an existing endpoint function: leaderboard
[2019-09-29 06:55:31 +0000] [4711] [INFO] Worker exiting (pid: 4711)
[2019-09-29 06:55:32 +0000] [4713] [ERROR] Exception in worker process
Traceback (most recent call last):
  File "/usr/local/lib/python3.6/dist-packages/gunicorn/arbiter.py", line 583, in spawn_worker
    worker.init_process()
  File "/usr/local/lib/python3.6/dist-packages/gunicorn/workers/base.py", line 129, in init_process
    self.load_wsgi()
  File "/usr/local/lib/python3.6/dist-packages/gunicorn/workers/base.py", line 138, in load_wsgi
    self.wsgi = self.app.wsgi()
  File "/usr/local/lib/python3.6/dist-packages/gunicorn/app/base.py", line 67, in wsgi
    self.callable = self.load()
  File "/usr/local/lib/python3.6/dist-packages/gunicorn/app/wsgiapp.py", line 52, in load
    return self.load_wsgiapp()
  File "/usr/local/lib/python3.6/dist-packages/gunicorn/app/wsgiapp.py", line 41, in load_wsgiapp
    return util.import_app(self.app_uri)
  File "/usr/local/lib/python3.6/dist-packages/gunicorn/util.py", line 350, in import_app
    __import__(module)
  File "/home/tom/pythonapp/wsgi.py", line 1, in <module>
    from app import app
  File "/home/tom/pythonapp/app.py", line 75, in <module>
    @nocache
  File "/home/tom/.local/lib/python3.6/site-packages/flask/app.py", line 1314, in decorator
    self.add_url_rule(rule, endpoint, f, **options)
  File "/home/tom/.local/lib/python3.6/site-packages/flask/app.py", line 98, in wrapper_func
    return f(self, *args, **kwargs)
  File "/home/tom/.local/lib/python3.6/site-packages/flask/app.py", line 1283, in add_url_rule
    "existing endpoint function: %s" % endpoint
AssertionError: View function mapping is overwriting an existing endpoint function: leaderboard
[2019-09-29 06:55:32 +0000] [4713] [INFO] Worker exiting (pid: 4713)
[2019-09-29 06:55:32 +0000] [4712] [ERROR] Exception in worker process
Traceback (most recent call last):
  File "/usr/local/lib/python3.6/dist-packages/gunicorn/arbiter.py", line 583, in spawn_worker
    worker.init_process()
  File "/usr/local/lib/python3.6/dist-packages/gunicorn/workers/base.py", line 129, in init_process
    self.load_wsgi()
  File "/usr/local/lib/python3.6/dist-packages/gunicorn/workers/base.py", line 138, in load_wsgi
    self.wsgi = self.app.wsgi()
  File "/usr/local/lib/python3.6/dist-packages/gunicorn/app/base.py", line 67, in wsgi
    self.callable = self.load()
  File "/usr/local/lib/python3.6/dist-packages/gunicorn/app/wsgiapp.py", line 52, in load
    return self.load_wsgiapp()
  File "/usr/local/lib/python3.6/dist-packages/gunicorn/app/wsgiapp.py", line 41, in load_wsgiapp
    return util.import_app(self.app_uri)
  File "/usr/local/lib/python3.6/dist-packages/gunicorn/util.py", line 350, in import_app
    __import__(module)
  File "/home/tom/pythonapp/wsgi.py", line 1, in <module>
    from app import app
  File "/home/tom/pythonapp/app.py", line 75, in <module>
    @nocache
  File "/home/tom/.local/lib/python3.6/site-packages/flask/app.py", line 1314, in decorator
    self.add_url_rule(rule, endpoint, f, **options)
  File "/home/tom/.local/lib/python3.6/site-packages/flask/app.py", line 98, in wrapper_func
    return f(self, *args, **kwargs)
  File "/home/tom/.local/lib/python3.6/site-packages/flask/app.py", line 1283, in add_url_rule
    "existing endpoint function: %s" % endpoint
AssertionError: View function mapping is overwriting an existing endpoint function: leaderboard
[2019-09-29 06:55:32 +0000] [4712] [INFO] Worker exiting (pid: 4712)
[2019-09-29 06:55:32 +0000] [4716] [ERROR] Exception in worker process
Traceback (most recent call last):
  File "/usr/local/lib/python3.6/dist-packages/gunicorn/arbiter.py", line 583, in spawn_worker
    worker.init_process()
  File "/usr/local/lib/python3.6/dist-packages/gunicorn/workers/base.py", line 129, in init_process
    self.load_wsgi()
  File "/usr/local/lib/python3.6/dist-packages/gunicorn/workers/base.py", line 138, in load_wsgi
    self.wsgi = self.app.wsgi()
  File "/usr/local/lib/python3.6/dist-packages/gunicorn/app/base.py", line 67, in wsgi
    self.callable = self.load()
  File "/usr/local/lib/python3.6/dist-packages/gunicorn/app/wsgiapp.py", line 52, in load
    return self.load_wsgiapp()
  File "/usr/local/lib/python3.6/dist-packages/gunicorn/app/wsgiapp.py", line 41, in load_wsgiapp
    return util.import_app(self.app_uri)
  File "/usr/local/lib/python3.6/dist-packages/gunicorn/util.py", line 350, in import_app
    __import__(module)
  File "/home/tom/pythonapp/wsgi.py", line 1, in <module>
    from app import app
  File "/home/tom/pythonapp/app.py", line 75, in <module>
    @nocache
  File "/home/tom/.local/lib/python3.6/site-packages/flask/app.py", line 1314, in decorator
    self.add_url_rule(rule, endpoint, f, **options)
  File "/home/tom/.local/lib/python3.6/site-packages/flask/app.py", line 98, in wrapper_func
    return f(self, *args, **kwargs)
  File "/home/tom/.local/lib/python3.6/site-packages/flask/app.py", line 1283, in add_url_rule
    "existing endpoint function: %s" % endpoint
AssertionError: View function mapping is overwriting an existing endpoint function: leaderboard
[2019-09-29 06:55:32 +0000] [4716] [INFO] Worker exiting (pid: 4716)
[2019-09-29 06:55:32 +0000] [4717] [ERROR] Exception in worker process
Traceback (most recent call last):
  File "/usr/local/lib/python3.6/dist-packages/gunicorn/arbiter.py", line 583, in spawn_worker
    worker.init_process()
  File "/usr/local/lib/python3.6/dist-packages/gunicorn/workers/base.py", line 129, in init_process
    self.load_wsgi()
  File "/usr/local/lib/python3.6/dist-packages/gunicorn/workers/base.py", line 138, in load_wsgi
    self.wsgi = self.app.wsgi()
  File "/usr/local/lib/python3.6/dist-packages/gunicorn/app/base.py", line 67, in wsgi
    self.callable = self.load()
  File "/usr/local/lib/python3.6/dist-packages/gunicorn/app/wsgiapp.py", line 52, in load
    return self.load_wsgiapp()
  File "/usr/local/lib/python3.6/dist-packages/gunicorn/app/wsgiapp.py", line 41, in load_wsgiapp
    return util.import_app(self.app_uri)
  File "/usr/local/lib/python3.6/dist-packages/gunicorn/util.py", line 350, in import_app
    __import__(module)
  File "/home/tom/pythonapp/wsgi.py", line 1, in <module>
    from app import app
  File "/home/tom/pythonapp/app.py", line 75, in <module>
    @nocache
  File "/home/tom/.local/lib/python3.6/site-packages/flask/app.py", line 1314, in decorator
    self.add_url_rule(rule, endpoint, f, **options)
  File "/home/tom/.local/lib/python3.6/site-packages/flask/app.py", line 98, in wrapper_func
    return f(self, *args, **kwargs)
  File "/home/tom/.local/lib/python3.6/site-packages/flask/app.py", line 1283, in add_url_rule
    "existing endpoint function: %s" % endpoint
AssertionError: View function mapping is overwriting an existing endpoint function: leaderboard
[2019-09-29 06:55:33 +0000] [4717] [INFO] Worker exiting (pid: 4717)
[2019-09-29 06:56:09 +0000] [4759] [INFO] Starting gunicorn 19.9.0
[2019-09-29 06:56:09 +0000] [4759] [INFO] Listening at: unix:pythonapp.sock (4759)
[2019-09-29 06:56:09 +0000] [4759] [INFO] Using worker: sync
[2019-09-29 06:56:09 +0000] [4764] [INFO] Booting worker with pid: 4764
[2019-09-29 06:56:09 +0000] [4765] [INFO] Booting worker with pid: 4765
[2019-09-29 06:56:09 +0000] [4766] [INFO] Booting worker with pid: 4766
[2019-09-29 06:56:09 +0000] [4767] [INFO] Booting worker with pid: 4767
[2019-09-29 06:56:09 +0000] [4768] [INFO] Booting worker with pid: 4768
[2019-09-29 06:56:11,231] ERROR in app: Exception on /favicon.ico [GET]
Traceback (most recent call last):
  File "/home/tom/.local/lib/python3.6/site-packages/flask/app.py", line 2446, in wsgi_app
    response = self.full_dispatch_request()
  File "/home/tom/.local/lib/python3.6/site-packages/flask/app.py", line 1952, in full_dispatch_request
    return self.finalize_request(rv)
  File "/home/tom/.local/lib/python3.6/site-packages/flask/app.py", line 1967, in finalize_request
    response = self.make_response(rv)
  File "/home/tom/.local/lib/python3.6/site-packages/flask/app.py", line 2097, in make_response
    "The view function did not return a valid response. The"
TypeError: The view function did not return a valid response. The function either returned None or ended without a return statement.
[2019-09-29 06:56:42,794] ERROR in app: Exception on /favicon.ico [GET]
Traceback (most recent call last):
  File "/home/tom/.local/lib/python3.6/site-packages/flask/app.py", line 2446, in wsgi_app
    response = self.full_dispatch_request()
  File "/home/tom/.local/lib/python3.6/site-packages/flask/app.py", line 1952, in full_dispatch_request
    return self.finalize_request(rv)
  File "/home/tom/.local/lib/python3.6/site-packages/flask/app.py", line 1967, in finalize_request
    response = self.make_response(rv)
  File "/home/tom/.local/lib/python3.6/site-packages/flask/app.py", line 2097, in make_response
    "The view function did not return a valid response. The"
TypeError: The view function did not return a valid response. The function either returned None or ended without a return statement.
